Archive member included because of file (symbol)

../bwlib\liblimage.a(imageL_encode.o)
                              ./Debug/src_hal_custom_yuv.c.o (doublebuf_And_resbuf_Ctrl)
../bwlib\libwatermark.a(image_watermark.o)
                              ./Debug/taskPhotoEncode.c.o (watermark_bmp2yuv_init)
../bwlib\libeffect.a(user_effect.o)
                              ./Debug/multimedia_user_media.c.o (warpHandle)
../bwlib\libmp3.a(mp3_decode_api.o)
                              ./Debug/taskAudioPlayer.c.o (mp3_dac_memInit)
../bwlib\libmp3.a(decoder.o)  ../bwlib\libmp3.a(mp3_decode_api.o) (mad_decoder_init)
../bwlib\libmp3.a(stream.o)   ../bwlib\libmp3.a(decoder.o) (mad_stream_init)
../bwlib\libmp3.a(synth.o)    ../bwlib\libmp3.a(decoder.o) (mad_synth_init)
../bwlib\libmp3.a(bit.o)      ../bwlib\libmp3.a(stream.o) (mad_bit_init)
../bwlib\libmp3.a(frame.o)    ../bwlib\libmp3.a(decoder.o) (mad_frame_finish)
../bwlib\libmp3.a(layer12.o)  ../bwlib\libmp3.a(frame.o) (mad_layer_I)
../bwlib\libmp3.a(timer.o)    ../bwlib\libmp3.a(frame.o) (mad_timer_set)
../bwlib\libmp3.a(layer3.o)   ../bwlib\libmp3.a(frame.o) (mad_layer_III)
../bwlib\libmp3.a(huffman.o)  ../bwlib\libmp3.a(layer3.o) (mad_huff_pair_table)
../bwlib\libsd.a(ax32xx_sd.o)
                              ./Debug/src_hal_sd.c.o (ax32xx_sd0Init)
../bwlib\libavi.a(aviEncoder.o)
                              ./Debug/video_video_record.c.o (aviEncodeInit)
../bwlib\libavi.a(encoder_std.o)
                              ../bwlib\libavi.a(aviEncoder.o) (avi_encoder_std)
../bwlib\libavi.a(encoder_odml.o)
                              ../bwlib\libavi.a(aviEncoder.o) (avi_odmlAddoffset)
../bwlib\libavi.a(aviDecoder.o)
                              ./Debug/video_video_playback.c.o (aviDecodeInit)
../bwlib\libavi.a(decoder_std.o)
                              ../bwlib\libavi.a(aviDecoder.o) (avi_standard)
../bwlib\libavi.a(decoder_odml.o)
                              ../bwlib\libavi.a(aviDecoder.o) (avi_opendml)
../bwlib\libfs.a(fs.o)        ./Debug/taskSysScanDevice.c.o (fs_nodeinit)
../bwlib\libfs.a(diskio.o)    ./Debug/main.c.o (fs_init)
../bwlib\libfs.a(ff.o)        ../bwlib\libfs.a(fs.o) (clst2sect)
../bwlib\libfs.a(ffunicode.o)
                              ../bwlib\libfs.a(ff.o) (ff_uni2oem)
C:/MinGW-4.7.1/or1k-elf/lib/no-delay\libc.a(lib_a-memcmp.o)
                              ../bwlib\libfs.a(ff.o) (memcmp)
C:/MinGW-4.7.1/or1k-elf/lib/no-delay\libc.a(lib_a-memcpy.o)
                              ./Debug/resource_manager.c.o (memcpy)
C:/MinGW-4.7.1/or1k-elf/lib/no-delay\libc.a(lib_a-memmove.o)
                              ./Debug/game_tetris.c.o (memmove)
C:/MinGW-4.7.1/or1k-elf/lib/no-delay\libc.a(lib_a-memset.o)
                              ./Debug/main.c.o (memset)
C:/MinGW-4.7.1/or1k-elf/lib/no-delay\libc.a(lib_a-rand.o)
                              ./Debug/taskAudioPlayerMsg.c.o (rand)
C:/MinGW-4.7.1/or1k-elf/lib/no-delay\libc.a(lib_a-strcasecmp.o)
                              ./Debug/resource_manager.c.o (strcasecmp)
C:/MinGW-4.7.1/or1k-elf/lib/no-delay\libc.a(lib_a-strcat.o)
                              ./Debug/resource_manager.c.o (strcat)
C:/MinGW-4.7.1/or1k-elf/lib/no-delay\libc.a(lib_a-strchr.o)
                              ../bwlib\libfs.a(ff.o) (strchr)
C:/MinGW-4.7.1/or1k-elf/lib/no-delay\libc.a(lib_a-strcmp.o)
                              ./Debug/resource_manager.c.o (strcmp)
C:/MinGW-4.7.1/or1k-elf/lib/no-delay\libc.a(lib_a-strcpy.o)
                              ./Debug/resource_manager.c.o (strcpy)
C:/MinGW-4.7.1/or1k-elf/lib/no-delay\libc.a(lib_a-strlen.o)
                              ./Debug/resource_manager.c.o (strlen)
C:/MinGW-4.7.1/or1k-elf/lib/no-delay\libc.a(lib_a-strncmp.o)
                              ./Debug/resource_manager.c.o (strncmp)
C:/MinGW-4.7.1/or1k-elf/lib/no-delay\libc.a(lib_a-strstr.o)
                              ../bwlib\liblimage.a(imageL_encode.o) (strstr)
C:/MinGW-4.7.1/or1k-elf/lib/no-delay\libc.a(lib_a-ctype_.o)
                              C:/MinGW-4.7.1/or1k-elf/lib/no-delay\libc.a(lib_a-strcasecmp.o) (__ctype_ptr__)
C:/MinGW-4.7.1/or1k-elf/lib/no-delay\libc.a(lib_a-getreent.o)
                              C:/MinGW-4.7.1/or1k-elf/lib/no-delay\libc.a(lib_a-rand.o) (__getreent)
C:/MinGW-4.7.1/or1k-elf/lib/no-delay\libc.a(lib_a-impure.o)
                              C:/MinGW-4.7.1/or1k-elf/lib/no-delay\libc.a(lib_a-getreent.o) (_impure_ptr)
C:/MinGW-4.7.1/or1k-elf/lib/no-delay\libc.a(lib_a-memchr.o)
                              C:/MinGW-4.7.1/or1k-elf/lib/no-delay\libc.a(lib_a-strstr.o) (memchr)
C:/MinGW-4.7.1/lib/gcc/or1k-elf/4.9.1/no-delay\libgcc.a(_muldi3.o)
                              ../bwlib\libmp3.a(mp3_decode_api.o) (__muldi3)
C:/MinGW-4.7.1/lib/gcc/or1k-elf/4.9.1/no-delay\libgcc.a(_udivdi3.o)
                              ../bwlib\libmp3.a(mp3_decode_api.o) (__udivdi3)
[...]
Memory Configuration

Name             Origin             Length             Attributes
boot             0x01fffc00         0x00000200
ram_boot         0x00000000         0x00005000
ram_user         0x00000000         0x00005000
usbfifo          0x00008000         0x00001000
sdram            0x02000000         0x00200000
exsdram          0x00000000         0x00800000
*default*        0x00000000         0xffffffff

Linker script and memory map

LOAD ./Debug/ax32xx_reset.S.o
LOAD ./Debug/ax32xx_spi_boot_cfg.S.o
LOAD ./Debug/ax32xx_BLDRX32.S.o
LOAD ./Debug/main.c.o
LOAD ./Debug/resource_manager.c.o
LOAD ./Debug/board.c.o
LOAD ./Debug/board_bwv1.c.o
LOAD ./Debug/config.c.o
LOAD ./Debug/display.c.o
LOAD ./Debug/explorer.c.o
LOAD ./Debug/filelist.c.o
LOAD ./Debug/font.c.o
LOAD ./Debug/icon.c.o
LOAD ./Debug/configGetValue.c.o
LOAD ./Debug/configSystem.c.o
LOAD ./Debug/logo.c.o
LOAD ./Debug/menuMovieRec.c.o
LOAD ./Debug/msgDeal.c.o
LOAD ./Debug/msgSysRecommend.c.o
LOAD ./Debug/msgSysUnshielded.c.o
LOAD ./Debug/taskManage.c.o
LOAD ./Debug/taskPhotoEncode.c.o
LOAD ./Debug/taskPhotoEncodeMsg.c.o
LOAD ./Debug/taskPlayBack.c.o
LOAD ./Debug/taskPlayBackMsg.c.o
LOAD ./Debug/taskPowerOff.c.o
LOAD ./Debug/taskSysScanDevice.c.o
LOAD ./Debug/taskUsbDevice.c.o
LOAD ./Debug/taskVideoRecord.c.o
LOAD ./Debug/taskVideoRecordMsg.c.o
LOAD ./Debug/toolFunc.c.o
LOAD ./Debug/uiMenuDateTimeMsg.c.o
LOAD ./Debug/uiMenuDefaultMsg.c.o
LOAD ./Debug/uiMenuDelAllMsg.c.o
LOAD ./Debug/uiMenuDelCurMsg.c.o
LOAD ./Debug/uiMenuFormatMsg.c.o
LOAD ./Debug/uiMenuItemMsg.c.o
LOAD ./Debug/uiMenuOptionMsg.c.o
LOAD ./Debug/uiMenuUsbMsg.c.o
LOAD ./Debug/uiNoFileMsg.c.o
LOAD ./Debug/uiTips1Msg.c.o
LOAD ./Debug/uiTipsMsg.c.o
LOAD ./Debug/uiWin.c.o
LOAD ./Debug/uiMenuVersionMsg.c.o
LOAD ./Debug/taskAudioPlayer.c.o
LOAD ./Debug/taskAudioPlayerMsg.c.o
LOAD ./Debug/taskAudioPlayerRes.c.o
LOAD ./Debug/taskPhotoEncodeRes.c.o
LOAD ./Debug/taskPlayBackRes.c.o
LOAD ./Debug/taskVideoRecordRes.c.o
LOAD ./Debug/uiMenuDateTimeRes.c.o
LOAD ./Debug/uiMenuDefaultRes.c.o
LOAD ./Debug/uiMenuDelAllRes.c.o
LOAD ./Debug/uiMenuDelCurRes.c.o
LOAD ./Debug/uiMenuFormatRes.c.o
LOAD ./Debug/uiMenuItemRes.c.o
LOAD ./Debug/uiMenuOptionRes.c.o
LOAD ./Debug/uiMenuUsbRes.c.o
LOAD ./Debug/uiMenuVersionRes.c.o
LOAD ./Debug/uiNoFileRes.c.o
LOAD ./Debug/uiTips1Res.c.o
LOAD ./Debug/uiTipsRes.c.o
LOAD ./Debug/taskMainMenu.c.o
LOAD ./Debug/taskMainMenuMsg.c.o
LOAD ./Debug/taskMainMenuRes.c.o
LOAD ./Debug/taskSettingMenu.c.o
LOAD ./Debug/userInterface.c.o
LOAD ./Debug/upgrade.c.o
LOAD ./Debug/game_block.c.o
LOAD ./Debug/game_snake.c.o
LOAD ./Debug/game_sokoban.c.o
LOAD ./Debug/game_tetris.c.o
LOAD ./Debug/taskGame.c.o
LOAD ./Debug/taskGameMenu.c.o
LOAD ./Debug/taskGameMenuMsg.c.o
LOAD ./Debug/taskGameMenuRes.c.o
LOAD ./Debug/game_plane.c.o
LOAD ./Debug/game_maze.c.o
LOAD ./Debug/gif.c.o
LOAD ./Debug/GifDecoder_Impl.c.o
LOAD ./Debug/LzwDecoder_Impl.c.o
LOAD ./Debug/game_whackamole.c.o
LOAD ./Debug/xos_x_cpu.c.o
LOAD ./Debug/xos_xmbox.c.o
LOAD ./Debug/xos_xmsgq.c.o
LOAD ./Debug/xos_xos.c.o
LOAD ./Debug/xos_xwork.c.o
LOAD ./Debug/multimedia_user_media.c.o
LOAD ./Debug/sUI_button.c.o
LOAD ./Debug/sUI_dialog.c.o
LOAD ./Debug/sUI_frameWin.c.o
LOAD ./Debug/sUI_imageIcon.c.o
LOAD ./Debug/sUI_itemManage.c.o
LOAD ./Debug/sUI_menuItem.c.o
LOAD ./Debug/sUI_menuItemEx.c.o
LOAD ./Debug/sUI_menuOption.c.o
LOAD ./Debug/sUI_progressBar.c.o
LOAD ./Debug/sUI_rect.c.o
LOAD ./Debug/sUI_stringIcon.c.o
LOAD ./Debug/sUI_tips.c.o
LOAD ./Debug/sUI_uiAlloc.c.o
LOAD ./Debug/sUI_widget.c.o
LOAD ./Debug/sUI_winManage.c.o
LOAD ./Debug/sUI_memPool.c.o
LOAD ./Debug/sUI_widgetManage.c.o
LOAD ./Debug/src_ax32xx_int.c.o
LOAD ./Debug/src_ax32xx_sys.c.o
LOAD ./Debug/src_ax32xx_dma.c.o
LOAD ./Debug/src_ax32xx_wdt.c.o
LOAD ./Debug/src_ax32xx_gpio.c.o
LOAD ./Debug/src_ax32xx_uart.c.o
LOAD ./Debug/src_ax32xx_timer.c.o
LOAD ./Debug/src_ax32xx_tminf.c.o
LOAD ./Debug/src_ax32xx_spi.c.o
LOAD ./Debug/src_ax32xx_rtc.c.o
LOAD ./Debug/src_ax32xx_iic.c.o
LOAD ./Debug/src_ax32xx_dac.c.o
LOAD ./Debug/src_ax32xx_adc.c.o
LOAD ./Debug/src_ax32xx_auadc.c.o
LOAD ./Debug/src_jpeg_table.c.o
LOAD ./Debug/src_ax32xx_usb.c.o
LOAD ./Debug/src_ax32xx_misc.c.o
LOAD ./Debug/src_ax32xx_pip.c.o
LOAD ./Debug/src_ax32xx_btuart.c.o
LOAD ./Debug/src_ax32xx_crc.c.o
LOAD ./Debug/src_ax32xx_emi.c.o
LOAD ./Debug/src_ax32xx_rotate.c.o
LOAD ./Debug/src_ax32xx_osdcmp.c.o
LOAD ./Debug/src_ax32xx_isp.c.o
LOAD ./Debug/osd_ax32xx_osd.c.o
LOAD ./Debug/csi_ax32xx_csi.c.o
LOAD ./Debug/lcd_ax32xx_lcd.c.o
LOAD ./Debug/mjpeg_ax32xx_mjpeg.c.o
LOAD ./Debug/resource_user_icon.c.o
LOAD ./Debug/resource_user_str.c.o
LOAD ./Debug/src_hal_adc.c.o
LOAD ./Debug/src_hal_csi.c.o
LOAD ./Debug/src_hal_dac.c.o
LOAD ./Debug/src_hal_eeprom.c.o
LOAD ./Debug/src_hal_gpio.c.o
LOAD ./Debug/src_hal_iic.c.o
LOAD ./Debug/src_hal_lcd.c.o
LOAD ./Debug/src_hal_osd.c.o
LOAD ./Debug/src_hal_rtc.c.o
LOAD ./Debug/src_hal_sd.c.o
LOAD ./Debug/src_hal_spi.c.o
LOAD ./Debug/src_hal_timer.c.o
LOAD ./Debug/src_hal_uart.c.o
LOAD ./Debug/src_hal_watermark.c.o
LOAD ./Debug/src_hal_sys.c.o
LOAD ./Debug/src_hal_auadc.c.o
LOAD ./Debug/src_hal_mjpeg.c.o
LOAD ./Debug/src_hal_int.c.o
LOAD ./Debug/src_hal_wdt.c.o
LOAD ./Debug/src_hal_stream.c.o
LOAD ./Debug/src_hal_emi.c.o
LOAD ./Debug/src_hal_osdcmp.c.o
LOAD ./Debug/src_hal_rotate.c.o
LOAD ./Debug/src_hal_lcdframe.c.o
LOAD ./Debug/src_hal_custom_yuv.c.o
LOAD ./Debug/dusb_hal_usb_api.c.o
LOAD ./Debug/dusb_hal_usb_dev_enum.c.o
LOAD ./Debug/dusb_hal_usb_msc.c.o
LOAD ./Debug/dusb_hal_usb_uac.c.o
LOAD ./Debug/dusb_hal_usb_uvc.c.o
LOAD ./Debug/audio_audio_playback.c.o
LOAD ./Debug/audio_audio_record.c.o
LOAD ./Debug/audio_ring_buffer.c.o
LOAD ./Debug/video_video_playback.c.o
LOAD ./Debug/video_video_record.c.o
LOAD ./Debug/image_image_decode.c.o
LOAD ./Debug/image_image_encode.c.o
LOAD ./Debug/wav_alaw.c.o
LOAD ./Debug/wav_imaadpcm.c.o
LOAD ./Debug/wav_pcm.c.o
LOAD ./Debug/wav_ulaw.c.o
LOAD ./Debug/wav_wav.c.o
LOAD ./Debug/stream_stream.c.o
LOAD ./Debug/unifont_ebook_font.c.o
LOAD ./Debug/unifont_ebook_port.c.o
LOAD ./Debug/cmos_sensor_cmos_sensor.c.o
LOAD ./Debug/cmos_sensor_SENSOR_BF3a03.c.o
LOAD ./Debug/cmos_sensor_SENSOR_BF2013.c.o
LOAD ./Debug/cmos_sensor_SENSOR_BF3703.c.o
LOAD ./Debug/cmos_sensor_SENSOR_GC0307.c.o
LOAD ./Debug/cmos_sensor_SENSOR_GC0308.c.o
LOAD ./Debug/cmos_sensor_SENSOR_GC0309.c.o
LOAD ./Debug/cmos_sensor_SENSOR_GC0328.c.o
LOAD ./Debug/cmos_sensor_SENSOR_OV7670.c.o
LOAD ./Debug/cmos_sensor_SENSOR_SP0838.c.o
LOAD ./Debug/cmos_sensor_SENSOR_SP0A18.c.o
LOAD ./Debug/cmos_sensor_SENSOR_GC0329.c.o
LOAD ./Debug/cmos_sensor_SENSOR_SIV100B.c.o
LOAD ./Debug/tft_lcd_lcd_mcu_st7789P3.c.o
LOAD ./Debug/cmos_sensor_SENSOR_BF20A6.c.o
LOAD ./Debug/cmos_sensor_SENSOR_OV7725.c.o
LOAD ./Debug/cmos_sensor_SENSOR_SP0718.c.o
LOAD ./Debug/tft_lcd_lcd_mcu_st7789.c.o
LOAD ./Debug/tft_lcd_tft_lcd.c.o
LOAD ./Debug/tft_lcd_lcd_mcu_ili9328.c.o
LOAD ./Debug/tft_lcd_lcd_mcu_st7789v.c.o
LOAD ./Debug/tft_lcd_lcd_mcu_hx8352c.c.o
LOAD ./Debug/tft_lcd_lcd_mcu_9225G.c.o
LOAD ./Debug/tft_lcd_lcd_mcu_nv3030b.c.o
LOAD ./Debug/tft_lcd_lcd_mcu_5420.c.o
LOAD ./Debug/tft_lcd_lcd_mcu_gc9307.c.o
LOAD ./Debug/tft_lcd_lcd_mcu_hx8352b.c.o
LOAD ./Debug/tft_lcd_lcd_mcu_hx8357b.c.o
LOAD ./Debug/tft_lcd_lcd_mcu_lgdp4532.c.o
LOAD ./Debug/tft_lcd_lcd_mcu_r61509v.c.o
LOAD ./Debug/tft_lcd_lcd_mcu_st7789_666format.c.o
LOAD ./Debug/tft_lcd_lcd_mcu_st7789v2.c.o
LOAD ./Debug/tft_lcd_lcd_rgb_ili8961.c.o
LOAD ./Debug/tft_lcd_lcd_rgb_ili9342c.c.o
LOAD ./Debug/tft_lcd_lcd_rgb_ili9806e.c.o
LOAD ./Debug/tft_lcd_lcd_rgb_jl_lcd.c.o
LOAD ./Debug/tft_lcd_lcd_rgb_ota5182.c.o
LOAD ./Debug/tft_lcd_lcd_rgb_st7282.c.o
LOAD ./Debug/tft_lcd_lcd_rgb_st7701.c.o
LOAD ./Debug/nvfs_nvfs.c.o
LOAD ./Debug/Maxlib_max_user.c.o
LOAD ./Debug/Maxlib_uiDraw.c.o
LOAD ./Debug/std_misc.c.o
LOAD ./Debug/std_std_math.c.o
LOAD ./Debug/std_str.c.o
LOAD ./Debug/res_ascii.c.o
LOAD ./Debug/res_ascii_default.c.o
LOAD ./Debug/res_ascii_default_draw.c.o
LOAD ./Debug/res_R.c.o
LOAD ./Debug/res_R_icon.c.o
LOAD ./Debug/res_R_string.c.o
LOAD ./Debug/res_unicode_font.c.o
LOAD ./Debug/res_ascii_num3.c.o
LOAD ./Debug/res_ascii_num3_draw.c.o
LOAD ../bwlib\liblimage.a
LOAD ../bwlib\libwatermark.a
LOAD ../bwlib\libeffect.a
LOAD ../bwlib\libmp3.a
LOAD ../bwlib\libsd.a
LOAD ../bwlib\libavi.a
LOAD ../bwlib\libfs.a
LOAD C:/MinGW-4.7.1/or1k-elf/lib/no-delay\libc.a
LOAD C:/MinGW-4.7.1/lib/gcc/or1k-elf/4.9.1/no-delay\libgcc.a

.bootsec        0x01fffc00      0x200 load address 0x00000000
 *(.bootsec)
 .bootsec       0x01fffc00      0x200 ./Debug/ax32xx_BLDRX32.S.o
                0x01fffc10                hex
                0x01fffc10                .hex
                0x01fffdd8                .bootsect

.exception      0x00000000     0x1e3c load address 0x00000200
                0x00000000                _exception_vma = .
 *(.vector)
 .vector        0x00000000      0x3d0 ./Debug/ax32xx_reset.S.o
                0x00000304                _start
                0x00000340                _step_in
                0x00000384                _step_out
 *(.vector.text)
 .vector.text   0x000003d0     0x1668 ./Debug/src_ax32xx_int.c.o
                0x00000514                _rtcRamWrite
                0x000005bc                _rtcRamRead
                0x00000670                my_putchar
                0x00000684                exception_uart_puts
                0x00000698                my_memset
                0x000006c8                exception_init
                0x0000076c                ax32xx_vddrtcCalculate
                0x00000798                dllcon_init
                0x00000944                sdram_init
                0x00000a14                adcRead
                0x00000a6c                adcConverStart
                0x00000a90                adcSetBaudrate
                0x00000ac0                sysClkSet
                0x00000b1c                adcEnable
                0x00000b84                adcGetChannel
                0x00000bbc                sdram_tuning_check_2
                0x00000d3c                _sdr_tuning2_conifg_set
                0x00000d5c                crc_cal
                0x00000dd0                sdram_clock_tune
                0x000017b0                exception
                0x00001a1c                exception_trigger
 *(.vector.data)
 .vector.data   0x00001a38      0x100 ./Debug/ax32xx_reset.S.o
                0x00001a38                _step_data
 .vector.data   0x00001b38      0x304 ./Debug/src_ax32xx_int.c.o
                0x00001b38                tune_values
                0x00001cb8                tune_by
                0x00001cc4                tune_tab_2_dll
                0x00001cd4                tune_tab_1_dll
                0x00001ce4                tune_tab_2_clk
                0x00001d04                tune_tab_1_clk
                0x00001d24                tuning_test_addr
                0x00001da4                tuning_test_data
                0x00001e24                SDRTUN2_CON
                0x00001e2c                sdr_tune_source
                0x00001e30                chip_vision

.ram            0x00001e3c     0x2660 load address 0x0000203c
                0x00001e3c                __sram_start = .
 *(.msk_var_use)
 *(.sdc_buf)
 .sdc_buf       0x00001e3c       0x40 ../bwlib\libsd.a(ax32xx_sd.o)
 *(.sram_comm)
 .sram_comm     0x00001e7c       0x60 ./Debug/xos_xmsgq.c.o
 .sram_comm     0x00001edc     0x25c0 ./Debug/src_hal_sys.c.o
                0x00001edc                ramuse
                0x0000449c                __sram_end = .

.fifo           0x00008000      0xce0
                0x00008000                __ufifo_start = .
 *(.sram_Usbfifo)
 .sram_Usbfifo  0x00008000      0xce0 ./Debug/src_hal_sys.c.o
                0x00008000                usbfifo
                0x00008ce0                __ufifo_end = .

.text           0x02000000    0x86294 load address 0x00002200
                0x02000000                _text_start = .
 *(.text*)
 .text          0x02000000        0x0 ./Debug/ax32xx_reset.S.o
 .text          0x02000000        0x0 ./Debug/ax32xx_spi_boot_cfg.S.o
 .text          0x02000000        0x0 ./Debug/ax32xx_BLDRX32.S.o
 .text          0x02000000      0x508 ./Debug/main.c.o
                0x02000000                registerTask
                0x020000bc                init
                0x020004a0                systemService
                0x020004d4                sendDrawUIMsg
 .text.startup  0x02000508       0xb8 ./Debug/main.c.o
                0x02000508                main
 .text          0x020005c0     0x20c4 ./Debug/resource_manager.c.o
                0x020006fc                managerInit
                0x02000774                managerCreate
                0x0200084c                managerDestory
                0x020008c4                managerFileCount
                0x0200095c                managerFileCountEx
                0x020009c8                managerLockFile
                0x02000a40                managerLockFileExt
                0x02000ae8                managerUnlockFileExt
                0x02000b94                managerCheckLock
                0x02000bd0                managerCheckLockExt
                0x02000c58                managerFlush
                0x02000cc4                managerDelFileByIndex
                0x02000dd4                managerDelFileAll
                0x02000eb8                managerScanStart
                0x02000f20                managerScanEnd
                0x02000ffc                explorerListHook
                0x02001014                managerNameChange
                0x0200120c                managerSpaceCheck
                0x020016f8                manangerCheckFileType
                0x02001958                managerAddFile
                0x02001a48                managerAddFileEx
                0x02001aa8                managerRenameExt
                0x02001b48                managerRename
                0x02001c08                managerUnlockFile
                0x02001cc8                managerDelFileByName
                0x02001e24                managerDelFileByFullName
                0x02001fa4                managerFileNameCreater
                0x020021b8                managerFileScan
                0x020023d0                manangerGetFileFullPathName
                0x020024b8                manangerGetFileName
                0x02002550                manangerFindFileAndDel
                0x0200262c                getExtName
 .text          0x02002684      0x378 ./Debug/board.c.o
                0x02002684                boardInit
                0x02002814                boardOpen
                0x020028b8                boardIoctrl
                0x02002940                boardNameIoctrl
 .text          0x020029fc      0xb8c ./Debug/board_bwv1.c.o
                0x02002fb0                board_lcd_reset
                0x02003028                board_sensor_reset
                0x020031a0                board_lcd_ioctrl_pwm
                0x020031e4                getCurBatteryADC
                0x02003204                getKeyADCvalue
                0x02003224                getKeyVal
                0x02003348                getKey
                0x02003418                keyScanKey
                0x0200354c                board_powerCheck
 .text          0x02003588      0x334 ./Debug/config.c.o
                0x02003588                configCheckSumCal
                0x020035dc                userConfigSave
                0x02003660                userConfigReset
                0x02003764                userConfigInitial
                0x02003840                configSet
                0x0200387c                configGet
 .text          0x020038bc      0xcdc ./Debug/display.c.o
                0x020038bc                dispLayerPIPOnlyFront
                0x0200392c                dispLayerPIPOnlyBack
                0x020039a8                dispLayerPIPBakRightTop
                0x02003a48                dispLayerPIPFrtRightTop
                0x02003acc                dispLayerPIPFBHalf
                0x02003b50                dispLayerPIPBFHalf
                0x02003bd4                dispLayerUninit
                0x02003c30                dispLayerGetResolution
                0x02003d04                dispLayerSetResolution
                0x02003df0                dispLayerSetRotate
                0x02003e24                dispRatioResolutionCalculate
                0x02003efc                dispLayerSetRatio
                0x02003fac                dispLayerInit
                0x020041e4                dispLayerShow
                0x02004228                dispLayerGetFrame
                0x02004270                dispLayerGetFreeFrame
                0x020042b0                dispLayerFreeFrame
                0x02004328                dispLayerSetFrame
                0x02004374                dispLayerSetPIPMode
                0x020043e8                dispLayer_ABwin
                0x02004434                dispLayer_getABwin
                0x02004454                dispLayerSetFrontCrop
 .text          0x02004598        0x0 ./Debug/explorer.c.o
 .text          0x02004598      0xc9c ./Debug/filelist.c.o
 .text          0x02005234      0x954 ./Debug/font.c.o
                0x02005444                fontInit
                0x02005560                fontSetLanguage
                0x02005624                fontGetStringInfo
                0x020056d4                fontDrawString
                0x020058c4                resGetString
                0x020059dc                resGetChar
 .text          0x02005b88      0x324 ./Debug/icon.c.o
                0x02005b88                iconInit
                0x02005bf8                iconGetSize
                0x02005c9c                iconGetData
                0x02005d38                iconGetAddr
                0x02005dac                iconGetPalette
                0x02005e2c                iconGetGamePalette
 .text          0x02005eac      0x1ec ./Debug/configGetValue.c.o
                0x02005eac                configValue2Int
 .text          0x02006098      0x19c ./Debug/configSystem.c.o
                0x02006098                configLanguage
                0x02006110                configSys
                0x020061f8                configSystem
 .text          0x02006234      0x884 ./Debug/logo.c.o
                0x02006234                logo_image_show
                0x02006338                jpg_decode_show
                0x0200642c                logo_music_show
                0x02006604                layout_logo_show
                0x02006744                background_logo_image_show
                0x0200683c                layout_version_get
                0x02006928                layout_keysound_load
                0x02006a18                layout_sound_load
 .text          0x02006ab8       0xb0 ./Debug/menuMovieRec.c.o
                0x02006ab8                menuProcDateTime
                0x02006ae4                menuProcVersion
                0x02006b10                menuProcFormat
                0x02006b3c                menuProcDefault
 .text          0x02006b68      0x384 ./Debug/msgDeal.c.o
                0x02006b68                msgFuncRegister
                0x02006c20                unshieldedMsgFuncRegister
                0x02006c9c                msgDeal
                0x02006df8                msgDealByType
                0x02006e90                msgDealByMsgInfor
 .text          0x02006eec       0xa4 ./Debug/msgSysRecommend.c.o
 .text          0x02006f90      0x5dc ./Debug/msgSysUnshielded.c.o
 .text          0x0200756c      0x4c8 ./Debug/taskManage.c.o
                0x0200756c                taskInit
                0x020075e0                taskInfor
                0x02007668                taskRegister
                0x0200770c                taskPrevious
                0x0200772c                taskCurrent
                0x0200774c                taskNext
                0x0200776c                taskStart
                0x02007850                taskChange
                0x02007864                taskService
 .text          0x02007a34      0xeec ./Debug/taskPhotoEncode.c.o
                0x02007a34                taskPhotoEncodeClose
                0x02007b30                taskPhotoEncodeService
                0x02007bf0                photoImagePreSizeGet
                0x02007e8c                task_image_createfile
                0x02007fe0                image_take_photo
                0x020082f8                image_take_photo_to_sdram
                0x02008700                photo_animation_effect
                0x0200881c                taskPhotoEncodeOpen
 .text          0x02008920     0x1974 ./Debug/taskPhotoEncodeMsg.c.o
                0x0200a21c                photoFocusIconCancel
 .text          0x0200a294      0xb94 ./Debug/taskPlayBack.c.o
                0x0200a294                taskPlayBackClose
                0x0200a2dc                video_playback_jpg_scale
                0x0200a4cc                video_playback_start
                0x0200aae4                taskPlayBackOpen
                0x0200ad6c                taskPlayBackService
 .text          0x0200ae28     0x1924 ./Debug/taskPlayBackMsg.c.o
                0x0200c664                backBrushBlack
 .text          0x0200c74c      0x2a4 ./Debug/taskPowerOff.c.o
                0x0200c74c                uninit
                0x0200c800                taskPowerOffOpen
 .text          0x0200c9f0      0xf1c ./Debug/taskSysScanDevice.c.o
                0x0200c9f0                timerMsgSend
                0x0200ca94                setKeyEn
                0x0200cab4                deamon_astern_check
                0x0200cac8                reflush_usensor_check
                0x0200cadc                setSoftwareDetachUsensor
                0x0200cafc                deamon_usb_check
                0x0200cdac                deamon_gsensor_check
                0x0200cdc0                deamon_screen_save
                0x0200cf10                deamon_key_check
                0x0200d040                deamon_auto_poweroff
                0x0200d154                deamon_keysound_play
                0x0200d234                deamon_sound_play
                0x0200d310                deamon_fsFreeSize
                0x0200d3b8                deamon_fs_scan
                0x0200d5a8                deamon_sdc_check
                0x0200d7f8                taskSysScanDev
                0x0200d878                deamon_fsSizeModify
 .text          0x0200d90c      0x3cc ./Debug/taskUsbDevice.c.o
 .text          0x0200dcd8      0xe5c ./Debug/taskVideoRecord.c.o
                0x0200dcd8                taskVideoRecordeService
                0x0200dddc                task_video_Get_Status
                0x0200ddfc                video_record_start
                0x0200dea4                task_record_stop
                0x0200df40                taskVideoRecordeClose
                0x0200e080                task_video_record_caltime
                0x0200e0f8                video_record_callback
                0x0200e930                taskVideoRecordeOpen
                0x0200eb0c                taskVideoRecTimeIncreace
                0x0200eb20                videoCapturePhoto
 .text          0x0200eb34     0x189c ./Debug/taskVideoRecordMsg.c.o
                0x0201019c                videoFocusIconCancel
                0x02010214                recordTimeCount1S
 .text          0x020103d0      0x158 ./Debug/toolFunc.c.o
                0x020103d0                intToString
                0x0201049c                calWeek
 .text          0x02010528      0x810 ./Debug/uiMenuDateTimeMsg.c.o
                0x020109d0                dateTimeStrUpdate
                0x020109f8                dateTimeIncreace
                0x02010b98                dateTimeDecreace
 .text          0x02010d38      0x32c ./Debug/uiMenuDefaultMsg.c.o
 .text          0x02011064      0x424 ./Debug/uiMenuDelAllMsg.c.o
 .text          0x02011488      0x490 ./Debug/uiMenuDelCurMsg.c.o
 .text          0x02011918      0x484 ./Debug/uiMenuFormatMsg.c.o
 .text          0x02011d9c      0x900 ./Debug/uiMenuItemMsg.c.o
                0x0201267c                menuIsOpen
 .text          0x0201269c      0x73c ./Debug/uiMenuOptionMsg.c.o
 .text          0x02012dd8      0x35c ./Debug/uiMenuUsbMsg.c.o
 .text          0x02013134      0x198 ./Debug/uiNoFileMsg.c.o
 .text          0x020132cc      0x38c ./Debug/uiTips1Msg.c.o
 .text          0x02013658      0x370 ./Debug/uiTipsMsg.c.o
 .text          0x020139c8      0x4c0 ./Debug/uiWin.c.o
                0x020139c8                dialogCB
                0x02013bc0                uiParentDealMsg
                0x02013bf0                uiOpenWindow
                0x02013d20                uiOpenWinAndShow
                0x02013e58                windowIsOpen
 .text          0x02013e88      0x174 ./Debug/uiMenuVersionMsg.c.o
 .text          0x02013ffc      0x31c ./Debug/taskAudioPlayer.c.o
                0x02013ffc                taskAudioPlayerService
                0x02014048                uni2oem936_init
                0x02014104                uni2oem936_uninit
                0x02014148                oem2uni936_init
                0x020141f8                taskAudioPlayerOpen
                0x0201429c                oem2uni936_uninit
                0x020142e0                taskAudioPlayerClose
 .text          0x02014318     0x1d98 ./Debug/taskAudioPlayerMsg.c.o
                0x0201575c                AudioPlayer_MusicList_Refresh
                0x020159e4                remove_file_extension
 .text          0x020160b0        0x0 ./Debug/taskAudioPlayerRes.c.o
 .text          0x020160b0        0x0 ./Debug/taskPhotoEncodeRes.c.o
 .text          0x020160b0        0x0 ./Debug/taskPlayBackRes.c.o
 .text          0x020160b0        0x0 ./Debug/taskVideoRecordRes.c.o
 .text          0x020160b0        0x0 ./Debug/uiMenuDateTimeRes.c.o
 .text          0x020160b0        0x0 ./Debug/uiMenuDefaultRes.c.o
 .text          0x020160b0        0x0 ./Debug/uiMenuDelAllRes.c.o
 .text          0x020160b0        0x0 ./Debug/uiMenuDelCurRes.c.o
 .text          0x020160b0        0x0 ./Debug/uiMenuFormatRes.c.o
 .text          0x020160b0        0x0 ./Debug/uiMenuItemRes.c.o
 .text          0x020160b0        0x0 ./Debug/uiMenuOptionRes.c.o
 .text          0x020160b0        0x0 ./Debug/uiMenuUsbRes.c.o
 .text          0x020160b0        0x0 ./Debug/uiMenuVersionRes.c.o
 .text          0x020160b0        0x0 ./Debug/uiNoFileRes.c.o
 .text          0x020160b0        0x0 ./Debug/uiTips1Res.c.o
 .text          0x020160b0        0x0 ./Debug/uiTipsRes.c.o
 .text          0x020160b0      0x108 ./Debug/taskMainMenu.c.o
                0x020160b0                taskMainMenuService
                0x020160c4                taskMainMenuOpen
                0x0201618c                taskMainMenuClose
 .text          0x020161b8      0xa24 ./Debug/taskMainMenuMsg.c.o
 .text          0x02016bdc        0x0 ./Debug/taskMainMenuRes.c.o
 .text          0x02016bdc       0xc4 ./Debug/taskSettingMenu.c.o
                0x02016bdc                taskSettingMenuService
                0x02016bf0                taskSettingMenuOpen
                0x02016c58                taskSettingMenuClose
 .text          0x02016ca0     0x18e8 ./Debug/userInterface.c.o
                0x02016ca0                actionUpperToBottom
                0x02016e58                actionBottomToUpper
                0x02017030                actionSquareInsideToOutside
                0x020171e0                actionSquareOutsideToInside
                0x02017398                actionLeftBottomToRightUpper
                0x02017524                actionLeftToRight
                0x020176f0                actionLeftUpperToRightBottom
                0x020178a4                actionCircleInside2OutSide
                0x02017cb8                getActionFunc
                0x02017d60                animationInit
                0x02017e70                animationRun
                0x02017f48                animationUnInit
                0x02017f98                circle_fill
                0x020184f4                type_function_circle
 .text          0x02018588      0x62c ./Debug/upgrade.c.o
                0x02018588                upgrade_led_control
                0x02018600                upgrade_uiProgress
                0x02018640                upgrade
 .text          0x02018bb4     0x24b0 ./Debug/game_block.c.o
                0x02018bb4                game_cnt_down
                0x02018be4                game_cnt_reinit
                0x02018c04                game_cnt_over
                0x02018c34                game_cnt_clear
                0x02018c60                effect_rand_get
                0x02018ce8                power_up_rand_list_init
                0x02018d88                block_cnt_init
                0x02018dec                rand_get
                0x02018e7c                level_back_index_get
                0x02018ea0                block_map_init
                0x02018f00                move_icon_universal_draw
                0x02018f70                game_frame_buff_show_get
                0x02018f90                block_icon_draw
                0x02019024                block_src_init_and_draw
                0x020190e4                block_map_draw
                0x0201918c                game_boundary_init
                0x020191d0                game_block_level_init
                0x0201920c                life_icon_draw
                0x02019318                right_score_draw
                0x0201944c                ball_icon_draw
                0x020194e4                board_icon_draw
                0x0201952c                power_up_item_icon_draw
                0x020195ec                DrawMap_block
                0x02019634                power_up_item_init
                0x0201972c                power_up_item_destroy
                0x02019798                ball_init
                0x0201987c                ball_item_destroy
                0x020198e8                copy_ball_action
                0x02019964                ball_and_board_init
                0x02019a04                board_and_ball_flash_init
                0x02019a3c                move_rule
                0x02019b30                game_boundary_hit_check
                0x02019bd8                universal_hit_action
                0x02019c0c                universal_hit_check
                0x02019ef4                board_hit_check
                0x02019fd8                block_hit_check
                0x0201a158                clear_block_effect
                0x0201a304                board_move
                0x0201a3bc                ball_move
                0x0201a480                ball_fire_power_up
                0x0201a4e8                ball_multi_power_up
                0x0201a574                power_up_item_move
                0x0201a66c                power_up_move
                0x0201a6ec                move
                0x0201a7a8                pass_check
                0x0201a804                game_block_init
                0x0201a858                block_free_buf
                0x0201a8b4                game_block_exit
                0x0201a908                flash_reinit
                0x0201a9ec                flash_init
                0x0201aa34                block_breaker_going_key_response
                0x0201aaec                game_block_start
                0x0201abb0                block_breaker_going
                0x0201acec                block_breaker_level_pass
                0x0201ad50                block_breaker_game_over_show
                0x0201adc4                block_breaker_game_pause
                0x0201aefc                game_block_key_active
                0x0201af70                game_block_entry
 .text          0x0201b064      0xe2c ./Debug/game_snake.c.o
                0x0201b064                snake_get_buf
                0x0201b0d4                snake_put_buf
                0x0201b12c                snake_init
                0x0201b1d8                rand_next
                0x0201b28c                createFood
                0x0201b370                creatMap
                0x0201b3c4                biteSelf
                0x0201b41c                chet_endGamestatus
                0x0201b4ac                detore_snake
                0x0201b500                snakeOSDDisplayBufGet
                0x0201b54c                snake_I80
                0x0201b644                snakeOSDDisplay
                0x0201b6a4                snake_frame_icon_draw
                0x0201b7b0                get_malloc
                0x0201b7e4                show_icon_rect
                0x0201b8ec                show_all
                0x0201ba24                snakeMove
                0x0201bc38                key_read
                0x0201bcd8                snake_main_init
                0x0201bd8c                game_snake_entry
 .text          0x0201be90      0x738 ./Debug/game_sokoban.c.o
                0x0201be90                Move
                0x0201bfec                resultCheck
                0x0201c084                map_init
                0x0201c0c8                get_map_size
                0x0201c0e0                man_init
                0x0201c150                DataRead_CMode
                0x0201c1d4                TXZ_show_icon_rect
                0x0201c2e8                TXZ_show_one_rect
                0x0201c314                DrawMap
                0x0201c38c                TXZ_show_all
                0x0201c3c4                get_game_map
                0x0201c48c                sokoban_init
                0x0201c4e8                game_sokoban_entry
 .text          0x0201c5c8      0xfe4 ./Debug/game_tetris.c.o
                0x0201c5c8                insertTetris
                0x0201c670                checkCollision_L
                0x0201c6a8                checkCollision_R
                0x0201c6dc                checkCollision
                0x0201c77c                show_one_diamonds
                0x0201c804                printScore
                0x0201c9d4                printNextTetris
                0x0201ca68                giveTetris
                0x0201cb48                removeTetris
                0x0201cc00                printCurrentTetris
                0x0201cd20                setPoolColor
                0x0201cdd4                rotateTetris
                0x0201ce78                checkErasing
                0x0201d008                printTetrisPool
                0x0201d0d8                moveDownTetris
                0x0201d188                horzMoveTetris
                0x0201d22c                keydownControl
                0x0201d2f4                endgame
                0x0201d310                restartGame
                0x0201d3b0                game_tetris_init
                0x0201d444                game_tetris_exit
                0x0201d488                game_tetris_entry
 .text          0x0201d5ac     0x1c18 ./Debug/taskGame.c.o
                0x0201d5ac                taskGameClose
                0x0201d71c                gameInit
                0x0201d7cc                gameGetKeyADCValue
                0x0201d878                game_key_judge
                0x0201d904                fps_count_reset
                0x0201d930                rand_int
                0x0201d99c                get_game_base_buf
                0x0201d9c4                get_game_show_buf
                0x0201dab0                get_bin_data
                0x0201db40                frame_icon_draw
                0x0201dcd4                game_OSD_str_draw
                0x0201e360                game_tips
                0x0201e69c                game_over
                0x0201e798                gameExit
                0x0201e80c                taskGameService
                0x0201e874                game_bk_draw
                0x0201e920                frame_buff_display
                0x0201e998                free_buf
                0x0201e9c0                game_audio_init
                0x0201eb78                taskGameOpen
                0x0201ebe8                game_audio_play
                0x0201ed90                game_key_event
                0x0201efd4                gameTickGenerator
                0x0201f09c                game_result_tips
 .text          0x0201f1c4       0xc8 ./Debug/taskGameMenu.c.o
                0x0201f1c4                taskGameMenuService
                0x0201f1d8                taskGameMenuOpen
                0x0201f260                taskGameMenuClose
 .text          0x0201f28c      0xe3c ./Debug/taskGameMenuMsg.c.o
 .text          0x020200c8        0x0 ./Debug/taskGameMenuRes.c.o
 .text          0x020200c8     0x11f4 ./Debug/game_plane.c.o
                0x020200c8                is_in_range
                0x02020118                collision_chect
                0x02020374                move_enemy_bullet_c
                0x02020414                AI_mage
                0x02020468                move_my_planle
                0x020205bc                new_my_bullet
                0x0202066c                new_p_boom
                0x02020730                move_my_bullet_c
                0x02020820                move_bullet
                0x02020844                move_one_enemy_planle
                0x02020a0c                move_enemy_planle
                0x02020a54                new_enemy_Plane
                0x02020b30                pGame_show_icon_rect
                0x02020ce4                show_plane_boom
                0x02020d48                show_enemy_Plane
                0x02020da0                show_my_bullet
                0x02020df8                show_score
                0x0202108c                game_plane_entry
 .text          0x020212bc      0x5a8 ./Debug/game_maze.c.o
                0x020212bc                Move_maze
                0x0202147c                resultCheck_maze
                0x020214d4                maze_map_set
                0x02021514                get_map_maze_size
                0x0202152c                man_maze_init
                0x0202155c                maze_show_one_rect
                0x02021620                maze_DrawMap
                0x02021698                maze_show_all
                0x020216d0                maze_map_init
                0x02021718                maze_keypress
                0x0202176c                maze_init
                0x020217b4                game_maze_entry
 .text          0x02021864      0xc34 ./Debug/gif.c.o
                0x02021864                gif_fileSeek
                0x02021898                gif_filePosition
                0x020218b8                gif_fileRead
                0x020218ec                gif_startDrawing
                0x02021900                gif_fileReadBlock
                0x02021970                gif_updateScreen
                0x02021a68                gif_screenClear
                0x02021b64                gif_audio_init
                0x02021cc4                gif_audio_play
                0x02021e14                gif_color_check
                0x02021e68                gif_drawPixel
                0x02022018                init_gif_decoder
                0x020220f4                gif_play
 .text          0x02022498      0xe90 ./Debug/GifDecoder_Impl.c.o
                0x02022498                GifDecoder_Init
                0x02022548                GifDecoder_setStartDrawingCallback
                0x02022560                GifDecoder_setUpdateScreenCallback
                0x02022578                GifDecoder_setDrawPixelCallback
                0x02022590                GifDecoder_setScreenClearCallback
                0x020225a8                GifDecoder_setFileSeekCallback
                0x020225c0                GifDecoder_setFilePositionCallback
                0x020225d8                GifDecoder_setFileReadCallback
                0x020225f0                GifDecoder_setFileReadBlockCallback
                0x02022608                GifDecoder_GetGifWidth
                0x02022620                GifDecoder_GetGifHeight
                0x02022638                BackupStream
                0x02022678                ReadByte
                0x0202269c                ReadWord
                0x020226e4                ReadIntoBuffer
                0x02022710                FillImageDataRect
                0x0202276c                FillImageData
                0x020227a0                CopyImageDataRect
                0x02022800                ParseGifHeader
                0x02022870                ParseLogicalScreenDescriptor
                0x020228e8                ParseGlobalColorTable
                0x02022938                ParsePlainTextExtension
                0x020229a0                ParseGraphicControlExtension
                0x02022a38                ParseApplicationExtension
                0x02022ab4                ParseCommentExtension
                0x02022b30                ParseGIFFileTerminator
                0x02022b64                GifDecoder_startDecoding
                0x02022be0                DecompressAndDisplayFrame
                0x02022ea4                ParseTableBasedImage
                0x020231cc                ParseData
                0x02023294                GifDecoder_decodeFrame
 .text          0x02023328      0x398 ./Debug/LzwDecoder_Impl.c.o
                0x02023328                LzwSetTempBuffer
                0x02023340                LzwDecodeInit
                0x020233c4                LzwGetCode
                0x0202348c                LzwDecode
 .text          0x020236c0      0xe1c ./Debug/game_whackamole.c.o
                0x020236c0                game_whackamole_bk_add
                0x020239e0                my_rand
                0x02023a2c                generate_random_number_0_to_8
                0x02023a60                game_whackamole_init
                0x02023ba8                game_whackamole_add_time
                0x02023c54                game_whackamole_add_score
                0x02023d00                game_whackamole_lcd_refresh
                0x02023dcc                game_whackamole_refresh
                0x02023e9c                game_whackamole_exit
                0x02023ff8                game_whackamole_entry
 .text          0x020244dc        0x0 ./Debug/xos_x_cpu.c.o
 .text          0x020244dc      0x1b0 ./Debug/xos_xmbox.c.o
                0x020244dc                XMboxInit
                0x0202451c                XMboxCreate
                0x020245a4                XMboxDestory
                0x020245dc                XMboxPost
                0x02024630                XMboxPend
 .text          0x0202468c      0x2e4 ./Debug/xos_xmsgq.c.o
                0x0202468c                XMsgQInit
                0x020246cc                XMsgQCreate
                0x0202475c                XMsgQDestory
                0x02024794                XMsgQFlush
                0x020247d4                XMsgQPost
                0x0202484c                XMsgQPostFront
                0x020248c8                XMsgQPend
                0x02024958                XMsgQCheck
 .text          0x02024970      0x12c ./Debug/xos_xos.c.o
                0x02024970                XOSInit
                0x020249b0                XOSTickService
                0x02024a20                XOSTimeGet
                0x02024a40                XOSTimeDly
                0x02024a7c                XOSRandom
 .text          0x02024a9c      0x168 ./Debug/xos_xwork.c.o
                0x02024a9c                XWorkInit
                0x02024adc                XWorkCreate
                0x02024b68                XWorkDestory
                0x02024b98                XWorkService
 .text          0x02024c04      0xb70 ./Debug/multimedia_user_media.c.o
                0x02024c04                jpg_decode_buf
                0x02024cb4                jpg_buf_decode_buf
                0x02024d64                yuv_rgb_table_init
                0x02024f9c                yuv_rgb_table_uninit
                0x02024fe0                bmp24_to_yuv420_buf
                0x0202539c                yuv420_draw_buf
                0x0202558c                yuv420_software_set_handle_frame
                0x020255ac                yuv420_software_get_handle_frame
                0x020255cc                yuv420_effect_handle
 .text          0x02025774      0x1fc ./Debug/sUI_button.c.o
                0x02025858                buttonCreate
                0x020258cc                buttonCreateIndirect
 .text          0x02025970      0x188 ./Debug/sUI_dialog.c.o
                0x02025970                dialogCreate
                0x02025a40                dialogItem
 .text          0x02025af8      0x22c ./Debug/sUI_frameWin.c.o
                0x02025c50                frameWinCreate
                0x02025cb4                frameWinCreateIndirect
 .text          0x02025d24      0x2b0 ./Debug/sUI_imageIcon.c.o
                0x02025eac                imageIconCreate
                0x02025f58                imageIconCreateIndirect
 .text          0x02025fd4     0x1974 ./Debug/sUI_itemManage.c.o
                0x02025fd4                itemManageCreate
                0x02026058                itemManageCreateIndirect
                0x020260cc                itemManageSetItemHeight
                0x02026250                itemManageSetItemRowSumGap
                0x02026358                itemManageSetHeightAvgGap
                0x020264cc                itemManageSetRowSum
                0x02026600                itemManageSetColumnSum
                0x02026750                itemManageSetColumnSumWithGap
                0x020268cc                itemManageSetColumnMargin
                0x020269fc                itemManageCreateItem
                0x02026b98                itemManageSetResInforFuncEx
                0x02026bf0                itemManageSetCurItem
                0x02026eec                itemManageUpdateRes
                0x02026fa4                itemManageUpdateAllitem
                0x02027008                itemManageUpdateCurItem
                0x020271ac                itemManageNextItem
                0x02027248                itemManagePreItem
                0x020272e4                itemManageNextPage
                0x02027368                itemManagePrePage
                0x020273f0                itemManageGetCurrentItem
                0x02027454                itemManageSetCharInfor
                0x0202750c                itemManageSetSelectColor
                0x020275a8                itemManageSetSelectImage
                0x02027648                itemManageSetUnselectColor
                0x020276e4                itemManageSetUnselectImage
                0x02027784                itemManageGetTouchInfor
 .text          0x02027948      0x3c4 ./Debug/sUI_menuItem.c.o
                0x02027b78                menuItemCreate
                0x02027c20                itemCreateMenuItem
 .text          0x02027d0c      0x504 ./Debug/sUI_menuItemEx.c.o
                0x02028034                menuItemExCreate
                0x020280e4                itemCreateMenuItemEx
 .text          0x02028210      0x360 ./Debug/sUI_menuOption.c.o
                0x02028404                menuOptionCreate
                0x020284a8                itemCreatemenuOption
 .text          0x02028570      0x344 ./Debug/sUI_progressBar.c.o
                0x02028798                progressBarCreate
                0x0202881c                progressBarCreateIndirect
                0x02028894                progressBarSetDirction
 .text          0x020288b4      0x264 ./Debug/sUI_rect.c.o
                0x02028a20                rectCreate
                0x02028aa4                rectCreateIndirect
 .text          0x02028b18      0x3b4 ./Debug/sUI_stringIcon.c.o
                0x02028d5c                stringIconCreate
                0x02028e18                stringIconCreateIndirect
 .text          0x02028ecc      0x2b0 ./Debug/sUI_tips.c.o
                0x02029068                tipsCreate
                0x020290f4                tipsCreateIndirect
 .text          0x0202917c      0x30c ./Debug/sUI_uiAlloc.c.o
                0x0202917c                uiHeapInit
                0x020291b4                uiAlloc
                0x020292bc                uiFree
                0x020293bc                uiHeapInfor
                0x02029474                heapAllocTest
 .text          0x02029488      0x11c ./Debug/sUI_widget.c.o
                0x02029488                widgetProc
                0x020294d4                widgetSetType
                0x02029504                widgetGetType
                0x02029538                widgetGetId
                0x02029570                widgetSetId
 .text          0x020295a4     0x1c38 ./Debug/sUI_winManage.c.o
                0x020295a4                winErrShow
                0x020295f0                winSendMsg
                0x02029630                winSendMsgNoData
                0x02029658                winSendMsgToParent
                0x02029688                winSendMsgToParentNoData
                0x020296b0                winOverlapping
                0x02029714                winContain
                0x02029778                winHasInvalidRect
                0x0202980c                winFreeInvalidRect
                0x02029b08                winCreate
                0x02029f50                winDestroy
                0x0202a10c                winGetTouchInfor
                0x0202a13c                winTouch
                0x0202a35c                winSetbgColor
                0x0202a390                winSetfgColor
                0x0202a3c4                winSetVisible
                0x0202a448                winIsVisible
                0x0202a484                winSetResid
                0x0202a4b4                winSetItemSelResid
                0x0202a4e4                winSetStrInfor
                0x0202a534                resInforInit
                0x0202a580                winSetSelectInfor
                0x0202a5b0                winSetUnselectInfor
                0x0202a5e0                winChangeNotify
                0x0202a648                winDefaultProc
                0x0202aa58                winResize
                0x0202abe8                winGetRelativePos
                0x0202ac78                winGetPos
                0x0202acbc                winUpdate
                0x0202ad2c                winSetPorgressRate
                0x0202ad5c                winSetPorgressDirction
                0x0202ad8c                winGetCurrent
                0x0202adac                winPaint
                0x0202aeb8                winSetName
                0x0202aed8                winIntersection
                0x0202af8c                winUpdateAllResId
                0x0202aff0                winDestroyDeskTopChildWin
                0x0202b064                winInit
                0x0202b150                winUninit
 .text          0x0202b1dc      0x174 ./Debug/sUI_memPool.c.o
                0x0202b1dc                mempCreate
                0x0202b244                mempGet
                0x0202b29c                mempPut
                0x0202b2d8                mempInfor
 .text          0x0202b350      0x43c ./Debug/sUI_widgetManage.c.o
                0x0202b5a4                widgetManageCreate
                0x0202b628                widgetManageCreateIndirect
                0x0202b698                widgetManageUpdateAll
                0x0202b6bc                widgetManageUpdateCur
                0x0202b6e0                widgetManageNext
                0x0202b704                widgetManagePre
                0x0202b728                widgetManageSelect
                0x0202b75c                widgetManageCurId
 .text          0x0202b78c      0x3bc ./Debug/src_ax32xx_int.c.o
                0x0202b78c                ax32xx_intHandler
                0x0202b7a0                fast_isr
                0x0202b880                slow_isr
                0x0202b974                ax32xx_intEnable
                0x0202b9bc                ax32xx_int_priority
                0x0202ba04                ax32xx_intInit
 .text          0x0202bb48      0xa44 ./Debug/src_ax32xx_sys.c.o
                0x0202bb48                ax32xx_sysCpuMsDelay
                0x0202bb84                ax32xx_sysCpuNopDelay
                0x0202bbac                ax32xx_sysDcacheInit
                0x0202bbf0                ax32xx_sysIcacheInit
                0x0202bc34                ax32xx_sysDcacheWback
                0x0202bcb0                ax32xx_sysDcacheFlush
                0x0202bd2c                ax32xx_sysDcacheInvalid
                0x0202bda8                ax32xx_sysSRAMClear
                0x0202bdfc                ax32xx_sysBSSClear
                0x0202be60                ax32xx_sysLDOSet
                0x0202c044                ax32xx_sysClkSet
                0x0202c0a0                ax32xx_sysReset
                0x0202c0e0                ax32xx_sys_dma_memdown
                0x0202c144                ax32xx_sys_dma_memkick
                0x0202c208                ax32xx_mcpy_gram2ufifo
                0x0202c268                ax32xx_mcpy1_sdram2gram
                0x0202c30c                ax32xx_mcpy1_sdram2gram_2
                0x0202c36c                ax32xx_sysInit
                0x0202c4cc                ax32xx_sysUninit
 .text          0x0202c58c      0x298 ./Debug/src_ax32xx_dma.c.o
                0x0202c58c                ax32xx_dmaNocCfg
                0x0202c7b4                ax32xx_dmaNocDefault
                0x0202c7dc                ax32xx_dmaChannelEnable
 .text          0x0202c824       0x98 ./Debug/src_ax32xx_wdt.c.o
                0x0202c824                ax32xx_wdtEnable
                0x0202c858                ax32xx_wdtTimeSet
                0x0202c86c                ax32xx_wdtClear
                0x0202c8a0                ax32xx_wdtReset
 .text          0x0202c8bc      0xe08 ./Debug/src_ax32xx_gpio.c.o
                0x0202c8bc                ax32xx_gpioSFRSet
                0x0202cb00                ax32xx_gpioDirSet
                0x0202cba4                ax32xx_gpioPullSet
                0x0202cc70                ax32xx_gpioDrvSet
                0x0202cd00                ax32xx_gpioDataSet
                0x0202cd8c                ax32xx_gpioDataGrounpSet
                0x0202ce08                ax32xx_gpioDataGet
                0x0202ce8c                ax32xx_gpioMapSet
                0x0202cf1c                ax32xx_gpioDigitalSet
                0x0202cfac                ax32xx_gpioHystersisSet
                0x0202d03c                ax32xx_gpioLedPull
                0x0202d108                ax32xx_gpioLedInit
                0x0202d198                ax32xx_gpioINTCheck
                0x0202d1d0                ax32xx_gpioINTClear
                0x0202d1f8                ax32xx_gpioINTInit
                0x0202d328                ax32xx_gpioIRQHandler
                0x0202d3c4                ax32xx_io1d1_softstart
                0x0202d584                ax32xx_io1d1_softstart_clr
                0x0202d634                ax32xx_io1d1_pd_enable
 .text          0x0202d6c4      0x1a4 ./Debug/src_ax32xx_uart.c.o
                0x0202d6c4                ax32xx_uart0IRQHandler
                0x0202d714                ax32xx_uart0IOCfg
                0x0202d7b4                ax32xx_uart0Init
                0x0202d828                ax32xx_uart0SendByte
 .text          0x0202d868      0x9ec ./Debug/src_ax32xx_timer.c.o
                0x0202d868                ax32xx_timer0IRQHandler
                0x0202d8ac                ax32xx_timer1IRQHandler
                0x0202d8f0                ax32xx_timer2IRQHandler
                0x0202d934                ax32xx_timer3IRQHandler
                0x0202d978                ax32xx_timerISRRegister
                0x0202d9bc                ax32xx_timerStart
                0x0202dab8                ax32xx_timerStop
                0x0202db88                ax32xx_timerEnable
                0x0202dc14                ax32xx_timerDisable
                0x0202dcb8                ax32xx_timerTickStart
                0x0202dcec                ax32xx_timerTickStop
                0x0202dd0c                ax32xx_timerTickCount
                0x0202dd28                ax32xx_timerPWMStart
                0x0202e1a0                ax32xx_timerPWMStop
 .text          0x0202e254      0x468 ./Debug/src_ax32xx_tminf.c.o
                0x0202e254                ax32xx_mjpegATimeinfoEnable
                0x0202e2c0                ax32xx_mjpegBTimeinfoEnable
                0x0202e32c                ax32xx_mjpegATimeinfoColor
                0x0202e378                ax32xx_mjpegBTimeinfoColor
                0x0202e3d4                ax32xx_mjpegATimeinfoSize
                0x0202e430                ax32xx_mjpegBTimeinfoSize
                0x0202e4b8                ax32xx_mjpegATimeinfoPos
                0x0202e514                ax32xx_mjpegBTimeinfoPos
                0x0202e59c                ax32xx_mjpegATimeinfoAddr
                0x0202e5e0                ax32xx_mjpegBTimeinfoAddr
                0x0202e650                ax32xx_recfg_mjpb_tminf
 .text          0x0202e6bc      0x7f4 ./Debug/src_ax32xx_spi.c.o
                0x0202e6bc                ax32xx_spi0Init
                0x0202e8dc                ax32xx_spi0SendByte
                0x0202e930                ax32xx_spi0RecvByte
                0x0202e984                ax32xx_spi0Send0
                0x0202ea3c                ax32xx_spi0Recv0
                0x0202eaf4                ax32xx_spi0CS0Config
                0x0202eb38                spi1_pin_config
                0x0202ec08                hal_spi1Init
                0x0202ec80                spi1_send_byte
                0x0202ecf0                spi1_receive_byte
                0x0202ed38                spi1_recevie_dma
                0x0202edd0                spi1_send_dma
                0x0202ee6c                spi1_enable
 .text          0x0202eeb0      0xb74 ./Debug/src_ax32xx_rtc.c.o
                0x0202eeb0                ax32xx_rtcWriteByte
                0x0202ef00                ax32xx_rtcReadByte
                0x0202ef64                ax32xx_rtcRamRead
                0x0202f000                ax32xx_rtcRamWrite
                0x0202f09c                ax32xx_rtcDataRead
                0x0202f124                ax32xx_rtcDataWrite
                0x0202f1ac                ax32xx_rtcInit
                0x0202f25c                ax32xx_rtcIRQHandler
                0x0202f314                ax32xx_rtcSencodEnable
                0x0202f390                ax32xx_rtcAlamEnable
                0x0202f478                ax32xx_rtcAlamSet
                0x0202f4c0                ax32xx_rtcGet
                0x0202f514                ax32xx_rtcSet
                0x0202f55c                ax32xx_WKOEnable
                0x0202f5b8                ax32xx_VDDGSENEnable
                0x0202f628                ax32xx_WKI0InputEnable
                0x0202f698                ax32xx_WKI1InputEnable
                0x0202f708                ax32xx_WKI1Read
                0x0202f72c                ax32xx_WKI0Read
                0x0202f750                ax32xx_WKI1WakeupEnable
                0x0202f8b8                ax32xx_WKI1WakeupTriger
                0x0202f908                ax32xx_WKI1CleanPending
                0x0202f944                ax32xx_rtcBatDecEnable
                0x0202f9b4                ax32xx_rtcSenHVEnable
 .text          0x0202fa24      0x7e8 ./Debug/src_ax32xx_iic.c.o
                0x0202fadc                software_iic_sdaout
                0x0202fb10                software_iic_sdain
                0x0202fb44                software_iic_sda_set
                0x0202fb70                software_iic_scl_set
                0x0202fb9c                software_iic_sda_get
                0x0202fbc4                software_iic_init
                0x0202fbf4                software_iic_start
                0x0202fc6c                software_iic_stop
                0x0202fce4                software_iic_wait_ack
                0x0202fd9c                ax32xx_iic0Init
                0x0202fe5c                ax32xx_iic0Uninit
                0x0202fea0                ax32xx_iic0Start
                0x0202febc                ax32xx_iic0Stop
                0x0202fefc                ax32xx_iic0RecvACK
                0x0202ff24                ax32xx_iic0SendACK
                0x0202ff48                ax32xx_iic0SendByte
                0x0202ff98                ax32xx_iic0RecvByte
                0x0202ffec                ax32xx_iic1Init
                0x02030014                ax32xx_iic1Uninit
                0x02030058                ax32xx_iic1Start
                0x02030074                ax32xx_iic1Stop
                0x020300d4                ax32xx_iic1RecvACK
                0x020300fc                ax32xx_iic1SendACK
                0x02030120                ax32xx_iic1SendByte
                0x02030190                ax32xx_iic1RecvByte
 .text          0x0203020c      0x66c ./Debug/src_ax32xx_dac.c.o
                0x0203024c                ax32xx_dacIRQHandler
                0x02030320                ax32xx_dacSampleRateSet
                0x02030390                ax32xx_dacEnable
                0x02030414                ax32xx_dacVolumeSet
                0x0203048c                ax32xx_dacBufferSet
                0x020304ac                ax32xx_dacBufferFlush
                0x020304cc                ax32xx_dacReset
                0x020304f0                ax32xx_dacStart
                0x0203056c                ax32xx_dacStop
                0x0203059c                ax32xx_dacISRRegister
                0x020305bc                ax32xx_dacHPSet
                0x02030650                eq_coeff_init
                0x020306c0                eq_gain_init
                0x02030730                ax32xx_dacInit
 .text          0x02030878      0x114 ./Debug/src_ax32xx_adc.c.o
                0x02030878                ax32xx_adcEnable
                0x020308e0                ax32xx_adcSetBaudrate
                0x02030910                ax32xx_adcConverStart
                0x02030934                ax32xx_adcRead
 .text          0x0203098c      0x4d0 ./Debug/src_ax32xx_auadc.c.o
                0x0203098c                ax32xx_auadcIRQHandler
                0x02030a1c                ax32xx_auadcHalfIRQRegister
                0x02030a3c                ax32xx_auadcEndIRQRegister
                0x02030a5c                ax32xx_auadcEnable
                0x02030b54                ax32xx_auadcAGCEnable
                0x02030be4                ax32xx_auadcGainSet
                0x02030c60                ax32xx_auadcBufferSet
                0x02030cc0                ax32xx_auadcInit
                0x02030d64                ax32xx_auadcSetSampleSet
                0x02030e48                agc_gain_mnt
 .text          0x02030e5c      0x298 ./Debug/src_jpeg_table.c.o
                0x02030e5c                jpegA_table_init
                0x02030fd8                ax32xx_mjpB_tab_init
 .text          0x020310f4      0xd68 ./Debug/src_ax32xx_usb.c.o
                0x020310f4                _usb_bulk_tx
                0x02031230                _usb_bulk_rx
                0x0203133c                _usb_iso_kick
                0x0203142c                _iso_wait_txdown
                0x0203149c                usb_iso_tx
                0x0203159c                usb_burst_reset
                0x020315e8                usb_host_reset
                0x02031634                usb_phyreset_as_typeb
                0x0203177c                usb_phyreset_as_typea
                0x020318c8                usb_insert
                0x020318dc                usb_check_hal
                0x020318f0                get_u32softcnt
                0x02031910                ax32xx_usbIRQHanlder
                0x02031a04                ax32xx_usbCallbackRegister
                0x02031a40                ax32xx_usb_hostIRQHanlder
                0x02031a54                usb_device_check
                0x02031b1c                ax32xx_usbPhyPllEnable
                0x02031bc4                usb11_registers_write
                0x02031bf0                usb11_registers_read
                0x02031c28                usb_memcpy
                0x02031c9c                usb_phyreset_as_typea11
                0x02031cb0                usb11_host_reset
                0x02031cc4                ax32xx_usb11_hostIRQHanlder
                0x02031cd8                usb20_host_check
                0x02031da0                usb11HostCheckNoWait
                0x02031db4                usb11_host_check
                0x02031dc8                usb20_phyreset_as_filter
 .text          0x02031e5c      0x210 ./Debug/src_ax32xx_misc.c.o
                0x02031e5c                str_seek
                0x02031ec8                dec_num2str
                0x02031f08                char_2_hex
                0x02031f5c                data_check
                0x02031f9c                pointer_check
                0x02031fc0                half_word_memcpy
                0x02031ff8                word_memcpy
                0x02032030                word_reg_memcpy
 .text          0x0203206c      0x14c ./Debug/src_ax32xx_pip.c.o
                0x0203206c                ax32xx_pipConfig
                0x020320e8                ax32xx_pipEnable
                0x0203212c                ax32xx_pipCounterReset
                0x0203216c                ax32xx_pipGetTopLayer
                0x02032190                ax32xx_pipGetBotLayer
 .text          0x020321b8        0x0 ./Debug/src_ax32xx_btuart.c.o
 .text          0x020321b8        0x0 ./Debug/src_ax32xx_crc.c.o
 .text          0x020321b8      0x26c ./Debug/src_ax32xx_emi.c.o
                0x020321b8                ax32xx_emiInit
                0x020322f4                ax32xx_emiISRRegister
                0x02032328                ax32xx_emiIRQHandler
                0x02032384                ax32xx_emiKick
                0x020323e0                ax32xx_emiCheckBusy
                0x02032400                ax32xx_emiCheckRXError
 .text          0x02032424      0x278 ./Debug/src_ax32xx_rotate.c.o
                0x02032424                ax32xx_rotateISRRegiser
                0x02032444                ax32xx_rotateCheckBusy
                0x02032464                ax32xx_rotateReset
                0x020324b0                ax32xx_rotateStart
                0x020325c8                ax32xx_rotateWaitFrameDone
                0x0203261c                ax32xx_rotateIRQHandler
                0x0203266c                ax32xx_rotateGetSrcYAddr
 .text          0x0203269c      0x370 ./Debug/src_ax32xx_osdcmp.c.o
                0x0203269c                ax32xx_osdcmpISRRegiser
                0x020326bc                ax32xx_osdcmpCheckBusy
                0x020326e0                ax32xx_osdcmpReset
                0x0203272c                ax32xx_osdcmpGetCompSize
                0x0203274c                ax32xx_osdcmpKick
                0x02032820                ax32xx_osdcmpWaitFrameDone
                0x020328b8                ax32xx_osdcmpCompOneFrame
                0x020329c0                ax32xx_osdcmpIRQHandler
 .text          0x02032a0c       0x3c ./Debug/src_ax32xx_isp.c.o
                0x02032a0c                ax32xx_ispModeSet
 .text          0x02032a48      0xd68 ./Debug/osd_ax32xx_osd.c.o
                0x02032a48                ax32xx_deWait
                0x02032aa4                ax32xx_deUpdate
                0x02032ac8                ax32xx_deGetUpdateStatus
                0x02032aec                ax32xx_deIRQHandler
                0x02032b4c                ax32xx_deISRRegister
                0x02032b6c                ax32xx_deInit
                0x02032be8                ax32xx_deSetBackground
                0x02032c1c                ax32xx_deSetCSC
                0x02032c68                ax32xx_videoSetDither
                0x02032d08                ax32xx_videoSetScale
                0x02032d54                ax32xx_videoSetScaleLine
                0x02032dc4                ax32xx_videoSetScanMode
                0x02032e10                ax32xx_videoGetYAddr
                0x02032e40                ax32xx_videoGetUVAddr
                0x02032e70                ax32xx_videoSetAddr
                0x02032e8c                ax32xx_videoSetStride
                0x02032eb0                ax32xx_videoSetSize
                0x02032ee8                ax32xx_videoSetPosition
                0x02032f10                ax32xx_videoCopyCfg
                0x02032f78                ax32xx_videoEnable
                0x02032fbc                ax32xx_degamma_cfg
                0x02032fdc                ax32xx_videoGammaRed
                0x02033020                ax32xx_videoGammaGreen
                0x02033064                ax32xx_videoGammaBlue
                0x020330a8                ax32xx_deSetGAMA
                0x0203312c                ax32xx_deSet_DE_CCM
                0x02033214                ax32xx_deSet_DE_SAJ
                0x02033280                ax32xx_videoGammaEnable
                0x020332c4                ax32xx_osdEnable
                0x02033330                ax32xx_osdSetSize
                0x02033384                ax32xx_osdSetPosition
                0x020333d8                ax32xx_osdSetPalette
                0x02033420                ax32xx_osdSetAddr
                0x020334dc                ax32xx_osdGetAddr
                0x0203352c                ax32xx_osdSetAlpha
                0x02033598                ax32xx_osdSetUpscaler
                0x02033760                ax32xx_osdEncodeOneCode
 .text          0x020337b0      0xfc8 ./Debug/csi_ax32xx_csi.c.o
                0x020337b0                hal_csi_fcnt_get
                0x020337e0                ax32xx_csiIRQHandler
                0x02033a70                ax32xx_csiISRRegiser
                0x02033aac                ax32xx_csiMJPEGFrameSet
                0x02033b1c                ax32xx_csihv_tomjp_dma_cfg
                0x02033ba8                ax32xx_csi_only_FrameSet
                0x02033bc8                ax32xx_csiYUVFrameSet
                0x02033bdc                ax32xx_csiIOConfig
                0x02033c34                ax32xx_csiInit
                0x02033c60                ax32xx_csiMclkSet
                0x02033d24                ax32xx_csi_set_mclk_free
                0x02033d6c                ax32xx_csiSyncSet
                0x02033dd0                ax32xx_csiPrioritySet
                0x02033e14                ax32xx_csiTypeSet
                0x02033e80                ax32xx_csiModeSet
                0x02033ebc                ax32xx_pclk_fir_Set
                0x02033f24                ax32xx_pclk_analog_Set
                0x02033f74                ax32xx_pclk_inv_Set
                0x02033fb8                ax32xx_csi_clk_tun_Set
                0x02034000                ax32xx_csiSizeSet
                0x02034038                ax32xx_csiInputAddrSet
                0x02034050                ax32xx_csiTestModeSet
                0x020340b8                ax32xx_csiDvpClkDivSet
                0x02034100                ax32xx_csiLCDFrameSet
                0x0203412c                ax32xx_csiLCDDmaEnable
                0x020341c8                ax32xx_csiLCDDmaKick
                0x0203420c                ax32xx_csiLCDScaler
                0x020343e8                ax32xx_csiScaler
                0x02034530                ax32xx_hvScaler
                0x02034684                ax32xx_csiScalerCheck
                0x020346ac                ax32xx_csiOutputSet
                0x020346e8                ax32xx_csiEnable
 .text          0x02034778      0xd70 ./Debug/lcd_ax32xx_lcd.c.o
                0x02034778                ax32xx_lcdSPIMode
                0x020347a4                ax32xx_lcdSPIInit
                0x02034854                ax32xx_lcdSPIUninit
                0x02034890                ax32xx_lcdSPISendData
                0x02034a04                ax32xx_lcdMcuSendCmd
                0x02034a68                ax32xx_lcdMcuSendData
                0x02034abc                ax32xx_lcdMcuSendCmd16
                0x02034b40                ax32xx_lcdMcuSendData16
                0x02034bc4                ax32xx_lcdInit
                0x02034c10                ax32xx_lcdIRQEnable
                0x02034c58                ax32xx_lcdPreLineSet
                0x02034c74                ax32xx_lcdSignalSet
                0x02034d0c                ax32xx_lcdBusWidth
                0x02034d60                ax32xx_lcdBusEnable
                0x02034db0                ax32xx_lcdClkSet
                0x02034dd0                ax32xx_lcdSyncSet
                0x02034df4                ax32xx_lcdDESignalSet
                0x02034e18                ax32xx_lcdPositionSet
                0x02034e34                ax32xx_lcdResolutionSet
                0x02034e50                ax32xx_lcdWindowSizeSet
                0x02034e6c                ax32xx_lcdDataModeSet
                0x02034eb0                ax32xx_lcdClkNumberSet
                0x02034ec8                ax32xx_lcdEndLineSet
                0x02034ee4                ax32xx_lcdPanelMode
                0x02034f2c                ax32xx_lcdEnable
                0x02034f90                ax32xx_lcdTeMode
                0x02034fd8                ax32xx_lcdKick
                0x02035010                ax32xx_lcdIRQHandler
                0x02035180                ax32xx_lcdISRRegister
                0x020351c4                ax32xx_lcdReset
                0x02035230                ax32xx_lcdMCUIOConfig
                0x02035314                ax32xx_lcdRGBIOConfig
                0x020353f8                ax32xx_lcd_lsawbtooth
 .text          0x020354e8     0x1f10 ./Debug/mjpeg_ax32xx_mjpeg.c.o
                0x020354e8                ax32xx_mpegPrint
                0x02035964                ax32xx_mjpB_reset
                0x020359d0                ax32xx_mjpegAIRQHandler
                0x02035a24                ax32xx_mjpeg_encode_check
                0x02035b90                ax32xx_mjpB_employ
                0x02035bbc                ax32xx_mjpB_dcdown_reg
                0x02035bdc                ax32xx_mjB_as_dcode
                0x02035c08                ax32xx_mjpegEA_ncodeISRRegister
                0x02035c28                ax32xx_mjpegEB_ncodeISRRegister
                0x02035c48                ax32xx_mjpegEA_ncodeISR
                0x02035c74                ax32xx_mjpegDecodeISRRegister
                0x02035c94                ax32xx_mjpegEncodeBufferSet
                0x02035ce0                ax32xx_mjpegEncodeEnable
                0x02035dd0                ax32xx_mjpegEncode_wifi_Enable
                0x02035ec0                ax32xx_mjpegEncodeSizeSet
                0x02035f68                ax32xx_mjpegEncodeQuilitySet
                0x02035fb0                cal_jA_1s_size
                0x02035fe0                ax32xx_mjpegEncodeQadj
                0x020360c4                ax32xx_mjpegEncodeInfoSet
                0x0203610c                ax32xx_mjpegEncodeLoadAddrGet
                0x02036128                ax32xx_mjpeg_inlinebuf_init
                0x02036144                ax32xx_mjpegEncodeInit
                0x0203637c                ax32xx_mjpeg_manual_on
                0x020363c4                ax32xx_mjpeg_manual_stop
                0x020363e8                ax32xx_mjpegDecodeScalerCal
                0x020364b8                ax32xx_mjpegDecodeSetSize
                0x020366dc                ax32xx_mjpegDecodeOutputSet
                0x020366f8                ax32xx_mjpegDecodeInputSet
                0x02036730                ax32xx_mjpegDecodeDriSet
                0x02036748                ax32xx_mjpegDecodeCompressSet
                0x02036760                ax32xx_mjpegDecodeInitTable
                0x020367a4                ax32xx_mjpegDecodeInit
                0x020369a8                ax32xx_mjpegDecodeDCTimeSet
                0x02036a48                ax32xx_mjpegDecodeEnable
                0x02036ac4                ax32xx_mjpegDecodeKick
                0x02036b1c                ax32xx_mjpegDecodeStop
                0x02036b58                ax32xx_mjpegBIRQHandler
                0x02036c54                ax32xx_mjpegDecodeQDTCfg
                0x02036cb4                ax32xx_mjpegDecodeStatus
                0x02036ce8                ax32xx_mjpegDecodeCheck
                0x02036d18                ax32xx_mjpegDecodeODma1Cfg
                0x02036dac                ax32xx_mjpB_Ctl_init
                0x02037060                ax32xx_mjpB_Linebuf_cfg
                0x0203707c                ax32xx_mjpB_dma_cfg
                0x020370a8                ax32xx_mjpB_stop
                0x02037110                ax32xx_mjpB_on
                0x0203715c                ax32xx_mjpB_stop_2
                0x020371b0                ax32xx_mjpegB_encode_check
                0x02037324                ax32xx_mjpB_on_2
                0x0203735c                jpeg1_decode_check
 .text          0x020373f8        0x0 ./Debug/resource_user_icon.c.o
 .text          0x020373f8        0x0 ./Debug/resource_user_str.c.o
 .text          0x020373f8      0x110 ./Debug/src_hal_adc.c.o
                0x020373f8                hal_adcInit
                0x02037434                hal_adcRead
                0x02037460                hal_adcSetChannel
                0x020374ac                hal_adcGetChannel
                0x020374e8                hal_adcVDDRTCCalculate
 .text          0x02037508       0xf0 ./Debug/src_hal_csi.c.o
                0x02037508                hal_csiMCLKSet
                0x02037528                hal_csiRegister
                0x0203755c                hal_csiResolutionGet
                0x020375b8                hal_csiAdptGet
                0x020375d8                hal_csi_SeninitGet
 .text          0x020375f8      0x24c ./Debug/src_hal_dac.c.o
                0x02037640                hal_dacInit
                0x02037698                hal_dacPlayStart
                0x02037744                hal_dacPlayStop
                0x02037770                hal_dacSetVolume
                0x020377d4                hal_dacSetBuffer
                0x020377f8                hal_dacCallBackRegister
                0x0203781c                hal_dacHPSet
 .text          0x02037844        0x0 ./Debug/src_hal_eeprom.c.o
 .text          0x02037844      0x2cc ./Debug/src_hal_gpio.c.o
                0x02037844                hal_gpioInit
                0x020378ec                hal_gpioInit_io1d1
                0x02037994                hal_io1d1_softstart
                0x020379c4                hal_io1d1_softstart_clr
                0x020379ec                hal_io1d1_pd_enable
                0x02037a14                hal_gpioEPullSet
                0x02037a70                hal_gpioWrite
                0x02037a98                hal_gpioRead
                0x02037abc                hal_gpioIntInit
                0x02037ae4                hal_gpioLedInit
 .text          0x02037b10      0x64c ./Debug/src_hal_iic.c.o
                0x02037b10                hal_iic0Init
                0x02037b3c                hal_iic0Uninit
                0x02037b5c                hal_iic08bitAddrWriteData
                0x02037bf8                hal_iic08bitAddrReadData
                0x02037cb0                hal_iic08bitAddrWrite
                0x02037d70                hal_iic08bitAddrRead
                0x02037e44                hal_iic016bitAddrWriteData
                0x02037eec                hal_iic016bitAddrReadData
                0x02037fb0                hal_iic016bitAddrWrite
                0x0203807c                hal_iic016bitAddrRead
 .text          0x0203815c     0x17dc ./Debug/src_hal_lcd.c.o
                0x02038424                hal_lcdSetBufYUV
                0x020384b8                hal_lcd_vde_cfg
                0x020384f0                hal_lcd_gamma_cfg
                0x02038504                usb_lcd_cfg
                0x02038518                lcd_isp_config
                0x0203852c                hal_lcdLCMPowerOff
                0x020385a4                hal_lcdPreviewStop
                0x020385f0                hal_lcdSetShowingSize
                0x02038608                hal_lcdSetRoate
                0x02038620                hal_lcdDealBuffer
                0x020386d4                hal_lcdGetShowingBuffer
                0x02038738                hal_lcdGetIdleBuffer
                0x02038778                hal_lcdPreviewStart
                0x020388bc                hal_lcdSetFrame
                0x020388e4                vch_debug
                0x020389d0                hal_lcdSetVCH
                0x02038aa8                hal_lcdUpdataVCH
                0x02038ba4                hal_lcdSwitchFrame2
                0x02038e24                hal_lcdPreSetPIPEnable
                0x02038e44                hal_lcdSetPIPEnable
                0x02038e7c                hal_lcdGetResolution
                0x02038f00                hal_lcdGetOSDShowingResolution
                0x02038f5c                hal_lcdGetOSDShowingPosition
                0x02038fb8                hal_lcdGetShowingRotate
                0x02038fe8                hal_lcdGetBufferResolution
                0x02039044                hal_lcdGetVideoPos
                0x020390a0                deocode_done
                0x02039100                hal_lcd_get_next_frame
                0x020391b0                lcd_struct_get
                0x020391d0                hal_lcdFrameEndCallBack
                0x0203921c                hal_lcdRegister
                0x020398b4                hal_lcd_lsawtooth
                0x020398d4                hal_lcdSetCsiCrop
 .text          0x02039938      0x8a4 ./Debug/src_hal_osd.c.o
                0x02039938                hal_osdSetflag
                0x02039958                hal_osdGetIdleRotateBuffer
                0x0203997c                hal_osdGetIdleCmpBuffer
                0x020399a0                hal_osdGetIdleDispBuffer
                0x020399c4                hal_osdBufferRelease
                0x020399ec                hal_osdDealBuffer
                0x02039a6c                hal_osdInit
                0x02039d68                hal_osdGetCurBuff
                0x02039dc4                hal_osdGetFreeBuff
                0x02039e28                hal_osdSetBuff
                0x02039eb8                hal_osdEnable
                0x02039f6c                hal_osdSetAddr
                0x02039fa8                hal_osdSetBuffer
                0x0203a028                hal_osdSetPosition
                0x0203a070                hal_osdSetPalette
                0x0203a0a8                hal_osdSetSize
                0x0203a0e8                hal_osdSetAlpha
                0x0203a128                hal_osdGetBufferResolution
                0x0203a18c                hal_deSet_DE_CCM
                0x0203a1b4                hal_deSet_DE_SAJ
 .text          0x0203a1dc      0xc88 ./Debug/src_hal_rtc.c.o
                0x0203a208                hal_rtcCallBackRegister
                0x0203a268                hal_rtcCallBackRelease
                0x0203a2a4                hal_rtcUninit
                0x0203a2e0                hal_rtcTimeGet
                0x0203a2fc                hal_rtcTimeGetExt
                0x0203a330                hal_rtcSecondGet
                0x0203a350                hal_rtcTime2String
                0x0203a604                hal_rtcTime2StringExt
                0x0203a668                hal_rtcLeapYear
                0x0203a884                hal_rtcTime
                0x0203a998                hal_rtcInit
                0x0203aac0                hal_rtcSecondSet
                0x0203aafc                hal_rtcValue
                0x0203ac0c                hal_rtcTimeSet
                0x0203acac                hal_rtcAlarmSet
                0x0203ad3c                hal_rtcAlarmSetExt
                0x0203ade0                hal_rtcAlarmStatusGet
                0x0203ae1c                hal_vddWKOEnable
                0x0203ae40                hal_vddGSENEnable
 .text          0x0203ae64      0xc98 ./Debug/src_hal_sd.c.o
                0x0203ae64                hal_ClkSet1
                0x0203af08                hal_sdStop
                0x0203b1f4                hal_sdNextLBA
                0x0203b214                hal_sdInit
                0x0203b6a4                hal_sdUninit
                0x0203b6d0                hal_sdLock
                0x0203b710                hal_sdUnlock
                0x0203b73c                hal_sdCheck
                0x0203b8e0                hal_sdSetCardState
                0x0203b900                hal_sdGetCardState
                0x0203b920                hal_sdGetBusWidth
                0x0203b940                hal_sdCapacity
                0x0203b960                hal_sdExist
                0x0203b988                hal_sdWrite
                0x0203ba28                hal_speed_callback
                0x0203ba7c                hal_sdRead
 .text          0x0203bafc      0xad4 ./Debug/src_hal_spi.c.o
                0x0203bafc                hal_spiIOShare
                0x0203bb14                hal_spiIOCheck
                0x0203bb28                hal_spiInit
                0x0203bb54                hal_spiSendByte
                0x0203bb78                hal_spiSend
                0x0203bb98                hal_spiRecvByte
                0x0203bbb8                hal_spiRecv
                0x0203bbf8                hal_spiCSConfig
                0x0203bc1c                hal_spiFlashReadID
                0x0203bc7c                hal_spiFlashWriteEnable
                0x0203bcb0                hal_spiFlashWait
                0x0203bd34                hal_spiFlashReadPage
                0x0203bdac                hal_spiFlashRead
                0x0203be74                hal_spiFlashWritePage
                0x0203bef4                hal_spiFlashWrite
                0x0203bf90                hal_spiFlashEraseSector
                0x0203bffc                hal_spiFlashEraseBlock
                0x0203c060                hal_spiFlashEraseChip
                0x0203c09c                spi_udisk_jpg_num
                0x0203c0bc                spi_udisk_write_jpg
                0x0203c2ec                spi_udisk_del_jpg
                0x0203c380                spi_udisk_read_jpg_size
                0x0203c398                spi_udisk_read_jpg
                0x0203c434                spi_udisk_get_list_idx
                0x0203c47c                spi_udisk_format
                0x0203c514                spi_udisk_init
                0x0203c5a4                spi_udisk_jpg_free_num
 .text          0x0203c5d0      0x128 ./Debug/src_hal_timer.c.o
                0x0203c5d0                hal_timerStart
                0x0203c5f4                hal_timerStop
                0x0203c618                hal_timerEnable
                0x0203c650                hal_timerTickEnable
                0x0203c688                hal_timerTickGet
                0x0203c6a8                hal_timerPWMStart
                0x0203c6d4                hal_timerPWMStop
 .text          0x0203c6f8      0x67c ./Debug/src_hal_uart.c.o
                0x0203c75c                hal_uartIOShare
                0x0203c79c                hal_uartIOShareCheck
                0x0203c7e4                hal_uartInit
                0x0203c834                hal_uartSendData
                0x0203c858                hal_uartRXIsrRegister
                0x0203c878                uart_PutChar_n
                0x0203c8ac                uart_PutStr
                0x0203c8ec                uart_Put_hex
                0x0203ca18                uart_Put_udec
                0x0203caac                uart_Put_dec
                0x0203cb54                uart_Printf
                0x0203cc98                uart_PrintfBuf
                0x0203cd30                hal_uartPrintString
 .text          0x0203cd74      0x64c ./Debug/src_hal_watermark.c.o
                0x0203cddc                hal_watermarkInit
                0x0203ce8c                hal_watermarkClose
                0x0203cf24                hal_watermarkClear
                0x0203cfa4                hal_watermarkOpen
                0x0203d044                hal_watermarkColor
                0x0203d098                hal_watermarkAddr
                0x0203d0b0                hal_watermarkSize
                0x0203d0fc                hal_watermarkPosition
                0x0203d148                hal_watermarkCallbackRegister
                0x0203d190                hal_watermarkRam
                0x0203d230                hal_watermarkEnable
                0x0203d3a0                hal_watermarkBPos_Adjust
 .text          0x0203d3c0      0x454 ./Debug/src_hal_sys.c.o
                0x0203d408                hal_sysInit
                0x0203d524                hal_sysMemPrint
                0x0203d588                hal_sysMemMallocExt
                0x0203d6b4                hal_sysMemFree
                0x0203d7a8                hal_sysMemRemain
 .text          0x0203d814      0xae0 ./Debug/src_hal_auadc.c.o
                0x0203d814                _hal_auadcCallBackEnd
                0x0203d910                _hal_auadcCallBackHalf
                0x0203d968                hal_audc_33ms_syncnt_clr
                0x0203d994                hal_audc_stamp_cal
                0x0203d9c0                hal_audc_stamp_out
                0x0203da68                hal_audc_stamp_next
                0x0203dac4                hal_auadcCallBackEnd
                0x0203db40                hal_auadcInit
                0x0203db88                hal_auadcMemInit
                0x0203dc44                hal_auadcMemUninit
                0x0203dcb8                hal_auadc_cnt
                0x0203dce8                _hal_auadcStartForUAC
                0x0203ddc8                hal_auadcStartForWAV
                0x0203dde0                hal_auadcStartForAVI
                0x0203df04                hal_auadcBufferGet
                0x0203dfe4                hal_auadcBufferfree
                0x0203e010                hal_auadcStop
                0x0203e038                hal_auadcBufferRelease
                0x0203e060                hal_auadcUACProcess
                0x0203e140                hal_adcBuffer_prefull
                0x0203e1a4                hal_adcBuffer_halffull
                0x0203e1bc                hal_adc_volume_set
                0x0203e1dc                hal_uac_send
                0x0203e240                hal_auadcStartForUAC
 .text          0x0203e2f4     0x3424 ./Debug/src_hal_mjpeg.c.o
                0x0203e2f4                hal_mjpegStart
                0x0203e324                hal_save_frame_isr
                0x0203e4d0                hal_mjpeg_manual_on
                0x0203e550                hal_mjpegQualityCheck
                0x0203e618                hal_mjpegCallback_state
                0x0203e654                hal_mjpegCallback
                0x0203e8a0                hal_mjpeg_manual_fdown
                0x0203ecc4                hal_jA_fcnt_get
                0x0203ecf4                hal_mjpeg_mallocbuf