Archive member included because of file (symbol)

../bwlib\liblimage.a(imageL_encode.o)
                              ./Debug/src_hal_custom_yuv.c.o (doublebuf_And_resbuf_Ctrl)
../bwlib\libwatermark.a(image_watermark.o)
                              ./Debug/taskPhotoEncode.c.o (watermark_bmp2yuv_init)
../bwlib\libeffect.a(user_effect.o)
                              ./Debug/multimedia_user_media.c.o (warpHandle)
../bwlib\libmp3.a(mp3_decode_api.o)
                              ./Debug/taskAudioPlayer.c.o (mp3_dac_memInit)
../bwlib\libmp3.a(decoder.o)  ../bwlib\libmp3.a(mp3_decode_api.o) (mad_decoder_init)
../bwlib\libmp3.a(stream.o)   ../bwlib\libmp3.a(decoder.o) (mad_stream_init)
../bwlib\libmp3.a(synth.o)    ../bwlib\libmp3.a(decoder.o) (mad_synth_init)
../bwlib\libmp3.a(bit.o)      ../bwlib\libmp3.a(stream.o) (mad_bit_init)
../bwlib\libmp3.a(frame.o)    ../bwlib\libmp3.a(decoder.o) (mad_frame_finish)
../bwlib\libmp3.a(layer12.o)  ../bwlib\libmp3.a(frame.o) (mad_layer_I)
../bwlib\libmp3.a(timer.o)    ../bwlib\libmp3.a(frame.o) (mad_timer_set)
../bwlib\libmp3.a(layer3.o)   ../bwlib\libmp3.a(frame.o) (mad_layer_III)
../bwlib\libmp3.a(huffman.o)  ../bwlib\libmp3.a(layer3.o) (mad_huff_pair_table)
../bwlib\libsd.a(ax32xx_sd.o)
                              ./Debug/src_hal_sd.c.o (ax32xx_sd0Init)
../bwlib\libavi.a(aviEncoder.o)
                              ./Debug/video_video_record.c.o (aviEncodeInit)
../bwlib\libavi.a(encoder_std.o)
                              ../bwlib\libavi.a(aviEncoder.o) (avi_encoder_std)
../bwlib\libavi.a(encoder_odml.o)
                              ../bwlib\libavi.a(aviEncoder.o) (avi_odmlAddoffset)
../bwlib\libavi.a(aviDecoder.o)
                              ./Debug/video_video_playback.c.o (aviDecodeInit)
../bwlib\libavi.a(decoder_std.o)
                              ../bwlib\libavi.a(aviDecoder.o) (avi_standard)
../bwlib\libavi.a(decoder_odml.o)
                              ../bwlib\libavi.a(aviDecoder.o) (avi_opendml)
../bwlib\libfs.a(fs.o)        ./Debug/taskSysScanDevice.c.o (fs_nodeinit)
../bwlib\libfs.a(diskio.o)    ./Debug/main.c.o (fs_init)
../bwlib\libfs.a(ff.o)        ../bwlib\libfs.a(fs.o) (clst2sect)
../bwlib\libfs.a(ffunicode.o)
                              ../bwlib\libfs.a(ff.o) (ff_uni2oem)
C:/MinGW-4.7.1/or1k-elf/lib/no-delay\libc.a(lib_a-memcmp.o)
                              ../bwlib\libfs.a(ff.o) (memcmp)
C:/MinGW-4.7.1/or1k-elf/lib/no-delay\libc.a(lib_a-memcpy.o)
                              ./Debug/resource_manager.c.o (memcpy)
C:/MinGW-4.7.1/or1k-elf/lib/no-delay\libc.a(lib_a-memmove.o)
                              ./Debug/game_tetris.c.o (memmove)
C:/MinGW-4.7.1/or1k-elf/lib/no-delay\libc.a(lib_a-memset.o)
                              ./Debug/main.c.o (memset)
C:/MinGW-4.7.1/or1k-elf/lib/no-delay\libc.a(lib_a-rand.o)
                              ./Debug/taskAudioPlayerMsg.c.o (rand)
C:/MinGW-4.7.1/or1k-elf/lib/no-delay\libc.a(lib_a-strcasecmp.o)
                              ./Debug/resource_manager.c.o (strcasecmp)
C:/MinGW-4.7.1/or1k-elf/lib/no-delay\libc.a(lib_a-strcat.o)
                              ./Debug/resource_manager.c.o (strcat)
C:/MinGW-4.7.1/or1k-elf/lib/no-delay\libc.a(lib_a-strchr.o)
                              ../bwlib\libfs.a(ff.o) (strchr)
C:/MinGW-4.7.1/or1k-elf/lib/no-delay\libc.a(lib_a-strcmp.o)
                              ./Debug/resource_manager.c.o (strcmp)
C:/MinGW-4.7.1/or1k-elf/lib/no-delay\libc.a(lib_a-strcpy.o)
                              ./Debug/resource_manager.c.o (strcpy)
C:/MinGW-4.7.1/or1k-elf/lib/no-delay\libc.a(lib_a-strlen.o)
                              ./Debug/resource_manager.c.o (strlen)
C:/MinGW-4.7.1/or1k-elf/lib/no-delay\libc.a(lib_a-strncmp.o)
                              ./Debug/resource_manager.c.o (strncmp)
C:/MinGW-4.7.1/or1k-elf/lib/no-delay\libc.a(lib_a-strstr.o)
                              ../bwlib\liblimage.a(imageL_encode.o) (strstr)
C:/MinGW-4.7.1/or1k-elf/lib/no-delay\libc.a(lib_a-ctype_.o)
                              C:/MinGW-4.7.1/or1k-elf/lib/no-delay\libc.a(lib_a-strcasecmp.o) (__ctype_ptr__)
C:/MinGW-4.7.1/or1k-elf/lib/no-delay\libc.a(lib_a-getreent.o)
                              C:/MinGW-4.7.1/or1k-elf/lib/no-delay\libc.a(lib_a-rand.o) (__getreent)
C:/MinGW-4.7.1/or1k-elf/lib/no-delay\libc.a(lib_a-impure.o)
                              C:/MinGW-4.7.1/or1k-elf/lib/no-delay\libc.a(lib_a-getreent.o) (_impure_ptr)
C:/MinGW-4.7.1/or1k-elf/lib/no-delay\libc.a(lib_a-memchr.o)
                              C:/MinGW-4.7.1/or1k-elf/lib/no-delay\libc.a(lib_a-strstr.o) (memchr)
C:/MinGW-4.7.1/lib/gcc/or1k-elf/4.9.1/no-delay\libgcc.a(_muldi3.o)
                              ../bwlib\libmp3.a(mp3_decode_api.o) (__muldi3)
C:/MinGW-4.7.1/lib/gcc/or1k-elf/4.9.1/no-delay\libgcc.a(_udivdi3.o)
                              ../bwlib\libmp3.a(mp3_decode_api.o) (__udivdi3)
[...]
Memory Configuration

Name             Origin             Length             Attributes
boot             0x01fffc00         0x00000200
ram_boot         0x00000000         0x00005000
ram_user         0x00000000         0x00005000
usbfifo          0x00008000         0x00001000
sdram            0x02000000         0x00200000
exsdram          0x00000000         0x00800000
*default*        0x00000000         0xffffffff

Linker script and memory map

LOAD ./Debug/ax32xx_reset.S.o
LOAD ./Debug/ax32xx_spi_boot_cfg.S.o
LOAD ./Debug/ax32xx_BLDRX32.S.o
LOAD ./Debug/main.c.o
LOAD ./Debug/resource_manager.c.o
LOAD ./Debug/board.c.o
LOAD ./Debug/board_bwv1.c.o
LOAD ./Debug/config.c.o
LOAD ./Debug/display.c.o
LOAD ./Debug/explorer.c.o
LOAD ./Debug/filelist.c.o
LOAD ./Debug/font.c.o
LOAD ./Debug/icon.c.o
LOAD ./Debug/configGetValue.c.o
LOAD ./Debug/configSystem.c.o
LOAD ./Debug/logo.c.o
LOAD ./Debug/menuMovieRec.c.o
LOAD ./Debug/msgDeal.c.o
LOAD ./Debug/msgSysRecommend.c.o
LOAD ./Debug/msgSysUnshielded.c.o
LOAD ./Debug/taskManage.c.o
LOAD ./Debug/taskPhotoEncode.c.o
LOAD ./Debug/taskPhotoEncodeMsg.c.o
LOAD ./Debug/taskPlayBack.c.o
LOAD ./Debug/taskPlayBackMsg.c.o
LOAD ./Debug/taskPowerOff.c.o
LOAD ./Debug/taskSysScanDevice.c.o
LOAD ./Debug/taskUsbDevice.c.o
LOAD ./Debug/taskVideoRecord.c.o
LOAD ./Debug/taskVideoRecordMsg.c.o
LOAD ./Debug/toolFunc.c.o
LOAD ./Debug/uiMenuDateTimeMsg.c.o
LOAD ./Debug/uiMenuDefaultMsg.c.o
LOAD ./Debug/uiMenuDelAllMsg.c.o
LOAD ./Debug/uiMenuDelCurMsg.c.o
LOAD ./Debug/uiMenuFormatMsg.c.o
LOAD ./Debug/uiMenuItemMsg.c.o
LOAD ./Debug/uiMenuOptionMsg.c.o
LOAD ./Debug/uiMenuUsbMsg.c.o
LOAD ./Debug/uiNoFileMsg.c.o
LOAD ./Debug/uiTips1Msg.c.o
LOAD ./Debug/uiTipsMsg.c.o
LOAD ./Debug/uiWin.c.o
LOAD ./Debug/uiMenuVersionMsg.c.o
LOAD ./Debug/taskAudioPlayer.c.o
LOAD ./Debug/taskAudioPlayerMsg.c.o
LOAD ./Debug/taskAudioPlayerRes.c.o
LOAD ./Debug/taskPhotoEncodeRes.c.o
LOAD ./Debug/taskPlayBackRes.c.o
LOAD ./Debug/taskVideoRecordRes.c.o
LOAD ./Debug/uiMenuDateTimeRes.c.o
LOAD ./Debug/uiMenuDefaultRes.c.o
LOAD ./Debug/uiMenuDelAllRes.c.o
LOAD ./Debug/uiMenuDelCurRes.c.o
LOAD ./Debug/uiMenuFormatRes.c.o
LOAD ./Debug/uiMenuItemRes.c.o
LOAD ./Debug/uiMenuOptionRes.c.o
LOAD ./Debug/uiMenuUsbRes.c.o
LOAD ./Debug/uiMenuVersionRes.c.o
LOAD ./Debug/uiNoFileRes.c.o
LOAD ./Debug/uiTips1Res.c.o
LOAD ./Debug/uiTipsRes.c.o
LOAD ./Debug/taskMainMenu.c.o
LOAD ./Debug/taskMainMenuMsg.c.o
LOAD ./Debug/taskMainMenuRes.c.o
LOAD ./Debug/taskSettingMenu.c.o
LOAD ./Debug/userInterface.c.o
LOAD ./Debug/upgrade.c.o
LOAD ./Debug/game_block.c.o
LOAD ./Debug/game_snake.c.o
LOAD ./Debug/game_sokoban.c.o
LOAD ./Debug/game_tetris.c.o
LOAD ./Debug/taskGame.c.o
LOAD ./Debug/taskGameMenu.c.o
LOAD ./Debug/taskGameMenuMsg.c.o
LOAD ./Debug/taskGameMenuRes.c.o
LOAD ./Debug/game_plane.c.o
LOAD ./Debug/game_maze.c.o
LOAD ./Debug/xos_x_cpu.c.o
LOAD ./Debug/xos_xmbox.c.o
LOAD ./Debug/xos_xmsgq.c.o
LOAD ./Debug/xos_xos.c.o
LOAD ./Debug/xos_xwork.c.o
LOAD ./Debug/multimedia_user_media.c.o
LOAD ./Debug/sUI_button.c.o
LOAD ./Debug/sUI_dialog.c.o
LOAD ./Debug/sUI_frameWin.c.o
LOAD ./Debug/sUI_imageIcon.c.o
LOAD ./Debug/sUI_itemManage.c.o
LOAD ./Debug/sUI_menuItem.c.o
LOAD ./Debug/sUI_menuItemEx.c.o
LOAD ./Debug/sUI_menuOption.c.o
LOAD ./Debug/sUI_progressBar.c.o
LOAD ./Debug/sUI_rect.c.o
LOAD ./Debug/sUI_stringIcon.c.o
LOAD ./Debug/sUI_tips.c.o
LOAD ./Debug/sUI_uiAlloc.c.o
LOAD ./Debug/sUI_widget.c.o
LOAD ./Debug/sUI_winManage.c.o
LOAD ./Debug/sUI_memPool.c.o
LOAD ./Debug/sUI_widgetManage.c.o
LOAD ./Debug/src_ax32xx_int.c.o
LOAD ./Debug/src_ax32xx_sys.c.o
LOAD ./Debug/src_ax32xx_dma.c.o
LOAD ./Debug/src_ax32xx_wdt.c.o
LOAD ./Debug/src_ax32xx_gpio.c.o
LOAD ./Debug/src_ax32xx_uart.c.o
LOAD ./Debug/src_ax32xx_timer.c.o
LOAD ./Debug/src_ax32xx_tminf.c.o
LOAD ./Debug/src_ax32xx_spi.c.o
LOAD ./Debug/src_ax32xx_rtc.c.o
LOAD ./Debug/src_ax32xx_iic.c.o
LOAD ./Debug/src_ax32xx_dac.c.o
LOAD ./Debug/src_ax32xx_adc.c.o
LOAD ./Debug/src_ax32xx_auadc.c.o
LOAD ./Debug/src_jpeg_table.c.o
LOAD ./Debug/src_ax32xx_usb.c.o
LOAD ./Debug/src_ax32xx_misc.c.o
LOAD ./Debug/src_ax32xx_pip.c.o
LOAD ./Debug/src_ax32xx_btuart.c.o
LOAD ./Debug/src_ax32xx_crc.c.o
LOAD ./Debug/src_ax32xx_emi.c.o
LOAD ./Debug/src_ax32xx_rotate.c.o
LOAD ./Debug/src_ax32xx_osdcmp.c.o
LOAD ./Debug/src_ax32xx_isp.c.o
LOAD ./Debug/osd_ax32xx_osd.c.o
LOAD ./Debug/csi_ax32xx_csi.c.o
LOAD ./Debug/lcd_ax32xx_lcd.c.o
LOAD ./Debug/mjpeg_ax32xx_mjpeg.c.o
LOAD ./Debug/resource_user_icon.c.o
LOAD ./Debug/resource_user_str.c.o
LOAD ./Debug/src_hal_adc.c.o
LOAD ./Debug/src_hal_csi.c.o
LOAD ./Debug/src_hal_dac.c.o
LOAD ./Debug/src_hal_eeprom.c.o
LOAD ./Debug/src_hal_gpio.c.o
LOAD ./Debug/src_hal_iic.c.o
LOAD ./Debug/src_hal_lcd.c.o
LOAD ./Debug/src_hal_osd.c.o
LOAD ./Debug/src_hal_rtc.c.o
LOAD ./Debug/src_hal_sd.c.o
LOAD ./Debug/src_hal_spi.c.o
LOAD ./Debug/src_hal_timer.c.o
LOAD ./Debug/src_hal_uart.c.o
LOAD ./Debug/src_hal_watermark.c.o
LOAD ./Debug/src_hal_sys.c.o
LOAD ./Debug/src_hal_auadc.c.o
LOAD ./Debug/src_hal_mjpeg.c.o
LOAD ./Debug/src_hal_int.c.o
LOAD ./Debug/src_hal_wdt.c.o
LOAD ./Debug/src_hal_stream.c.o
LOAD ./Debug/src_hal_emi.c.o
LOAD ./Debug/src_hal_osdcmp.c.o
LOAD ./Debug/src_hal_rotate.c.o
LOAD ./Debug/src_hal_lcdframe.c.o
LOAD ./Debug/src_hal_custom_yuv.c.o
LOAD ./Debug/dusb_hal_usb_api.c.o
LOAD ./Debug/dusb_hal_usb_dev_enum.c.o
LOAD ./Debug/dusb_hal_usb_msc.c.o
LOAD ./Debug/dusb_hal_usb_uac.c.o
LOAD ./Debug/dusb_hal_usb_uvc.c.o
LOAD ./Debug/audio_audio_playback.c.o
LOAD ./Debug/audio_audio_record.c.o
LOAD ./Debug/audio_ring_buffer.c.o
LOAD ./Debug/video_video_playback.c.o
LOAD ./Debug/video_video_record.c.o
LOAD ./Debug/image_image_decode.c.o
LOAD ./Debug/image_image_encode.c.o
LOAD ./Debug/wav_alaw.c.o
LOAD ./Debug/wav_imaadpcm.c.o
LOAD ./Debug/wav_pcm.c.o
LOAD ./Debug/wav_ulaw.c.o
LOAD ./Debug/wav_wav.c.o
LOAD ./Debug/stream_stream.c.o
LOAD ./Debug/unifont_ebook_font.c.o
LOAD ./Debug/unifont_ebook_port.c.o
LOAD ./Debug/cmos_sensor_cmos_sensor.c.o
LOAD ./Debug/cmos_sensor_SENSOR_BF3a03.c.o
LOAD ./Debug/cmos_sensor_SENSOR_BF2013.c.o
LOAD ./Debug/cmos_sensor_SENSOR_BF3703.c.o
LOAD ./Debug/cmos_sensor_SENSOR_GC0307.c.o
LOAD ./Debug/cmos_sensor_SENSOR_GC0308.c.o
LOAD ./Debug/cmos_sensor_SENSOR_GC0309.c.o
LOAD ./Debug/cmos_sensor_SENSOR_GC0328.c.o
LOAD ./Debug/cmos_sensor_SENSOR_OV7670.c.o
LOAD ./Debug/cmos_sensor_SENSOR_SP0838.c.o
LOAD ./Debug/cmos_sensor_SENSOR_SP0A18.c.o
LOAD ./Debug/cmos_sensor_SENSOR_GC0329.c.o
LOAD ./Debug/cmos_sensor_SENSOR_SIV100B.c.o
LOAD ./Debug/tft_lcd_lcd_mcu_st7789P3.c.o
LOAD ./Debug/cmos_sensor_SENSOR_BF20A6.c.o
LOAD ./Debug/cmos_sensor_SENSOR_OV7725.c.o
LOAD ./Debug/cmos_sensor_SENSOR_SP0718.c.o
LOAD ./Debug/tft_lcd_lcd_mcu_st7789.c.o
LOAD ./Debug/tft_lcd_tft_lcd.c.o
LOAD ./Debug/tft_lcd_lcd_mcu_ili9328.c.o
LOAD ./Debug/tft_lcd_lcd_mcu_st7789v.c.o
LOAD ./Debug/tft_lcd_lcd_mcu_hx8352c.c.o
LOAD ./Debug/tft_lcd_lcd_mcu_9225G.c.o
LOAD ./Debug/tft_lcd_lcd_mcu_nv3030b.c.o
LOAD ./Debug/tft_lcd_lcd_mcu_5420.c.o
LOAD ./Debug/tft_lcd_lcd_mcu_gc9307.c.o
LOAD ./Debug/tft_lcd_lcd_mcu_hx8352b.c.o
LOAD ./Debug/tft_lcd_lcd_mcu_hx8357b.c.o
LOAD ./Debug/tft_lcd_lcd_mcu_lgdp4532.c.o
LOAD ./Debug/tft_lcd_lcd_mcu_r61509v.c.o
LOAD ./Debug/tft_lcd_lcd_mcu_st7789_666format.c.o
LOAD ./Debug/tft_lcd_lcd_mcu_st7789v2.c.o
LOAD ./Debug/tft_lcd_lcd_rgb_ili8961.c.o
LOAD ./Debug/tft_lcd_lcd_rgb_ili9342c.c.o
LOAD ./Debug/tft_lcd_lcd_rgb_ili9806e.c.o
LOAD ./Debug/tft_lcd_lcd_rgb_jl_lcd.c.o
LOAD ./Debug/tft_lcd_lcd_rgb_ota5182.c.o
LOAD ./Debug/tft_lcd_lcd_rgb_st7282.c.o
LOAD ./Debug/tft_lcd_lcd_rgb_st7701.c.o
LOAD ./Debug/nvfs_nvfs.c.o
LOAD ./Debug/Maxlib_max_user.c.o
LOAD ./Debug/Maxlib_uiDraw.c.o
LOAD ./Debug/std_misc.c.o
LOAD ./Debug/std_std_math.c.o
LOAD ./Debug/std_str.c.o
LOAD ./Debug/res_ascii.c.o
LOAD ./Debug/res_ascii_default.c.o
LOAD ./Debug/res_ascii_default_draw.c.o
LOAD ./Debug/res_R.c.o
LOAD ./Debug/res_R_icon.c.o
LOAD ./Debug/res_R_string.c.o
LOAD ./Debug/res_unicode_font.c.o
LOAD ./Debug/res_ascii_num3.c.o
LOAD ./Debug/res_ascii_num3_draw.c.o
LOAD ../bwlib\liblimage.a
LOAD ../bwlib\libwatermark.a
LOAD ../bwlib\libeffect.a
LOAD ../bwlib\libmp3.a
LOAD ../bwlib\libsd.a
LOAD ../bwlib\libavi.a
LOAD ../bwlib\libfs.a
LOAD C:/MinGW-4.7.1/or1k-elf/lib/no-delay\libc.a
LOAD C:/MinGW-4.7.1/lib/gcc/or1k-elf/4.9.1/no-delay\libgcc.a

.bootsec        0x01fffc00      0x200 load address 0x00000000
 *(.bootsec)
 .bootsec       0x01fffc00      0x200 ./Debug/ax32xx_BLDRX32.S.o
                0x01fffc10                hex
                0x01fffc10                .hex
                0x01fffdd8                .bootsect

.exception      0x00000000     0x1e3c load address 0x00000200
                0x00000000                _exception_vma = .
 *(.vector)
 .vector        0x00000000      0x3d0 ./Debug/ax32xx_reset.S.o
                0x00000304                _start
                0x00000340                _step_in
                0x00000384                _step_out
 *(.vector.text)
 .vector.text   0x000003d0     0x1668 ./Debug/src_ax32xx_int.c.o
                0x00000514                _rtcRamWrite
                0x000005bc                _rtcRamRead
                0x00000670                my_putchar
                0x00000684                exception_uart_puts
                0x00000698                my_memset
                0x000006c8                exception_init
                0x0000076c                ax32xx_vddrtcCalculate
                0x00000798                dllcon_init
                0x00000944                sdram_init
                0x00000a14                adcRead
                0x00000a6c                adcConverStart
                0x00000a90                adcSetBaudrate
                0x00000ac0                sysClkSet
                0x00000b1c                adcEnable
                0x00000b84                adcGetChannel
                0x00000bbc                sdram_tuning_check_2
                0x00000d3c                _sdr_tuning2_conifg_set
                0x00000d5c                crc_cal
                0x00000dd0                sdram_clock_tune
                0x000017b0                exception
                0x00001a1c                exception_trigger
 *(.vector.data)
 .vector.data   0x00001a38      0x100 ./Debug/ax32xx_reset.S.o
                0x00001a38                _step_data
 .vector.data   0x00001b38      0x304 ./Debug/src_ax32xx_int.c.o
                0x00001b38                tune_values
                0x00001cb8                tune_by
                0x00001cc4                tune_tab_2_dll
                0x00001cd4                tune_tab_1_dll
                0x00001ce4                tune_tab_2_clk
                0x00001d04                tune_tab_1_clk
                0x00001d24                tuning_test_addr
                0x00001da4                tuning_test_data
                0x00001e24                SDRTUN2_CON
                0x00001e2c                sdr_tune_source
                0x00001e30                chip_vision

.ram            0x00001e3c     0x2660 load address 0x0000203c
                0x00001e3c                __sram_start = .
 *(.msk_var_use)
 *(.sdc_buf)
 .sdc_buf       0x00001e3c       0x40 ../bwlib\libsd.a(ax32xx_sd.o)
 *(.sram_comm)
 .sram_comm     0x00001e7c       0x60 ./Debug/xos_xmsgq.c.o
 .sram_comm     0x00001edc     0x25c0 ./Debug/src_hal_sys.c.o
                0x00001edc                ramuse
                0x0000449c                __sram_end = .

.fifo           0x00008000      0xce0
                0x00008000                __ufifo_start = .
 *(.sram_Usbfifo)
 .sram_Usbfifo  0x00008000      0xce0 ./Debug/src_hal_sys.c.o
                0x00008000                usbfifo
                0x00008ce0                __ufifo_end = .

.text           0x02000000    0x7d738 load address 0x00002200
                0x02000000                _text_start = .
 *(.text*)
 .text          0x02000000        0x0 ./Debug/ax32xx_reset.S.o
 .text          0x02000000        0x0 ./Debug/ax32xx_spi_boot_cfg.S.o
 .text          0x02000000        0x0 ./Debug/ax32xx_BLDRX32.S.o
 .text          0x02000000      0x4a8 ./Debug/main.c.o
                0x02000000                registerTask
                0x020000bc                init
                0x02000440                systemService
                0x02000474                sendDrawUIMsg
 .text.startup  0x020004a8       0xb8 ./Debug/main.c.o
                0x020004a8                main
 .text          0x02000560     0x1e94 ./Debug/resource_manager.c.o
                0x0200069c                managerInit
                0x02000714                managerCreate
                0x020007ec                managerDestory
                0x02000864                managerFileCount
                0x020008fc                managerFileCountEx
                0x02000968                managerLockFile
                0x020009e0                managerLockFileExt
                0x02000a88                managerUnlockFileExt
                0x02000b34                managerCheckLock
                0x02000b70                managerCheckLockExt
                0x02000bf8                managerFlush
                0x02000c64                managerDelFileByIndex
                0x02000d74                managerDelFileAll
                0x02000e58                managerScanStart
                0x02000ec0                managerScanEnd
                0x02000f80                explorerListHook
                0x02000f98                managerNameChange
                0x02001198                managerSpaceCheck
                0x0200155c                manangerCheckFileType
                0x020017bc                managerAddFile
                0x02001860                managerAddFileEx
                0x020018c0                managerRenameExt
                0x02001960                managerRename
                0x02001a20                managerUnlockFile
                0x02001ae0                managerDelFileByName
                0x02001c3c                managerDelFileByFullName
                0x02001dbc                managerFileNameCreater
                0x02001fd0                managerFileScan
                0x02002174                manangerGetFileFullPathName
                0x02002228                manangerGetFileName
                0x020022c0                manangerFindFileAndDel
                0x0200239c                getExtName
 .text          0x020023f4      0x310 ./Debug/board.c.o
                0x020023f4                boardInit
                0x0200251c                boardOpen
                0x020025c0                boardIoctrl
                0x02002648                boardNameIoctrl
 .text          0x02002704      0xb50 ./Debug/board_bwv1.c.o
                0x02002cb8                board_lcd_reset
                0x02002d30                board_sensor_reset
                0x02002e6c                board_lcd_ioctrl_pwm
                0x02002eb0                getCurBatteryADC
                0x02002ed0                getKeyADCvalue
                0x02002ef0                getKeyVal
                0x02003014                getKey
                0x020030e4                keyScanKey
                0x02003218                board_powerCheck
 .text          0x02003254      0x2ec ./Debug/config.c.o
                0x02003254                configCheckSumCal
                0x020032a8                userConfigSave
                0x0200331c                userConfigReset
                0x02003414                userConfigInitial
                0x020034c4                configSet
                0x02003500                configGet
 .text          0x02003540      0xc64 ./Debug/display.c.o
                0x02003540                dispLayerPIPOnlyFront
                0x020035b0                dispLayerPIPOnlyBack
                0x0200362c                dispLayerPIPBakRightTop
                0x020036cc                dispLayerPIPFrtRightTop
                0x02003750                dispLayerPIPFBHalf
                0x020037d4                dispLayerPIPBFHalf
                0x02003858                dispLayerUninit
                0x020038b4                dispLayerGetResolution
                0x02003988                dispLayerSetResolution
                0x02003a74                dispLayerSetRotate
                0x02003aa8                dispRatioResolutionCalculate
                0x02003b80                dispLayerSetRatio
                0x02003c30                dispLayerInit
                0x02003e68                dispLayerShow
                0x02003eac                dispLayerGetFrame
                0x02003ef4                dispLayerGetFreeFrame
                0x02003f34                dispLayerFreeFrame
                0x02003fac                dispLayerSetFrame
                0x02003ff8                dispLayerSetPIPMode
                0x0200405c                dispLayer_ABwin
                0x0200408c                dispLayer_getABwin
                0x020040ac                dispLayerSetFrontCrop
 .text          0x020041a4        0x0 ./Debug/explorer.c.o
 .text          0x020041a4      0xc9c ./Debug/filelist.c.o
 .text          0x02004e40      0x8ec ./Debug/font.c.o
                0x02005050                fontInit
                0x02005118                fontSetLanguage
                0x020051c8                fontGetStringInfo
                0x02005278                fontDrawString
                0x02005468                resGetString
                0x02005580                resGetChar
 .text          0x0200572c      0x2e0 ./Debug/icon.c.o
                0x0200572c                iconInit
                0x02005778                iconGetSize
                0x0200581c                iconGetData
                0x020058b8                iconGetAddr
                0x0200592c                iconGetPalette
                0x0200599c                iconGetGamePalette
 .text          0x02005a0c      0x1ec ./Debug/configGetValue.c.o
                0x02005a0c                configValue2Int
 .text          0x02005bf8      0x19c ./Debug/configSystem.c.o
                0x02005bf8                configLanguage
                0x02005c70                configSys
                0x02005d58                configSystem
 .text          0x02005d94      0x794 ./Debug/logo.c.o
                0x02005d94                logo_image_show
                0x02005e8c                jpg_decode_show
                0x02005f74                logo_music_show
                0x02006110                layout_logo_show
                0x020061fc                background_logo_image_show
                0x020062c4                layout_version_get
                0x020063b0                layout_keysound_load
                0x02006494                layout_sound_load
 .text          0x02006528       0xb0 ./Debug/menuMovieRec.c.o
                0x02006528                menuProcDateTime
                0x02006554                menuProcVersion
                0x02006580                menuProcFormat
                0x020065ac                menuProcDefault
 .text          0x020065d8      0x384 ./Debug/msgDeal.c.o
                0x020065d8                msgFuncRegister
                0x02006690                unshieldedMsgFuncRegister
                0x0200670c                msgDeal
                0x02006868                msgDealByType
                0x02006900                msgDealByMsgInfor
 .text          0x0200695c       0x98 ./Debug/msgSysRecommend.c.o
 .text          0x020069f4      0x5a4 ./Debug/msgSysUnshielded.c.o
 .text          0x02006f98      0x320 ./Debug/taskManage.c.o
                0x02006f98                taskInit
                0x0200700c                taskInfor
                0x02007020                taskRegister
                0x02007058                taskPrevious
                0x02007078                taskCurrent
                0x02007098                taskNext
                0x020070b8                taskStart
                0x02007138                taskChange
                0x0200714c                taskService
 .text          0x020072b8      0xd34 ./Debug/taskPhotoEncode.c.o
                0x020072b8                taskPhotoEncodeClose
                0x02007384                taskPhotoEncodeService
                0x02007434                photoImagePreSizeGet
                0x020076d0                task_image_createfile
                0x020077c0                image_take_photo
                0x02007a70                image_take_photo_to_sdram
                0x02007de0                photo_animation_effect
                0x02007efc                taskPhotoEncodeOpen
 .text          0x02007fec     0x1888 ./Debug/taskPhotoEncodeMsg.c.o
                0x020097fc                photoFocusIconCancel
 .text          0x02009874      0x8cc ./Debug/taskPlayBack.c.o
                0x02009874                taskPlayBackClose
                0x020098b0                video_playback_jpg_scale
                0x02009a28                video_playback_start
                0x02009e5c                taskPlayBackOpen
                0x0200a084                taskPlayBackService
 .text          0x0200a140     0x18d0 ./Debug/taskPlayBackMsg.c.o
                0x0200b928                backBrushBlack
 .text          0x0200ba10      0x260 ./Debug/taskPowerOff.c.o
                0x0200ba10                uninit
                0x0200bab8                taskPowerOffOpen
 .text          0x0200bc70      0xe08 ./Debug/taskSysScanDevice.c.o
                0x0200bc70                timerMsgSend
                0x0200bd14                setKeyEn
                0x0200bd34                deamon_astern_check
                0x0200bd48                reflush_usensor_check
                0x0200bd5c                setSoftwareDetachUsensor
                0x0200bd7c                deamon_usb_check
                0x0200c00c                deamon_gsensor_check
                0x0200c020                deamon_screen_save
                0x0200c170                deamon_key_check
                0x0200c2a0                deamon_auto_poweroff
                0x0200c3a4                deamon_keysound_play
                0x0200c474                deamon_sound_play
                0x0200c538                deamon_fsFreeSize
                0x0200c5a8                deamon_fs_scan
                0x0200c760                deamon_sdc_check
                0x0200c964                taskSysScanDev
                0x0200c9e4                deamon_fsSizeModify
 .text          0x0200ca78      0x3c0 ./Debug/taskUsbDevice.c.o
 .text          0x0200ce38      0xbc8 ./Debug/taskVideoRecord.c.o
                0x0200ce38                taskVideoRecordeService
                0x0200cf14                task_video_Get_Status
                0x0200cf34                video_record_start
                0x0200cfc4                task_record_stop
                0x0200d048                taskVideoRecordeClose
                0x0200d15c                task_video_record_caltime
                0x0200d1b0                video_record_callback
                0x0200d81c                taskVideoRecordeOpen
                0x0200d9d8                taskVideoRecTimeIncreace
                0x0200d9ec                videoCapturePhoto
 .text          0x0200da00     0x17f8 ./Debug/taskVideoRecordMsg.c.o
                0x0200efc4                videoFocusIconCancel
                0x0200f03c                recordTimeCount1S
 .text          0x0200f1f8      0x158 ./Debug/toolFunc.c.o
                0x0200f1f8                intToString
                0x0200f2c4                calWeek
 .text          0x0200f350      0x7d8 ./Debug/uiMenuDateTimeMsg.c.o
                0x0200f7c0                dateTimeStrUpdate
                0x0200f7e8                dateTimeIncreace
                0x0200f988                dateTimeDecreace
 .text          0x0200fb28      0x2f4 ./Debug/uiMenuDefaultMsg.c.o
 .text          0x0200fe1c      0x3bc ./Debug/uiMenuDelAllMsg.c.o
 .text          0x020101d8      0x410 ./Debug/uiMenuDelCurMsg.c.o
 .text          0x020105e8      0x420 ./Debug/uiMenuFormatMsg.c.o
 .text          0x02010a08      0x8b4 ./Debug/uiMenuItemMsg.c.o
                0x0201129c                menuIsOpen
 .text          0x020112bc      0x6e4 ./Debug/uiMenuOptionMsg.c.o
 .text          0x020119a0      0x2f8 ./Debug/uiMenuUsbMsg.c.o
 .text          0x02011c98      0x14c ./Debug/uiNoFileMsg.c.o
 .text          0x02011de4      0x358 ./Debug/uiTips1Msg.c.o
 .text          0x0201213c      0x33c ./Debug/uiTipsMsg.c.o
 .text          0x02012478      0x3bc ./Debug/uiWin.c.o
                0x02012478                dialogCB
                0x020125fc                uiParentDealMsg
                0x0201262c                uiOpenWindow
                0x02012714                uiOpenWinAndShow
                0x02012804                windowIsOpen
 .text          0x02012834      0x138 ./Debug/uiMenuVersionMsg.c.o
 .text          0x0201296c      0x274 ./Debug/taskAudioPlayer.c.o
                0x0201296c                taskAudioPlayerService
                0x020129b8                uni2oem936_init
                0x02012a44                uni2oem936_uninit
                0x02012a88                oem2uni936_init
                0x02012b14                taskAudioPlayerOpen
                0x02012b70                oem2uni936_uninit
                0x02012bb4                taskAudioPlayerClose
 .text          0x02012be0     0x1c6c ./Debug/taskAudioPlayerMsg.c.o
                0x02013f90                AudioPlayer_MusicList_Refresh
                0x02014218                remove_file_extension
 .text          0x0201484c        0x0 ./Debug/taskAudioPlayerRes.c.o
 .text          0x0201484c        0x0 ./Debug/taskPhotoEncodeRes.c.o
 .text          0x0201484c        0x0 ./Debug/taskPlayBackRes.c.o
 .text          0x0201484c        0x0 ./Debug/taskVideoRecordRes.c.o
 .text          0x0201484c        0x0 ./Debug/uiMenuDateTimeRes.c.o
 .text          0x0201484c        0x0 ./Debug/uiMenuDefaultRes.c.o
 .text          0x0201484c        0x0 ./Debug/uiMenuDelAllRes.c.o
 .text          0x0201484c        0x0 ./Debug/uiMenuDelCurRes.c.o
 .text          0x0201484c        0x0 ./Debug/uiMenuFormatRes.c.o
 .text          0x0201484c        0x0 ./Debug/uiMenuItemRes.c.o
 .text          0x0201484c        0x0 ./Debug/uiMenuOptionRes.c.o
 .text          0x0201484c        0x0 ./Debug/uiMenuUsbRes.c.o
 .text          0x0201484c        0x0 ./Debug/uiMenuVersionRes.c.o
 .text          0x0201484c        0x0 ./Debug/uiNoFileRes.c.o
 .text          0x0201484c        0x0 ./Debug/uiTips1Res.c.o
 .text          0x0201484c        0x0 ./Debug/uiTipsRes.c.o
 .text          0x0201484c       0xf0 ./Debug/taskMainMenu.c.o
                0x0201484c                taskMainMenuService
                0x02014860                taskMainMenuOpen
                0x0201491c                taskMainMenuClose
 .text          0x0201493c      0x9a4 ./Debug/taskMainMenuMsg.c.o
 .text          0x020152e0        0x0 ./Debug/taskMainMenuRes.c.o
 .text          0x020152e0       0xb8 ./Debug/taskSettingMenu.c.o
                0x020152e0                taskSettingMenuService
                0x020152f4                taskSettingMenuClose
                0x02015330                taskSettingMenuOpen
 .text          0x02015398     0x1894 ./Debug/userInterface.c.o
                0x02015398                actionUpperToBottom
                0x02015550                actionBottomToUpper
                0x02015728                actionSquareInsideToOutside
                0x020158d8                actionSquareOutsideToInside
                0x02015a90                actionLeftBottomToRightUpper
                0x02015c1c                actionLeftToRight
                0x02015de8                actionLeftUpperToRightBottom
                0x02015f9c                actionCircleInside2OutSide
                0x020163b0                getActionFunc
                0x02016458                animationInit
                0x02016550                animationRun
                0x020165f8                animationUnInit
                0x0201663c                circle_fill
                0x02016b98                type_function_circle
 .text          0x02016c2c      0x514 ./Debug/upgrade.c.o
                0x02016c2c                upgrade_led_control
                0x02016ca4                upgrade_uiProgress
                0x02016ce4                upgrade
 .text          0x02017140     0x24b0 ./Debug/game_block.c.o
                0x02017140                game_cnt_down
                0x02017170                game_cnt_reinit
                0x02017190                game_cnt_over
                0x020171c0                game_cnt_clear
                0x020171ec                effect_rand_get
                0x02017274                power_up_rand_list_init
                0x02017314                block_cnt_init
                0x02017378                rand_get
                0x02017408                level_back_index_get
                0x0201742c                block_map_init
                0x0201748c                move_icon_universal_draw
                0x020174fc                game_frame_buff_show_get
                0x0201751c                block_icon_draw
                0x020175b0                block_src_init_and_draw
                0x02017670                block_map_draw
                0x02017718                game_boundary_init
                0x0201775c                game_block_level_init
                0x02017798                life_icon_draw
                0x020178a4                right_score_draw
                0x020179d8                ball_icon_draw
                0x02017a70                board_icon_draw
                0x02017ab8                power_up_item_icon_draw
                0x02017b78                DrawMap_block
                0x02017bc0                power_up_item_init
                0x02017cb8                power_up_item_destroy
                0x02017d24                ball_init
                0x02017e08                ball_item_destroy
                0x02017e74                copy_ball_action
                0x02017ef0                ball_and_board_init
                0x02017f90                board_and_ball_flash_init
                0x02017fc8                move_rule
                0x020180bc                game_boundary_hit_check
                0x02018164                universal_hit_action
                0x02018198                universal_hit_check
                0x02018480                board_hit_check
                0x02018564                block_hit_check
                0x020186e4                clear_block_effect
                0x02018890                board_move
                0x02018948                ball_move
                0x02018a0c                ball_fire_power_up
                0x02018a74                ball_multi_power_up
                0x02018b00                power_up_item_move
                0x02018bf8                power_up_move
                0x02018c78                move
                0x02018d34                pass_check
                0x02018d90                game_block_init
                0x02018de4                block_free_buf
                0x02018e40                game_block_exit
                0x02018e94                flash_reinit
                0x02018f78                flash_init
                0x02018fc0                block_breaker_going_key_response
                0x02019078                game_block_start
                0x0201913c                block_breaker_going
                0x02019278                block_breaker_level_pass
                0x020192dc                block_breaker_game_over_show
                0x02019350                block_breaker_game_pause
                0x02019488                game_block_key_active
                0x020194fc                game_block_entry
 .text          0x020195f0      0xe2c ./Debug/game_snake.c.o
                0x020195f0                snake_get_buf
                0x02019660                snake_put_buf
                0x020196b8                snake_init
                0x02019764                rand_next
                0x02019818                createFood
                0x020198fc                creatMap
                0x02019950                biteSelf
                0x020199a8                chet_endGamestatus
                0x02019a38                detore_snake
                0x02019a8c                snakeOSDDisplayBufGet
                0x02019ad8                snake_I80
                0x02019bd0                snakeOSDDisplay
                0x02019c30                snake_frame_icon_draw
                0x02019d3c                get_malloc
                0x02019d70                show_icon_rect
                0x02019e78                show_all
                0x02019fb0                snakeMove
                0x0201a1c4                key_read
                0x0201a264                snake_main_init
                0x0201a318                game_snake_entry
 .text          0x0201a41c      0x738 ./Debug/game_sokoban.c.o
                0x0201a41c                Move
                0x0201a578                resultCheck
                0x0201a610                map_init
                0x0201a654                get_map_size
                0x0201a66c                man_init
                0x0201a6dc                DataRead_CMode
                0x0201a760                TXZ_show_icon_rect
                0x0201a874                TXZ_show_one_rect
                0x0201a8a0                DrawMap
                0x0201a918                TXZ_show_all
                0x0201a950                get_game_map
                0x0201aa18                sokoban_init
                0x0201aa74                game_sokoban_entry
 .text          0x0201ab54      0xfe4 ./Debug/game_tetris.c.o
                0x0201ab54                insertTetris
                0x0201abfc                checkCollision_L
                0x0201ac34                checkCollision_R
                0x0201ac68                checkCollision
                0x0201ad08                show_one_diamonds
                0x0201ad90                printScore
                0x0201af60                printNextTetris
                0x0201aff4                giveTetris
                0x0201b0d4                removeTetris
                0x0201b18c                printCurrentTetris
                0x0201b2ac                setPoolColor
                0x0201b360                rotateTetris
                0x0201b404                checkErasing
                0x0201b594                printTetrisPool
                0x0201b664                moveDownTetris
                0x0201b714                horzMoveTetris
                0x0201b7b8                keydownControl
                0x0201b880                endgame
                0x0201b89c                restartGame
                0x0201b93c                game_tetris_init
                0x0201b9d0                game_tetris_exit
                0x0201ba14                game_tetris_entry
 .text          0x0201bb38     0x1b24 ./Debug/taskGame.c.o
                0x0201bb38                taskGameClose
                0x0201bc8c                gameInit
                0x0201bd28                gameGetKeyADCValue
                0x0201bdd4                game_key_judge
                0x0201be60                fps_count_reset
                0x0201be8c                rand_int
                0x0201bef8                get_game_base_buf
                0x0201bf20                get_game_show_buf
                0x0201bffc                get_bin_data
                0x0201c08c                frame_icon_draw
                0x0201c220                game_OSD_str_draw
                0x0201c884                game_tips
                0x0201cbc0                game_over
                0x0201ccbc                gameExit
                0x0201cd30                taskGameService
                0x0201cd98                game_bk_draw
                0x0201ce44                frame_buff_display
                0x0201cebc                free_buf
                0x0201cee4                game_audio_init
                0x0201d074                taskGameOpen
                0x0201d0b0                game_audio_play
                0x0201d258                game_key_event
                0x0201d46c                gameTickGenerator
                0x0201d534                game_result_tips
 .text          0x0201d65c       0xb0 ./Debug/taskGameMenu.c.o
                0x0201d65c                taskGameMenuService
                0x0201d670                taskGameMenuOpen
                0x0201d6ec                taskGameMenuClose
 .text          0x0201d70c      0xd34 ./Debug/taskGameMenuMsg.c.o
 .text          0x0201e440        0x0 ./Debug/taskGameMenuRes.c.o
 .text          0x0201e440     0x11f4 ./Debug/game_plane.c.o
                0x0201e440                is_in_range
                0x0201e490                collision_chect
                0x0201e6ec                move_enemy_bullet_c
                0x0201e78c                AI_mage
                0x0201e7e0                move_my_planle
                0x0201e934                new_my_bullet
                0x0201e9e4                new_p_boom
                0x0201eaa8                move_my_bullet_c
                0x0201eb98                move_bullet
                0x0201ebbc                move_one_enemy_planle
                0x0201ed84                move_enemy_planle
                0x0201edcc                new_enemy_Plane
                0x0201eea8                pGame_show_icon_rect
                0x0201f05c                show_plane_boom
                0x0201f0c0                show_enemy_Plane
                0x0201f118                show_my_bullet
                0x0201f170                show_score
                0x0201f404                game_plane_entry
 .text          0x0201f634      0x5a8 ./Debug/game_maze.c.o
                0x0201f634                Move_maze
                0x0201f7f4                resultCheck_maze
                0x0201f84c                maze_map_set
                0x0201f88c                get_map_maze_size
                0x0201f8a4                man_maze_init
                0x0201f8d4                maze_show_one_rect
                0x0201f998                maze_DrawMap
                0x0201fa10                maze_show_all
                0x0201fa48                maze_map_init
                0x0201fa90                maze_keypress
                0x0201fae4                maze_init
                0x0201fb2c                game_maze_entry
 .text          0x0201fbdc        0x0 ./Debug/xos_x_cpu.c.o
 .text          0x0201fbdc      0x1b0 ./Debug/xos_xmbox.c.o
                0x0201fbdc                XMboxInit
                0x0201fc1c                XMboxCreate
                0x0201fca4                XMboxDestory
                0x0201fcdc                XMboxPost
                0x0201fd30                XMboxPend
 .text          0x0201fd8c      0x2e4 ./Debug/xos_xmsgq.c.o
                0x0201fd8c                XMsgQInit
                0x0201fdcc                XMsgQCreate
                0x0201fe5c                XMsgQDestory
                0x0201fe94                XMsgQFlush
                0x0201fed4                XMsgQPost
                0x0201ff4c                XMsgQPostFront
                0x0201ffc8                XMsgQPend
                0x02020058                XMsgQCheck
 .text          0x02020070      0x12c ./Debug/xos_xos.c.o
                0x02020070                XOSInit
                0x020200b0                XOSTickService
                0x02020120                XOSTimeGet
                0x02020140                XOSTimeDly
                0x0202017c                XOSRandom
 .text          0x0202019c      0x168 ./Debug/xos_xwork.c.o
                0x0202019c                XWorkInit
                0x020201dc                XWorkCreate
                0x02020268                XWorkDestory
                0x02020298                XWorkService
 .text          0x02020304      0xb10 ./Debug/multimedia_user_media.c.o
                0x02020304                jpg_decode_buf
                0x020203a8                jpg_buf_decode_buf
                0x0202044c                yuv_rgb_table_init
                0x02020674                yuv_rgb_table_uninit
                0x020206b8                bmp24_to_yuv420_buf
                0x02020a3c                yuv420_draw_buf
                0x02020c2c                yuv420_software_set_handle_frame
                0x02020c4c                yuv420_software_get_handle_frame
                0x02020c6c                yuv420_effect_handle
 .text          0x02020e14      0x1ec ./Debug/sUI_button.c.o
                0x02020ee8                buttonCreate
                0x02020f5c                buttonCreateIndirect
 .text          0x02021000      0x168 ./Debug/sUI_dialog.c.o
                0x02021000                dialogCreate
                0x020210b0                dialogItem
 .text          0x02021168      0x22c ./Debug/sUI_frameWin.c.o
                0x020212c0                frameWinCreate
                0x02021324                frameWinCreateIndirect
 .text          0x02021394      0x2b0 ./Debug/sUI_imageIcon.c.o
                0x0202151c                imageIconCreate
                0x020215c8                imageIconCreateIndirect
 .text          0x02021644     0x191c ./Debug/sUI_itemManage.c.o
                0x02021644                itemManageCreate
                0x020216c8                itemManageCreateIndirect
                0x0202173c                itemManageSetItemHeight
                0x020218c0                itemManageSetItemRowSumGap
                0x020219c8                itemManageSetHeightAvgGap
                0x02021b3c                itemManageSetRowSum
                0x02021c70                itemManageSetColumnSum
                0x02021dc0                itemManageSetColumnSumWithGap
                0x02021f3c                itemManageSetColumnMargin
                0x0202206c                itemManageCreateItem
                0x02022208                itemManageSetResInforFuncEx
                0x02022260                itemManageSetCurItem
                0x0202255c                itemManageUpdateRes
                0x02022614                itemManageUpdateAllitem
                0x02022678                itemManageUpdateCurItem
                0x0202281c                itemManageNextItem
                0x0202288c                itemManagePreItem
                0x020228fc                itemManageNextPage
                0x02022980                itemManagePrePage
                0x02022a08                itemManageGetCurrentItem
                0x02022a6c                itemManageSetCharInfor
                0x02022b24                itemManageSetSelectColor
                0x02022bc0                itemManageSetSelectImage
                0x02022c60                itemManageSetUnselectColor
                0x02022cfc                itemManageSetUnselectImage
                0x02022d9c                itemManageGetTouchInfor
 .text          0x02022f60      0x3c4 ./Debug/sUI_menuItem.c.o
                0x02023190                menuItemCreate
                0x02023238                itemCreateMenuItem
 .text          0x02023324      0x504 ./Debug/sUI_menuItemEx.c.o
                0x0202364c                menuItemExCreate
                0x020236fc                itemCreateMenuItemEx
 .text          0x02023828      0x360 ./Debug/sUI_menuOption.c.o
                0x02023a1c                menuOptionCreate
                0x02023ac0                itemCreatemenuOption
 .text          0x02023b88      0x344 ./Debug/sUI_progressBar.c.o
                0x02023db0                progressBarCreate
                0x02023e34                progressBarCreateIndirect
                0x02023eac                progressBarSetDirction
 .text          0x02023ecc      0x264 ./Debug/sUI_rect.c.o
                0x02024038                rectCreate
                0x020240bc                rectCreateIndirect
 .text          0x02024130      0x3b4 ./Debug/sUI_stringIcon.c.o
                0x02024374                stringIconCreate
                0x02024430                stringIconCreateIndirect
 .text          0x020244e4      0x2b0 ./Debug/sUI_tips.c.o
                0x02024680                tipsCreate
                0x0202470c                tipsCreateIndirect
 .text          0x02024794      0x26c ./Debug/sUI_uiAlloc.c.o
                0x02024794                uiHeapInit
                0x020247cc                uiAlloc
                0x020248c4                uiFree
                0x020249c4                uiHeapInfor
                0x020249ec                heapAllocTest
 .text          0x02024a00      0x11c ./Debug/sUI_widget.c.o
                0x02024a00                widgetProc
                0x02024a4c                widgetSetType
                0x02024a7c                widgetGetType
                0x02024ab0                widgetGetId
                0x02024ae8                widgetSetId
 .text          0x02024b1c     0x1b78 ./Debug/sUI_winManage.c.o
                0x02024b1c                winErrShow
                0x02024b68                winSendMsg
                0x02024ba8                winSendMsgNoData
                0x02024bd0                winSendMsgToParent
                0x02024c00                winSendMsgToParentNoData
                0x02024c28                winOverlapping
                0x02024c8c                winContain
                0x02024cf0                winHasInvalidRect
                0x02024d84                winFreeInvalidRect
                0x02025080                winCreate
                0x0202548c                winDestroy
                0x020255f8                winGetTouchInfor
                0x02025628                winTouch
                0x02025848                winSetbgColor
                0x0202587c                winSetfgColor
                0x020258b0                winSetVisible
                0x02025934                winIsVisible
                0x02025970                winSetResid
                0x020259a0                winSetItemSelResid
                0x020259d0                winSetStrInfor
                0x02025a20                resInforInit
                0x02025a6c                winSetSelectInfor
                0x02025a9c                winSetUnselectInfor
                0x02025acc                winChangeNotify
                0x02025b34                winDefaultProc
                0x02025f10                winResize
                0x020260a0                winGetRelativePos
                0x02026130                winGetPos
                0x02026174                winUpdate
                0x020261e4                winSetPorgressRate
                0x02026214                winSetPorgressDirction
                0x02026244                winGetCurrent
                0x02026264                winPaint
                0x02026370                winSetName
                0x02026390                winIntersection
                0x02026444                winUpdateAllResId
                0x020264a8                winDestroyDeskTopChildWin
                0x0202651c                winInit
                0x02026608                winUninit
 .text          0x02026694      0x110 ./Debug/sUI_memPool.c.o
                0x02026694                mempCreate
                0x020266fc                mempGet
                0x02026754                mempPut
                0x02026790                mempInfor
 .text          0x020267a4      0x43c ./Debug/sUI_widgetManage.c.o
                0x020269f8                widgetManageCreate
                0x02026a7c                widgetManageCreateIndirect
                0x02026aec                widgetManageUpdateAll
                0x02026b10                widgetManageUpdateCur
                0x02026b34                widgetManageNext
                0x02026b58                widgetManagePre
                0x02026b7c                widgetManageSelect
                0x02026bb0                widgetManageCurId
 .text          0x02026be0      0x3bc ./Debug/src_ax32xx_int.c.o
                0x02026be0                ax32xx_intHandler
                0x02026bf4                fast_isr
                0x02026cd4                slow_isr
                0x02026dc8                ax32xx_intEnable
                0x02026e10                ax32xx_int_priority
                0x02026e58                ax32xx_intInit
 .text          0x02026f9c      0xa44 ./Debug/src_ax32xx_sys.c.o
                0x02026f9c                ax32xx_sysCpuMsDelay
                0x02026fd8                ax32xx_sysCpuNopDelay
                0x02027000                ax32xx_sysDcacheInit
                0x02027044                ax32xx_sysIcacheInit
                0x02027088                ax32xx_sysDcacheWback
                0x02027104                ax32xx_sysDcacheFlush
                0x02027180                ax32xx_sysDcacheInvalid
                0x020271fc                ax32xx_sysSRAMClear
                0x02027250                ax32xx_sysBSSClear
                0x020272b4                ax32xx_sysLDOSet
                0x02027498                ax32xx_sysClkSet
                0x020274f4                ax32xx_sysReset
                0x02027534                ax32xx_sys_dma_memdown
                0x02027598                ax32xx_sys_dma_memkick
                0x0202765c                ax32xx_mcpy_gram2ufifo
                0x020276bc                ax32xx_mcpy1_sdram2gram
                0x02027760                ax32xx_mcpy1_sdram2gram_2
                0x020277c0                ax32xx_sysInit
                0x02027920                ax32xx_sysUninit
 .text          0x020279e0      0x298 ./Debug/src_ax32xx_dma.c.o
                0x020279e0                ax32xx_dmaNocCfg
                0x02027c08                ax32xx_dmaNocDefault
                0x02027c30                ax32xx_dmaChannelEnable
 .text          0x02027c78       0x98 ./Debug/src_ax32xx_wdt.c.o
                0x02027c78                ax32xx_wdtEnable
                0x02027cac                ax32xx_wdtTimeSet
                0x02027cc0                ax32xx_wdtClear
                0x02027cf4                ax32xx_wdtReset
 .text          0x02027d10      0xe08 ./Debug/src_ax32xx_gpio.c.o
                0x02027d10                ax32xx_gpioSFRSet
                0x02027f54                ax32xx_gpioDirSet
                0x02027ff8                ax32xx_gpioPullSet
                0x020280c4                ax32xx_gpioDrvSet
                0x02028154                ax32xx_gpioDataSet
                0x020281e0                ax32xx_gpioDataGrounpSet
                0x0202825c                ax32xx_gpioDataGet
                0x020282e0                ax32xx_gpioMapSet
                0x02028370                ax32xx_gpioDigitalSet
                0x02028400                ax32xx_gpioHystersisSet
                0x02028490                ax32xx_gpioLedPull
                0x0202855c                ax32xx_gpioLedInit
                0x020285ec                ax32xx_gpioINTCheck
                0x02028624                ax32xx_gpioINTClear
                0x0202864c                ax32xx_gpioINTInit
                0x0202877c                ax32xx_gpioIRQHandler
                0x02028818                ax32xx_io1d1_softstart
                0x020289d8                ax32xx_io1d1_softstart_clr
                0x02028a88                ax32xx_io1d1_pd_enable
 .text          0x02028b18      0x1a4 ./Debug/src_ax32xx_uart.c.o
                0x02028b18                ax32xx_uart0IRQHandler
                0x02028b68                ax32xx_uart0IOCfg
                0x02028c08                ax32xx_uart0Init
                0x02028c7c                ax32xx_uart0SendByte
 .text          0x02028cbc      0x9ec ./Debug/src_ax32xx_timer.c.o
                0x02028cbc                ax32xx_timer0IRQHandler
                0x02028d00                ax32xx_timer1IRQHandler
                0x02028d44                ax32xx_timer2IRQHandler
                0x02028d88                ax32xx_timer3IRQHandler
                0x02028dcc                ax32xx_timerISRRegister
                0x02028e10                ax32xx_timerStart
                0x02028f0c                ax32xx_timerStop
                0x02028fdc                ax32xx_timerEnable
                0x02029068                ax32xx_timerDisable
                0x0202910c                ax32xx_timerTickStart
                0x02029140                ax32xx_timerTickStop
                0x02029160                ax32xx_timerTickCount
                0x0202917c                ax32xx_timerPWMStart
                0x020295f4                ax32xx_timerPWMStop
 .text          0x020296a8      0x468 ./Debug/src_ax32xx_tminf.c.o
                0x020296a8                ax32xx_mjpegATimeinfoEnable
                0x02029714                ax32xx_mjpegBTimeinfoEnable
                0x02029780                ax32xx_mjpegATimeinfoColor
                0x020297cc                ax32xx_mjpegBTimeinfoColor
                0x02029828                ax32xx_mjpegATimeinfoSize
                0x02029884                ax32xx_mjpegBTimeinfoSize
                0x0202990c                ax32xx_mjpegATimeinfoPos
                0x02029968                ax32xx_mjpegBTimeinfoPos
                0x020299f0                ax32xx_mjpegATimeinfoAddr
                0x02029a34                ax32xx_mjpegBTimeinfoAddr
                0x02029aa4                ax32xx_recfg_mjpb_tminf
 .text          0x02029b10      0x7f4 ./Debug/src_ax32xx_spi.c.o
                0x02029b10                ax32xx_spi0Init
                0x02029d30                ax32xx_spi0SendByte
                0x02029d84                ax32xx_spi0RecvByte
                0x02029dd8                ax32xx_spi0Send0
                0x02029e90                ax32xx_spi0Recv0
                0x02029f48                ax32xx_spi0CS0Config
                0x02029f8c                spi1_pin_config
                0x0202a05c                hal_spi1Init
                0x0202a0d4                spi1_send_byte
                0x0202a144                spi1_receive_byte
                0x0202a18c                spi1_recevie_dma
                0x0202a224                spi1_send_dma
                0x0202a2c0                spi1_enable
 .text          0x0202a304      0xb74 ./Debug/src_ax32xx_rtc.c.o
                0x0202a304                ax32xx_rtcWriteByte
                0x0202a354                ax32xx_rtcReadByte
                0x0202a3b8                ax32xx_rtcRamRead
                0x0202a454                ax32xx_rtcRamWrite
                0x0202a4f0                ax32xx_rtcDataRead
                0x0202a578                ax32xx_rtcDataWrite
                0x0202a600                ax32xx_rtcInit
                0x0202a6b0                ax32xx_rtcIRQHandler
                0x0202a768                ax32xx_rtcSencodEnable
                0x0202a7e4                ax32xx_rtcAlamEnable
                0x0202a8cc                ax32xx_rtcAlamSet
                0x0202a914                ax32xx_rtcGet
                0x0202a968                ax32xx_rtcSet
                0x0202a9b0                ax32xx_WKOEnable
                0x0202aa0c                ax32xx_VDDGSENEnable
                0x0202aa7c                ax32xx_WKI0InputEnable
                0x0202aaec                ax32xx_WKI1InputEnable
                0x0202ab5c                ax32xx_WKI1Read
                0x0202ab80                ax32xx_WKI0Read
                0x0202aba4                ax32xx_WKI1WakeupEnable
                0x0202ad0c                ax32xx_WKI1WakeupTriger
                0x0202ad5c                ax32xx_WKI1CleanPending
                0x0202ad98                ax32xx_rtcBatDecEnable
                0x0202ae08                ax32xx_rtcSenHVEnable
 .text          0x0202ae78      0x7e8 ./Debug/src_ax32xx_iic.c.o
                0x0202af30                software_iic_sdaout
                0x0202af64                software_iic_sdain
                0x0202af98                software_iic_sda_set
                0x0202afc4                software_iic_scl_set
                0x0202aff0                software_iic_sda_get
                0x0202b018                software_iic_init
                0x0202b048                software_iic_start
                0x0202b0c0                software_iic_stop
                0x0202b138                software_iic_wait_ack
                0x0202b1f0                ax32xx_iic0Init
                0x0202b2b0                ax32xx_iic0Uninit
                0x0202b2f4                ax32xx_iic0Start
                0x0202b310                ax32xx_iic0Stop
                0x0202b350                ax32xx_iic0RecvACK
                0x0202b378                ax32xx_iic0SendACK
                0x0202b39c                ax32xx_iic0SendByte
                0x0202b3ec                ax32xx_iic0RecvByte
                0x0202b440                ax32xx_iic1Init
                0x0202b468                ax32xx_iic1Uninit
                0x0202b4ac                ax32xx_iic1Start
                0x0202b4c8                ax32xx_iic1Stop
                0x0202b528                ax32xx_iic1RecvACK
                0x0202b550                ax32xx_iic1SendACK
                0x0202b574                ax32xx_iic1SendByte
                0x0202b5e4                ax32xx_iic1RecvByte
 .text          0x0202b660      0x66c ./Debug/src_ax32xx_dac.c.o
                0x0202b6a0                ax32xx_dacIRQHandler
                0x0202b774                ax32xx_dacSampleRateSet
                0x0202b7e4                ax32xx_dacEnable
                0x0202b868                ax32xx_dacVolumeSet
                0x0202b8e0                ax32xx_dacBufferSet
                0x0202b900                ax32xx_dacBufferFlush
                0x0202b920                ax32xx_dacReset
                0x0202b944                ax32xx_dacStart
                0x0202b9c0                ax32xx_dacStop
                0x0202b9f0                ax32xx_dacISRRegister
                0x0202ba10                ax32xx_dacHPSet
                0x0202baa4                eq_coeff_init
                0x0202bb14                eq_gain_init
                0x0202bb84                ax32xx_dacInit
 .text          0x0202bccc      0x114 ./Debug/src_ax32xx_adc.c.o
                0x0202bccc                ax32xx_adcEnable
                0x0202bd34                ax32xx_adcSetBaudrate
                0x0202bd64                ax32xx_adcConverStart
                0x0202bd88                ax32xx_adcRead
 .text          0x0202bde0      0x4d0 ./Debug/src_ax32xx_auadc.c.o
                0x0202bde0                ax32xx_auadcIRQHandler
                0x0202be70                ax32xx_auadcHalfIRQRegister
                0x0202be90                ax32xx_auadcEndIRQRegister
                0x0202beb0                ax32xx_auadcEnable
                0x0202bfa8                ax32xx_auadcAGCEnable
                0x0202c038                ax32xx_auadcGainSet
                0x0202c0b4                ax32xx_auadcBufferSet
                0x0202c114                ax32xx_auadcInit
                0x0202c1b8                ax32xx_auadcSetSampleSet
                0x0202c29c                agc_gain_mnt
 .text          0x0202c2b0      0x298 ./Debug/src_jpeg_table.c.o
                0x0202c2b0                jpegA_table_init
                0x0202c42c                ax32xx_mjpB_tab_init
 .text          0x0202c548      0xd68 ./Debug/src_ax32xx_usb.c.o
                0x0202c548                _usb_bulk_tx
                0x0202c684                _usb_bulk_rx
                0x0202c790                _usb_iso_kick
                0x0202c880                _iso_wait_txdown
                0x0202c8f0                usb_iso_tx
                0x0202c9f0                usb_burst_reset
                0x0202ca3c                usb_host_reset
                0x0202ca88                usb_phyreset_as_typeb
                0x0202cbd0                usb_phyreset_as_typea
                0x0202cd1c                usb_insert
                0x0202cd30                usb_check_hal
                0x0202cd44                get_u32softcnt
                0x0202cd64                ax32xx_usbIRQHanlder
                0x0202ce58                ax32xx_usbCallbackRegister
                0x0202ce94                ax32xx_usb_hostIRQHanlder
                0x0202cea8                usb_device_check
                0x0202cf70                ax32xx_usbPhyPllEnable
                0x0202d018                usb11_registers_write
                0x0202d044                usb11_registers_read
                0x0202d07c                usb_memcpy
                0x0202d0f0                usb_phyreset_as_typea11
                0x0202d104                usb11_host_reset
                0x0202d118                ax32xx_usb11_hostIRQHanlder
                0x0202d12c                usb20_host_check
                0x0202d1f4                usb11HostCheckNoWait
                0x0202d208                usb11_host_check
                0x0202d21c                usb20_phyreset_as_filter
 .text          0x0202d2b0      0x210 ./Debug/src_ax32xx_misc.c.o
                0x0202d2b0                str_seek
                0x0202d31c                dec_num2str
                0x0202d35c                char_2_hex
                0x0202d3b0                data_check
                0x0202d3f0                pointer_check
                0x0202d414                half_word_memcpy
                0x0202d44c                word_memcpy
                0x0202d484                word_reg_memcpy
 .text          0x0202d4c0      0x14c ./Debug/src_ax32xx_pip.c.o
                0x0202d4c0                ax32xx_pipConfig
                0x0202d53c                ax32xx_pipEnable
                0x0202d580                ax32xx_pipCounterReset
                0x0202d5c0                ax32xx_pipGetTopLayer
                0x0202d5e4                ax32xx_pipGetBotLayer
 .text          0x0202d60c        0x0 ./Debug/src_ax32xx_btuart.c.o
 .text          0x0202d60c        0x0 ./Debug/src_ax32xx_crc.c.o
 .text          0x0202d60c      0x26c ./Debug/src_ax32xx_emi.c.o
                0x0202d60c                ax32xx_emiInit
                0x0202d748                ax32xx_emiISRRegister
                0x0202d77c                ax32xx_emiIRQHandler
                0x0202d7d8                ax32xx_emiKick
                0x0202d834                ax32xx_emiCheckBusy
                0x0202d854                ax32xx_emiCheckRXError
 .text          0x0202d878      0x278 ./Debug/src_ax32xx_rotate.c.o
                0x0202d878                ax32xx_rotateISRRegiser
                0x0202d898                ax32xx_rotateCheckBusy
                0x0202d8b8                ax32xx_rotateReset
                0x0202d904                ax32xx_rotateStart
                0x0202da1c                ax32xx_rotateWaitFrameDone
                0x0202da70                ax32xx_rotateIRQHandler
                0x0202dac0                ax32xx_rotateGetSrcYAddr
 .text          0x0202daf0      0x370 ./Debug/src_ax32xx_osdcmp.c.o
                0x0202daf0                ax32xx_osdcmpISRRegiser
                0x0202db10                ax32xx_osdcmpCheckBusy
                0x0202db34                ax32xx_osdcmpReset
                0x0202db80                ax32xx_osdcmpGetCompSize
                0x0202dba0                ax32xx_osdcmpKick
                0x0202dc74                ax32xx_osdcmpWaitFrameDone
                0x0202dd0c                ax32xx_osdcmpCompOneFrame
                0x0202de14                ax32xx_osdcmpIRQHandler
 .text          0x0202de60       0x3c ./Debug/src_ax32xx_isp.c.o
                0x0202de60                ax32xx_ispModeSet
 .text          0x0202de9c      0xd68 ./Debug/osd_ax32xx_osd.c.o
                0x0202de9c                ax32xx_deWait
                0x0202def8                ax32xx_deUpdate
                0x0202df1c                ax32xx_deGetUpdateStatus
                0x0202df40                ax32xx_deIRQHandler
                0x0202dfa0                ax32xx_deISRRegister
                0x0202dfc0                ax32xx_deInit
                0x0202e03c                ax32xx_deSetBackground
                0x0202e070                ax32xx_deSetCSC
                0x0202e0bc                ax32xx_videoSetDither
                0x0202e15c                ax32xx_videoSetScale
                0x0202e1a8                ax32xx_videoSetScaleLine
                0x0202e218                ax32xx_videoSetScanMode
                0x0202e264                ax32xx_videoGetYAddr
                0x0202e294                ax32xx_videoGetUVAddr
                0x0202e2c4                ax32xx_videoSetAddr
                0x0202e2e0                ax32xx_videoSetStride
                0x0202e304                ax32xx_videoSetSize
                0x0202e33c                ax32xx_videoSetPosition
                0x0202e364                ax32xx_videoCopyCfg
                0x0202e3cc                ax32xx_videoEnable
                0x0202e410                ax32xx_degamma_cfg
                0x0202e430                ax32xx_videoGammaRed
                0x0202e474                ax32xx_videoGammaGreen
                0x0202e4b8                ax32xx_videoGammaBlue
                0x0202e4fc                ax32xx_deSetGAMA
                0x0202e580                ax32xx_deSet_DE_CCM
                0x0202e668                ax32xx_deSet_DE_SAJ
                0x0202e6d4                ax32xx_videoGammaEnable
                0x0202e718                ax32xx_osdEnable
                0x0202e784                ax32xx_osdSetSize
                0x0202e7d8                ax32xx_osdSetPosition
                0x0202e82c                ax32xx_osdSetPalette
                0x0202e874                ax32xx_osdSetAddr
                0x0202e930                ax32xx_osdGetAddr
                0x0202e980                ax32xx_osdSetAlpha
                0x0202e9ec                ax32xx_osdSetUpscaler
                0x0202ebb4                ax32xx_osdEncodeOneCode
 .text          0x0202ec04      0xfc8 ./Debug/csi_ax32xx_csi.c.o
                0x0202ec04                hal_csi_fcnt_get
                0x0202ec34                ax32xx_csiIRQHandler
                0x0202eec4                ax32xx_csiISRRegiser
                0x0202ef00                ax32xx_csiMJPEGFrameSet
                0x0202ef70                ax32xx_csihv_tomjp_dma_cfg
                0x0202effc                ax32xx_csi_only_FrameSet
                0x0202f01c                ax32xx_csiYUVFrameSet
                0x0202f030                ax32xx_csiIOConfig
                0x0202f088                ax32xx_csiInit
                0x0202f0b4                ax32xx_csiMclkSet
                0x0202f178                ax32xx_csi_set_mclk_free
                0x0202f1c0                ax32xx_csiSyncSet
                0x0202f224                ax32xx_csiPrioritySet
                0x0202f268                ax32xx_csiTypeSet
                0x0202f2d4                ax32xx_csiModeSet
                0x0202f310                ax32xx_pclk_fir_Set
                0x0202f378                ax32xx_pclk_analog_Set
                0x0202f3c8                ax32xx_pclk_inv_Set
                0x0202f40c                ax32xx_csi_clk_tun_Set
                0x0202f454                ax32xx_csiSizeSet
                0x0202f48c                ax32xx_csiInputAddrSet
                0x0202f4a4                ax32xx_csiTestModeSet
                0x0202f50c                ax32xx_csiDvpClkDivSet
                0x0202f554                ax32xx_csiLCDFrameSet
                0x0202f580                ax32xx_csiLCDDmaEnable
                0x0202f61c                ax32xx_csiLCDDmaKick
                0x0202f660                ax32xx_csiLCDScaler
                0x0202f83c                ax32xx_csiScaler
                0x0202f984                ax32xx_hvScaler
                0x0202fad8                ax32xx_csiScalerCheck
                0x0202fb00                ax32xx_csiOutputSet
                0x0202fb3c                ax32xx_csiEnable
 .text          0x0202fbcc      0xd70 ./Debug/lcd_ax32xx_lcd.c.o
                0x0202fbcc                ax32xx_lcdSPIMode
                0x0202fbf8                ax32xx_lcdSPIInit
                0x0202fca8                ax32xx_lcdSPIUninit
                0x0202fce4                ax32xx_lcdSPISendData
                0x0202fe58                ax32xx_lcdMcuSendCmd
                0x0202febc                ax32xx_lcdMcuSendData
                0x0202ff10                ax32xx_lcdMcuSendCmd16
                0x0202ff94                ax32xx_lcdMcuSendData16
                0x02030018                ax32xx_lcdInit
                0x02030064                ax32xx_lcdIRQEnable
                0x020300ac                ax32xx_lcdPreLineSet
                0x020300c8                ax32xx_lcdSignalSet
                0x02030160                ax32xx_lcdBusWidth
                0x020301b4                ax32xx_lcdBusEnable
                0x02030204                ax32xx_lcdClkSet
                0x02030224                ax32xx_lcdSyncSet
                0x02030248                ax32xx_lcdDESignalSet
                0x0203026c                ax32xx_lcdPositionSet
                0x02030288                ax32xx_lcdResolutionSet
                0x020302a4                ax32xx_lcdWindowSizeSet
                0x020302c0                ax32xx_lcdDataModeSet
                0x02030304                ax32xx_lcdClkNumberSet
                0x0203031c                ax32xx_lcdEndLineSet
                0x02030338                ax32xx_lcdPanelMode
                0x02030380                ax32xx_lcdEnable
                0x020303e4                ax32xx_lcdTeMode
                0x0203042c                ax32xx_lcdKick
                0x02030464                ax32xx_lcdIRQHandler
                0x020305d4                ax32xx_lcdISRRegister
                0x02030618                ax32xx_lcdReset
                0x02030684                ax32xx_lcdMCUIOConfig
                0x02030768                ax32xx_lcdRGBIOConfig
                0x0203084c                ax32xx_lcd_lsawbtooth
 .text          0x0203093c     0x1f10 ./Debug/mjpeg_ax32xx_mjpeg.c.o
                0x0203093c                ax32xx_mpegPrint
                0x02030db8                ax32xx_mjpB_reset
                0x02030e24                ax32xx_mjpegAIRQHandler
                0x02030e78                ax32xx_mjpeg_encode_check
                0x02030fe4                ax32xx_mjpB_employ
                0x02031010                ax32xx_mjpB_dcdown_reg
                0x02031030                ax32xx_mjB_as_dcode
                0x0203105c                ax32xx_mjpegEA_ncodeISRRegister
                0x0203107c                ax32xx_mjpegEB_ncodeISRRegister
                0x0203109c                ax32xx_mjpegEA_ncodeISR
                0x020310c8                ax32xx_mjpegDecodeISRRegister
                0x020310e8                ax32xx_mjpegEncodeBufferSet
                0x02031134                ax32xx_mjpegEncodeEnable
                0x02031224                ax32xx_mjpegEncode_wifi_Enable
                0x02031314                ax32xx_mjpegEncodeSizeSet
                0x020313bc                ax32xx_mjpegEncodeQuilitySet
                0x02031404                cal_jA_1s_size
                0x02031434                ax32xx_mjpegEncodeQadj
                0x02031518                ax32xx_mjpegEncodeInfoSet
                0x02031560                ax32xx_mjpegEncodeLoadAddrGet
                0x0203157c                ax32xx_mjpeg_inlinebuf_init
                0x02031598                ax32xx_mjpegEncodeInit
                0x020317d0                ax32xx_mjpeg_manual_on
                0x02031818                ax32xx_mjpeg_manual_stop
                0x0203183c                ax32xx_mjpegDecodeScalerCal
                0x0203190c                ax32xx_mjpegDecodeSetSize
                0x02031b30                ax32xx_mjpegDecodeOutputSet
                0x02031b4c                ax32xx_mjpegDecodeInputSet
                0x02031b84                ax32xx_mjpegDecodeDriSet
                0x02031b9c                ax32xx_mjpegDecodeCompressSet
                0x02031bb4                ax32xx_mjpegDecodeInitTable
                0x02031bf8                ax32xx_mjpegDecodeInit
                0x02031dfc                ax32xx_mjpegDecodeDCTimeSet
                0x02031e9c                ax32xx_mjpegDecodeEnable
                0x02031f18                ax32xx_mjpegDecodeKick
                0x02031f70                ax32xx_mjpegDecodeStop
                0x02031fac                ax32xx_mjpegBIRQHandler
                0x020320a8                ax32xx_mjpegDecodeQDTCfg
                0x02032108                ax32xx_mjpegDecodeStatus
                0x0203213c                ax32xx_mjpegDecodeCheck
                0x0203216c                ax32xx_mjpegDecodeODma1Cfg
                0x02032200                ax32xx_mjpB_Ctl_init
                0x020324b4                ax32xx_mjpB_Linebuf_cfg
                0x020324d0                ax32xx_mjpB_dma_cfg
                0x020324fc                ax32xx_mjpB_stop
                0x02032564                ax32xx_mjpB_on
                0x020325b0                ax32xx_mjpB_stop_2
                0x02032604                ax32xx_mjpegB_encode_check
                0x02032778                ax32xx_mjpB_on_2
                0x020327b0                jpeg1_decode_check
 .text          0x0203284c        0x0 ./Debug/resource_user_icon.c.o
 .text          0x0203284c        0x0 ./Debug/resource_user_str.c.o
 .text          0x0203284c      0x110 ./Debug/src_hal_adc.c.o
                0x0203284c                hal_adcInit
                0x02032888                hal_adcRead
                0x020328b4                hal_adcSetChannel
                0x02032900                hal_adcGetChannel
                0x0203293c                hal_adcVDDRTCCalculate
 .text          0x0203295c       0xf0 ./Debug/src_hal_csi.c.o
                0x0203295c                hal_csiMCLKSet
                0x0203297c                hal_csiRegister
                0x020329b0                hal_csiResolutionGet
                0x02032a0c                hal_csiAdptGet
                0x02032a2c                hal_csi_SeninitGet
 .text          0x02032a4c      0x24c ./Debug/src_hal_dac.c.o
                0x02032a94                hal_dacInit
                0x02032aec                hal_dacPlayStart
                0x02032b98                hal_dacPlayStop
                0x02032bc4                hal_dacSetVolume
                0x02032c28                hal_dacSetBuffer
                0x02032c4c                hal_dacCallBackRegister
                0x02032c70                hal_dacHPSet
 .text          0x02032c98        0x0 ./Debug/src_hal_eeprom.c.o
 .text          0x02032c98      0x2cc ./Debug/src_hal_gpio.c.o
                0x02032c98                hal_gpioInit
                0x02032d40                hal_gpioInit_io1d1
                0x02032de8                hal_io1d1_softstart
                0x02032e18                hal_io1d1_softstart_clr
                0x02032e40                hal_io1d1_pd_enable
                0x02032e68                hal_gpioEPullSet
                0x02032ec4                hal_gpioWrite
                0x02032eec                hal_gpioRead
                0x02032f10                hal_gpioIntInit
                0x02032f38                hal_gpioLedInit
 .text          0x02032f64      0x64c ./Debug/src_hal_iic.c.o
                0x02032f64                hal_iic0Init
                0x02032f90                hal_iic0Uninit
                0x02032fb0                hal_iic08bitAddrWriteData
                0x0203304c                hal_iic08bitAddrReadData
                0x02033104                hal_iic08bitAddrWrite
                0x020331c4                hal_iic08bitAddrRead
                0x02033298                hal_iic016bitAddrWriteData
                0x02033340                hal_iic016bitAddrReadData
                0x02033404                hal_iic016bitAddrWrite
                0x020334d0                hal_iic016bitAddrRead
 .text          0x020335b0     0x1704 ./Debug/src_hal_lcd.c.o
                0x02033878                hal_lcdSetBufYUV
                0x0203390c                hal_lcd_vde_cfg
                0x02033944                hal_lcd_gamma_cfg
                0x02033958                usb_lcd_cfg
                0x0203396c                lcd_isp_config
                0x02033980                hal_lcdLCMPowerOff
                0x020339f8                hal_lcdPreviewStop
                0x02033a44                hal_lcdSetShowingSize
                0x02033a5c                hal_lcdSetRoate
                0x02033a74                hal_lcdDealBuffer
                0x02033b28                hal_lcdGetShowingBuffer
                0x02033b8c                hal_lcdGetIdleBuffer
                0x02033bcc                hal_lcdPreviewStart
                0x02033d10                hal_lcdSetFrame
                0x02033d38                vch_debug
                0x02033d4c                hal_lcdSetVCH
                0x02033e24                hal_lcdUpdataVCH
                0x02033f20                hal_lcdSwitchFrame2
                0x020341a0                hal_lcdPreSetPIPEnable
                0x020341c0                hal_lcdSetPIPEnable
                0x020341f8                hal_lcdGetResolution
                0x0203427c                hal_lcdGetOSDShowingResolution
                0x020342d8                hal_lcdGetOSDShowingPosition
                0x02034334                hal_lcdGetShowingRotate
                0x02034364                hal_lcdGetBufferResolution
                0x020343c0                hal_lcdGetVideoPos
                0x0203441c                deocode_done
                0x0203447c                hal_lcd_get_next_frame
                0x0203452c                lcd_struct_get
                0x0203454c                hal_lcdFrameEndCallBack
                0x02034598                hal_lcdRegister
                0x02034c30                hal_lcd_lsawtooth
                0x02034c50                hal_lcdSetCsiCrop
 .text          0x02034cb4      0x890 ./Debug/src_hal_osd.c.o
                0x02034cb4                hal_osdSetflag
                0x02034cd4                hal_osdGetIdleRotateBuffer
                0x02034cf8                hal_osdGetIdleCmpBuffer
                0x02034d1c                hal_osdGetIdleDispBuffer
                0x02034d40                hal_osdBufferRelease
                0x02034d68                hal_osdDealBuffer
                0x02034de8                hal_osdInit
                0x020350e4                hal_osdGetCurBuff
                0x02035140                hal_osdGetFreeBuff
                0x020351a4                hal_osdSetBuff
                0x02035234                hal_osdEnable
                0x020352d4                hal_osdSetAddr
                0x02035310                hal_osdSetBuffer
                0x02035390                hal_osdSetPosition
                0x020353d8                hal_osdSetPalette
                0x02035410                hal_osdSetSize
                0x02035450                hal_osdSetAlpha
                0x02035490                hal_osdGetBufferResolution
                0x020354f4                hal_deSet_DE_CCM
                0x0203551c                hal_deSet_DE_SAJ
 .text          0x02035544      0xc70 ./Debug/src_hal_rtc.c.o
                0x02035570                hal_rtcCallBackRegister
                0x020355d0                hal_rtcCallBackRelease
                0x0203560c                hal_rtcUninit
                0x02035648                hal_rtcTimeGet
                0x02035664                hal_rtcTimeGetExt
                0x02035698                hal_rtcSecondGet
                0x020356b8                hal_rtcTime2String
                0x0203596c                hal_rtcTime2StringExt
                0x020359d0                hal_rtcLeapYear
                0x02035bec                hal_rtcTime
                0x02035d00                hal_rtcInit
                0x02035e28                hal_rtcSecondSet
                0x02035e64                hal_rtcValue
                0x02035f74                hal_rtcTimeSet
                0x02035ffc                hal_rtcAlarmSet
                0x0203608c                hal_rtcAlarmSetExt
                0x02036130                hal_rtcAlarmStatusGet
                0x0203616c                hal_vddWKOEnable
                0x02036190                hal_vddGSENEnable
 .text          0x020361b4      0xc24 ./Debug/src_hal_sd.c.o
                0x020361b4                hal_ClkSet1
                0x02036258                hal_sdStop
                0x02036524                hal_sdNextLBA
                0x02036544                hal_sdInit
                0x020369a4                hal_sdUninit
                0x020369d0                hal_sdLock
                0x02036a10                hal_sdUnlock
                0x02036a3c                hal_sdCheck
                0x02036be0                hal_sdSetCardState
                0x02036c00                hal_sdGetCardState
                0x02036c20                hal_sdGetBusWidth
                0x02036c40                hal_sdCapacity
                0x02036c60                hal_sdExist
                0x02036c88                hal_sdWrite
                0x02036d28                hal_speed_callback
                0x02036d58                hal_sdRead
 .text          0x02036dd8      0xad4 ./Debug/src_hal_spi.c.o
                0x02036dd8                hal_spiIOShare
                0x02036df0                hal_spiIOCheck
                0x02036e04                hal_spiInit
                0x02036e30                hal_spiSendByte
                0x02036e54                hal_spiSend
                0x02036e74                hal_spiRecvByte
                0x02036e94                hal_spiRecv
                0x02036ed4                hal_spiCSConfig
                0x02036ef8                hal_spiFlashReadID
                0x02036f58                hal_spiFlashWriteEnable
                0x02036f8c                hal_spiFlashWait
                0x02037010                hal_spiFlashReadPage
                0x02037088                hal_spiFlashRead
                0x02037150                hal_spiFlashWritePage
                0x020371d0                hal_spiFlashWrite
                0x0203726c                hal_spiFlashEraseSector
                0x020372d8                hal_spiFlashEraseBlock
                0x0203733c                hal_spiFlashEraseChip
                0x02037378                spi_udisk_jpg_num
                0x02037398                spi_udisk_write_jpg
                0x020375c8                spi_udisk_del_jpg
                0x0203765c                spi_udisk_read_jpg_size
                0x02037674                spi_udisk_read_jpg
                0x02037710                spi_udisk_get_list_idx
                0x02037758                spi_udisk_format
                0x020377f0                spi_udisk_init
                0x02037880                spi_udisk_jpg_free_num
 .text          0x020378ac      0x128 ./Debug/src_hal_timer.c.o
                0x020378ac                hal_timerStart
                0x020378d0                hal_timerStop
                0x020378f4                hal_timerEnable
                0x0203792c                hal_timerTickEnable
                0x02037964                hal_timerTickGet
                0x02037984                hal_timerPWMStart
                0x020379b0                hal_timerPWMStop
 .text          0x020379d4      0x67c ./Debug/src_hal_uart.c.o
                0x02037a38                hal_uartIOShare
                0x02037a78                hal_uartIOShareCheck
                0x02037ac0                hal_uartInit
                0x02037b10                hal_uartSendData
                0x02037b34                hal_uartRXIsrRegister
                0x02037b54                uart_PutChar_n
                0x02037b88                uart_PutStr
                0x02037bc8                uart_Put_hex
                0x02037cf4                uart_Put_udec
                0x02037d88                uart_Put_dec
                0x02037e30                uart_Printf
                0x02037f74                uart_PrintfBuf
                0x0203800c                hal_uartPrintString
 .text          0x02038050      0x64c ./Debug/src_hal_watermark.c.o
                0x020380b8                hal_watermarkInit
                0x02038168                hal_watermarkClose
                0x02038200                hal_watermarkClear
                0x02038280                hal_watermarkOpen
                0x02038320                hal_watermarkColor
                0x02038374                hal_watermarkAddr
                0x0203838c                hal_watermarkSize
                0x020383d8                hal_watermarkPosition
                0x02038424                hal_watermarkCallbackRegister
                0x0203846c                hal_watermarkRam
                0x0203850c                hal_watermarkEnable
                0x0203867c                hal_watermarkBPos_Adjust
 .text          0x0203869c      0x568 ./Debug/src_hal_sys.c.o
                0x020386e4                hal_sysInit
                0x02038800                hal_sysMemPrint
                0x02038974                hal_sysMemMallocExt
                0x02038aa4                hal_sysMemFree
                0x02038b98                hal_sysMemRemain
 .text          0x02038c04      0xa84 ./Debug/src_hal_auadc.c.o
                0x02038c04                _hal_auadcCallBackEnd
                0x02038d00                _hal_auadcCallBackHalf
                0x02038d58                hal_audc_33ms_syncnt_clr
                0x02038d84                hal_audc_stamp_cal
                0x02038db0                hal_audc_stamp_out
                0x02038e04                hal_audc_stamp_next
                0x02038e60                hal_auadcCallBackEnd
                0x02038edc                hal_auadcInit
                0x02038f24                hal_auadcMemInit
                0x02038fd8                hal_auadcMemUninit
                0x0203904c                hal_auadc_cnt
                0x0203907c                _hal_auadcStartForUAC
                0x0203915c                hal_auadcStartForWAV
                0x02039174                hal_auadcStartForAVI
                0x02039298                hal_auadcBufferGet
                0x02039378                hal_auadcBufferfree
                0x020393a4                hal_auadcStop
                0x020393cc                hal_auadcBufferRelease
                0x020393f4                hal_auadcUACProcess
                0x020394d4                hal_adcBuffer_prefull
                0x02039538                hal_adcBuffer_halffull
                0x02039550                hal_adc_volume_set
                0x02039570                hal_uac_send
                0x020395d4                hal_auadcStartForUAC
 .text          0x02039688     0x33b4 ./Debug/src_hal_mjpeg.c.o
                0x02039688                hal_mjpegStart
                0x020396b8                hal_save_frame_isr
                0x02039864                hal_mjpeg_manual_on
                0x020398e4                hal_mjpegQualityCheck
                0x02039994                hal_mjpegCallback_state
                0x020399d0                hal_mjpegCallback
                0x02039c10                hal_mjpeg_manual_fdown
                0x0203a014                hal_jA_fcnt_get
                0x0203a044                hal_mjpeg_mallocbuf
                0x0203a064                hal_mjpegEncodeResolutionImageQuad
                0x0203a0a8                hal_mjpegSrcCSI
                0x0203a1ec                hal_mjpegSrcRam
                0x0203a200                hal_mjpegSrcColorBar
                0x0203a288                hal_Cut_SDR_SrcCSI
                0x0203a35c                hal_mjpegMemInit
                0x0203a498                hal_mjpegMemUninit
                0x0203a518                hal_mjpegEncodeInit
                0x0203a57c                hal_mjpegEncodeUninit
                0x0203a5cc                hal_mjpegEncodeResolution
                0x0203a608                hal_mjpegEncodeResolutionImage
                0x0203a644                hal_mjpegSizecalculate
                0x0203a670                imageGetYuvAddr
                0x0203a6a4                hal_mjpeg_get_num
                0x0203a6c4                imageGetYuvLen
                0x0203a6e4                hal_mjpeg_rev_buf_init
                0x0203a7a0                hal_mjpeg_rev_buf_malloc
                0x0203a80c                hal_mjpeg_rev_buf_free
                0x0203a858                hal_mjpeg_queue_init
                0x0203a8f8                hal_mjpeg_post_msg
                0x0203a988                hal_mjpeg_manual_quad_on
                0x0203a9f0                hal_mjpeg_manual_quad_fdown
                0x0203abf8                hal_mjpeg_manual_get_csi_yuv_sta
                0x0203ac18                hal_mjpeg_software_handle_csi_yuvbuf
                0x0203ac80                hal_mjpeg_manual_fdown_mini
                0x0203ae50                hal_mjpegUVCStart
                0x0203b160                hal_mjpegPhotoStart
                0x0203b554                hal_mjpegAVIStart
                0x0203b970                hal_mjpegRawDataGet
                0x0203b988                hal_mjpegRawBuffer_prefull
                0x0203b9f8                hal_mjpegRawBuffer_halffull
                0x0203ba68                hal_mjpegRawBufferfree
                0x0203ba90                hal_mjpegRawBufferGet
                0x0203bc00                hal_mjpegRawDataSet
                0x0203bc28                hal_mjpegHeaderParse
                0x0203c2c0                hal_mjpegDecodeGetResolution
                0x0203c308                hal_mjpegDecodeSetResolution
                0x0203c32c                hal_mjpeglDecodeGetResolution
                0x0203c364                hal_mjpeglDecodeSetResolution
                0x0203c390                hal_mjpegDecodeStatusCheck
                0x0203c3b0                hal_mjpegDecodeErrorCheck
                0x0203c3d0                hal_mjpegDecodeMiniSize
                0x0203c554                hal_mjpegDecodeStop
                0x0203c574                hal_mjpegDecodeReset
                0x0203c5a0                hal_mjpegDecodePicture
                0x0203c610                hal_mjpegDecodeNoIsr
                0x0203c67c                hal_mjpg_scale_down
                0x0203c794                hal_mjpegDecodeParse
                0x0203c7c4                hal_mjpegDecodeOneFrame
                0x0203c81c                hal_mjpegDecodeOneFrame_Ext
                0x0203c8a4                hal_mjpegDecodeRestart_Ext
                0x0203c910                hal_mjpegDecodeOneFrame_Fast
                0x0203c9d4                hal_mjpegDecodeODma1Cfg
                0x0203c9f8                hal_curBuffer_clear
 .text          0x0203ca3c       0x34 ./Debug/src_hal_int.c.o
                0x0203ca3c                hal_intInit
 .text          0x0203ca70        0x0 ./Debug/src_hal_wdt.c.o
 .text          0x0203ca70      0x4bc ./Debug/src_hal_stream.c.o
                0x0203ca70                hal_streamInit
                0x0203cb68                hal_streamMalloc
                0x0203cc50                hal_streamIn_Drop
                0x0203ccb4                hal_streamIn