Archive member included because of file (symbol)

../bwlib\liblimage.a(imageL_encode.o)
                              ./Debug/taskPhotoEncode.c.o (imageEncodeQuadStart)
../bwlib\libeffect.a(user_effect.o)
                              ./Debug/multimedia_user_media.c.o (warpHandle)
../bwlib\libmp3.a(mp3_decode_api.o)
                              ./Debug/taskAudioPlayer.c.o (mp3_dac_memInit)
../bwlib\libmp3.a(decoder.o)  ../bwlib\libmp3.a(mp3_decode_api.o) (mad_decoder_init)
../bwlib\libmp3.a(stream.o)   ../bwlib\libmp3.a(decoder.o) (mad_stream_init)
../bwlib\libmp3.a(synth.o)    ../bwlib\libmp3.a(decoder.o) (mad_synth_init)
../bwlib\libmp3.a(bit.o)      ../bwlib\libmp3.a(stream.o) (mad_bit_init)
../bwlib\libmp3.a(frame.o)    ../bwlib\libmp3.a(decoder.o) (mad_frame_finish)
../bwlib\libmp3.a(layer12.o)  ../bwlib\libmp3.a(frame.o) (mad_layer_I)
../bwlib\libmp3.a(timer.o)    ../bwlib\libmp3.a(frame.o) (mad_timer_set)
../bwlib\libmp3.a(layer3.o)   ../bwlib\libmp3.a(frame.o) (mad_layer_III)
../bwlib\libmp3.a(huffman.o)  ../bwlib\libmp3.a(layer3.o) (mad_huff_pair_table)
../bwlib\libsd.a(ax32xx_sd.o)
                              ./Debug/src_hal_sd.c.o (ax32xx_sd0Init)
../bwlib\libavi.a(aviEncoder.o)
                              ./Debug/video_video_record.c.o (aviEncodeInit)
../bwlib\libavi.a(encoder_std.o)
                              ../bwlib\libavi.a(aviEncoder.o) (avi_encoder_std)
../bwlib\libavi.a(encoder_odml.o)
                              ../bwlib\libavi.a(aviEncoder.o) (avi_odmlAddoffset)
../bwlib\libavi.a(aviDecoder.o)
                              ./Debug/video_video_playback.c.o (aviDecodeInit)
../bwlib\libavi.a(decoder_std.o)
                              ../bwlib\libavi.a(aviDecoder.o) (avi_standard)
../bwlib\libavi.a(decoder_odml.o)
                              ../bwlib\libavi.a(aviDecoder.o) (avi_opendml)
../bwlib\libfs.a(fs.o)        ./Debug/taskSysScanDevice.c.o (fs_nodeinit)
../bwlib\libfs.a(diskio.o)    ./Debug/main.c.o (fs_init)
../bwlib\libfs.a(ff.o)        ../bwlib\libfs.a(fs.o) (clst2sect)
../bwlib\libfs.a(ffunicode.o)
                              ../bwlib\libfs.a(ff.o) (ff_uni2oem)
C:/MinGW-4.7.1/or1k-elf/lib/no-delay\libc.a(lib_a-memcmp.o)
                              ../bwlib\libfs.a(ff.o) (memcmp)
C:/MinGW-4.7.1/or1k-elf/lib/no-delay\libc.a(lib_a-memcpy.o)
                              ./Debug/resource_manager.c.o (memcpy)
C:/MinGW-4.7.1/or1k-elf/lib/no-delay\libc.a(lib_a-memmove.o)
                              ./Debug/game_tetris.c.o (memmove)
C:/MinGW-4.7.1/or1k-elf/lib/no-delay\libc.a(lib_a-memset.o)
                              ./Debug/main.c.o (memset)
C:/MinGW-4.7.1/or1k-elf/lib/no-delay\libc.a(lib_a-strcasecmp.o)
                              ./Debug/resource_manager.c.o (strcasecmp)
C:/MinGW-4.7.1/or1k-elf/lib/no-delay\libc.a(lib_a-strcat.o)
                              ./Debug/resource_manager.c.o (strcat)
C:/MinGW-4.7.1/or1k-elf/lib/no-delay\libc.a(lib_a-strchr.o)
                              ../bwlib\libfs.a(ff.o) (strchr)
C:/MinGW-4.7.1/or1k-elf/lib/no-delay\libc.a(lib_a-strcmp.o)
                              ./Debug/resource_manager.c.o (strcmp)
C:/MinGW-4.7.1/or1k-elf/lib/no-delay\libc.a(lib_a-strcpy.o)
                              ./Debug/resource_manager.c.o (strcpy)
C:/MinGW-4.7.1/or1k-elf/lib/no-delay\libc.a(lib_a-strlen.o)
                              ./Debug/resource_manager.c.o (strlen)
C:/MinGW-4.7.1/or1k-elf/lib/no-delay\libc.a(lib_a-strncmp.o)
                              ./Debug/resource_manager.c.o (strncmp)
C:/MinGW-4.7.1/or1k-elf/lib/no-delay\libc.a(lib_a-strstr.o)
                              ../bwlib\liblimage.a(imageL_encode.o) (strstr)
C:/MinGW-4.7.1/or1k-elf/lib/no-delay\libc.a(lib_a-ctype_.o)
                              C:/MinGW-4.7.1/or1k-elf/lib/no-delay\libc.a(lib_a-strcasecmp.o) (__ctype_ptr__)
C:/MinGW-4.7.1/or1k-elf/lib/no-delay\libc.a(lib_a-memchr.o)
                              C:/MinGW-4.7.1/or1k-elf/lib/no-delay\libc.a(lib_a-strstr.o) (memchr)
C:/MinGW-4.7.1/lib/gcc/or1k-elf/4.9.1/no-delay\libgcc.a(_muldi3.o)
                              ../bwlib\libmp3.a(mp3_decode_api.o) (__muldi3)
C:/MinGW-4.7.1/lib/gcc/or1k-elf/4.9.1/no-delay\libgcc.a(_udivdi3.o)
                              ../bwlib\libmp3.a(mp3_decode_api.o) (__udivdi3)
C:/MinGW-4.7.1/lib/gcc/or1k-elf/4.9.1/no-delay\libgcc.a(addsf3.o)
                              ../bwlib\libeffect.a(user_effect.o) (__addsf3)
C:/MinGW-4.7.1/lib/gcc/or1k-elf/4.9.1/no-delay\libgcc.a(divsf3.o)
                              ../bwlib\libeffect.a(user_effect.o) (__divsf3)
C:/MinGW-4.7.1/lib/gcc/or1k-elf/4.9.1/no-delay\libgcc.a(eqsf2.o)
                              ../bwlib\libeffect.a(user_effect.o) (__eqsf2)
C:/MinGW-4.7.1/lib/gcc/or1k-elf/4.9.1/no-delay\libgcc.a(gesf2.o)
                              ../bwlib\libeffect.a(user_effect.o) (__gtsf2)
C:/MinGW-4.7.1/lib/gcc/or1k-elf/4.9.1/no-delay\libgcc.a(mulsf3.o)
[...]
Memory Configuration

Name             Origin             Length             Attributes
boot             0x01fffc00         0x00000200
ram_boot         0x00000000         0x00005000
ram_user         0x00000000         0x00005000
usbfifo          0x00008000         0x00001000
sdram            0x02000000         0x00200000
exsdram          0x00000000         0x00800000
*default*        0x00000000         0xffffffff

Linker script and memory map

LOAD ./Debug/ax32xx_reset.S.o
LOAD ./Debug/ax32xx_spi_boot_cfg.S.o
LOAD ./Debug/ax32xx_BLDRX32.S.o
LOAD ./Debug/main.c.o
LOAD ./Debug/resource_manager.c.o
LOAD ./Debug/board.c.o
LOAD ./Debug/board_bwv1.c.o
LOAD ./Debug/config.c.o
LOAD ./Debug/display.c.o
LOAD ./Debug/explorer.c.o
LOAD ./Debug/filelist.c.o
LOAD ./Debug/font.c.o
LOAD ./Debug/icon.c.o
LOAD ./Debug/configGetValue.c.o
LOAD ./Debug/configSystem.c.o
LOAD ./Debug/logo.c.o
LOAD ./Debug/menuMovieRec.c.o
LOAD ./Debug/msgDeal.c.o
LOAD ./Debug/msgSysRecommend.c.o
LOAD ./Debug/msgSysUnshielded.c.o
LOAD ./Debug/taskManage.c.o
LOAD ./Debug/taskPhotoEncode.c.o
LOAD ./Debug/taskPhotoEncodeMsg.c.o
LOAD ./Debug/taskPlayBack.c.o
LOAD ./Debug/taskPlayBackMsg.c.o
LOAD ./Debug/taskPowerOff.c.o
LOAD ./Debug/taskSysScanDevice.c.o
LOAD ./Debug/taskUsbDevice.c.o
LOAD ./Debug/taskVideoRecord.c.o
LOAD ./Debug/taskVideoRecordMsg.c.o
LOAD ./Debug/toolFunc.c.o
LOAD ./Debug/uiMenuDateTimeMsg.c.o
LOAD ./Debug/uiMenuDefaultMsg.c.o
LOAD ./Debug/uiMenuDelAllMsg.c.o
LOAD ./Debug/uiMenuDelCurMsg.c.o
LOAD ./Debug/uiMenuFormatMsg.c.o
LOAD ./Debug/uiMenuItemMsg.c.o
LOAD ./Debug/uiMenuOptionMsg.c.o
LOAD ./Debug/uiMenuUsbMsg.c.o
LOAD ./Debug/uiNoFileMsg.c.o
LOAD ./Debug/uiTips1Msg.c.o
LOAD ./Debug/uiTipsMsg.c.o
LOAD ./Debug/uiWin.c.o
LOAD ./Debug/uiMenuVersionMsg.c.o
LOAD ./Debug/taskAudioPlayer.c.o
LOAD ./Debug/taskAudioPlayerMsg.c.o
LOAD ./Debug/taskAudioPlayerRes.c.o
LOAD ./Debug/taskPhotoEncodeRes.c.o
LOAD ./Debug/taskPlayBackRes.c.o
LOAD ./Debug/taskVideoRecordRes.c.o
LOAD ./Debug/uiMenuDateTimeRes.c.o
LOAD ./Debug/uiMenuDefaultRes.c.o
LOAD ./Debug/uiMenuDelAllRes.c.o
LOAD ./Debug/uiMenuDelCurRes.c.o
LOAD ./Debug/uiMenuFormatRes.c.o
LOAD ./Debug/uiMenuItemRes.c.o
LOAD ./Debug/uiMenuOptionRes.c.o
LOAD ./Debug/uiMenuUsbRes.c.o
LOAD ./Debug/uiMenuVersionRes.c.o
LOAD ./Debug/uiNoFileRes.c.o
LOAD ./Debug/uiTips1Res.c.o
LOAD ./Debug/uiTipsRes.c.o
LOAD ./Debug/taskMainMenu.c.o
LOAD ./Debug/taskMainMenuMsg.c.o
LOAD ./Debug/taskMainMenuRes.c.o
LOAD ./Debug/taskSettingMenu.c.o
LOAD ./Debug/userInterface.c.o
LOAD ./Debug/upgrade.c.o
LOAD ./Debug/game_block.c.o
LOAD ./Debug/game_snake.c.o
LOAD ./Debug/game_sokoban.c.o
LOAD ./Debug/game_tetris.c.o
LOAD ./Debug/taskGame.c.o
LOAD ./Debug/taskGameMenu.c.o
LOAD ./Debug/taskGameMenuMsg.c.o
LOAD ./Debug/taskGameMenuRes.c.o
LOAD ./Debug/game_plane.c.o
LOAD ./Debug/game_maze.c.o
LOAD ./Debug/xos_x_cpu.c.o
LOAD ./Debug/xos_xmbox.c.o
LOAD ./Debug/xos_xmsgq.c.o
LOAD ./Debug/xos_xos.c.o
LOAD ./Debug/xos_xwork.c.o
LOAD ./Debug/multimedia_user_media.c.o
LOAD ./Debug/sUI_button.c.o
LOAD ./Debug/sUI_dialog.c.o
LOAD ./Debug/sUI_frameWin.c.o
LOAD ./Debug/sUI_imageIcon.c.o
LOAD ./Debug/sUI_itemManage.c.o
LOAD ./Debug/sUI_menuItem.c.o
LOAD ./Debug/sUI_menuItemEx.c.o
LOAD ./Debug/sUI_menuOption.c.o
LOAD ./Debug/sUI_progressBar.c.o
LOAD ./Debug/sUI_rect.c.o
LOAD ./Debug/sUI_stringIcon.c.o
LOAD ./Debug/sUI_tips.c.o
LOAD ./Debug/sUI_uiAlloc.c.o
LOAD ./Debug/sUI_widget.c.o
LOAD ./Debug/sUI_winManage.c.o
LOAD ./Debug/sUI_memPool.c.o
LOAD ./Debug/sUI_widgetManage.c.o
LOAD ./Debug/src_ax32xx_int.c.o
LOAD ./Debug/src_ax32xx_sys.c.o
LOAD ./Debug/src_ax32xx_dma.c.o
LOAD ./Debug/src_ax32xx_wdt.c.o
LOAD ./Debug/src_ax32xx_gpio.c.o
LOAD ./Debug/src_ax32xx_uart.c.o
LOAD ./Debug/src_ax32xx_timer.c.o
LOAD ./Debug/src_ax32xx_tminf.c.o
LOAD ./Debug/src_ax32xx_spi.c.o
LOAD ./Debug/src_ax32xx_rtc.c.o
LOAD ./Debug/src_ax32xx_iic.c.o
LOAD ./Debug/src_ax32xx_dac.c.o
LOAD ./Debug/src_ax32xx_adc.c.o
LOAD ./Debug/src_ax32xx_auadc.c.o
LOAD ./Debug/src_jpeg_table.c.o
LOAD ./Debug/src_ax32xx_usb.c.o
LOAD ./Debug/src_ax32xx_misc.c.o
LOAD ./Debug/src_ax32xx_pip.c.o
LOAD ./Debug/src_ax32xx_btuart.c.o
LOAD ./Debug/src_ax32xx_crc.c.o
LOAD ./Debug/src_ax32xx_emi.c.o
LOAD ./Debug/src_ax32xx_rotate.c.o
LOAD ./Debug/src_ax32xx_osdcmp.c.o
LOAD ./Debug/src_ax32xx_isp.c.o
LOAD ./Debug/osd_ax32xx_osd.c.o
LOAD ./Debug/csi_ax32xx_csi.c.o
LOAD ./Debug/lcd_ax32xx_lcd.c.o
LOAD ./Debug/mjpeg_ax32xx_mjpeg.c.o
LOAD ./Debug/resource_user_icon.c.o
LOAD ./Debug/resource_user_str.c.o
LOAD ./Debug/src_hal_adc.c.o
LOAD ./Debug/src_hal_csi.c.o
LOAD ./Debug/src_hal_dac.c.o
LOAD ./Debug/src_hal_eeprom.c.o
LOAD ./Debug/src_hal_gpio.c.o
LOAD ./Debug/src_hal_iic.c.o
LOAD ./Debug/src_hal_lcd.c.o
LOAD ./Debug/src_hal_osd.c.o
LOAD ./Debug/src_hal_rtc.c.o
LOAD ./Debug/src_hal_sd.c.o
LOAD ./Debug/src_hal_spi.c.o
LOAD ./Debug/src_hal_timer.c.o
LOAD ./Debug/src_hal_uart.c.o
LOAD ./Debug/src_hal_watermark.c.o
LOAD ./Debug/src_hal_sys.c.o
LOAD ./Debug/src_hal_auadc.c.o
LOAD ./Debug/src_hal_mjpeg.c.o
LOAD ./Debug/src_hal_int.c.o
LOAD ./Debug/src_hal_wdt.c.o
LOAD ./Debug/src_hal_stream.c.o
LOAD ./Debug/src_hal_emi.c.o
LOAD ./Debug/src_hal_osdcmp.c.o
LOAD ./Debug/src_hal_rotate.c.o
LOAD ./Debug/src_hal_lcdframe.c.o
LOAD ./Debug/src_hal_custom_yuv.c.o
LOAD ./Debug/dusb_hal_usb_api.c.o
LOAD ./Debug/dusb_hal_usb_dev_enum.c.o
LOAD ./Debug/dusb_hal_usb_msc.c.o
LOAD ./Debug/dusb_hal_usb_uac.c.o
LOAD ./Debug/dusb_hal_usb_uvc.c.o
LOAD ./Debug/audio_audio_playback.c.o
LOAD ./Debug/audio_audio_record.c.o
LOAD ./Debug/audio_ring_buffer.c.o
LOAD ./Debug/video_video_playback.c.o
LOAD ./Debug/video_video_record.c.o
LOAD ./Debug/image_image_decode.c.o
LOAD ./Debug/image_image_encode.c.o
LOAD ./Debug/wav_alaw.c.o
LOAD ./Debug/wav_imaadpcm.c.o
LOAD ./Debug/wav_pcm.c.o
LOAD ./Debug/wav_ulaw.c.o
LOAD ./Debug/wav_wav.c.o
LOAD ./Debug/stream_stream.c.o
LOAD ./Debug/cmos_sensor_cmos_sensor.c.o
LOAD ./Debug/cmos_sensor_SENSOR_BF3a03.c.o
LOAD ./Debug/cmos_sensor_SENSOR_BF2013.c.o
LOAD ./Debug/cmos_sensor_SENSOR_BF3703.c.o
LOAD ./Debug/cmos_sensor_SENSOR_GC0307.c.o
LOAD ./Debug/cmos_sensor_SENSOR_GC0308.c.o
LOAD ./Debug/cmos_sensor_SENSOR_GC0309.c.o
LOAD ./Debug/cmos_sensor_SENSOR_GC0328.c.o
LOAD ./Debug/cmos_sensor_SENSOR_OV7670.c.o
LOAD ./Debug/cmos_sensor_SENSOR_SP0838.c.o
LOAD ./Debug/cmos_sensor_SENSOR_SP0A18.c.o
LOAD ./Debug/cmos_sensor_SENSOR_GC0329.c.o
LOAD ./Debug/cmos_sensor_SENSOR_SIV100B.c.o
LOAD ./Debug/tft_lcd_lcd_mcu_st7789P3.c.o
LOAD ./Debug/cmos_sensor_SENSOR_BF20A6.c.o
LOAD ./Debug/tft_lcd_lcd_mcu_st7789.c.o
LOAD ./Debug/tft_lcd_tft_lcd.c.o
LOAD ./Debug/tft_lcd_lcd_mcu_ili9328.c.o
LOAD ./Debug/tft_lcd_lcd_mcu_st7789v.c.o
LOAD ./Debug/tft_lcd_lcd_mcu_hx8352c.c.o
LOAD ./Debug/tft_lcd_lcd_mcu_9225G.c.o
LOAD ./Debug/tft_lcd_lcd_mcu_nv3030b.c.o
LOAD ./Debug/nvfs_nvfs.c.o
LOAD ./Debug/Maxlib_max_user.c.o
LOAD ./Debug/Maxlib_uiDraw.c.o
LOAD ./Debug/std_misc.c.o
LOAD ./Debug/std_std_math.c.o
LOAD ./Debug/std_str.c.o
LOAD ./Debug/res_ascii.c.o
LOAD ./Debug/res_ascii_default.c.o
LOAD ./Debug/res_ascii_default_draw.c.o
LOAD ./Debug/res_R.c.o
LOAD ./Debug/res_R_icon.c.o
LOAD ./Debug/res_R_string.c.o
LOAD ./Debug/res_unicode_font.c.o
LOAD ./Debug/res_ascii_num3.c.o
LOAD ./Debug/res_ascii_num3_draw.c.o
LOAD ../bwlib\liblimage.a
LOAD ../bwlib\libeffect.a
LOAD ../bwlib\libmp3.a
LOAD ../bwlib\libsd.a
LOAD ../bwlib\libavi.a
LOAD ../bwlib\libfs.a
LOAD C:/MinGW-4.7.1/or1k-elf/lib/no-delay\libc.a
LOAD C:/MinGW-4.7.1/lib/gcc/or1k-elf/4.9.1/no-delay\libgcc.a

.bootsec        0x01fffc00      0x200 load address 0x00000000
 *(.bootsec)
 .bootsec       0x01fffc00      0x200 ./Debug/ax32xx_BLDRX32.S.o
                0x01fffc10                hex
                0x01fffc10                .hex
                0x01fffdd8                .bootsect

.exception      0x00000000     0x1e3c load address 0x00000200
                0x00000000                _exception_vma = .
 *(.vector)
 .vector        0x00000000      0x3d0 ./Debug/ax32xx_reset.S.o
                0x00000304                _start
                0x00000340                _step_in
                0x00000384                _step_out
 *(.vector.text)
 .vector.text   0x000003d0     0x1668 ./Debug/src_ax32xx_int.c.o
                0x00000514                _rtcRamWrite
                0x000005bc                _rtcRamRead
                0x00000670                my_putchar
                0x00000684                exception_uart_puts
                0x00000698                my_memset
                0x000006c8                exception_init
                0x0000076c                ax32xx_vddrtcCalculate
                0x00000798                dllcon_init
                0x00000944                sdram_init
                0x00000a14                adcRead
                0x00000a6c                adcConverStart
                0x00000a90                adcSetBaudrate
                0x00000ac0                sysClkSet
                0x00000b1c                adcEnable
                0x00000b84                adcGetChannel
                0x00000bbc                sdram_tuning_check_2
                0x00000d3c                _sdr_tuning2_conifg_set
                0x00000d5c                crc_cal
                0x00000dd0                sdram_clock_tune
                0x000017b0                exception
                0x00001a1c                exception_trigger
 *(.vector.data)
 .vector.data   0x00001a38      0x100 ./Debug/ax32xx_reset.S.o
                0x00001a38                _step_data
 .vector.data   0x00001b38      0x304 ./Debug/src_ax32xx_int.c.o
                0x00001b38                tune_values
                0x00001cb8                tune_by
                0x00001cc4                tune_tab_2_dll
                0x00001cd4                tune_tab_1_dll
                0x00001ce4                tune_tab_2_clk
                0x00001d04                tune_tab_1_clk
                0x00001d24                tuning_test_addr
                0x00001da4                tuning_test_data
                0x00001e24                SDRTUN2_CON
                0x00001e2c                sdr_tune_source
                0x00001e30                chip_vision

.ram            0x00001e3c     0x2660 load address 0x0000203c
                0x00001e3c                __sram_start = .
 *(.msk_var_use)
 *(.sdc_buf)
 .sdc_buf       0x00001e3c       0x40 ../bwlib\libsd.a(ax32xx_sd.o)
 *(.sram_comm)
 .sram_comm     0x00001e7c       0x60 ./Debug/xos_xmsgq.c.o
 .sram_comm     0x00001edc     0x25c0 ./Debug/src_hal_sys.c.o
                0x00001edc                ramuse
                0x0000449c                __sram_end = .

.fifo           0x00008000      0xce0
                0x00008000                __ufifo_start = .
 *(.sram_Usbfifo)
 .sram_Usbfifo  0x00008000      0xce0 ./Debug/src_hal_sys.c.o
                0x00008000                usbfifo
                0x00008ce0                __ufifo_end = .

.text           0x02000000    0x80380 load address 0x00002200
                0x02000000                _text_start = .
 *(.text*)
 .text          0x02000000        0x0 ./Debug/ax32xx_reset.S.o
 .text          0x02000000        0x0 ./Debug/ax32xx_spi_boot_cfg.S.o
 .text          0x02000000        0x0 ./Debug/ax32xx_BLDRX32.S.o
 .text          0x02000000      0x4a8 ./Debug/main.c.o
                0x02000000                registerTask
                0x020000bc                init
                0x02000440                systemService
                0x02000474                sendDrawUIMsg
 .text.startup  0x020004a8       0xb8 ./Debug/main.c.o
                0x020004a8                main
 .text          0x02000560     0x1b84 ./Debug/resource_manager.c.o
                0x0200069c                managerInit
                0x02000714                managerCreate
                0x020007ec                managerDestory
                0x02000864                managerFileCount
                0x020008fc                managerFileCountEx
                0x02000968                managerLockFileExt
                0x02000a10                managerUnlockFileExt
                0x02000abc                managerCheckLock
                0x02000af8                managerCheckLockExt
                0x02000b88                managerFlush
                0x02000bf4                managerDelFileByIndex
                0x02000d04                managerDelFileAll
                0x02000de8                managerScanStart
                0x02000e50                managerScanEnd
                0x02000f10                explorerListHook
                0x02000f28                managerNameChange
                0x02001128                managerSpaceCheck
                0x0200123c                manangerCheckFileType
                0x0200149c                managerAddFile
                0x02001540                managerAddFileEx
                0x020015a0                managerRenameExt
                0x02001640                managerRename
                0x02001700                managerLockFile
                0x02001788                managerUnlockFile
                0x02001848                managerDelFileByName
                0x020019a4                managerDelFileByFullName
                0x02001b24                managerFileNameCreater
                0x02001d38                managerFileScan
                0x02001ebc                manangerGetFileFullPathName
                0x02001f70                manangerGetFileName
                0x02002008                manangerFindFileAndDel
 .text          0x020020e4      0x310 ./Debug/board.c.o
                0x020020e4                boardInit
                0x0200220c                boardOpen
                0x020022b0                boardIoctrl
                0x02002338                boardNameIoctrl
 .text          0x020023f4      0xb50 ./Debug/board_bwv1.c.o
                0x020029a8                board_lcd_reset
                0x02002a20                board_sensor_reset
                0x02002b5c                board_lcd_ioctrl_pwm
                0x02002ba0                getCurBatteryADC
                0x02002bc0                getKeyADCvalue
                0x02002be0                getKeyVal
                0x02002d04                getKey
                0x02002dd4                keyScanKey
                0x02002f08                board_powerCheck
 .text          0x02002f44      0x2ec ./Debug/config.c.o
                0x02002f44                configCheckSumCal
                0x02002f98                userConfigSave
                0x0200300c                userConfigReset
                0x02003104                userConfigInitial
                0x020031b4                configSet
                0x020031f0                configGet
 .text          0x02003230      0xc58 ./Debug/display.c.o
                0x02003230                dispLayerPIPOnlyFront
                0x020032a0                dispLayerPIPOnlyBack
                0x0200331c                dispLayerPIPBakRightTop
                0x020033bc                dispLayerPIPFrtRightTop
                0x02003440                dispLayerPIPFBHalf
                0x020034c4                dispLayerPIPBFHalf
                0x02003548                dispLayerUninit
                0x020035a4                dispLayerGetResolution
                0x02003678                dispLayerSetResolution
                0x02003764                dispLayerSetRotate
                0x02003798                dispRatioResolutionCalculate
                0x02003870                dispLayerSetRatio
                0x02003920                dispLayerInit
                0x02003b4c                dispLayerShow
                0x02003b90                dispLayerGetFrame
                0x02003bd8                dispLayerGetFreeFrame
                0x02003c18                dispLayerFreeFrame
                0x02003c90                dispLayerSetFrame
                0x02003cdc                dispLayerSetPIPMode
                0x02003d40                dispLayer_ABwin
                0x02003d70                dispLayer_getABwin
                0x02003d90                dispLayerSetFrontCrop
 .text          0x02003e88        0x0 ./Debug/explorer.c.o
 .text          0x02003e88      0xc4c ./Debug/filelist.c.o
 .text          0x02004ad4      0x8ec ./Debug/font.c.o
                0x02004ce4                fontInit
                0x02004dac                fontSetLanguage
                0x02004e5c                fontGetStringInfo
                0x02004f0c                fontDrawString
                0x020050fc                resGetString
                0x02005214                resGetChar
 .text          0x020053c0      0x2e0 ./Debug/icon.c.o
                0x020053c0                iconInit
                0x0200540c                iconGetSize
                0x020054b0                iconGetData
                0x0200554c                iconGetAddr
                0x020055c0                iconGetPalette
                0x02005630                iconGetGamePalette
 .text          0x020056a0      0x1ec ./Debug/configGetValue.c.o
                0x020056a0                configValue2Int
 .text          0x0200588c      0x19c ./Debug/configSystem.c.o
                0x0200588c                configLanguage
                0x02005904                configSys
                0x020059ec                configSystem
 .text          0x02005a28      0x770 ./Debug/logo.c.o
                0x02005a28                logo_image_show
                0x02005b20                jpg_decode_show
                0x02005c08                logo_music_show
                0x02005d98                layout_logo_show
                0x02005e84                background_logo_image_show
                0x02005f4c                layout_version_get
                0x02006038                layout_keysound_load
                0x02006110                layout_sound_load
 .text          0x02006198       0xb0 ./Debug/menuMovieRec.c.o
                0x02006198                menuProcDateTime
                0x020061c4                menuProcVersion
                0x020061f0                menuProcFormat
                0x0200621c                menuProcDefault
 .text          0x02006248      0x384 ./Debug/msgDeal.c.o
                0x02006248                msgFuncRegister
                0x02006300                unshieldedMsgFuncRegister
                0x0200637c                msgDeal
                0x020064d8                msgDealByType
                0x02006570                msgDealByMsgInfor
 .text          0x020065cc       0x98 ./Debug/msgSysRecommend.c.o
 .text          0x02006664      0x5a4 ./Debug/msgSysUnshielded.c.o
 .text          0x02006c08      0x320 ./Debug/taskManage.c.o
                0x02006c08                taskInit
                0x02006c7c                taskInfor
                0x02006c90                taskRegister
                0x02006cc8                taskPrevious
                0x02006ce8                taskCurrent
                0x02006d08                taskNext
                0x02006d28                taskStart
                0x02006da8                taskChange
                0x02006dbc                taskService
 .text          0x02006f28      0xc98 ./Debug/taskPhotoEncode.c.o
                0x02006f28                taskPhotoEncodeClose
                0x02006ff4                taskPhotoEncodeService
                0x020070a4                photoImagePreSizeGet
                0x02007340                task_image_createfile
                0x02007448                image_take_photo
                0x020076c4                image_take_photo_to_sdram
                0x020079b4                photo_animation_effect
                0x02007ad0                taskPhotoEncodeOpen
 .text          0x02007bc0     0x1864 ./Debug/taskPhotoEncodeMsg.c.o
                0x020093ac                photoFocusIconCancel
 .text          0x02009424      0x8a4 ./Debug/taskPlayBack.c.o
                0x02009424                taskPlayBackClose
                0x02009460                video_playback_jpg_scale
                0x020095d8                video_playback_start
                0x020099f0                taskPlayBackOpen
                0x02009c0c                taskPlayBackService
 .text          0x02009cc8     0x18ac ./Debug/taskPlayBackMsg.c.o
                0x0200b48c                backBrushBlack
 .text          0x0200b574      0x260 ./Debug/taskPowerOff.c.o
                0x0200b574                uninit
                0x0200b61c                taskPowerOffOpen
 .text          0x0200b7d4      0xdd8 ./Debug/taskSysScanDevice.c.o
                0x0200b7d4                timerMsgSend
                0x0200b878                setKeyEn
                0x0200b898                deamon_astern_check
                0x0200b8ac                reflush_usensor_check
                0x0200b8c0                setSoftwareDetachUsensor
                0x0200b8e0                deamon_usb_check
                0x0200bb70                deamon_gsensor_check
                0x0200bb84                deamon_screen_save
                0x0200bcd4                deamon_key_check
                0x0200be04                deamon_auto_poweroff
                0x0200bf08                deamon_keysound_play
                0x0200bfd8                deamon_sound_play
                0x0200c09c                deamon_fsFreeSize
                0x0200c10c                deamon_fs_scan
                0x0200c294                deamon_sdc_check
                0x0200c498                taskSysScanDev
                0x0200c518                deamon_fsSizeModify
 .text          0x0200c5ac      0x3c0 ./Debug/taskUsbDevice.c.o
 .text          0x0200c96c      0xb50 ./Debug/taskVideoRecord.c.o
                0x0200c96c                taskVideoRecordeService
                0x0200ca48                task_video_Get_Status
                0x0200ca68                video_record_start
                0x0200caf8                task_record_stop
                0x0200cb7c                taskVideoRecordeClose
                0x0200cc7c                task_video_record_caltime
                0x0200ccd0                video_record_callback
                0x0200d2e4                taskVideoRecordeOpen
                0x0200d494                taskVideoRecTimeIncreace
                0x0200d4a8                videoCapturePhoto
 .text          0x0200d4bc     0x17d0 ./Debug/taskVideoRecordMsg.c.o
                0x0200ea58                videoFocusIconCancel
                0x0200ead0                recordTimeCount1S
 .text          0x0200ec8c      0x158 ./Debug/toolFunc.c.o
                0x0200ec8c                intToString
                0x0200ed58                calWeek
 .text          0x0200ede4      0x7d8 ./Debug/uiMenuDateTimeMsg.c.o
                0x0200f254                dateTimeStrUpdate
                0x0200f27c                dateTimeIncreace
                0x0200f41c                dateTimeDecreace
 .text          0x0200f5bc      0x2f4 ./Debug/uiMenuDefaultMsg.c.o
 .text          0x0200f8b0      0x384 ./Debug/uiMenuDelAllMsg.c.o
 .text          0x0200fc34      0x400 ./Debug/uiMenuDelCurMsg.c.o
 .text          0x02010034      0x410 ./Debug/uiMenuFormatMsg.c.o
 .text          0x02010444      0x85c ./Debug/uiMenuItemMsg.c.o
                0x02010c80                menuIsOpen
 .text          0x02010ca0      0x6d8 ./Debug/uiMenuOptionMsg.c.o
 .text          0x02011378      0x2f8 ./Debug/uiMenuUsbMsg.c.o
 .text          0x02011670      0x1bc ./Debug/uiNoFileMsg.c.o
 .text          0x0201182c      0x358 ./Debug/uiTips1Msg.c.o
 .text          0x02011b84      0x33c ./Debug/uiTipsMsg.c.o
 .text          0x02011ec0      0x3bc ./Debug/uiWin.c.o
                0x02011ec0                dialogCB
                0x02012044                uiParentDealMsg
                0x02012074                uiOpenWindow
                0x0201215c                uiOpenWinAndShow
                0x0201224c                windowIsOpen
 .text          0x0201227c      0x138 ./Debug/uiMenuVersionMsg.c.o
 .text          0x020123b4       0xcc ./Debug/taskAudioPlayer.c.o
                0x020123b4                taskAudioPlayerOpen
                0x02012410                taskAudioPlayerClose
                0x02012434                taskAudioPlayerService
 .text          0x02012480     0x1b9c ./Debug/taskAudioPlayerMsg.c.o
                0x02013de4                uni2oem936_init
                0x02013e60                uni2oem936_uninit
                0x02013ea4                oem2uni936_init
                0x02013f20                oem2uni936_uninit
 .text          0x0201401c        0x0 ./Debug/taskAudioPlayerRes.c.o
 .text          0x0201401c        0x0 ./Debug/taskPhotoEncodeRes.c.o
 .text          0x0201401c        0x0 ./Debug/taskPlayBackRes.c.o
 .text          0x0201401c        0x0 ./Debug/taskVideoRecordRes.c.o
 .text          0x0201401c        0x0 ./Debug/uiMenuDateTimeRes.c.o
 .text          0x0201401c        0x0 ./Debug/uiMenuDefaultRes.c.o
 .text          0x0201401c        0x0 ./Debug/uiMenuDelAllRes.c.o
 .text          0x0201401c        0x0 ./Debug/uiMenuDelCurRes.c.o
 .text          0x0201401c        0x0 ./Debug/uiMenuFormatRes.c.o
 .text          0x0201401c        0x0 ./Debug/uiMenuItemRes.c.o
 .text          0x0201401c        0x0 ./Debug/uiMenuOptionRes.c.o
 .text          0x0201401c        0x0 ./Debug/uiMenuUsbRes.c.o
 .text          0x0201401c        0x0 ./Debug/uiMenuVersionRes.c.o
 .text          0x0201401c        0x0 ./Debug/uiNoFileRes.c.o
 .text          0x0201401c        0x0 ./Debug/uiTips1Res.c.o
 .text          0x0201401c        0x0 ./Debug/uiTipsRes.c.o
 .text          0x0201401c       0xf0 ./Debug/taskMainMenu.c.o
                0x0201401c                taskMainMenuService
                0x02014030                taskMainMenuOpen
                0x020140ec                taskMainMenuClose
 .text          0x0201410c      0x85c ./Debug/taskMainMenuMsg.c.o
 .text          0x02014968        0x0 ./Debug/taskMainMenuRes.c.o
 .text          0x02014968       0xac ./Debug/taskSettingMenu.c.o
                0x02014968                taskSettingMenuService
                0x0201497c                taskSettingMenuClose
                0x02014990                taskSettingMenuOpen
 .text          0x02014a14     0x1888 ./Debug/userInterface.c.o
                0x02014a14                actionUpperToBottom
                0x02014bcc                actionBottomToUpper
                0x02014da4                actionSquareInsideToOutside
                0x02014f54                actionSquareOutsideToInside
                0x0201510c                actionLeftBottomToRightUpper
                0x02015298                actionLeftToRight
                0x02015464                actionLeftUpperToRightBottom
                0x02015618                actionCircleInside2OutSide
                0x02015a2c                getActionFunc
                0x02015ad4                animationInit
                0x02015bc0                animationRun
                0x02015c68                animationUnInit
                0x02015cac                circle_fill
                0x02016208                type_function_circle
 .text          0x0201629c      0x508 ./Debug/upgrade.c.o
                0x0201629c                upgrade_led_control
                0x02016314                upgrade_uiProgress
                0x02016354                upgrade
 .text          0x020167a4     0x2488 ./Debug/game_block.c.o
                0x020167a4                game_cnt_down
                0x020167d4                game_cnt_reinit
                0x020167f4                game_cnt_over
                0x02016824                game_cnt_clear
                0x02016850                effect_rand_get
                0x020168d8                power_up_rand_list_init
                0x02016978                block_cnt_init
                0x020169dc                rand_get
                0x02016a6c                level_back_index_get
                0x02016a90                block_map_init
                0x02016af0                move_icon_universal_draw
                0x02016b60                game_frame_buff_show_get
                0x02016b80                block_icon_draw
                0x02016c14                block_src_init_and_draw
                0x02016cd4                block_map_draw
                0x02016d7c                game_boundary_init
                0x02016dc0                game_block_level_init
                0x02016dfc                life_icon_draw
                0x02016f08                right_score_draw
                0x0201703c                ball_icon_draw
                0x020170d4                board_icon_draw
                0x0201711c                power_up_item_icon_draw
                0x020171dc                DrawMap_block
                0x02017224                power_up_item_init
                0x0201731c                power_up_item_destroy
                0x02017388                ball_init
                0x0201746c                ball_item_destroy
                0x020174d8                copy_ball_action
                0x02017554                ball_and_board_init
                0x020175f4                board_and_ball_flash_init
                0x0201762c                move_rule
                0x02017720                game_boundary_hit_check
                0x020177cc                universal_hit_action
                0x02017800                universal_hit_check
                0x02017ae8                board_hit_check
                0x02017bc8                block_hit_check
                0x02017d44                clear_block_effect
                0x02017ef0                board_move
                0x02017fa8                ball_move
                0x0201806c                ball_fire_power_up
                0x020180d4                ball_multi_power_up
                0x02018160                power_up_item_move
                0x02018254                power_up_move
                0x020182d4                move
                0x02018390                pass_check
                0x020183ec                game_block_init
                0x02018440                block_free_buf
                0x0201849c                game_block_exit
                0x020184f0                flash_reinit
                0x020185bc                flash_init
                0x02018604                block_breaker_going_key_response
                0x020186bc                game_block_start
                0x02018780                block_breaker_going
                0x020188b8                block_breaker_level_pass
                0x0201891c                block_breaker_game_over_show
                0x02018990                block_breaker_game_pause
                0x02018ac4                game_block_key_active
                0x02018b38                game_block_entry
 .text          0x02018c2c      0xe08 ./Debug/game_snake.c.o
                0x02018c2c                snake_get_buf
                0x02018c9c                snake_put_buf
                0x02018cf4                snake_init
                0x02018da0                rand_next
                0x02018e54                createFood
                0x02018f38                creatMap
                0x02018f8c                biteSelf
                0x02018fe4                chet_endGamestatus
                0x02019074                detore_snake
                0x020190c8                snakeOSDDisplayBufGet
                0x02019114                snake_I80
                0x0201920c                snakeOSDDisplay
                0x0201926c                snake_frame_icon_draw
                0x02019378                get_malloc
                0x020193a0                show_icon_rect
                0x020194a8                show_all
                0x020195e0                snakeMove
                0x020197f4                key_read
                0x02019894                snake_main_init
                0x0201993c                game_snake_entry
 .text          0x02019a34      0x728 ./Debug/game_sokoban.c.o
                0x02019a34                Move
                0x02019b90                resultCheck
                0x02019c28                map_init
                0x02019c6c                get_map_size
                0x02019c84                man_init
                0x02019cf4                DataRead_CMode
                0x02019d68                TXZ_show_icon_rect
                0x02019e7c                TXZ_show_one_rect
                0x02019ea8                DrawMap
                0x02019f20                TXZ_show_all
                0x02019f58                get_game_map
                0x0201a020                sokoban_init
                0x0201a07c                game_sokoban_entry
 .text          0x0201a15c      0xfe4 ./Debug/game_tetris.c.o
                0x0201a15c                insertTetris
                0x0201a204                checkCollision_L
                0x0201a23c                checkCollision_R
                0x0201a270                checkCollision
                0x0201a310                show_one_diamonds
                0x0201a398                printScore
                0x0201a568                printNextTetris
                0x0201a5fc                giveTetris
                0x0201a6dc                removeTetris
                0x0201a794                printCurrentTetris
                0x0201a8b4                setPoolColor
                0x0201a968                rotateTetris
                0x0201aa0c                checkErasing
                0x0201ab9c                printTetrisPool
                0x0201ac6c                moveDownTetris
                0x0201ad1c                horzMoveTetris
                0x0201adc0                keydownControl
                0x0201ae88                endgame
                0x0201aea4                restartGame
                0x0201af44                game_tetris_init
                0x0201afd8                game_tetris_exit
                0x0201b01c                game_tetris_entry
 .text          0x0201b140     0x19ec ./Debug/taskGame.c.o
                0x0201b140                taskGameClose
                0x0201b294                gameInit
                0x0201b324                gameGetKeyADCValue
                0x0201b3d0                game_key_judge
                0x0201b45c                fps_count_reset
                0x0201b488                rand_int
                0x0201b4f4                get_game_base_buf
                0x0201b51c                get_game_show_buf
                0x0201b5f8                get_bin_data
                0x0201b67c                frame_icon_draw
                0x0201b810                game_OSD_str_draw
                0x0201be74                game_tips
                0x0201c1b0                game_over
                0x0201c2ac                gameExit
                0x0201c320                taskGameService
                0x0201c388                game_bk_draw
                0x0201c434                frame_buff_display
                0x0201c4ac                free_buf
                0x0201c4d4                game_audio_init
                0x0201c658                taskGameOpen
                0x0201c694                game_audio_play
                0x0201c83c                game_key_event
                0x0201c93c                gameTickGenerator
                0x0201ca04                game_result_tips
 .text          0x0201cb2c       0xb0 ./Debug/taskGameMenu.c.o
                0x0201cb2c                taskGameMenuService
                0x0201cb40                taskGameMenuOpen
                0x0201cbbc                taskGameMenuClose
 .text          0x0201cbdc      0xcec ./Debug/taskGameMenuMsg.c.o
 .text          0x0201d8c8        0x0 ./Debug/taskGameMenuRes.c.o
 .text          0x0201d8c8     0x11f4 ./Debug/game_plane.c.o
                0x0201d8c8                is_in_range
                0x0201d918                collision_chect
                0x0201db74                move_enemy_bullet_c
                0x0201dc14                AI_mage
                0x0201dc68                move_my_planle
                0x0201ddbc                new_my_bullet
                0x0201de6c                new_p_boom
                0x0201df30                move_my_bullet_c
                0x0201e020                move_bullet
                0x0201e044                move_one_enemy_planle
                0x0201e20c                move_enemy_planle
                0x0201e254                new_enemy_Plane
                0x0201e330                pGame_show_icon_rect
                0x0201e4e4                show_plane_boom
                0x0201e548                show_enemy_Plane
                0x0201e5a0                show_my_bullet
                0x0201e5f8                show_score
                0x0201e88c                game_plane_entry
 .text          0x0201eabc      0x5a8 ./Debug/game_maze.c.o
                0x0201eabc                Move_maze
                0x0201ec7c                resultCheck_maze
                0x0201ecd4                maze_map_set
                0x0201ed14                get_map_maze_size
                0x0201ed2c                man_maze_init
                0x0201ed5c                maze_show_one_rect
                0x0201ee20                maze_DrawMap
                0x0201ee98                maze_show_all
                0x0201eed0                maze_map_init
                0x0201ef18                maze_keypress
                0x0201ef6c                maze_init
                0x0201efb4                game_maze_entry
 .text          0x0201f064        0x0 ./Debug/xos_x_cpu.c.o
 .text          0x0201f064      0x1b0 ./Debug/xos_xmbox.c.o
                0x0201f064                XMboxInit
                0x0201f0a4                XMboxCreate
                0x0201f12c                XMboxDestory
                0x0201f164                XMboxPost
                0x0201f1b8                XMboxPend
 .text          0x0201f214      0x2e4 ./Debug/xos_xmsgq.c.o
                0x0201f214                XMsgQInit
                0x0201f254                XMsgQCreate
                0x0201f2e4                XMsgQDestory
                0x0201f31c                XMsgQFlush
                0x0201f35c                XMsgQPost
                0x0201f3d4                XMsgQPostFront
                0x0201f450                XMsgQPend
                0x0201f4e0                XMsgQCheck
 .text          0x0201f4f8      0x12c ./Debug/xos_xos.c.o
                0x0201f4f8                XOSInit
                0x0201f538                XOSTickService
                0x0201f5a8                XOSTimeGet
                0x0201f5c8                XOSTimeDly
                0x0201f604                XOSRandom
 .text          0x0201f624      0x168 ./Debug/xos_xwork.c.o
                0x0201f624                XWorkInit
                0x0201f664                XWorkCreate
                0x0201f6f0                XWorkDestory
                0x0201f720                XWorkService
 .text          0x0201f78c      0xb04 ./Debug/multimedia_user_media.c.o
                0x0201f78c                jpg_decode_buf
                0x0201f830                jpg_buf_decode_buf
                0x0201f8d4                yuv_rgb_table_init
                0x0201faf0                yuv_rgb_table_uninit
                0x0201fb34                bmp24_to_yuv420_buf
                0x0201feb8                yuv420_draw_buf
                0x020200a8                yuv420_software_set_handle_frame
                0x020200c8                yuv420_software_get_handle_frame
                0x020200e8                yuv420_effect_handle
 .text          0x02020290      0x1ec ./Debug/sUI_button.c.o
                0x02020364                buttonCreate
                0x020203d8                buttonCreateIndirect
 .text          0x0202047c      0x168 ./Debug/sUI_dialog.c.o
                0x0202047c                dialogCreate
                0x0202052c                dialogItem
 .text          0x020205e4      0x22c ./Debug/sUI_frameWin.c.o
                0x0202073c                frameWinCreate
                0x020207a0                frameWinCreateIndirect
 .text          0x02020810      0x2b0 ./Debug/sUI_imageIcon.c.o
                0x02020998                imageIconCreate
                0x02020a44                imageIconCreateIndirect
 .text          0x02020ac0     0x191c ./Debug/sUI_itemManage.c.o
                0x02020ac0                itemManageCreate
                0x02020b44                itemManageCreateIndirect
                0x02020bb8                itemManageSetItemHeight
                0x02020d3c                itemManageSetItemRowSumGap
                0x02020e44                itemManageSetHeightAvgGap
                0x02020fb8                itemManageSetRowSum
                0x020210ec                itemManageSetColumnSum
                0x0202123c                itemManageSetColumnSumWithGap
                0x020213b8                itemManageSetColumnMargin
                0x020214e8                itemManageCreateItem
                0x02021684                itemManageSetResInforFuncEx
                0x020216dc                itemManageSetCurItem
                0x020219d8                itemManageUpdateRes
                0x02021a90                itemManageUpdateAllitem
                0x02021af4                itemManageUpdateCurItem
                0x02021c98                itemManageNextItem
                0x02021d08                itemManagePreItem
                0x02021d78                itemManageNextPage
                0x02021dfc                itemManagePrePage
                0x02021e84                itemManageGetCurrentItem
                0x02021ee8                itemManageSetCharInfor
                0x02021fa0                itemManageSetSelectColor
                0x0202203c                itemManageSetSelectImage
                0x020220dc                itemManageSetUnselectColor
                0x02022178                itemManageSetUnselectImage
                0x02022218                itemManageGetTouchInfor
 .text          0x020223dc      0x3c4 ./Debug/sUI_menuItem.c.o
                0x0202260c                menuItemCreate
                0x020226b4                itemCreateMenuItem
 .text          0x020227a0      0x504 ./Debug/sUI_menuItemEx.c.o
                0x02022ac8                menuItemExCreate
                0x02022b78                itemCreateMenuItemEx
 .text          0x02022ca4      0x360 ./Debug/sUI_menuOption.c.o
                0x02022e98                menuOptionCreate
                0x02022f3c                itemCreatemenuOption
 .text          0x02023004      0x344 ./Debug/sUI_progressBar.c.o
                0x0202322c                progressBarCreate
                0x020232b0                progressBarCreateIndirect
                0x02023328                progressBarSetDirction
 .text          0x02023348      0x264 ./Debug/sUI_rect.c.o
                0x020234b4                rectCreate
                0x02023538                rectCreateIndirect
 .text          0x020235ac      0x380 ./Debug/sUI_stringIcon.c.o
                0x020237bc                stringIconCreate
                0x02023878                stringIconCreateIndirect
 .text          0x0202392c      0x2b0 ./Debug/sUI_tips.c.o
                0x02023ac8                tipsCreate
                0x02023b54                tipsCreateIndirect
 .text          0x02023bdc      0x26c ./Debug/sUI_uiAlloc.c.o
                0x02023bdc                uiHeapInit
                0x02023c14                uiAlloc
                0x02023d0c                uiFree
                0x02023e0c                uiHeapInfor
                0x02023e34                heapAllocTest
 .text          0x02023e48      0x11c ./Debug/sUI_widget.c.o
                0x02023e48                widgetProc
                0x02023e94                widgetSetType
                0x02023ec4                widgetGetType
                0x02023ef8                widgetGetId
                0x02023f30                widgetSetId
 .text          0x02023f64     0x1b78 ./Debug/sUI_winManage.c.o
                0x02023f64                winErrShow
                0x02023fb0                winSendMsg
                0x02023ff0                winSendMsgNoData
                0x02024018                winSendMsgToParent
                0x02024048                winSendMsgToParentNoData
                0x02024070                winOverlapping
                0x020240d4                winContain
                0x02024138                winHasInvalidRect
                0x020241cc                winFreeInvalidRect
                0x020244c8                winCreate
                0x020248d4                winDestroy
                0x02024a40                winGetTouchInfor
                0x02024a70                winTouch
                0x02024c90                winSetbgColor
                0x02024cc4                winSetfgColor
                0x02024cf8                winSetVisible
                0x02024d7c                winIsVisible
                0x02024db8                winSetResid
                0x02024de8                winSetItemSelResid
                0x02024e18                winSetStrInfor
                0x02024e68                resInforInit
                0x02024eb4                winSetSelectInfor
                0x02024ee4                winSetUnselectInfor
                0x02024f14                winChangeNotify
                0x02024f7c                winDefaultProc
                0x02025358                winResize
                0x020254e8                winGetRelativePos
                0x02025578                winGetPos
                0x020255bc                winUpdate
                0x0202562c                winSetPorgressRate
                0x0202565c                winSetPorgressDirction
                0x0202568c                winGetCurrent
                0x020256ac                winPaint
                0x020257b8                winSetName
                0x020257d8                winIntersection
                0x0202588c                winUpdateAllResId
                0x020258f0                winDestroyDeskTopChildWin
                0x02025964                winInit
                0x02025a50                winUninit
 .text          0x02025adc      0x110 ./Debug/sUI_memPool.c.o
                0x02025adc                mempCreate
                0x02025b44                mempGet
                0x02025b9c                mempPut
                0x02025bd8                mempInfor
 .text          0x02025bec      0x43c ./Debug/sUI_widgetManage.c.o
                0x02025e40                widgetManageCreate
                0x02025ec4                widgetManageCreateIndirect
                0x02025f34                widgetManageUpdateAll
                0x02025f58                widgetManageUpdateCur
                0x02025f7c                widgetManageNext
                0x02025fa0                widgetManagePre
                0x02025fc4                widgetManageSelect
                0x02025ff8                widgetManageCurId
 .text          0x02026028      0x3bc ./Debug/src_ax32xx_int.c.o
                0x02026028                ax32xx_intHandler
                0x0202603c                fast_isr
                0x0202611c                slow_isr
                0x02026210                ax32xx_intEnable
                0x02026258                ax32xx_int_priority
                0x020262a0                ax32xx_intInit
 .text          0x020263e4      0xa44 ./Debug/src_ax32xx_sys.c.o
                0x020263e4                ax32xx_sysCpuMsDelay
                0x02026420                ax32xx_sysCpuNopDelay
                0x02026448                ax32xx_sysDcacheInit
                0x0202648c                ax32xx_sysIcacheInit
                0x020264d0                ax32xx_sysDcacheWback
                0x0202654c                ax32xx_sysDcacheFlush
                0x020265c8                ax32xx_sysDcacheInvalid
                0x02026644                ax32xx_sysSRAMClear
                0x02026698                ax32xx_sysBSSClear
                0x020266fc                ax32xx_sysLDOSet
                0x020268e0                ax32xx_sysClkSet
                0x0202693c                ax32xx_sysReset
                0x0202697c                ax32xx_sys_dma_memdown
                0x020269e0                ax32xx_sys_dma_memkick
                0x02026aa4                ax32xx_mcpy_gram2ufifo
                0x02026b04                ax32xx_mcpy1_sdram2gram
                0x02026ba8                ax32xx_mcpy1_sdram2gram_2
                0x02026c08                ax32xx_sysInit
                0x02026d68                ax32xx_sysUninit
 .text          0x02026e28      0x298 ./Debug/src_ax32xx_dma.c.o
                0x02026e28                ax32xx_dmaNocCfg
                0x02027050                ax32xx_dmaNocDefault
                0x02027078                ax32xx_dmaChannelEnable
 .text          0x020270c0       0x98 ./Debug/src_ax32xx_wdt.c.o
                0x020270c0                ax32xx_wdtEnable
                0x020270f4                ax32xx_wdtTimeSet
                0x02027108                ax32xx_wdtClear
                0x0202713c                ax32xx_wdtReset
 .text          0x02027158      0xe08 ./Debug/src_ax32xx_gpio.c.o
                0x02027158                ax32xx_gpioSFRSet
                0x0202739c                ax32xx_gpioDirSet
                0x02027440                ax32xx_gpioPullSet
                0x0202750c                ax32xx_gpioDrvSet
                0x0202759c                ax32xx_gpioDataSet
                0x02027628                ax32xx_gpioDataGrounpSet
                0x020276a4                ax32xx_gpioDataGet
                0x02027728                ax32xx_gpioMapSet
                0x020277b8                ax32xx_gpioDigitalSet
                0x02027848                ax32xx_gpioHystersisSet
                0x020278d8                ax32xx_gpioLedPull
                0x020279a4                ax32xx_gpioLedInit
                0x02027a34                ax32xx_gpioINTCheck
                0x02027a6c                ax32xx_gpioINTClear
                0x02027a94                ax32xx_gpioINTInit
                0x02027bc4                ax32xx_gpioIRQHandler
                0x02027c60                ax32xx_io1d1_softstart
                0x02027e20                ax32xx_io1d1_softstart_clr
                0x02027ed0                ax32xx_io1d1_pd_enable
 .text          0x02027f60      0x1a4 ./Debug/src_ax32xx_uart.c.o
                0x02027f60                ax32xx_uart0IRQHandler
                0x02027fb0                ax32xx_uart0IOCfg
                0x02028050                ax32xx_uart0Init
                0x020280c4                ax32xx_uart0SendByte
 .text          0x02028104      0x9ec ./Debug/src_ax32xx_timer.c.o
                0x02028104                ax32xx_timer0IRQHandler
                0x02028148                ax32xx_timer1IRQHandler
                0x0202818c                ax32xx_timer2IRQHandler
                0x020281d0                ax32xx_timer3IRQHandler
                0x02028214                ax32xx_timerISRRegister
                0x02028258                ax32xx_timerStart
                0x02028354                ax32xx_timerStop
                0x02028424                ax32xx_timerEnable
                0x020284b0                ax32xx_timerDisable
                0x02028554                ax32xx_timerTickStart
                0x02028588                ax32xx_timerTickStop
                0x020285a8                ax32xx_timerTickCount
                0x020285c4                ax32xx_timerPWMStart
                0x02028a3c                ax32xx_timerPWMStop
 .text          0x02028af0      0x468 ./Debug/src_ax32xx_tminf.c.o
                0x02028af0                ax32xx_mjpegATimeinfoEnable
                0x02028b5c                ax32xx_mjpegBTimeinfoEnable
                0x02028bc8                ax32xx_mjpegATimeinfoColor
                0x02028c14                ax32xx_mjpegBTimeinfoColor
                0x02028c70                ax32xx_mjpegATimeinfoSize
                0x02028ccc                ax32xx_mjpegBTimeinfoSize
                0x02028d54                ax32xx_mjpegATimeinfoPos
                0x02028db0                ax32xx_mjpegBTimeinfoPos
                0x02028e38                ax32xx_mjpegATimeinfoAddr
                0x02028e7c                ax32xx_mjpegBTimeinfoAddr
                0x02028eec                ax32xx_recfg_mjpb_tminf
 .text          0x02028f58      0x7f4 ./Debug/src_ax32xx_spi.c.o
                0x02028f58                ax32xx_spi0Init
                0x02029178                ax32xx_spi0SendByte
                0x020291cc                ax32xx_spi0RecvByte
                0x02029220                ax32xx_spi0Send0
                0x020292d8                ax32xx_spi0Recv0
                0x02029390                ax32xx_spi0CS0Config
                0x020293d4                spi1_pin_config
                0x020294a4                hal_spi1Init
                0x0202951c                spi1_send_byte
                0x0202958c                spi1_receive_byte
                0x020295d4                spi1_recevie_dma
                0x0202966c                spi1_send_dma
                0x02029708                spi1_enable
 .text          0x0202974c      0xb74 ./Debug/src_ax32xx_rtc.c.o
                0x0202974c                ax32xx_rtcWriteByte
                0x0202979c                ax32xx_rtcReadByte
                0x02029800                ax32xx_rtcRamRead
                0x0202989c                ax32xx_rtcRamWrite
                0x02029938                ax32xx_rtcDataRead
                0x020299c0                ax32xx_rtcDataWrite
                0x02029a48                ax32xx_rtcInit
                0x02029af8                ax32xx_rtcIRQHandler
                0x02029bb0                ax32xx_rtcSencodEnable
                0x02029c2c                ax32xx_rtcAlamEnable
                0x02029d14                ax32xx_rtcAlamSet
                0x02029d5c                ax32xx_rtcGet
                0x02029db0                ax32xx_rtcSet
                0x02029df8                ax32xx_WKOEnable
                0x02029e54                ax32xx_VDDGSENEnable
                0x02029ec4                ax32xx_WKI0InputEnable
                0x02029f34                ax32xx_WKI1InputEnable
                0x02029fa4                ax32xx_WKI1Read
                0x02029fc8                ax32xx_WKI0Read
                0x02029fec                ax32xx_WKI1WakeupEnable
                0x0202a154                ax32xx_WKI1WakeupTriger
                0x0202a1a4                ax32xx_WKI1CleanPending
                0x0202a1e0                ax32xx_rtcBatDecEnable
                0x0202a250                ax32xx_rtcSenHVEnable
 .text          0x0202a2c0      0x7e8 ./Debug/src_ax32xx_iic.c.o
                0x0202a378                software_iic_sdaout
                0x0202a3ac                software_iic_sdain
                0x0202a3e0                software_iic_sda_set
                0x0202a40c                software_iic_scl_set
                0x0202a438                software_iic_sda_get
                0x0202a460                software_iic_init
                0x0202a490                software_iic_start
                0x0202a508                software_iic_stop
                0x0202a580                software_iic_wait_ack
                0x0202a638                ax32xx_iic0Init
                0x0202a6f8                ax32xx_iic0Uninit
                0x0202a73c                ax32xx_iic0Start
                0x0202a758                ax32xx_iic0Stop
                0x0202a798                ax32xx_iic0RecvACK
                0x0202a7c0                ax32xx_iic0SendACK
                0x0202a7e4                ax32xx_iic0SendByte
                0x0202a834                ax32xx_iic0RecvByte
                0x0202a888                ax32xx_iic1Init
                0x0202a8b0                ax32xx_iic1Uninit
                0x0202a8f4                ax32xx_iic1Start
                0x0202a910                ax32xx_iic1Stop
                0x0202a970                ax32xx_iic1RecvACK
                0x0202a998                ax32xx_iic1SendACK
                0x0202a9bc                ax32xx_iic1SendByte
                0x0202aa2c                ax32xx_iic1RecvByte
 .text          0x0202aaa8      0x66c ./Debug/src_ax32xx_dac.c.o
                0x0202aae8                ax32xx_dacIRQHandler
                0x0202abbc                ax32xx_dacSampleRateSet
                0x0202ac2c                ax32xx_dacEnable
                0x0202acb0                ax32xx_dacVolumeSet
                0x0202ad28                ax32xx_dacBufferSet
                0x0202ad48                ax32xx_dacBufferFlush
                0x0202ad68                ax32xx_dacReset
                0x0202ad8c                ax32xx_dacStart
                0x0202ae08                ax32xx_dacStop
                0x0202ae38                ax32xx_dacISRRegister
                0x0202ae58                ax32xx_dacHPSet
                0x0202aeec                eq_coeff_init
                0x0202af5c                eq_gain_init
                0x0202afcc                ax32xx_dacInit
 .text          0x0202b114      0x114 ./Debug/src_ax32xx_adc.c.o
                0x0202b114                ax32xx_adcEnable
                0x0202b17c                ax32xx_adcSetBaudrate
                0x0202b1ac                ax32xx_adcConverStart
                0x0202b1d0                ax32xx_adcRead
 .text          0x0202b228      0x4d0 ./Debug/src_ax32xx_auadc.c.o
                0x0202b228                ax32xx_auadcIRQHandler
                0x0202b2b8                ax32xx_auadcHalfIRQRegister
                0x0202b2d8                ax32xx_auadcEndIRQRegister
                0x0202b2f8                ax32xx_auadcEnable
                0x0202b3f0                ax32xx_auadcAGCEnable
                0x0202b480                ax32xx_auadcGainSet
                0x0202b4fc                ax32xx_auadcBufferSet
                0x0202b55c                ax32xx_auadcInit
                0x0202b600                ax32xx_auadcSetSampleSet
                0x0202b6e4                agc_gain_mnt
 .text          0x0202b6f8      0x298 ./Debug/src_jpeg_table.c.o
                0x0202b6f8                jpegA_table_init
                0x0202b874                ax32xx_mjpB_tab_init
 .text          0x0202b990      0xd68 ./Debug/src_ax32xx_usb.c.o
                0x0202b990                _usb_bulk_tx
                0x0202bacc                _usb_bulk_rx
                0x0202bbd8                _usb_iso_kick
                0x0202bcc8                _iso_wait_txdown
                0x0202bd38                usb_iso_tx
                0x0202be38                usb_burst_reset
                0x0202be84                usb_host_reset
                0x0202bed0                usb_phyreset_as_typeb
                0x0202c018                usb_phyreset_as_typea
                0x0202c164                usb_insert
                0x0202c178                usb_check_hal
                0x0202c18c                get_u32softcnt
                0x0202c1ac                ax32xx_usbIRQHanlder
                0x0202c2a0                ax32xx_usbCallbackRegister
                0x0202c2dc                ax32xx_usb_hostIRQHanlder
                0x0202c2f0                usb_device_check
                0x0202c3b8                ax32xx_usbPhyPllEnable
                0x0202c460                usb11_registers_write
                0x0202c48c                usb11_registers_read
                0x0202c4c4                usb_memcpy
                0x0202c538                usb_phyreset_as_typea11
                0x0202c54c                usb11_host_reset
                0x0202c560                ax32xx_usb11_hostIRQHanlder
                0x0202c574                usb20_host_check
                0x0202c63c                usb11HostCheckNoWait
                0x0202c650                usb11_host_check
                0x0202c664                usb20_phyreset_as_filter
 .text          0x0202c6f8      0x210 ./Debug/src_ax32xx_misc.c.o
                0x0202c6f8                str_seek
                0x0202c764                dec_num2str
                0x0202c7a4                char_2_hex
                0x0202c7f8                data_check
                0x0202c838                pointer_check
                0x0202c85c                half_word_memcpy
                0x0202c894                word_memcpy
                0x0202c8cc                word_reg_memcpy
 .text          0x0202c908      0x14c ./Debug/src_ax32xx_pip.c.o
                0x0202c908                ax32xx_pipConfig
                0x0202c984                ax32xx_pipEnable
                0x0202c9c8                ax32xx_pipCounterReset
                0x0202ca08                ax32xx_pipGetTopLayer
                0x0202ca2c                ax32xx_pipGetBotLayer
 .text          0x0202ca54        0x0 ./Debug/src_ax32xx_btuart.c.o
 .text          0x0202ca54        0x0 ./Debug/src_ax32xx_crc.c.o
 .text          0x0202ca54      0x26c ./Debug/src_ax32xx_emi.c.o
                0x0202ca54                ax32xx_emiInit
                0x0202cb90                ax32xx_emiISRRegister
                0x0202cbc4                ax32xx_emiIRQHandler
                0x0202cc20                ax32xx_emiKick
                0x0202cc7c                ax32xx_emiCheckBusy
                0x0202cc9c                ax32xx_emiCheckRXError
 .text          0x0202ccc0      0x278 ./Debug/src_ax32xx_rotate.c.o
                0x0202ccc0                ax32xx_rotateISRRegiser
                0x0202cce0                ax32xx_rotateCheckBusy
                0x0202cd00                ax32xx_rotateReset
                0x0202cd4c                ax32xx_rotateStart
                0x0202ce64                ax32xx_rotateWaitFrameDone
                0x0202ceb8                ax32xx_rotateIRQHandler
                0x0202cf08                ax32xx_rotateGetSrcYAddr
 .text          0x0202cf38      0x370 ./Debug/src_ax32xx_osdcmp.c.o
                0x0202cf38                ax32xx_osdcmpISRRegiser
                0x0202cf58                ax32xx_osdcmpCheckBusy
                0x0202cf7c                ax32xx_osdcmpReset
                0x0202cfc8                ax32xx_osdcmpGetCompSize
                0x0202cfe8                ax32xx_osdcmpKick
                0x0202d0bc                ax32xx_osdcmpWaitFrameDone
                0x0202d154                ax32xx_osdcmpCompOneFrame
                0x0202d25c                ax32xx_osdcmpIRQHandler
 .text          0x0202d2a8       0x3c ./Debug/src_ax32xx_isp.c.o
                0x0202d2a8                ax32xx_ispModeSet
 .text          0x0202d2e4      0xd68 ./Debug/osd_ax32xx_osd.c.o
                0x0202d2e4                ax32xx_deWait
                0x0202d340                ax32xx_deUpdate
                0x0202d364                ax32xx_deGetUpdateStatus
                0x0202d388                ax32xx_deIRQHandler
                0x0202d3e8                ax32xx_deISRRegister
                0x0202d408                ax32xx_deInit
                0x0202d484                ax32xx_deSetBackground
                0x0202d4b8                ax32xx_deSetCSC
                0x0202d504                ax32xx_videoSetDither
                0x0202d5a4                ax32xx_videoSetScale
                0x0202d5f0                ax32xx_videoSetScaleLine
                0x0202d660                ax32xx_videoSetScanMode
                0x0202d6ac                ax32xx_videoGetYAddr
                0x0202d6dc                ax32xx_videoGetUVAddr
                0x0202d70c                ax32xx_videoSetAddr
                0x0202d728                ax32xx_videoSetStride
                0x0202d74c                ax32xx_videoSetSize
                0x0202d784                ax32xx_videoSetPosition
                0x0202d7ac                ax32xx_videoCopyCfg
                0x0202d814                ax32xx_videoEnable
                0x0202d858                ax32xx_degamma_cfg
                0x0202d878                ax32xx_videoGammaRed
                0x0202d8bc                ax32xx_videoGammaGreen
                0x0202d900                ax32xx_videoGammaBlue
                0x0202d944                ax32xx_deSetGAMA
                0x0202d9c8                ax32xx_deSet_DE_CCM
                0x0202dab0                ax32xx_deSet_DE_SAJ
                0x0202db1c                ax32xx_videoGammaEnable
                0x0202db60                ax32xx_osdEnable
                0x0202dbcc                ax32xx_osdSetSize
                0x0202dc20                ax32xx_osdSetPosition
                0x0202dc74                ax32xx_osdSetPalette
                0x0202dcbc                ax32xx_osdSetAddr
                0x0202dd78                ax32xx_osdGetAddr
                0x0202ddc8                ax32xx_osdSetAlpha
                0x0202de34                ax32xx_osdSetUpscaler
                0x0202dffc                ax32xx_osdEncodeOneCode
 .text          0x0202e04c      0xfc8 ./Debug/csi_ax32xx_csi.c.o
                0x0202e04c                hal_csi_fcnt_get
                0x0202e07c                ax32xx_csiIRQHandler
                0x0202e30c                ax32xx_csiISRRegiser
                0x0202e348                ax32xx_csiMJPEGFrameSet
                0x0202e3b8                ax32xx_csihv_tomjp_dma_cfg
                0x0202e444                ax32xx_csi_only_FrameSet
                0x0202e464                ax32xx_csiYUVFrameSet
                0x0202e478                ax32xx_csiIOConfig
                0x0202e4d0                ax32xx_csiInit
                0x0202e4fc                ax32xx_csiMclkSet
                0x0202e5c0                ax32xx_csi_set_mclk_free
                0x0202e608                ax32xx_csiSyncSet
                0x0202e66c                ax32xx_csiPrioritySet
                0x0202e6b0                ax32xx_csiTypeSet
                0x0202e71c                ax32xx_csiModeSet
                0x0202e758                ax32xx_pclk_fir_Set
                0x0202e7c0                ax32xx_pclk_analog_Set
                0x0202e810                ax32xx_pclk_inv_Set
                0x0202e854                ax32xx_csi_clk_tun_Set
                0x0202e89c                ax32xx_csiSizeSet
                0x0202e8d4                ax32xx_csiInputAddrSet
                0x0202e8ec                ax32xx_csiTestModeSet
                0x0202e954                ax32xx_csiDvpClkDivSet
                0x0202e99c                ax32xx_csiLCDFrameSet
                0x0202e9c8                ax32xx_csiLCDDmaEnable
                0x0202ea64                ax32xx_csiLCDDmaKick
                0x0202eaa8                ax32xx_csiLCDScaler
                0x0202ec84                ax32xx_csiScaler
                0x0202edcc                ax32xx_hvScaler
                0x0202ef20                ax32xx_csiScalerCheck
                0x0202ef48                ax32xx_csiOutputSet
                0x0202ef84                ax32xx_csiEnable
 .text          0x0202f014      0xd70 ./Debug/lcd_ax32xx_lcd.c.o
                0x0202f014                ax32xx_lcdSPIMode
                0x0202f040                ax32xx_lcdSPIInit
                0x0202f0f0                ax32xx_lcdSPIUninit
                0x0202f12c                ax32xx_lcdSPISendData
                0x0202f2a0                ax32xx_lcdMcuSendCmd
                0x0202f304                ax32xx_lcdMcuSendData
                0x0202f358                ax32xx_lcdMcuSendCmd16
                0x0202f3dc                ax32xx_lcdMcuSendData16
                0x0202f460                ax32xx_lcdInit
                0x0202f4ac                ax32xx_lcdIRQEnable
                0x0202f4f4                ax32xx_lcdPreLineSet
                0x0202f510                ax32xx_lcdSignalSet
                0x0202f5a8                ax32xx_lcdBusWidth
                0x0202f5fc                ax32xx_lcdBusEnable
                0x0202f64c                ax32xx_lcdClkSet
                0x0202f66c                ax32xx_lcdSyncSet
                0x0202f690                ax32xx_lcdDESignalSet
                0x0202f6b4                ax32xx_lcdPositionSet
                0x0202f6d0                ax32xx_lcdResolutionSet
                0x0202f6ec                ax32xx_lcdWindowSizeSet
                0x0202f708                ax32xx_lcdDataModeSet
                0x0202f74c                ax32xx_lcdClkNumberSet
                0x0202f764                ax32xx_lcdEndLineSet
                0x0202f780                ax32xx_lcdPanelMode
                0x0202f7c8                ax32xx_lcdEnable
                0x0202f82c                ax32xx_lcdTeMode
                0x0202f874                ax32xx_lcdKick
                0x0202f8ac                ax32xx_lcdIRQHandler
                0x0202fa1c                ax32xx_lcdISRRegister
                0x0202fa60                ax32xx_lcdReset
                0x0202facc                ax32xx_lcdMCUIOConfig
                0x0202fbb0                ax32xx_lcdRGBIOConfig
                0x0202fc94                ax32xx_lcd_lsawbtooth
 .text          0x0202fd84     0x1f10 ./Debug/mjpeg_ax32xx_mjpeg.c.o
                0x0202fd84                ax32xx_mpegPrint
                0x02030200                ax32xx_mjpB_reset
                0x0203026c                ax32xx_mjpegAIRQHandler
                0x020302c0                ax32xx_mjpeg_encode_check
                0x0203042c                ax32xx_mjpB_employ
                0x02030458                ax32xx_mjpB_dcdown_reg
                0x02030478                ax32xx_mjB_as_dcode
                0x020304a4                ax32xx_mjpegEA_ncodeISRRegister
                0x020304c4                ax32xx_mjpegEB_ncodeISRRegister
                0x020304e4                ax32xx_mjpegEA_ncodeISR
                0x02030510                ax32xx_mjpegDecodeISRRegister
                0x02030530                ax32xx_mjpegEncodeBufferSet
                0x0203057c                ax32xx_mjpegEncodeEnable
                0x0203066c                ax32xx_mjpegEncode_wifi_Enable
                0x0203075c                ax32xx_mjpegEncodeSizeSet
                0x02030804                ax32xx_mjpegEncodeQuilitySet
                0x0203084c                cal_jA_1s_size
                0x0203087c                ax32xx_mjpegEncodeQadj
                0x02030960                ax32xx_mjpegEncodeInfoSet
                0x020309a8                ax32xx_mjpegEncodeLoadAddrGet
                0x020309c4                ax32xx_mjpeg_inlinebuf_init
                0x020309e0                ax32xx_mjpegEncodeInit
                0x02030c18                ax32xx_mjpeg_manual_on
                0x02030c60                ax32xx_mjpeg_manual_stop
                0x02030c84                ax32xx_mjpegDecodeScalerCal
                0x02030d54                ax32xx_mjpegDecodeSetSize
                0x02030f78                ax32xx_mjpegDecodeOutputSet
                0x02030f94                ax32xx_mjpegDecodeInputSet
                0x02030fcc                ax32xx_mjpegDecodeDriSet
                0x02030fe4                ax32xx_mjpegDecodeCompressSet
                0x02030ffc                ax32xx_mjpegDecodeInitTable
                0x02031040                ax32xx_mjpegDecodeInit
                0x02031244                ax32xx_mjpegDecodeDCTimeSet
                0x020312e4                ax32xx_mjpegDecodeEnable
                0x02031360                ax32xx_mjpegDecodeKick
                0x020313b8                ax32xx_mjpegDecodeStop
                0x020313f4                ax32xx_mjpegBIRQHandler
                0x020314f0                ax32xx_mjpegDecodeQDTCfg
                0x02031550                ax32xx_mjpegDecodeStatus
                0x02031584                ax32xx_mjpegDecodeCheck
                0x020315b4                ax32xx_mjpegDecodeODma1Cfg
                0x02031648                ax32xx_mjpB_Ctl_init
                0x020318fc                ax32xx_mjpB_Linebuf_cfg
                0x02031918                ax32xx_mjpB_dma_cfg
                0x02031944                ax32xx_mjpB_stop
                0x020319ac                ax32xx_mjpB_on
                0x020319f8                ax32xx_mjpB_stop_2
                0x02031a4c                ax32xx_mjpegB_encode_check
                0x02031bc0                ax32xx_mjpB_on_2
                0x02031bf8                jpeg1_decode_check
 .text          0x02031c94        0x0 ./Debug/resource_user_icon.c.o
 .text          0x02031c94        0x0 ./Debug/resource_user_str.c.o
 .text          0x02031c94      0x110 ./Debug/src_hal_adc.c.o
                0x02031c94                hal_adcInit
                0x02031cd0                hal_adcRead
                0x02031cfc                hal_adcSetChannel
                0x02031d48                hal_adcGetChannel
                0x02031d84                hal_adcVDDRTCCalculate
 .text          0x02031da4       0xf0 ./Debug/src_hal_csi.c.o
                0x02031da4                hal_csiMCLKSet
                0x02031dc4                hal_csiRegister
                0x02031df8                hal_csiResolutionGet
                0x02031e54                hal_csiAdptGet
                0x02031e74                hal_csi_SeninitGet
 .text          0x02031e94      0x24c ./Debug/src_hal_dac.c.o
                0x02031edc                hal_dacInit
                0x02031f34                hal_dacPlayStart
                0x02031fe0                hal_dacPlayStop
                0x0203200c                hal_dacSetVolume
                0x02032070                hal_dacSetBuffer
                0x02032094                hal_dacCallBackRegister
                0x020320b8                hal_dacHPSet
 .text          0x020320e0        0x0 ./Debug/src_hal_eeprom.c.o
 .text          0x020320e0      0x2cc ./Debug/src_hal_gpio.c.o
                0x020320e0                hal_gpioInit
                0x02032188                hal_gpioInit_io1d1
                0x02032230                hal_io1d1_softstart
                0x02032260                hal_io1d1_softstart_clr
                0x02032288                hal_io1d1_pd_enable
                0x020322b0                hal_gpioEPullSet
                0x0203230c                hal_gpioWrite
                0x02032334                hal_gpioRead
                0x02032358                hal_gpioIntInit
                0x02032380                hal_gpioLedInit
 .text          0x020323ac      0x64c ./Debug/src_hal_iic.c.o
                0x020323ac                hal_iic0Init
                0x020323d8                hal_iic0Uninit
                0x020323f8                hal_iic08bitAddrWriteData
                0x02032494                hal_iic08bitAddrReadData
                0x0203254c                hal_iic08bitAddrWrite
                0x0203260c                hal_iic08bitAddrRead
                0x020326e0                hal_iic016bitAddrWriteData
                0x02032788                hal_iic016bitAddrReadData
                0x0203284c                hal_iic016bitAddrWrite
                0x02032918                hal_iic016bitAddrRead
 .text          0x020329f8     0x1704 ./Debug/src_hal_lcd.c.o
                0x02032cc0                hal_lcdSetBufYUV
                0x02032d54                hal_lcd_vde_cfg
                0x02032d8c                hal_lcd_gamma_cfg
                0x02032da0                usb_lcd_cfg
                0x02032db4                lcd_isp_config
                0x02032dc8                hal_lcdLCMPowerOff
                0x02032e40                hal_lcdPreviewStop
                0x02032e8c                hal_lcdSetShowingSize
                0x02032ea4                hal_lcdSetRoate
                0x02032ebc                hal_lcdDealBuffer
                0x02032f70                hal_lcdGetShowingBuffer
                0x02032fd4                hal_lcdGetIdleBuffer
                0x02033014                hal_lcdPreviewStart
                0x02033158                hal_lcdSetFrame
                0x02033180                vch_debug
                0x02033194                hal_lcdSetVCH
                0x0203326c                hal_lcdUpdataVCH
                0x02033368                hal_lcdSwitchFrame2
                0x020335e8                hal_lcdPreSetPIPEnable
                0x02033608                hal_lcdSetPIPEnable
                0x02033640                hal_lcdGetResolution
                0x020336c4                hal_lcdGetOSDShowingResolution
                0x02033720                hal_lcdGetOSDShowingPosition
                0x0203377c                hal_lcdGetShowingRotate
                0x020337ac                hal_lcdGetBufferResolution
                0x02033808                hal_lcdGetVideoPos
                0x02033864                deocode_done
                0x020338c4                hal_lcd_get_next_frame
                0x02033974                lcd_struct_get
                0x02033994                hal_lcdFrameEndCallBack
                0x020339e0                hal_lcdRegister
                0x02034078                hal_lcd_lsawtooth
                0x02034098                hal_lcdSetCsiCrop
 .text          0x020340fc      0x75c ./Debug/src_hal_osd.c.o
                0x020340fc                hal_osdGetIdleRotateBuffer
                0x02034120                hal_osdGetIdleCmpBuffer
                0x02034144                hal_osdGetIdleDispBuffer
                0x02034168                hal_osdBufferRelease
                0x02034190                hal_osdDealBuffer
                0x02034210                hal_osdInit
                0x020344b4                hal_osdGetCurBuff
                0x020344f4                hal_osdGetFreeBuff
                0x02034544                hal_osdSetBuff
                0x020345ac                hal_osdEnable
                0x020345e8                hal_osdSetAddr
                0x02034624                hal_osdSetBuffer
                0x020346a4                hal_osdSetPosition
                0x020346ec                hal_osdSetPalette
                0x02034724                hal_osdSetSize
                0x02034764                hal_osdSetAlpha
                0x020347a4                hal_osdGetBufferResolution
                0x02034808                hal_deSet_DE_CCM
                0x02034830                hal_deSet_DE_SAJ
 .text          0x02034858      0xc70 ./Debug/src_hal_rtc.c.o
                0x02034884                hal_rtcCallBackRegister
                0x020348e4                hal_rtcCallBackRelease
                0x02034920                hal_rtcUninit
                0x0203495c                hal_rtcTimeGet
                0x02034978                hal_rtcTimeGetExt
                0x020349ac                hal_rtcSecondGet
                0x020349cc                hal_rtcTime2String
                0x02034c80                hal_rtcTime2StringExt
                0x02034ce4                hal_rtcLeapYear
                0x02034f00                hal_rtcTime
                0x02035014                hal_rtcInit
                0x0203513c                hal_rtcSecondSet
                0x02035178                hal_rtcValue
                0x02035288                hal_rtcTimeSet
                0x02035310                hal_rtcAlarmSet
                0x020353a0                hal_rtcAlarmSetExt
                0x02035444                hal_rtcAlarmStatusGet
                0x02035480                hal_vddWKOEnable
                0x020354a4                hal_vddGSENEnable
 .text          0x020354c8      0xad8 ./Debug/src_hal_sd.c.o
                0x02035564                hal_sdStop
                0x020357d8                hal_sdNextLBA
                0x020357f8                hal_sdInit
                0x02035c9c                hal_sdUninit
                0x02035cc8                hal_sdLock
                0x02035d08                hal_sdUnlock
                0x02035d34                hal_sdCheck
                0x02035da8                hal_sdSetCardState
                0x02035dc8                hal_sdGetCardState
                0x02035de8                hal_sdGetBusWidth
                0x02035e08                hal_sdCapacity
                0x02035e28                hal_sdExist
                0x02035e50                hal_sdWrite
                0x02035ef0                hal_speed_callback
                0x02035f20                hal_sdRead
 .text          0x02035fa0      0xad4 ./Debug/src_hal_spi.c.o
                0x02035fa0                hal_spiIOShare
                0x02035fb8                hal_spiIOCheck
                0x02035fcc                hal_spiInit
                0x02035ff8                hal_spiSendByte
                0x0203601c                hal_spiSend
                0x0203603c                hal_spiRecvByte
                0x0203605c                hal_spiRecv
                0x0203609c                hal_spiCSConfig
                0x020360c0                hal_spiFlashReadID
                0x02036120                hal_spiFlashWriteEnable
                0x02036154                hal_spiFlashWait
                0x020361d8                hal_spiFlashReadPage
                0x02036250                hal_spiFlashRead
                0x02036318                hal_spiFlashWritePage
                0x02036398                hal_spiFlashWrite
                0x02036434                hal_spiFlashEraseSector
                0x020364a0                hal_spiFlashEraseBlock
                0x02036504                hal_spiFlashEraseChip
                0x02036540                spi_udisk_jpg_num
                0x02036560                spi_udisk_write_jpg
                0x02036790                spi_udisk_del_jpg
                0x02036824                spi_udisk_read_jpg_size
                0x0203683c                spi_udisk_read_jpg
                0x020368d8                spi_udisk_get_list_idx
                0x02036920                spi_udisk_format
                0x020369b8                spi_udisk_init
                0x02036a48                spi_udisk_jpg_free_num
 .text          0x02036a74      0x128 ./Debug/src_hal_timer.c.o
                0x02036a74                hal_timerStart
                0x02036a98                hal_timerStop
                0x02036abc                hal_timerEnable
                0x02036af4                hal_timerTickEnable
                0x02036b2c                hal_timerTickGet
                0x02036b4c                hal_timerPWMStart
                0x02036b78                hal_timerPWMStop
 .text          0x02036b9c      0x67c ./Debug/src_hal_uart.c.o
                0x02036c00                hal_uartIOShare
                0x02036c40                hal_uartIOShareCheck
                0x02036c88                hal_uartInit
                0x02036cd8                hal_uartSendData
                0x02036cfc                hal_uartRXIsrRegister
                0x02036d1c                uart_PutChar_n
                0x02036d50                uart_PutStr
                0x02036d90                uart_Put_hex
                0x02036ebc                uart_Put_udec
                0x02036f50                uart_Put_dec
                0x02036ff8                uart_Printf
                0x0203713c                uart_PrintfBuf
                0x020371d4                hal_uartPrintString
 .text          0x02037218      0x64c ./Debug/src_hal_watermark.c.o
                0x02037280                hal_watermarkInit
                0x02037330                hal_watermarkClose
                0x020373c8                hal_watermarkClear
                0x02037448                hal_watermarkOpen
                0x020374e8                hal_watermarkColor
                0x0203753c                hal_watermarkAddr
                0x02037554                hal_watermarkSize
                0x020375a0                hal_watermarkPosition
                0x020375ec                hal_watermarkCallbackRegister
                0x02037634                hal_watermarkRam
                0x020376d4                hal_watermarkEnable
                0x02037844                hal_watermarkBPos_Adjust
 .text          0x02037864      0x3c4 ./Debug/src_hal_sys.c.o
                0x020378ac                hal_sysInit
                0x020379c8                hal_sysMemPrint
                0x020379f8                hal_sysMemMalloc
                0x02037ac8                hal_sysMemFree
                0x02037bbc                hal_sysMemRemain
 .text          0x02037c28      0xa6c ./Debug/src_hal_auadc.c.o
                0x02037c28                _hal_auadcCallBackEnd
                0x02037d24                _hal_auadcCallBackHalf
                0x02037d7c                hal_audc_33ms_syncnt_clr
                0x02037da8                hal_audc_stamp_cal
                0x02037dd4                hal_audc_stamp_out
                0x02037e28                hal_audc_stamp_next
                0x02037e84                hal_auadcCallBackEnd
                0x02037f00                hal_auadcInit
                0x02037f48                hal_auadcMemInit
                0x02037fe4                hal_auadcMemUninit
                0x02038058                hal_auadc_cnt
                0x02038088                _hal_auadcStartForUAC
                0x02038168                hal_auadcStartForWAV
                0x02038180                hal_auadcStartForAVI
                0x020382a4                hal_auadcBufferGet
                0x02038384                hal_auadcBufferfree
                0x020383b0                hal_auadcStop
                0x020383d8                hal_auadcBufferRelease
                0x02038400                hal_auadcUACProcess
                0x020384e0                hal_adcBuffer_prefull
                0x02038544                hal_adcBuffer_halffull
                0x0203855c                hal_adc_volume_set
                0x0203857c                hal_uac_send
                0x020385e0                hal_auadcStartForUAC
 .text          0x02038694     0x31c0 ./Debug/src_hal_mjpeg.c.o
                0x02038694                hal_mjpegStart
                0x020386c4                hal_save_frame_isr
                0x02038870                hal_mjpeg_manual_on
                0x020388f0                hal_mjpegQualityCheck
                0x020389a0                hal_mjpegCallback_state
                0x020389dc                hal_mjpegCallback
                0x02038c1c                hal_mjpeg_manual_fdown
                0x02039020                hal_jA_fcnt_get
                0x02039050                hal_mjpeg_mallocbuf
                0x02039070                hal_mjpegEncodeResolutionImageQuad
                0x020390b4                hal_mjpegSrcCSI
                0x020391f8                hal_mjpegSrcRam
                0x0203920c                hal_mjpegSrcColorBar
                0x02039294                hal_Cut_SDR_SrcCSI
                0x02039368                hal_mjpegMemInit
                0x0203948c                hal_mjpegMemUninit
                0x0203950c                hal_mjpegEncodeInit
                0x02039570                hal_mjpegEncodeUninit
                0x020395c0                hal_mjpegEncodeResolution
                0x020395fc                hal_mjpegEncodeResolutionImage
                0x02039638                hal_mjpegSizecalculate
                0x02039664                imageGetYuvAddr
                0x02039698                hal_mjpeg_get_num
                0x020396b8                imageGetYuvLen
                0x020396d8                hal_mjpeg_rev_buf_init
                0x02039794                hal_mjpeg_rev_buf_malloc
                0x02039800                hal_mjpeg_rev_buf_free
                0x0203984c                hal_mjpeg_queue_init
                0x020398ec                hal_mjpeg_post_msg
                0x0203997c                hal_mjpeg_manual_quad_on
                0x020399e4                hal_mjpeg_manual_quad_fdown
                0x02039bec                hal_mjpeg_manual_get_csi_yuv_sta
                0x02039c0c                hal_mjpeg_software_handle_csi_yuvbuf
                0x02039c74                hal_mjpegUVCStart
                0x02039f84                hal_mjpegPhotoStart
                0x0203a378                hal_mjpegAVIStart
                0x0203a794                hal_mjpegRawDataGet
                0x0203a7ac                hal_mjpegRawBuffer_prefull
                0x0203a81c                hal_mjpegRawBuffer_halffull
                0x0203a88c                hal_mjpegRawBufferfree
                0x0203a8b4                hal_mjpegRawBufferGet
                0x0203aa24                hal_mjpegRawDataSet
                0x0203aa4c                hal_mjpegHeaderParse
                0x0203b0d8                hal_mjpegDecodeGetResolution
                0x0203b120                hal_mjpegDecodeSetResolution
                0x0203b144                hal_mjpeglDecodeGetResolution
                0x0203b17c                hal_mjpeglDecodeSetResolution
                0x0203b1a8                hal_mjpegDecodeStatusCheck
                0x0203b1c8                hal_mjpegDecodeErrorCheck
                0x0203b1e8                hal_mjpegDecodeMiniSize
                0x0203b36c                hal_mjpegDecodeStop
                0x0203b38c                hal_mjpegDecodeReset
                0x0203b3b8                hal_mjpegDecodePicture
                0x0203b428                hal_mjpegDecodeNoIsr
                0x0203b494                hal_mjpg_scale_down
                0x0203b5ac                hal_mjpegDecodeParse
                0x0203b5dc                hal_mjpegDecodeOneFrame
                0x0203b634                hal_mjpegDecodeOneFrame_Ext
                0x0203b6bc                hal_mjpegDecodeRestart_Ext
                0x0203b728                hal_mjpegDecodeOneFrame_Fast
                0x0203b7ec                hal_mjpegDecodeODma1Cfg
                0x0203b810                hal_curBuffer_clear
 .text          0x0203b854       0x34 ./Debug/src_hal_int.c.o
                0x0203b854                hal_intInit
 .text          0x0203b888        0x0 ./Debug/src_hal_wdt.c.o
 .text          0x0203b888      0x4bc ./Debug/src_hal_stream.c.o
                0x0203b888                hal_streamInit
                0x0203b980                hal_streamMalloc
                0x0203ba68                hal_streamIn_Drop
                0x0203bacc                hal_streamIn
                0x0203bb68                hal_streamOut
                0x0203bbf4                hal_streamOut_next
                0x0203bc84                hal_streamfree
                0x0203bd2c                hal_stream_size
 .text          0x0203bd44        0x0 ./Debug/src_hal_emi.c.o
 .text          0x0203bd44      0x1a8 ./Debug/src_hal_osdcmp.c.o
                0x0203bdbc                hal_osdcmpStart
                0x0203bea0                hal_osdcmpInit
                0x0203bec8                hal_osdcmpCompOneFrame
 .text          0x0203beec      0x328 ./Debug/src_hal_rotate.c.o
                0x0203c080                hal_rotateInit
                0x0203c0d4                hal_rotateAdd
 .text          0x0203c214      0xa60 ./Debug/src_hal_lcdframe.c.o
                0x0203c214                hal_lcdAddrCalculate
                0x0203c2c0                hal_dispframeInit
                0x0203c884                hal_dispframeVideoCfg
                0x0203cb08                hal_dispframeMalloc
                0x0203cb9c                hal_dispframeFree
                0x0203cc28                hal_dispframeSetCallback