Archive member included because of file (symbol)

../bwlib\liblimage.a(imageL_encode.o)
                              ./Debug/src_hal_custom_yuv.c.o (doublebuf_And_resbuf_Ctrl)
../bwlib\libwatermark.a(image_watermark.o)
                              ./Debug/taskPhotoEncode.c.o (watermark_bmp2yuv_init)
../bwlib\libeffect.a(user_effect.o)
                              ./Debug/multimedia_user_media.c.o (warpHandle)
../bwlib\libmp3.a(mp3_decode_api.o)
                              ./Debug/taskAudioPlayer.c.o (mp3_dac_memInit)
../bwlib\libmp3.a(decoder.o)  ../bwlib\libmp3.a(mp3_decode_api.o) (mad_decoder_init)
../bwlib\libmp3.a(stream.o)   ../bwlib\libmp3.a(decoder.o) (mad_stream_init)
../bwlib\libmp3.a(synth.o)    ../bwlib\libmp3.a(decoder.o) (mad_synth_init)
../bwlib\libmp3.a(bit.o)      ../bwlib\libmp3.a(stream.o) (mad_bit_init)
../bwlib\libmp3.a(frame.o)    ../bwlib\libmp3.a(decoder.o) (mad_frame_finish)
../bwlib\libmp3.a(layer12.o)  ../bwlib\libmp3.a(frame.o) (mad_layer_I)
../bwlib\libmp3.a(timer.o)    ../bwlib\libmp3.a(frame.o) (mad_timer_set)
../bwlib\libmp3.a(layer3.o)   ../bwlib\libmp3.a(frame.o) (mad_layer_III)
../bwlib\libmp3.a(huffman.o)  ../bwlib\libmp3.a(layer3.o) (mad_huff_pair_table)
../bwlib\libsd.a(ax32xx_sd.o)
                              ./Debug/src_hal_sd.c.o (ax32xx_sd0Init)
../bwlib\libavi.a(aviEncoder.o)
                              ./Debug/video_video_record.c.o (aviEncodeInit)
../bwlib\libavi.a(encoder_std.o)
                              ../bwlib\libavi.a(aviEncoder.o) (avi_encoder_std)
../bwlib\libavi.a(encoder_odml.o)
                              ../bwlib\libavi.a(aviEncoder.o) (avi_odmlAddoffset)
../bwlib\libavi.a(aviDecoder.o)
                              ./Debug/video_video_playback.c.o (aviDecodeInit)
../bwlib\libavi.a(decoder_std.o)
                              ../bwlib\libavi.a(aviDecoder.o) (avi_standard)
../bwlib\libavi.a(decoder_odml.o)
                              ../bwlib\libavi.a(aviDecoder.o) (avi_opendml)
../bwlib\libfs.a(fs.o)        ./Debug/taskSysScanDevice.c.o (fs_nodeinit)
../bwlib\libfs.a(diskio.o)    ./Debug/main.c.o (fs_init)
../bwlib\libfs.a(ff.o)        ../bwlib\libfs.a(fs.o) (clst2sect)
../bwlib\libfs.a(ffunicode.o)
                              ../bwlib\libfs.a(ff.o) (ff_uni2oem)
C:/MinGW-4.7.1/or1k-elf/lib/no-delay\libc.a(lib_a-memcmp.o)
                              ../bwlib\libfs.a(ff.o) (memcmp)
C:/MinGW-4.7.1/or1k-elf/lib/no-delay\libc.a(lib_a-memcpy.o)
                              ./Debug/resource_manager.c.o (memcpy)
C:/MinGW-4.7.1/or1k-elf/lib/no-delay\libc.a(lib_a-memmove.o)
                              ./Debug/game_tetris.c.o (memmove)
C:/MinGW-4.7.1/or1k-elf/lib/no-delay\libc.a(lib_a-memset.o)
                              ./Debug/main.c.o (memset)
C:/MinGW-4.7.1/or1k-elf/lib/no-delay\libc.a(lib_a-rand.o)
                              ./Debug/taskAudioPlayerMsg.c.o (rand)
C:/MinGW-4.7.1/or1k-elf/lib/no-delay\libc.a(lib_a-strcasecmp.o)
                              ./Debug/resource_manager.c.o (strcasecmp)
C:/MinGW-4.7.1/or1k-elf/lib/no-delay\libc.a(lib_a-strcat.o)
                              ./Debug/resource_manager.c.o (strcat)
C:/MinGW-4.7.1/or1k-elf/lib/no-delay\libc.a(lib_a-strchr.o)
                              ../bwlib\libfs.a(ff.o) (strchr)
C:/MinGW-4.7.1/or1k-elf/lib/no-delay\libc.a(lib_a-strcmp.o)
                              ./Debug/resource_manager.c.o (strcmp)
C:/MinGW-4.7.1/or1k-elf/lib/no-delay\libc.a(lib_a-strcpy.o)
                              ./Debug/resource_manager.c.o (strcpy)
C:/MinGW-4.7.1/or1k-elf/lib/no-delay\libc.a(lib_a-strlen.o)
                              ./Debug/resource_manager.c.o (strlen)
C:/MinGW-4.7.1/or1k-elf/lib/no-delay\libc.a(lib_a-strncmp.o)
                              ./Debug/resource_manager.c.o (strncmp)
C:/MinGW-4.7.1/or1k-elf/lib/no-delay\libc.a(lib_a-strstr.o)
                              ../bwlib\liblimage.a(imageL_encode.o) (strstr)
C:/MinGW-4.7.1/or1k-elf/lib/no-delay\libc.a(lib_a-ctype_.o)
                              C:/MinGW-4.7.1/or1k-elf/lib/no-delay\libc.a(lib_a-strcasecmp.o) (__ctype_ptr__)
C:/MinGW-4.7.1/or1k-elf/lib/no-delay\libc.a(lib_a-getreent.o)
                              C:/MinGW-4.7.1/or1k-elf/lib/no-delay\libc.a(lib_a-rand.o) (__getreent)
C:/MinGW-4.7.1/or1k-elf/lib/no-delay\libc.a(lib_a-impure.o)
                              C:/MinGW-4.7.1/or1k-elf/lib/no-delay\libc.a(lib_a-getreent.o) (_impure_ptr)
C:/MinGW-4.7.1/or1k-elf/lib/no-delay\libc.a(lib_a-memchr.o)
                              C:/MinGW-4.7.1/or1k-elf/lib/no-delay\libc.a(lib_a-strstr.o) (memchr)
C:/MinGW-4.7.1/lib/gcc/or1k-elf/4.9.1/no-delay\libgcc.a(_muldi3.o)
                              ../bwlib\libmp3.a(mp3_decode_api.o) (__muldi3)
C:/MinGW-4.7.1/lib/gcc/or1k-elf/4.9.1/no-delay\libgcc.a(_udivdi3.o)
                              ../bwlib\libmp3.a(mp3_decode_api.o) (__udivdi3)
[...]
Memory Configuration

Name             Origin             Length             Attributes
boot             0x01fffc00         0x00000200
ram_boot         0x00000000         0x00005000
ram_user         0x00000000         0x00005000
usbfifo          0x00008000         0x00001000
sdram            0x02000000         0x00200000
exsdram          0x00000000         0x00800000
*default*        0x00000000         0xffffffff

Linker script and memory map

LOAD ./Debug/ax32xx_reset.S.o
LOAD ./Debug/ax32xx_spi_boot_cfg.S.o
LOAD ./Debug/ax32xx_BLDRX32.S.o
LOAD ./Debug/main.c.o
LOAD ./Debug/resource_manager.c.o
LOAD ./Debug/board.c.o
LOAD ./Debug/board_bwv1.c.o
LOAD ./Debug/config.c.o
LOAD ./Debug/display.c.o
LOAD ./Debug/explorer.c.o
LOAD ./Debug/filelist.c.o
LOAD ./Debug/font.c.o
LOAD ./Debug/icon.c.o
LOAD ./Debug/configGetValue.c.o
LOAD ./Debug/configSystem.c.o
LOAD ./Debug/logo.c.o
LOAD ./Debug/menuMovieRec.c.o
LOAD ./Debug/msgDeal.c.o
LOAD ./Debug/msgSysRecommend.c.o
LOAD ./Debug/msgSysUnshielded.c.o
LOAD ./Debug/taskManage.c.o
LOAD ./Debug/taskPhotoEncode.c.o
LOAD ./Debug/taskPhotoEncodeMsg.c.o
LOAD ./Debug/taskPlayBack.c.o
LOAD ./Debug/taskPlayBackMsg.c.o
LOAD ./Debug/taskPowerOff.c.o
LOAD ./Debug/taskSysScanDevice.c.o
LOAD ./Debug/taskUsbDevice.c.o
LOAD ./Debug/taskVideoRecord.c.o
LOAD ./Debug/taskVideoRecordMsg.c.o
LOAD ./Debug/toolFunc.c.o
LOAD ./Debug/uiMenuDateTimeMsg.c.o
LOAD ./Debug/uiMenuDefaultMsg.c.o
LOAD ./Debug/uiMenuDelAllMsg.c.o
LOAD ./Debug/uiMenuDelCurMsg.c.o
LOAD ./Debug/uiMenuFormatMsg.c.o
LOAD ./Debug/uiMenuItemMsg.c.o
LOAD ./Debug/uiMenuOptionMsg.c.o
LOAD ./Debug/uiMenuUsbMsg.c.o
LOAD ./Debug/uiNoFileMsg.c.o
LOAD ./Debug/uiTips1Msg.c.o
LOAD ./Debug/uiTipsMsg.c.o
LOAD ./Debug/uiWin.c.o
LOAD ./Debug/uiMenuVersionMsg.c.o
LOAD ./Debug/taskAudioPlayer.c.o
LOAD ./Debug/taskAudioPlayerMsg.c.o
LOAD ./Debug/taskAudioPlayerRes.c.o
LOAD ./Debug/taskPhotoEncodeRes.c.o
LOAD ./Debug/taskPlayBackRes.c.o
LOAD ./Debug/taskVideoRecordRes.c.o
LOAD ./Debug/uiMenuDateTimeRes.c.o
LOAD ./Debug/uiMenuDefaultRes.c.o
LOAD ./Debug/uiMenuDelAllRes.c.o
LOAD ./Debug/uiMenuDelCurRes.c.o
LOAD ./Debug/uiMenuFormatRes.c.o
LOAD ./Debug/uiMenuItemRes.c.o
LOAD ./Debug/uiMenuOptionRes.c.o
LOAD ./Debug/uiMenuUsbRes.c.o
LOAD ./Debug/uiMenuVersionRes.c.o
LOAD ./Debug/uiNoFileRes.c.o
LOAD ./Debug/uiTips1Res.c.o
LOAD ./Debug/uiTipsRes.c.o
LOAD ./Debug/taskMainMenu.c.o
LOAD ./Debug/taskMainMenuMsg.c.o
LOAD ./Debug/taskMainMenuRes.c.o
LOAD ./Debug/taskSettingMenu.c.o
LOAD ./Debug/userInterface.c.o
LOAD ./Debug/upgrade.c.o
LOAD ./Debug/game_block.c.o
LOAD ./Debug/game_snake.c.o
LOAD ./Debug/game_sokoban.c.o
LOAD ./Debug/game_tetris.c.o
LOAD ./Debug/taskGame.c.o
LOAD ./Debug/taskGameMenu.c.o
LOAD ./Debug/taskGameMenuMsg.c.o
LOAD ./Debug/taskGameMenuRes.c.o
LOAD ./Debug/game_plane.c.o
LOAD ./Debug/game_maze.c.o
LOAD ./Debug/gif.c.o
LOAD ./Debug/GifDecoder_Impl.c.o
LOAD ./Debug/LzwDecoder_Impl.c.o
LOAD ./Debug/xos_x_cpu.c.o
LOAD ./Debug/xos_xmbox.c.o
LOAD ./Debug/xos_xmsgq.c.o
LOAD ./Debug/xos_xos.c.o
LOAD ./Debug/xos_xwork.c.o
LOAD ./Debug/multimedia_user_media.c.o
LOAD ./Debug/sUI_button.c.o
LOAD ./Debug/sUI_dialog.c.o
LOAD ./Debug/sUI_frameWin.c.o
LOAD ./Debug/sUI_imageIcon.c.o
LOAD ./Debug/sUI_itemManage.c.o
LOAD ./Debug/sUI_menuItem.c.o
LOAD ./Debug/sUI_menuItemEx.c.o
LOAD ./Debug/sUI_menuOption.c.o
LOAD ./Debug/sUI_progressBar.c.o
LOAD ./Debug/sUI_rect.c.o
LOAD ./Debug/sUI_stringIcon.c.o
LOAD ./Debug/sUI_tips.c.o
LOAD ./Debug/sUI_uiAlloc.c.o
LOAD ./Debug/sUI_widget.c.o
LOAD ./Debug/sUI_winManage.c.o
LOAD ./Debug/sUI_memPool.c.o
LOAD ./Debug/sUI_widgetManage.c.o
LOAD ./Debug/src_ax32xx_int.c.o
LOAD ./Debug/src_ax32xx_sys.c.o
LOAD ./Debug/src_ax32xx_dma.c.o
LOAD ./Debug/src_ax32xx_wdt.c.o
LOAD ./Debug/src_ax32xx_gpio.c.o
LOAD ./Debug/src_ax32xx_uart.c.o
LOAD ./Debug/src_ax32xx_timer.c.o
LOAD ./Debug/src_ax32xx_tminf.c.o
LOAD ./Debug/src_ax32xx_spi.c.o
LOAD ./Debug/src_ax32xx_rtc.c.o
LOAD ./Debug/src_ax32xx_iic.c.o
LOAD ./Debug/src_ax32xx_dac.c.o
LOAD ./Debug/src_ax32xx_adc.c.o
LOAD ./Debug/src_ax32xx_auadc.c.o
LOAD ./Debug/src_jpeg_table.c.o
LOAD ./Debug/src_ax32xx_usb.c.o
LOAD ./Debug/src_ax32xx_misc.c.o
LOAD ./Debug/src_ax32xx_pip.c.o
LOAD ./Debug/src_ax32xx_btuart.c.o
LOAD ./Debug/src_ax32xx_crc.c.o
LOAD ./Debug/src_ax32xx_emi.c.o
LOAD ./Debug/src_ax32xx_rotate.c.o
LOAD ./Debug/src_ax32xx_osdcmp.c.o
LOAD ./Debug/src_ax32xx_isp.c.o
LOAD ./Debug/osd_ax32xx_osd.c.o
LOAD ./Debug/csi_ax32xx_csi.c.o
LOAD ./Debug/lcd_ax32xx_lcd.c.o
LOAD ./Debug/mjpeg_ax32xx_mjpeg.c.o
LOAD ./Debug/resource_user_icon.c.o
LOAD ./Debug/resource_user_str.c.o
LOAD ./Debug/src_hal_adc.c.o
LOAD ./Debug/src_hal_csi.c.o
LOAD ./Debug/src_hal_dac.c.o
LOAD ./Debug/src_hal_eeprom.c.o
LOAD ./Debug/src_hal_gpio.c.o
LOAD ./Debug/src_hal_iic.c.o
LOAD ./Debug/src_hal_lcd.c.o
LOAD ./Debug/src_hal_osd.c.o
LOAD ./Debug/src_hal_rtc.c.o
LOAD ./Debug/src_hal_sd.c.o
LOAD ./Debug/src_hal_spi.c.o
LOAD ./Debug/src_hal_timer.c.o
LOAD ./Debug/src_hal_uart.c.o
LOAD ./Debug/src_hal_watermark.c.o
LOAD ./Debug/src_hal_sys.c.o
LOAD ./Debug/src_hal_auadc.c.o
LOAD ./Debug/src_hal_mjpeg.c.o
LOAD ./Debug/src_hal_int.c.o
LOAD ./Debug/src_hal_wdt.c.o
LOAD ./Debug/src_hal_stream.c.o
LOAD ./Debug/src_hal_emi.c.o
LOAD ./Debug/src_hal_osdcmp.c.o
LOAD ./Debug/src_hal_rotate.c.o
LOAD ./Debug/src_hal_lcdframe.c.o
LOAD ./Debug/src_hal_custom_yuv.c.o
LOAD ./Debug/dusb_hal_usb_api.c.o
LOAD ./Debug/dusb_hal_usb_dev_enum.c.o
LOAD ./Debug/dusb_hal_usb_msc.c.o
LOAD ./Debug/dusb_hal_usb_uac.c.o
LOAD ./Debug/dusb_hal_usb_uvc.c.o
LOAD ./Debug/audio_audio_playback.c.o
LOAD ./Debug/audio_audio_record.c.o
LOAD ./Debug/audio_ring_buffer.c.o
LOAD ./Debug/video_video_playback.c.o
LOAD ./Debug/video_video_record.c.o
LOAD ./Debug/image_image_decode.c.o
LOAD ./Debug/image_image_encode.c.o
LOAD ./Debug/wav_alaw.c.o
LOAD ./Debug/wav_imaadpcm.c.o
LOAD ./Debug/wav_pcm.c.o
LOAD ./Debug/wav_ulaw.c.o
LOAD ./Debug/wav_wav.c.o
LOAD ./Debug/stream_stream.c.o
LOAD ./Debug/unifont_ebook_font.c.o
LOAD ./Debug/unifont_ebook_port.c.o
LOAD ./Debug/cmos_sensor_cmos_sensor.c.o
LOAD ./Debug/cmos_sensor_SENSOR_BF3a03.c.o
LOAD ./Debug/cmos_sensor_SENSOR_BF2013.c.o
LOAD ./Debug/cmos_sensor_SENSOR_BF3703.c.o
LOAD ./Debug/cmos_sensor_SENSOR_GC0307.c.o
LOAD ./Debug/cmos_sensor_SENSOR_GC0308.c.o
LOAD ./Debug/cmos_sensor_SENSOR_GC0309.c.o
LOAD ./Debug/cmos_sensor_SENSOR_GC0328.c.o
LOAD ./Debug/cmos_sensor_SENSOR_OV7670.c.o
LOAD ./Debug/cmos_sensor_SENSOR_SP0838.c.o
LOAD ./Debug/cmos_sensor_SENSOR_SP0A18.c.o
LOAD ./Debug/cmos_sensor_SENSOR_GC0329.c.o
LOAD ./Debug/cmos_sensor_SENSOR_SIV100B.c.o
LOAD ./Debug/tft_lcd_lcd_mcu_st7789P3.c.o
LOAD ./Debug/cmos_sensor_SENSOR_BF20A6.c.o
LOAD ./Debug/cmos_sensor_SENSOR_OV7725.c.o
LOAD ./Debug/cmos_sensor_SENSOR_SP0718.c.o
LOAD ./Debug/tft_lcd_lcd_mcu_st7789.c.o
LOAD ./Debug/tft_lcd_tft_lcd.c.o
LOAD ./Debug/tft_lcd_lcd_mcu_ili9328.c.o
LOAD ./Debug/tft_lcd_lcd_mcu_st7789v.c.o
LOAD ./Debug/tft_lcd_lcd_mcu_hx8352c.c.o
LOAD ./Debug/tft_lcd_lcd_mcu_9225G.c.o
LOAD ./Debug/tft_lcd_lcd_mcu_nv3030b.c.o
LOAD ./Debug/tft_lcd_lcd_mcu_5420.c.o
LOAD ./Debug/tft_lcd_lcd_mcu_gc9307.c.o
LOAD ./Debug/tft_lcd_lcd_mcu_hx8352b.c.o
LOAD ./Debug/tft_lcd_lcd_mcu_hx8357b.c.o
LOAD ./Debug/tft_lcd_lcd_mcu_lgdp4532.c.o
LOAD ./Debug/tft_lcd_lcd_mcu_r61509v.c.o
LOAD ./Debug/tft_lcd_lcd_mcu_st7789_666format.c.o
LOAD ./Debug/tft_lcd_lcd_mcu_st7789v2.c.o
LOAD ./Debug/tft_lcd_lcd_rgb_ili8961.c.o
LOAD ./Debug/tft_lcd_lcd_rgb_ili9342c.c.o
LOAD ./Debug/tft_lcd_lcd_rgb_ili9806e.c.o
LOAD ./Debug/tft_lcd_lcd_rgb_jl_lcd.c.o
LOAD ./Debug/tft_lcd_lcd_rgb_ota5182.c.o
LOAD ./Debug/tft_lcd_lcd_rgb_st7282.c.o
LOAD ./Debug/tft_lcd_lcd_rgb_st7701.c.o
LOAD ./Debug/nvfs_nvfs.c.o
LOAD ./Debug/Maxlib_max_user.c.o
LOAD ./Debug/Maxlib_uiDraw.c.o
LOAD ./Debug/std_misc.c.o
LOAD ./Debug/std_std_math.c.o
LOAD ./Debug/std_str.c.o
LOAD ./Debug/res_ascii.c.o
LOAD ./Debug/res_ascii_default.c.o
LOAD ./Debug/res_ascii_default_draw.c.o
LOAD ./Debug/res_R.c.o
LOAD ./Debug/res_R_icon.c.o
LOAD ./Debug/res_R_string.c.o
LOAD ./Debug/res_unicode_font.c.o
LOAD ./Debug/res_ascii_num3.c.o
LOAD ./Debug/res_ascii_num3_draw.c.o
LOAD ../bwlib\liblimage.a
LOAD ../bwlib\libwatermark.a
LOAD ../bwlib\libeffect.a
LOAD ../bwlib\libmp3.a
LOAD ../bwlib\libsd.a
LOAD ../bwlib\libavi.a
LOAD ../bwlib\libfs.a
LOAD C:/MinGW-4.7.1/or1k-elf/lib/no-delay\libc.a
LOAD C:/MinGW-4.7.1/lib/gcc/or1k-elf/4.9.1/no-delay\libgcc.a

.bootsec        0x01fffc00      0x200 load address 0x00000000
 *(.bootsec)
 .bootsec       0x01fffc00      0x200 ./Debug/ax32xx_BLDRX32.S.o
                0x01fffc10                hex
                0x01fffc10                .hex
                0x01fffdd8                .bootsect

.exception      0x00000000     0x1e3c load address 0x00000200
                0x00000000                _exception_vma = .
 *(.vector)
 .vector        0x00000000      0x3d0 ./Debug/ax32xx_reset.S.o
                0x00000304                _start
                0x00000340                _step_in
                0x00000384                _step_out
 *(.vector.text)
 .vector.text   0x000003d0     0x1668 ./Debug/src_ax32xx_int.c.o
                0x00000514                _rtcRamWrite
                0x000005bc                _rtcRamRead
                0x00000670                my_putchar
                0x00000684                exception_uart_puts
                0x00000698                my_memset
                0x000006c8                exception_init
                0x0000076c                ax32xx_vddrtcCalculate
                0x00000798                dllcon_init
                0x00000944                sdram_init
                0x00000a14                adcRead
                0x00000a6c                adcConverStart
                0x00000a90                adcSetBaudrate
                0x00000ac0                sysClkSet
                0x00000b1c                adcEnable
                0x00000b84                adcGetChannel
                0x00000bbc                sdram_tuning_check_2
                0x00000d3c                _sdr_tuning2_conifg_set
                0x00000d5c                crc_cal
                0x00000dd0                sdram_clock_tune
                0x000017b0                exception
                0x00001a1c                exception_trigger
 *(.vector.data)
 .vector.data   0x00001a38      0x100 ./Debug/ax32xx_reset.S.o
                0x00001a38                _step_data
 .vector.data   0x00001b38      0x304 ./Debug/src_ax32xx_int.c.o
                0x00001b38                tune_values
                0x00001cb8                tune_by
                0x00001cc4                tune_tab_2_dll
                0x00001cd4                tune_tab_1_dll
                0x00001ce4                tune_tab_2_clk
                0x00001d04                tune_tab_1_clk
                0x00001d24                tuning_test_addr
                0x00001da4                tuning_test_data
                0x00001e24                SDRTUN2_CON
                0x00001e2c                sdr_tune_source
                0x00001e30                chip_vision

.ram            0x00001e3c     0x2660 load address 0x0000203c
                0x00001e3c                __sram_start = .
 *(.msk_var_use)
 *(.sdc_buf)
 .sdc_buf       0x00001e3c       0x40 ../bwlib\libsd.a(ax32xx_sd.o)
 *(.sram_comm)
 .sram_comm     0x00001e7c       0x60 ./Debug/xos_xmsgq.c.o
 .sram_comm     0x00001edc     0x25c0 ./Debug/src_hal_sys.c.o
                0x00001edc                ramuse
                0x0000449c                __sram_end = .

.fifo           0x00008000      0xce0
                0x00008000                __ufifo_start = .
 *(.sram_Usbfifo)
 .sram_Usbfifo  0x00008000      0xce0 ./Debug/src_hal_sys.c.o
                0x00008000                usbfifo
                0x00008ce0                __ufifo_end = .

.text           0x02000000    0x84f24 load address 0x00002200
                0x02000000                _text_start = .
 *(.text*)
 .text          0x02000000        0x0 ./Debug/ax32xx_reset.S.o
 .text          0x02000000        0x0 ./Debug/ax32xx_spi_boot_cfg.S.o
 .text          0x02000000        0x0 ./Debug/ax32xx_BLDRX32.S.o
 .text          0x02000000      0x508 ./Debug/main.c.o
                0x02000000                registerTask
                0x020000bc                init
                0x020004a0                systemService
                0x020004d4                sendDrawUIMsg
 .text.startup  0x02000508       0xb8 ./Debug/main.c.o
                0x02000508                main
 .text          0x020005c0     0x20c4 ./Debug/resource_manager.c.o
                0x020006fc                managerInit
                0x02000774                managerCreate
                0x0200084c                managerDestory
                0x020008c4                managerFileCount
                0x0200095c                managerFileCountEx
                0x020009c8                managerLockFile
                0x02000a40                managerLockFileExt
                0x02000ae8                managerUnlockFileExt
                0x02000b94                managerCheckLock
                0x02000bd0                managerCheckLockExt
                0x02000c58                managerFlush
                0x02000cc4                managerDelFileByIndex
                0x02000dd4                managerDelFileAll
                0x02000eb8                managerScanStart
                0x02000f20                managerScanEnd
                0x02000ffc                explorerListHook
                0x02001014                managerNameChange
                0x0200120c                managerSpaceCheck
                0x020016f8                manangerCheckFileType
                0x02001958                managerAddFile
                0x02001a48                managerAddFileEx
                0x02001aa8                managerRenameExt
                0x02001b48                managerRename
                0x02001c08                managerUnlockFile
                0x02001cc8                managerDelFileByName
                0x02001e24                managerDelFileByFullName
                0x02001fa4                managerFileNameCreater
                0x020021b8                managerFileScan
                0x020023d0                manangerGetFileFullPathName
                0x020024b8                manangerGetFileName
                0x02002550                manangerFindFileAndDel
                0x0200262c                getExtName
 .text          0x02002684      0x378 ./Debug/board.c.o
                0x02002684                boardInit
                0x02002814                boardOpen
                0x020028b8                boardIoctrl
                0x02002940                boardNameIoctrl
 .text          0x020029fc      0xb8c ./Debug/board_bwv1.c.o
                0x02002fb0                board_lcd_reset
                0x02003028                board_sensor_reset
                0x020031a0                board_lcd_ioctrl_pwm
                0x020031e4                getCurBatteryADC
                0x02003204                getKeyADCvalue
                0x02003224                getKeyVal
                0x02003348                getKey
                0x02003418                keyScanKey
                0x0200354c                board_powerCheck
 .text          0x02003588      0x334 ./Debug/config.c.o
                0x02003588                configCheckSumCal
                0x020035dc                userConfigSave
                0x02003660                userConfigReset
                0x02003764                userConfigInitial
                0x02003840                configSet
                0x0200387c                configGet
 .text          0x020038bc      0xcdc ./Debug/display.c.o
                0x020038bc                dispLayerPIPOnlyFront
                0x0200392c                dispLayerPIPOnlyBack
                0x020039a8                dispLayerPIPBakRightTop
                0x02003a48                dispLayerPIPFrtRightTop
                0x02003acc                dispLayerPIPFBHalf
                0x02003b50                dispLayerPIPBFHalf
                0x02003bd4                dispLayerUninit
                0x02003c30                dispLayerGetResolution
                0x02003d04                dispLayerSetResolution
                0x02003df0                dispLayerSetRotate
                0x02003e24                dispRatioResolutionCalculate
                0x02003efc                dispLayerSetRatio
                0x02003fac                dispLayerInit
                0x020041e4                dispLayerShow
                0x02004228                dispLayerGetFrame
                0x02004270                dispLayerGetFreeFrame
                0x020042b0                dispLayerFreeFrame
                0x02004328                dispLayerSetFrame
                0x02004374                dispLayerSetPIPMode
                0x020043e8                dispLayer_ABwin
                0x02004434                dispLayer_getABwin
                0x02004454                dispLayerSetFrontCrop
 .text          0x02004598        0x0 ./Debug/explorer.c.o
 .text          0x02004598      0xc9c ./Debug/filelist.c.o
 .text          0x02005234      0x954 ./Debug/font.c.o
                0x02005444                fontInit
                0x02005560                fontSetLanguage
                0x02005624                fontGetStringInfo
                0x020056d4                fontDrawString
                0x020058c4                resGetString
                0x020059dc                resGetChar
 .text          0x02005b88      0x324 ./Debug/icon.c.o
                0x02005b88                iconInit
                0x02005bf8                iconGetSize
                0x02005c9c                iconGetData
                0x02005d38                iconGetAddr
                0x02005dac                iconGetPalette
                0x02005e2c                iconGetGamePalette
 .text          0x02005eac      0x1ec ./Debug/configGetValue.c.o
                0x02005eac                configValue2Int
 .text          0x02006098      0x19c ./Debug/configSystem.c.o
                0x02006098                configLanguage
                0x02006110                configSys
                0x020061f8                configSystem
 .text          0x02006234      0x854 ./Debug/logo.c.o
                0x02006234                logo_image_show
                0x02006338                jpg_decode_show
                0x0200642c                logo_music_show
                0x02006604                layout_logo_show
                0x02006714                background_logo_image_show
                0x0200680c                layout_version_get
                0x020068f8                layout_keysound_load
                0x020069e8                layout_sound_load
 .text          0x02006a88       0xb0 ./Debug/menuMovieRec.c.o
                0x02006a88                menuProcDateTime
                0x02006ab4                menuProcVersion
                0x02006ae0                menuProcFormat
                0x02006b0c                menuProcDefault
 .text          0x02006b38      0x384 ./Debug/msgDeal.c.o
                0x02006b38                msgFuncRegister
                0x02006bf0                unshieldedMsgFuncRegister
                0x02006c6c                msgDeal
                0x02006dc8                msgDealByType
                0x02006e60                msgDealByMsgInfor
 .text          0x02006ebc       0xa4 ./Debug/msgSysRecommend.c.o
 .text          0x02006f60      0x5dc ./Debug/msgSysUnshielded.c.o
 .text          0x0200753c      0x4c8 ./Debug/taskManage.c.o
                0x0200753c                taskInit
                0x020075b0                taskInfor
                0x02007638                taskRegister
                0x020076dc                taskPrevious
                0x020076fc                taskCurrent
                0x0200771c                taskNext
                0x0200773c                taskStart
                0x02007820                taskChange
                0x02007834                taskService
 .text          0x02007a04      0xeec ./Debug/taskPhotoEncode.c.o
                0x02007a04                taskPhotoEncodeClose
                0x02007b00                taskPhotoEncodeService
                0x02007bc0                photoImagePreSizeGet
                0x02007e5c                task_image_createfile
                0x02007fb0                image_take_photo
                0x020082c8                image_take_photo_to_sdram
                0x020086d0                photo_animation_effect
                0x020087ec                taskPhotoEncodeOpen
 .text          0x020088f0     0x1974 ./Debug/taskPhotoEncodeMsg.c.o
                0x0200a1ec                photoFocusIconCancel
 .text          0x0200a264      0xb94 ./Debug/taskPlayBack.c.o
                0x0200a264                taskPlayBackClose
                0x0200a2ac                video_playback_jpg_scale
                0x0200a49c                video_playback_start
                0x0200aab4                taskPlayBackOpen
                0x0200ad3c                taskPlayBackService
 .text          0x0200adf8     0x1924 ./Debug/taskPlayBackMsg.c.o
                0x0200c634                backBrushBlack
 .text          0x0200c71c      0x2a4 ./Debug/taskPowerOff.c.o
                0x0200c71c                uninit
                0x0200c7d0                taskPowerOffOpen
 .text          0x0200c9c0      0xf1c ./Debug/taskSysScanDevice.c.o
                0x0200c9c0                timerMsgSend
                0x0200ca64                setKeyEn
                0x0200ca84                deamon_astern_check
                0x0200ca98                reflush_usensor_check
                0x0200caac                setSoftwareDetachUsensor
                0x0200cacc                deamon_usb_check
                0x0200cd7c                deamon_gsensor_check
                0x0200cd90                deamon_screen_save
                0x0200cee0                deamon_key_check
                0x0200d010                deamon_auto_poweroff
                0x0200d124                deamon_keysound_play
                0x0200d204                deamon_sound_play
                0x0200d2e0                deamon_fsFreeSize
                0x0200d388                deamon_fs_scan
                0x0200d578                deamon_sdc_check
                0x0200d7c8                taskSysScanDev
                0x0200d848                deamon_fsSizeModify
 .text          0x0200d8dc      0x3f0 ./Debug/taskUsbDevice.c.o
 .text          0x0200dccc      0xe5c ./Debug/taskVideoRecord.c.o
                0x0200dccc                taskVideoRecordeService
                0x0200ddd0                task_video_Get_Status
                0x0200ddf0                video_record_start
                0x0200de98                task_record_stop
                0x0200df34                taskVideoRecordeClose
                0x0200e074                task_video_record_caltime
                0x0200e0ec                video_record_callback
                0x0200e924                taskVideoRecordeOpen
                0x0200eb00                taskVideoRecTimeIncreace
                0x0200eb14                videoCapturePhoto
 .text          0x0200eb28     0x189c ./Debug/taskVideoRecordMsg.c.o
                0x02010190                videoFocusIconCancel
                0x02010208                recordTimeCount1S
 .text          0x020103c4      0x158 ./Debug/toolFunc.c.o
                0x020103c4                intToString
                0x02010490                calWeek
 .text          0x0201051c      0x810 ./Debug/uiMenuDateTimeMsg.c.o
                0x020109c4                dateTimeStrUpdate
                0x020109ec                dateTimeIncreace
                0x02010b8c                dateTimeDecreace
 .text          0x02010d2c      0x32c ./Debug/uiMenuDefaultMsg.c.o
 .text          0x02011058      0x424 ./Debug/uiMenuDelAllMsg.c.o
 .text          0x0201147c      0x490 ./Debug/uiMenuDelCurMsg.c.o
 .text          0x0201190c      0x484 ./Debug/uiMenuFormatMsg.c.o
 .text          0x02011d90      0x900 ./Debug/uiMenuItemMsg.c.o
                0x02012670                menuIsOpen
 .text          0x02012690      0x73c ./Debug/uiMenuOptionMsg.c.o
 .text          0x02012dcc      0x35c ./Debug/uiMenuUsbMsg.c.o
 .text          0x02013128      0x198 ./Debug/uiNoFileMsg.c.o
 .text          0x020132c0      0x38c ./Debug/uiTips1Msg.c.o
 .text          0x0201364c      0x370 ./Debug/uiTipsMsg.c.o
 .text          0x020139bc      0x4c0 ./Debug/uiWin.c.o
                0x020139bc                dialogCB
                0x02013bb4                uiParentDealMsg
                0x02013be4                uiOpenWindow
                0x02013d14                uiOpenWinAndShow
                0x02013e4c                windowIsOpen
 .text          0x02013e7c      0x174 ./Debug/uiMenuVersionMsg.c.o
 .text          0x02013ff0      0x31c ./Debug/taskAudioPlayer.c.o
                0x02013ff0                taskAudioPlayerService
                0x0201403c                uni2oem936_init
                0x020140f8                uni2oem936_uninit
                0x0201413c                oem2uni936_init
                0x020141ec                taskAudioPlayerOpen
                0x02014290                oem2uni936_uninit
                0x020142d4                taskAudioPlayerClose
 .text          0x0201430c     0x1d98 ./Debug/taskAudioPlayerMsg.c.o
                0x02015750                AudioPlayer_MusicList_Refresh
                0x020159d8                remove_file_extension
 .text          0x020160a4        0x0 ./Debug/taskAudioPlayerRes.c.o
 .text          0x020160a4        0x0 ./Debug/taskPhotoEncodeRes.c.o
 .text          0x020160a4        0x0 ./Debug/taskPlayBackRes.c.o
 .text          0x020160a4        0x0 ./Debug/taskVideoRecordRes.c.o
 .text          0x020160a4        0x0 ./Debug/uiMenuDateTimeRes.c.o
 .text          0x020160a4        0x0 ./Debug/uiMenuDefaultRes.c.o
 .text          0x020160a4        0x0 ./Debug/uiMenuDelAllRes.c.o
 .text          0x020160a4        0x0 ./Debug/uiMenuDelCurRes.c.o
 .text          0x020160a4        0x0 ./Debug/uiMenuFormatRes.c.o
 .text          0x020160a4        0x0 ./Debug/uiMenuItemRes.c.o
 .text          0x020160a4        0x0 ./Debug/uiMenuOptionRes.c.o
 .text          0x020160a4        0x0 ./Debug/uiMenuUsbRes.c.o
 .text          0x020160a4        0x0 ./Debug/uiMenuVersionRes.c.o
 .text          0x020160a4        0x0 ./Debug/uiNoFileRes.c.o
 .text          0x020160a4        0x0 ./Debug/uiTips1Res.c.o
 .text          0x020160a4        0x0 ./Debug/uiTipsRes.c.o
 .text          0x020160a4      0x108 ./Debug/taskMainMenu.c.o
                0x020160a4                taskMainMenuService
                0x020160b8                taskMainMenuOpen
                0x02016180                taskMainMenuClose
 .text          0x020161ac      0xa24 ./Debug/taskMainMenuMsg.c.o
 .text          0x02016bd0        0x0 ./Debug/taskMainMenuRes.c.o
 .text          0x02016bd0       0xc4 ./Debug/taskSettingMenu.c.o
                0x02016bd0                taskSettingMenuService
                0x02016be4                taskSettingMenuOpen
                0x02016c4c                taskSettingMenuClose
 .text          0x02016c94     0x18e8 ./Debug/userInterface.c.o
                0x02016c94                actionUpperToBottom
                0x02016e4c                actionBottomToUpper
                0x02017024                actionSquareInsideToOutside
                0x020171d4                actionSquareOutsideToInside
                0x0201738c                actionLeftBottomToRightUpper
                0x02017518                actionLeftToRight
                0x020176e4                actionLeftUpperToRightBottom
                0x02017898                actionCircleInside2OutSide
                0x02017cac                getActionFunc
                0x02017d54                animationInit
                0x02017e64                animationRun
                0x02017f3c                animationUnInit
                0x02017f8c                circle_fill
                0x020184e8                type_function_circle
 .text          0x0201857c      0x62c ./Debug/upgrade.c.o
                0x0201857c                upgrade_led_control
                0x020185f4                upgrade_uiProgress
                0x02018634                upgrade
 .text          0x02018ba8     0x24b0 ./Debug/game_block.c.o
                0x02018ba8                game_cnt_down
                0x02018bd8                game_cnt_reinit
                0x02018bf8                game_cnt_over
                0x02018c28                game_cnt_clear
                0x02018c54                effect_rand_get
                0x02018cdc                power_up_rand_list_init
                0x02018d7c                block_cnt_init
                0x02018de0                rand_get
                0x02018e70                level_back_index_get
                0x02018e94                block_map_init
                0x02018ef4                move_icon_universal_draw
                0x02018f64                game_frame_buff_show_get
                0x02018f84                block_icon_draw
                0x02019018                block_src_init_and_draw
                0x020190d8                block_map_draw
                0x02019180                game_boundary_init
                0x020191c4                game_block_level_init
                0x02019200                life_icon_draw
                0x0201930c                right_score_draw
                0x02019440                ball_icon_draw
                0x020194d8                board_icon_draw
                0x02019520                power_up_item_icon_draw
                0x020195e0                DrawMap_block
                0x02019628                power_up_item_init
                0x02019720                power_up_item_destroy
                0x0201978c                ball_init
                0x02019870                ball_item_destroy
                0x020198dc                copy_ball_action
                0x02019958                ball_and_board_init
                0x020199f8                board_and_ball_flash_init
                0x02019a30                move_rule
                0x02019b24                game_boundary_hit_check
                0x02019bcc                universal_hit_action
                0x02019c00                universal_hit_check
                0x02019ee8                board_hit_check
                0x02019fcc                block_hit_check
                0x0201a14c                clear_block_effect
                0x0201a2f8                board_move
                0x0201a3b0                ball_move
                0x0201a474                ball_fire_power_up
                0x0201a4dc                ball_multi_power_up
                0x0201a568                power_up_item_move
                0x0201a660                power_up_move
                0x0201a6e0                move
                0x0201a79c                pass_check
                0x0201a7f8                game_block_init
                0x0201a84c                block_free_buf
                0x0201a8a8                game_block_exit
                0x0201a8fc                flash_reinit
                0x0201a9e0                flash_init
                0x0201aa28                block_breaker_going_key_response
                0x0201aae0                game_block_start
                0x0201aba4                block_breaker_going
                0x0201ace0                block_breaker_level_pass
                0x0201ad44                block_breaker_game_over_show
                0x0201adb8                block_breaker_game_pause
                0x0201aef0                game_block_key_active
                0x0201af64                game_block_entry
 .text          0x0201b058      0xe2c ./Debug/game_snake.c.o
                0x0201b058                snake_get_buf
                0x0201b0c8                snake_put_buf
                0x0201b120                snake_init
                0x0201b1cc                rand_next
                0x0201b280                createFood
                0x0201b364                creatMap
                0x0201b3b8                biteSelf
                0x0201b410                chet_endGamestatus
                0x0201b4a0                detore_snake
                0x0201b4f4                snakeOSDDisplayBufGet
                0x0201b540                snake_I80
                0x0201b638                snakeOSDDisplay
                0x0201b698                snake_frame_icon_draw
                0x0201b7a4                get_malloc
                0x0201b7d8                show_icon_rect
                0x0201b8e0                show_all
                0x0201ba18                snakeMove
                0x0201bc2c                key_read
                0x0201bccc                snake_main_init
                0x0201bd80                game_snake_entry
 .text          0x0201be84      0x738 ./Debug/game_sokoban.c.o
                0x0201be84                Move
                0x0201bfe0                resultCheck
                0x0201c078                map_init
                0x0201c0bc                get_map_size
                0x0201c0d4                man_init
                0x0201c144                DataRead_CMode
                0x0201c1c8                TXZ_show_icon_rect
                0x0201c2dc                TXZ_show_one_rect
                0x0201c308                DrawMap
                0x0201c380                TXZ_show_all
                0x0201c3b8                get_game_map
                0x0201c480                sokoban_init
                0x0201c4dc                game_sokoban_entry
 .text          0x0201c5bc      0xfe4 ./Debug/game_tetris.c.o
                0x0201c5bc                insertTetris
                0x0201c664                checkCollision_L
                0x0201c69c                checkCollision_R
                0x0201c6d0                checkCollision
                0x0201c770                show_one_diamonds
                0x0201c7f8                printScore
                0x0201c9c8                printNextTetris
                0x0201ca5c                giveTetris
                0x0201cb3c                removeTetris
                0x0201cbf4                printCurrentTetris
                0x0201cd14                setPoolColor
                0x0201cdc8                rotateTetris
                0x0201ce6c                checkErasing
                0x0201cffc                printTetrisPool
                0x0201d0cc                moveDownTetris
                0x0201d17c                horzMoveTetris
                0x0201d220                keydownControl
                0x0201d2e8                endgame
                0x0201d304                restartGame
                0x0201d3a4                game_tetris_init
                0x0201d438                game_tetris_exit
                0x0201d47c                game_tetris_entry
 .text          0x0201d5a0     0x1bb0 ./Debug/taskGame.c.o
                0x0201d5a0                taskGameClose
                0x0201d700                gameInit
                0x0201d7b0                gameGetKeyADCValue
                0x0201d85c                game_key_judge
                0x0201d8e8                fps_count_reset
                0x0201d914                rand_int
                0x0201d980                get_game_base_buf
                0x0201d9a8                get_game_show_buf
                0x0201da94                get_bin_data
                0x0201db24                frame_icon_draw
                0x0201dcb8                game_OSD_str_draw
                0x0201e344                game_tips
                0x0201e680                game_over
                0x0201e77c                gameExit
                0x0201e7f0                taskGameService
                0x0201e858                game_bk_draw
                0x0201e904                frame_buff_display
                0x0201e97c                free_buf
                0x0201e9a4                game_audio_init
                0x0201eb5c                taskGameOpen
                0x0201eba4                game_audio_play
                0x0201ed4c                game_key_event
                0x0201ef60                gameTickGenerator
                0x0201f028                game_result_tips
 .text          0x0201f150       0xc8 ./Debug/taskGameMenu.c.o
                0x0201f150                taskGameMenuService
                0x0201f164                taskGameMenuOpen
                0x0201f1ec                taskGameMenuClose
 .text          0x0201f218      0xe3c ./Debug/taskGameMenuMsg.c.o
 .text          0x02020054        0x0 ./Debug/taskGameMenuRes.c.o
 .text          0x02020054     0x11f4 ./Debug/game_plane.c.o
                0x02020054                is_in_range
                0x020200a4                collision_chect
                0x02020300                move_enemy_bullet_c
                0x020203a0                AI_mage
                0x020203f4                move_my_planle
                0x02020548                new_my_bullet
                0x020205f8                new_p_boom
                0x020206bc                move_my_bullet_c
                0x020207ac                move_bullet
                0x020207d0                move_one_enemy_planle
                0x02020998                move_enemy_planle
                0x020209e0                new_enemy_Plane
                0x02020abc                pGame_show_icon_rect
                0x02020c70                show_plane_boom
                0x02020cd4                show_enemy_Plane
                0x02020d2c                show_my_bullet
                0x02020d84                show_score
                0x02021018                game_plane_entry
 .text          0x02021248      0x5a8 ./Debug/game_maze.c.o
                0x02021248                Move_maze
                0x02021408                resultCheck_maze
                0x02021460                maze_map_set
                0x020214a0                get_map_maze_size
                0x020214b8                man_maze_init
                0x020214e8                maze_show_one_rect
                0x020215ac                maze_DrawMap
                0x02021624                maze_show_all
                0x0202165c                maze_map_init
                0x020216a4                maze_keypress
                0x020216f8                maze_init
                0x02021740                game_maze_entry
 .text          0x020217f0      0x7f4 ./Debug/gif.c.o
                0x020217f0                gif_fileSeek
                0x02021824                gif_filePosition
                0x02021844                gif_fileRead
                0x02021878                gif_startDrawing
                0x0202188c                gif_drawPixel
                0x020219dc                gif_fileReadBlock
                0x02021a4c                gif_updateScreen
                0x02021b08                gif_screenClear
                0x02021b5c                init_gif_decoder
                0x02021c8c                gif_play
 .text          0x02021fe4      0xea4 ./Debug/GifDecoder_Impl.c.o
                0x02021fe4                GifDecoder_Init
                0x02022094                GifDecoder_setStartDrawingCallback
                0x020220ac                GifDecoder_setUpdateScreenCallback
                0x020220c4                GifDecoder_setDrawPixelCallback
                0x020220dc                GifDecoder_setScreenClearCallback
                0x020220f4                GifDecoder_setFileSeekCallback
                0x0202210c                GifDecoder_setFilePositionCallback
                0x02022124                GifDecoder_setFileReadCallback
                0x0202213c                GifDecoder_setFileReadBlockCallback
                0x02022154                GifDecoder_GetGifWidth
                0x0202216c                GifDecoder_GetGifHeight
                0x02022184                BackupStream
                0x020221c4                ReadByte
                0x020221e8                ReadWord
                0x02022230                ReadIntoBuffer
                0x0202225c                FillImageDataRect
                0x020222b8                FillImageData
                0x020222ec                CopyImageDataRect
                0x0202234c                ParseGifHeader
                0x020223bc                ParseLogicalScreenDescriptor
                0x02022434                ParseGlobalColorTable
                0x02022484                ParsePlainTextExtension
                0x020224ec                ParseGraphicControlExtension
                0x02022584                ParseApplicationExtension
                0x02022600                ParseCommentExtension
                0x0202267c                ParseGIFFileTerminator
                0x020226b0                GifDecoder_startDecoding
                0x0202272c                DecompressAndDisplayFrame
                0x02022a04                ParseTableBasedImage
                0x02022d2c                ParseData
                0x02022df4                GifDecoder_decodeFrame
 .text          0x02022e88      0x398 ./Debug/LzwDecoder_Impl.c.o
                0x02022e88                LzwSetTempBuffer
                0x02022ea0                LzwDecodeInit
                0x02022f24                LzwGetCode
                0x02022fec                LzwDecode
 .text          0x02023220        0x0 ./Debug/xos_x_cpu.c.o
 .text          0x02023220      0x1b0 ./Debug/xos_xmbox.c.o
                0x02023220                XMboxInit
                0x02023260                XMboxCreate
                0x020232e8                XMboxDestory
                0x02023320                XMboxPost
                0x02023374                XMboxPend
 .text          0x020233d0      0x2e4 ./Debug/xos_xmsgq.c.o
                0x020233d0                XMsgQInit
                0x02023410                XMsgQCreate
                0x020234a0                XMsgQDestory
                0x020234d8                XMsgQFlush
                0x02023518                XMsgQPost
                0x02023590                XMsgQPostFront
                0x0202360c                XMsgQPend
                0x0202369c                XMsgQCheck
 .text          0x020236b4      0x12c ./Debug/xos_xos.c.o
                0x020236b4                XOSInit
                0x020236f4                XOSTickService
                0x02023764                XOSTimeGet
                0x02023784                XOSTimeDly
                0x020237c0                XOSRandom
 .text          0x020237e0      0x168 ./Debug/xos_xwork.c.o
                0x020237e0                XWorkInit
                0x02023820                XWorkCreate
                0x020238ac                XWorkDestory
                0x020238dc                XWorkService
 .text          0x02023948      0xb70 ./Debug/multimedia_user_media.c.o
                0x02023948                jpg_decode_buf
                0x020239f8                jpg_buf_decode_buf
                0x02023aa8                yuv_rgb_table_init
                0x02023ce0                yuv_rgb_table_uninit
                0x02023d24                bmp24_to_yuv420_buf
                0x020240e0                yuv420_draw_buf
                0x020242d0                yuv420_software_set_handle_frame
                0x020242f0                yuv420_software_get_handle_frame
                0x02024310                yuv420_effect_handle
 .text          0x020244b8      0x1fc ./Debug/sUI_button.c.o
                0x0202459c                buttonCreate
                0x02024610                buttonCreateIndirect
 .text          0x020246b4      0x188 ./Debug/sUI_dialog.c.o
                0x020246b4                dialogCreate
                0x02024784                dialogItem
 .text          0x0202483c      0x22c ./Debug/sUI_frameWin.c.o
                0x02024994                frameWinCreate
                0x020249f8                frameWinCreateIndirect
 .text          0x02024a68      0x2b0 ./Debug/sUI_imageIcon.c.o
                0x02024bf0                imageIconCreate
                0x02024c9c                imageIconCreateIndirect
 .text          0x02024d18     0x1974 ./Debug/sUI_itemManage.c.o
                0x02024d18                itemManageCreate
                0x02024d9c                itemManageCreateIndirect
                0x02024e10                itemManageSetItemHeight
                0x02024f94                itemManageSetItemRowSumGap
                0x0202509c                itemManageSetHeightAvgGap
                0x02025210                itemManageSetRowSum
                0x02025344                itemManageSetColumnSum
                0x02025494                itemManageSetColumnSumWithGap
                0x02025610                itemManageSetColumnMargin
                0x02025740                itemManageCreateItem
                0x020258dc                itemManageSetResInforFuncEx
                0x02025934                itemManageSetCurItem
                0x02025c30                itemManageUpdateRes
                0x02025ce8                itemManageUpdateAllitem
                0x02025d4c                itemManageUpdateCurItem
                0x02025ef0                itemManageNextItem
                0x02025f8c                itemManagePreItem
                0x02026028                itemManageNextPage
                0x020260ac                itemManagePrePage
                0x02026134                itemManageGetCurrentItem
                0x02026198                itemManageSetCharInfor
                0x02026250                itemManageSetSelectColor
                0x020262ec                itemManageSetSelectImage
                0x0202638c                itemManageSetUnselectColor
                0x02026428                itemManageSetUnselectImage
                0x020264c8                itemManageGetTouchInfor
 .text          0x0202668c      0x3c4 ./Debug/sUI_menuItem.c.o
                0x020268bc                menuItemCreate
                0x02026964                itemCreateMenuItem
 .text          0x02026a50      0x504 ./Debug/sUI_menuItemEx.c.o
                0x02026d78                menuItemExCreate
                0x02026e28                itemCreateMenuItemEx
 .text          0x02026f54      0x360 ./Debug/sUI_menuOption.c.o
                0x02027148                menuOptionCreate
                0x020271ec                itemCreatemenuOption
 .text          0x020272b4      0x344 ./Debug/sUI_progressBar.c.o
                0x020274dc                progressBarCreate
                0x02027560                progressBarCreateIndirect
                0x020275d8                progressBarSetDirction
 .text          0x020275f8      0x264 ./Debug/sUI_rect.c.o
                0x02027764                rectCreate
                0x020277e8                rectCreateIndirect
 .text          0x0202785c      0x3b4 ./Debug/sUI_stringIcon.c.o
                0x02027aa0                stringIconCreate
                0x02027b5c                stringIconCreateIndirect
 .text          0x02027c10      0x2b0 ./Debug/sUI_tips.c.o
                0x02027dac                tipsCreate
                0x02027e38                tipsCreateIndirect
 .text          0x02027ec0      0x30c ./Debug/sUI_uiAlloc.c.o
                0x02027ec0                uiHeapInit
                0x02027ef8                uiAlloc
                0x02028000                uiFree
                0x02028100                uiHeapInfor
                0x020281b8                heapAllocTest
 .text          0x020281cc      0x11c ./Debug/sUI_widget.c.o
                0x020281cc                widgetProc
                0x02028218                widgetSetType
                0x02028248                widgetGetType
                0x0202827c                widgetGetId
                0x020282b4                widgetSetId
 .text          0x020282e8     0x1c38 ./Debug/sUI_winManage.c.o
                0x020282e8                winErrShow
                0x02028334                winSendMsg
                0x02028374                winSendMsgNoData
                0x0202839c                winSendMsgToParent
                0x020283cc                winSendMsgToParentNoData
                0x020283f4                winOverlapping
                0x02028458                winContain
                0x020284bc                winHasInvalidRect
                0x02028550                winFreeInvalidRect
                0x0202884c                winCreate
                0x02028c94                winDestroy
                0x02028e50                winGetTouchInfor
                0x02028e80                winTouch
                0x020290a0                winSetbgColor
                0x020290d4                winSetfgColor
                0x02029108                winSetVisible
                0x0202918c                winIsVisible
                0x020291c8                winSetResid
                0x020291f8                winSetItemSelResid
                0x02029228                winSetStrInfor
                0x02029278                resInforInit
                0x020292c4                winSetSelectInfor
                0x020292f4                winSetUnselectInfor
                0x02029324                winChangeNotify
                0x0202938c                winDefaultProc
                0x0202979c                winResize
                0x0202992c                winGetRelativePos
                0x020299bc                winGetPos
                0x02029a00                winUpdate
                0x02029a70                winSetPorgressRate
                0x02029aa0                winSetPorgressDirction
                0x02029ad0                winGetCurrent
                0x02029af0                winPaint
                0x02029bfc                winSetName
                0x02029c1c                winIntersection
                0x02029cd0                winUpdateAllResId
                0x02029d34                winDestroyDeskTopChildWin
                0x02029da8                winInit
                0x02029e94                winUninit
 .text          0x02029f20      0x174 ./Debug/sUI_memPool.c.o
                0x02029f20                mempCreate
                0x02029f88                mempGet
                0x02029fe0                mempPut
                0x0202a01c                mempInfor
 .text          0x0202a094      0x43c ./Debug/sUI_widgetManage.c.o
                0x0202a2e8                widgetManageCreate
                0x0202a36c                widgetManageCreateIndirect
                0x0202a3dc                widgetManageUpdateAll
                0x0202a400                widgetManageUpdateCur
                0x0202a424                widgetManageNext
                0x0202a448                widgetManagePre
                0x0202a46c                widgetManageSelect
                0x0202a4a0                widgetManageCurId
 .text          0x0202a4d0      0x3bc ./Debug/src_ax32xx_int.c.o
                0x0202a4d0                ax32xx_intHandler
                0x0202a4e4                fast_isr
                0x0202a5c4                slow_isr
                0x0202a6b8                ax32xx_intEnable
                0x0202a700                ax32xx_int_priority
                0x0202a748                ax32xx_intInit
 .text          0x0202a88c      0xa44 ./Debug/src_ax32xx_sys.c.o
                0x0202a88c                ax32xx_sysCpuMsDelay
                0x0202a8c8                ax32xx_sysCpuNopDelay
                0x0202a8f0                ax32xx_sysDcacheInit
                0x0202a934                ax32xx_sysIcacheInit
                0x0202a978                ax32xx_sysDcacheWback
                0x0202a9f4                ax32xx_sysDcacheFlush
                0x0202aa70                ax32xx_sysDcacheInvalid
                0x0202aaec                ax32xx_sysSRAMClear
                0x0202ab40                ax32xx_sysBSSClear
                0x0202aba4                ax32xx_sysLDOSet
                0x0202ad88                ax32xx_sysClkSet
                0x0202ade4                ax32xx_sysReset
                0x0202ae24                ax32xx_sys_dma_memdown
                0x0202ae88                ax32xx_sys_dma_memkick
                0x0202af4c                ax32xx_mcpy_gram2ufifo
                0x0202afac                ax32xx_mcpy1_sdram2gram
                0x0202b050                ax32xx_mcpy1_sdram2gram_2
                0x0202b0b0                ax32xx_sysInit
                0x0202b210                ax32xx_sysUninit
 .text          0x0202b2d0      0x298 ./Debug/src_ax32xx_dma.c.o
                0x0202b2d0                ax32xx_dmaNocCfg
                0x0202b4f8                ax32xx_dmaNocDefault
                0x0202b520                ax32xx_dmaChannelEnable
 .text          0x0202b568       0x98 ./Debug/src_ax32xx_wdt.c.o
                0x0202b568                ax32xx_wdtEnable
                0x0202b59c                ax32xx_wdtTimeSet
                0x0202b5b0                ax32xx_wdtClear
                0x0202b5e4                ax32xx_wdtReset
 .text          0x0202b600      0xe08 ./Debug/src_ax32xx_gpio.c.o
                0x0202b600                ax32xx_gpioSFRSet
                0x0202b844                ax32xx_gpioDirSet
                0x0202b8e8                ax32xx_gpioPullSet
                0x0202b9b4                ax32xx_gpioDrvSet
                0x0202ba44                ax32xx_gpioDataSet
                0x0202bad0                ax32xx_gpioDataGrounpSet
                0x0202bb4c                ax32xx_gpioDataGet
                0x0202bbd0                ax32xx_gpioMapSet
                0x0202bc60                ax32xx_gpioDigitalSet
                0x0202bcf0                ax32xx_gpioHystersisSet
                0x0202bd80                ax32xx_gpioLedPull
                0x0202be4c                ax32xx_gpioLedInit
                0x0202bedc                ax32xx_gpioINTCheck
                0x0202bf14                ax32xx_gpioINTClear
                0x0202bf3c                ax32xx_gpioINTInit
                0x0202c06c                ax32xx_gpioIRQHandler
                0x0202c108                ax32xx_io1d1_softstart
                0x0202c2c8                ax32xx_io1d1_softstart_clr
                0x0202c378                ax32xx_io1d1_pd_enable
 .text          0x0202c408      0x1a4 ./Debug/src_ax32xx_uart.c.o
                0x0202c408                ax32xx_uart0IRQHandler
                0x0202c458                ax32xx_uart0IOCfg
                0x0202c4f8                ax32xx_uart0Init
                0x0202c56c                ax32xx_uart0SendByte
 .text          0x0202c5ac      0x9ec ./Debug/src_ax32xx_timer.c.o
                0x0202c5ac                ax32xx_timer0IRQHandler
                0x0202c5f0                ax32xx_timer1IRQHandler
                0x0202c634                ax32xx_timer2IRQHandler
                0x0202c678                ax32xx_timer3IRQHandler
                0x0202c6bc                ax32xx_timerISRRegister
                0x0202c700                ax32xx_timerStart
                0x0202c7fc                ax32xx_timerStop
                0x0202c8cc                ax32xx_timerEnable
                0x0202c958                ax32xx_timerDisable
                0x0202c9fc                ax32xx_timerTickStart
                0x0202ca30                ax32xx_timerTickStop
                0x0202ca50                ax32xx_timerTickCount
                0x0202ca6c                ax32xx_timerPWMStart
                0x0202cee4                ax32xx_timerPWMStop
 .text          0x0202cf98      0x468 ./Debug/src_ax32xx_tminf.c.o
                0x0202cf98                ax32xx_mjpegATimeinfoEnable
                0x0202d004                ax32xx_mjpegBTimeinfoEnable
                0x0202d070                ax32xx_mjpegATimeinfoColor
                0x0202d0bc                ax32xx_mjpegBTimeinfoColor
                0x0202d118                ax32xx_mjpegATimeinfoSize
                0x0202d174                ax32xx_mjpegBTimeinfoSize
                0x0202d1fc                ax32xx_mjpegATimeinfoPos
                0x0202d258                ax32xx_mjpegBTimeinfoPos
                0x0202d2e0                ax32xx_mjpegATimeinfoAddr
                0x0202d324                ax32xx_mjpegBTimeinfoAddr
                0x0202d394                ax32xx_recfg_mjpb_tminf
 .text          0x0202d400      0x7f4 ./Debug/src_ax32xx_spi.c.o
                0x0202d400                ax32xx_spi0Init
                0x0202d620                ax32xx_spi0SendByte
                0x0202d674                ax32xx_spi0RecvByte
                0x0202d6c8                ax32xx_spi0Send0
                0x0202d780                ax32xx_spi0Recv0
                0x0202d838                ax32xx_spi0CS0Config
                0x0202d87c                spi1_pin_config
                0x0202d94c                hal_spi1Init
                0x0202d9c4                spi1_send_byte
                0x0202da34                spi1_receive_byte
                0x0202da7c                spi1_recevie_dma
                0x0202db14                spi1_send_dma
                0x0202dbb0                spi1_enable
 .text          0x0202dbf4      0xb74 ./Debug/src_ax32xx_rtc.c.o
                0x0202dbf4                ax32xx_rtcWriteByte
                0x0202dc44                ax32xx_rtcReadByte
                0x0202dca8                ax32xx_rtcRamRead
                0x0202dd44                ax32xx_rtcRamWrite
                0x0202dde0                ax32xx_rtcDataRead
                0x0202de68                ax32xx_rtcDataWrite
                0x0202def0                ax32xx_rtcInit
                0x0202dfa0                ax32xx_rtcIRQHandler
                0x0202e058                ax32xx_rtcSencodEnable
                0x0202e0d4                ax32xx_rtcAlamEnable
                0x0202e1bc                ax32xx_rtcAlamSet
                0x0202e204                ax32xx_rtcGet
                0x0202e258                ax32xx_rtcSet
                0x0202e2a0                ax32xx_WKOEnable
                0x0202e2fc                ax32xx_VDDGSENEnable
                0x0202e36c                ax32xx_WKI0InputEnable
                0x0202e3dc                ax32xx_WKI1InputEnable
                0x0202e44c                ax32xx_WKI1Read
                0x0202e470                ax32xx_WKI0Read
                0x0202e494                ax32xx_WKI1WakeupEnable
                0x0202e5fc                ax32xx_WKI1WakeupTriger
                0x0202e64c                ax32xx_WKI1CleanPending
                0x0202e688                ax32xx_rtcBatDecEnable
                0x0202e6f8                ax32xx_rtcSenHVEnable
 .text          0x0202e768      0x7e8 ./Debug/src_ax32xx_iic.c.o
                0x0202e820                software_iic_sdaout
                0x0202e854                software_iic_sdain
                0x0202e888                software_iic_sda_set
                0x0202e8b4                software_iic_scl_set
                0x0202e8e0                software_iic_sda_get
                0x0202e908                software_iic_init
                0x0202e938                software_iic_start
                0x0202e9b0                software_iic_stop
                0x0202ea28                software_iic_wait_ack
                0x0202eae0                ax32xx_iic0Init
                0x0202eba0                ax32xx_iic0Uninit
                0x0202ebe4                ax32xx_iic0Start
                0x0202ec00                ax32xx_iic0Stop
                0x0202ec40                ax32xx_iic0RecvACK
                0x0202ec68                ax32xx_iic0SendACK
                0x0202ec8c                ax32xx_iic0SendByte
                0x0202ecdc                ax32xx_iic0RecvByte
                0x0202ed30                ax32xx_iic1Init
                0x0202ed58                ax32xx_iic1Uninit
                0x0202ed9c                ax32xx_iic1Start
                0x0202edb8                ax32xx_iic1Stop
                0x0202ee18                ax32xx_iic1RecvACK
                0x0202ee40                ax32xx_iic1SendACK
                0x0202ee64                ax32xx_iic1SendByte
                0x0202eed4                ax32xx_iic1RecvByte
 .text          0x0202ef50      0x66c ./Debug/src_ax32xx_dac.c.o
                0x0202ef90                ax32xx_dacIRQHandler
                0x0202f064                ax32xx_dacSampleRateSet
                0x0202f0d4                ax32xx_dacEnable
                0x0202f158                ax32xx_dacVolumeSet
                0x0202f1d0                ax32xx_dacBufferSet
                0x0202f1f0                ax32xx_dacBufferFlush
                0x0202f210                ax32xx_dacReset
                0x0202f234                ax32xx_dacStart
                0x0202f2b0                ax32xx_dacStop
                0x0202f2e0                ax32xx_dacISRRegister
                0x0202f300                ax32xx_dacHPSet
                0x0202f394                eq_coeff_init
                0x0202f404                eq_gain_init
                0x0202f474                ax32xx_dacInit
 .text          0x0202f5bc      0x114 ./Debug/src_ax32xx_adc.c.o
                0x0202f5bc                ax32xx_adcEnable
                0x0202f624                ax32xx_adcSetBaudrate
                0x0202f654                ax32xx_adcConverStart
                0x0202f678                ax32xx_adcRead
 .text          0x0202f6d0      0x4d0 ./Debug/src_ax32xx_auadc.c.o
                0x0202f6d0                ax32xx_auadcIRQHandler
                0x0202f760                ax32xx_auadcHalfIRQRegister
                0x0202f780                ax32xx_auadcEndIRQRegister
                0x0202f7a0                ax32xx_auadcEnable
                0x0202f898                ax32xx_auadcAGCEnable
                0x0202f928                ax32xx_auadcGainSet
                0x0202f9a4                ax32xx_auadcBufferSet
                0x0202fa04                ax32xx_auadcInit
                0x0202faa8                ax32xx_auadcSetSampleSet
                0x0202fb8c                agc_gain_mnt
 .text          0x0202fba0      0x298 ./Debug/src_jpeg_table.c.o
                0x0202fba0                jpegA_table_init
                0x0202fd1c                ax32xx_mjpB_tab_init
 .text          0x0202fe38      0xd68 ./Debug/src_ax32xx_usb.c.o
                0x0202fe38                _usb_bulk_tx
                0x0202ff74                _usb_bulk_rx
                0x02030080                _usb_iso_kick
                0x02030170                _iso_wait_txdown
                0x020301e0                usb_iso_tx
                0x020302e0                usb_burst_reset
                0x0203032c                usb_host_reset
                0x02030378                usb_phyreset_as_typeb
                0x020304c0                usb_phyreset_as_typea
                0x0203060c                usb_insert
                0x02030620                usb_check_hal
                0x02030634                get_u32softcnt
                0x02030654                ax32xx_usbIRQHanlder
                0x02030748                ax32xx_usbCallbackRegister
                0x02030784                ax32xx_usb_hostIRQHanlder
                0x02030798                usb_device_check
                0x02030860                ax32xx_usbPhyPllEnable
                0x02030908                usb11_registers_write
                0x02030934                usb11_registers_read
                0x0203096c                usb_memcpy
                0x020309e0                usb_phyreset_as_typea11
                0x020309f4                usb11_host_reset
                0x02030a08                ax32xx_usb11_hostIRQHanlder
                0x02030a1c                usb20_host_check
                0x02030ae4                usb11HostCheckNoWait
                0x02030af8                usb11_host_check
                0x02030b0c                usb20_phyreset_as_filter
 .text          0x02030ba0      0x210 ./Debug/src_ax32xx_misc.c.o
                0x02030ba0                str_seek
                0x02030c0c                dec_num2str
                0x02030c4c                char_2_hex
                0x02030ca0                data_check
                0x02030ce0                pointer_check
                0x02030d04                half_word_memcpy
                0x02030d3c                word_memcpy
                0x02030d74                word_reg_memcpy
 .text          0x02030db0      0x14c ./Debug/src_ax32xx_pip.c.o
                0x02030db0                ax32xx_pipConfig
                0x02030e2c                ax32xx_pipEnable
                0x02030e70                ax32xx_pipCounterReset
                0x02030eb0                ax32xx_pipGetTopLayer
                0x02030ed4                ax32xx_pipGetBotLayer
 .text          0x02030efc        0x0 ./Debug/src_ax32xx_btuart.c.o
 .text          0x02030efc        0x0 ./Debug/src_ax32xx_crc.c.o
 .text          0x02030efc      0x26c ./Debug/src_ax32xx_emi.c.o
                0x02030efc                ax32xx_emiInit
                0x02031038                ax32xx_emiISRRegister
                0x0203106c                ax32xx_emiIRQHandler
                0x020310c8                ax32xx_emiKick
                0x02031124                ax32xx_emiCheckBusy
                0x02031144                ax32xx_emiCheckRXError
 .text          0x02031168      0x278 ./Debug/src_ax32xx_rotate.c.o
                0x02031168                ax32xx_rotateISRRegiser
                0x02031188                ax32xx_rotateCheckBusy
                0x020311a8                ax32xx_rotateReset
                0x020311f4                ax32xx_rotateStart
                0x0203130c                ax32xx_rotateWaitFrameDone
                0x02031360                ax32xx_rotateIRQHandler
                0x020313b0                ax32xx_rotateGetSrcYAddr
 .text          0x020313e0      0x370 ./Debug/src_ax32xx_osdcmp.c.o
                0x020313e0                ax32xx_osdcmpISRRegiser
                0x02031400                ax32xx_osdcmpCheckBusy
                0x02031424                ax32xx_osdcmpReset
                0x02031470                ax32xx_osdcmpGetCompSize
                0x02031490                ax32xx_osdcmpKick
                0x02031564                ax32xx_osdcmpWaitFrameDone
                0x020315fc                ax32xx_osdcmpCompOneFrame
                0x02031704                ax32xx_osdcmpIRQHandler
 .text          0x02031750       0x3c ./Debug/src_ax32xx_isp.c.o
                0x02031750                ax32xx_ispModeSet
 .text          0x0203178c      0xd68 ./Debug/osd_ax32xx_osd.c.o
                0x0203178c                ax32xx_deWait
                0x020317e8                ax32xx_deUpdate
                0x0203180c                ax32xx_deGetUpdateStatus
                0x02031830                ax32xx_deIRQHandler
                0x02031890                ax32xx_deISRRegister
                0x020318b0                ax32xx_deInit
                0x0203192c                ax32xx_deSetBackground
                0x02031960                ax32xx_deSetCSC
                0x020319ac                ax32xx_videoSetDither
                0x02031a4c                ax32xx_videoSetScale
                0x02031a98                ax32xx_videoSetScaleLine
                0x02031b08                ax32xx_videoSetScanMode
                0x02031b54                ax32xx_videoGetYAddr
                0x02031b84                ax32xx_videoGetUVAddr
                0x02031bb4                ax32xx_videoSetAddr
                0x02031bd0                ax32xx_videoSetStride
                0x02031bf4                ax32xx_videoSetSize
                0x02031c2c                ax32xx_videoSetPosition
                0x02031c54                ax32xx_videoCopyCfg
                0x02031cbc                ax32xx_videoEnable
                0x02031d00                ax32xx_degamma_cfg
                0x02031d20                ax32xx_videoGammaRed
                0x02031d64                ax32xx_videoGammaGreen
                0x02031da8                ax32xx_videoGammaBlue
                0x02031dec                ax32xx_deSetGAMA
                0x02031e70                ax32xx_deSet_DE_CCM
                0x02031f58                ax32xx_deSet_DE_SAJ
                0x02031fc4                ax32xx_videoGammaEnable
                0x02032008                ax32xx_osdEnable
                0x02032074                ax32xx_osdSetSize
                0x020320c8                ax32xx_osdSetPosition
                0x0203211c                ax32xx_osdSetPalette
                0x02032164                ax32xx_osdSetAddr
                0x02032220                ax32xx_osdGetAddr
                0x02032270                ax32xx_osdSetAlpha
                0x020322dc                ax32xx_osdSetUpscaler
                0x020324a4                ax32xx_osdEncodeOneCode
 .text          0x020324f4      0xfc8 ./Debug/csi_ax32xx_csi.c.o
                0x020324f4                hal_csi_fcnt_get
                0x02032524                ax32xx_csiIRQHandler
                0x020327b4                ax32xx_csiISRRegiser
                0x020327f0                ax32xx_csiMJPEGFrameSet
                0x02032860                ax32xx_csihv_tomjp_dma_cfg
                0x020328ec                ax32xx_csi_only_FrameSet
                0x0203290c                ax32xx_csiYUVFrameSet
                0x02032920                ax32xx_csiIOConfig
                0x02032978                ax32xx_csiInit
                0x020329a4                ax32xx_csiMclkSet
                0x02032a68                ax32xx_csi_set_mclk_free
                0x02032ab0                ax32xx_csiSyncSet
                0x02032b14                ax32xx_csiPrioritySet
                0x02032b58                ax32xx_csiTypeSet
                0x02032bc4                ax32xx_csiModeSet
                0x02032c00                ax32xx_pclk_fir_Set
                0x02032c68                ax32xx_pclk_analog_Set
                0x02032cb8                ax32xx_pclk_inv_Set
                0x02032cfc                ax32xx_csi_clk_tun_Set
                0x02032d44                ax32xx_csiSizeSet
                0x02032d7c                ax32xx_csiInputAddrSet
                0x02032d94                ax32xx_csiTestModeSet
                0x02032dfc                ax32xx_csiDvpClkDivSet
                0x02032e44                ax32xx_csiLCDFrameSet
                0x02032e70                ax32xx_csiLCDDmaEnable
                0x02032f0c                ax32xx_csiLCDDmaKick
                0x02032f50                ax32xx_csiLCDScaler
                0x0203312c                ax32xx_csiScaler
                0x02033274                ax32xx_hvScaler
                0x020333c8                ax32xx_csiScalerCheck
                0x020333f0                ax32xx_csiOutputSet
                0x0203342c                ax32xx_csiEnable
 .text          0x020334bc      0xd70 ./Debug/lcd_ax32xx_lcd.c.o
                0x020334bc                ax32xx_lcdSPIMode
                0x020334e8                ax32xx_lcdSPIInit
                0x02033598                ax32xx_lcdSPIUninit
                0x020335d4                ax32xx_lcdSPISendData
                0x02033748                ax32xx_lcdMcuSendCmd
                0x020337ac                ax32xx_lcdMcuSendData
                0x02033800                ax32xx_lcdMcuSendCmd16
                0x02033884                ax32xx_lcdMcuSendData16
                0x02033908                ax32xx_lcdInit
                0x02033954                ax32xx_lcdIRQEnable
                0x0203399c                ax32xx_lcdPreLineSet
                0x020339b8                ax32xx_lcdSignalSet
                0x02033a50                ax32xx_lcdBusWidth
                0x02033aa4                ax32xx_lcdBusEnable
                0x02033af4                ax32xx_lcdClkSet
                0x02033b14                ax32xx_lcdSyncSet
                0x02033b38                ax32xx_lcdDESignalSet
                0x02033b5c                ax32xx_lcdPositionSet
                0x02033b78                ax32xx_lcdResolutionSet
                0x02033b94                ax32xx_lcdWindowSizeSet
                0x02033bb0                ax32xx_lcdDataModeSet
                0x02033bf4                ax32xx_lcdClkNumberSet
                0x02033c0c                ax32xx_lcdEndLineSet
                0x02033c28                ax32xx_lcdPanelMode
                0x02033c70                ax32xx_lcdEnable
                0x02033cd4                ax32xx_lcdTeMode
                0x02033d1c                ax32xx_lcdKick
                0x02033d54                ax32xx_lcdIRQHandler
                0x02033ec4                ax32xx_lcdISRRegister
                0x02033f08                ax32xx_lcdReset
                0x02033f74                ax32xx_lcdMCUIOConfig
                0x02034058                ax32xx_lcdRGBIOConfig
                0x0203413c                ax32xx_lcd_lsawbtooth
 .text          0x0203422c     0x1f10 ./Debug/mjpeg_ax32xx_mjpeg.c.o
                0x0203422c                ax32xx_mpegPrint
                0x020346a8                ax32xx_mjpB_reset
                0x02034714                ax32xx_mjpegAIRQHandler
                0x02034768                ax32xx_mjpeg_encode_check
                0x020348d4                ax32xx_mjpB_employ
                0x02034900                ax32xx_mjpB_dcdown_reg
                0x02034920                ax32xx_mjB_as_dcode
                0x0203494c                ax32xx_mjpegEA_ncodeISRRegister
                0x0203496c                ax32xx_mjpegEB_ncodeISRRegister
                0x0203498c                ax32xx_mjpegEA_ncodeISR
                0x020349b8                ax32xx_mjpegDecodeISRRegister
                0x020349d8                ax32xx_mjpegEncodeBufferSet
                0x02034a24                ax32xx_mjpegEncodeEnable
                0x02034b14                ax32xx_mjpegEncode_wifi_Enable
                0x02034c04                ax32xx_mjpegEncodeSizeSet
                0x02034cac                ax32xx_mjpegEncodeQuilitySet
                0x02034cf4                cal_jA_1s_size
                0x02034d24                ax32xx_mjpegEncodeQadj
                0x02034e08                ax32xx_mjpegEncodeInfoSet
                0x02034e50                ax32xx_mjpegEncodeLoadAddrGet
                0x02034e6c                ax32xx_mjpeg_inlinebuf_init
                0x02034e88                ax32xx_mjpegEncodeInit
                0x020350c0                ax32xx_mjpeg_manual_on
                0x02035108                ax32xx_mjpeg_manual_stop
                0x0203512c                ax32xx_mjpegDecodeScalerCal
                0x020351fc                ax32xx_mjpegDecodeSetSize
                0x02035420                ax32xx_mjpegDecodeOutputSet
                0x0203543c                ax32xx_mjpegDecodeInputSet
                0x02035474                ax32xx_mjpegDecodeDriSet
                0x0203548c                ax32xx_mjpegDecodeCompressSet
                0x020354a4                ax32xx_mjpegDecodeInitTable
                0x020354e8                ax32xx_mjpegDecodeInit
                0x020356ec                ax32xx_mjpegDecodeDCTimeSet
                0x0203578c                ax32xx_mjpegDecodeEnable
                0x02035808                ax32xx_mjpegDecodeKick
                0x02035860                ax32xx_mjpegDecodeStop
                0x0203589c                ax32xx_mjpegBIRQHandler
                0x02035998                ax32xx_mjpegDecodeQDTCfg
                0x020359f8                ax32xx_mjpegDecodeStatus
                0x02035a2c                ax32xx_mjpegDecodeCheck
                0x02035a5c                ax32xx_mjpegDecodeODma1Cfg
                0x02035af0                ax32xx_mjpB_Ctl_init
                0x02035da4                ax32xx_mjpB_Linebuf_cfg
                0x02035dc0                ax32xx_mjpB_dma_cfg
                0x02035dec                ax32xx_mjpB_stop
                0x02035e54                ax32xx_mjpB_on
                0x02035ea0                ax32xx_mjpB_stop_2
                0x02035ef4                ax32xx_mjpegB_encode_check
                0x02036068                ax32xx_mjpB_on_2
                0x020360a0                jpeg1_decode_check
 .text          0x0203613c        0x0 ./Debug/resource_user_icon.c.o
 .text          0x0203613c        0x0 ./Debug/resource_user_str.c.o
 .text          0x0203613c      0x110 ./Debug/src_hal_adc.c.o
                0x0203613c                hal_adcInit
                0x02036178                hal_adcRead
                0x020361a4                hal_adcSetChannel
                0x020361f0                hal_adcGetChannel
                0x0203622c                hal_adcVDDRTCCalculate
 .text          0x0203624c       0xf0 ./Debug/src_hal_csi.c.o
                0x0203624c                hal_csiMCLKSet
                0x0203626c                hal_csiRegister
                0x020362a0                hal_csiResolutionGet
                0x020362fc                hal_csiAdptGet
                0x0203631c                hal_csi_SeninitGet
 .text          0x0203633c      0x24c ./Debug/src_hal_dac.c.o
                0x02036384                hal_dacInit
                0x020363dc                hal_dacPlayStart
                0x02036488                hal_dacPlayStop
                0x020364b4                hal_dacSetVolume
                0x02036518                hal_dacSetBuffer
                0x0203653c                hal_dacCallBackRegister
                0x02036560                hal_dacHPSet
 .text          0x02036588        0x0 ./Debug/src_hal_eeprom.c.o
 .text          0x02036588      0x2cc ./Debug/src_hal_gpio.c.o
                0x02036588                hal_gpioInit
                0x02036630                hal_gpioInit_io1d1
                0x020366d8                hal_io1d1_softstart
                0x02036708                hal_io1d1_softstart_clr
                0x02036730                hal_io1d1_pd_enable
                0x02036758                hal_gpioEPullSet
                0x020367b4                hal_gpioWrite
                0x020367dc                hal_gpioRead
                0x02036800                hal_gpioIntInit
                0x02036828                hal_gpioLedInit
 .text          0x02036854      0x64c ./Debug/src_hal_iic.c.o
                0x02036854                hal_iic0Init
                0x02036880                hal_iic0Uninit
                0x020368a0                hal_iic08bitAddrWriteData
                0x0203693c                hal_iic08bitAddrReadData
                0x020369f4                hal_iic08bitAddrWrite
                0x02036ab4                hal_iic08bitAddrRead
                0x02036b88                hal_iic016bitAddrWriteData
                0x02036c30                hal_iic016bitAddrReadData
                0x02036cf4                hal_iic016bitAddrWrite
                0x02036dc0                hal_iic016bitAddrRead
 .text          0x02036ea0     0x17dc ./Debug/src_hal_lcd.c.o
                0x02037168                hal_lcdSetBufYUV
                0x020371fc                hal_lcd_vde_cfg
                0x02037234                hal_lcd_gamma_cfg
                0x02037248                usb_lcd_cfg
                0x0203725c                lcd_isp_config
                0x02037270                hal_lcdLCMPowerOff
                0x020372e8                hal_lcdPreviewStop
                0x02037334                hal_lcdSetShowingSize
                0x0203734c                hal_lcdSetRoate
                0x02037364                hal_lcdDealBuffer
                0x02037418                hal_lcdGetShowingBuffer
                0x0203747c                hal_lcdGetIdleBuffer
                0x020374bc                hal_lcdPreviewStart
                0x02037600                hal_lcdSetFrame
                0x02037628                vch_debug
                0x02037714                hal_lcdSetVCH
                0x020377ec                hal_lcdUpdataVCH
                0x020378e8                hal_lcdSwitchFrame2
                0x02037b68                hal_lcdPreSetPIPEnable
                0x02037b88                hal_lcdSetPIPEnable
                0x02037bc0                hal_lcdGetResolution
                0x02037c44                hal_lcdGetOSDShowingResolution
                0x02037ca0                hal_lcdGetOSDShowingPosition
                0x02037cfc                hal_lcdGetShowingRotate
                0x02037d2c                hal_lcdGetBufferResolution
                0x02037d88                hal_lcdGetVideoPos
                0x02037de4                deocode_done
                0x02037e44                hal_lcd_get_next_frame
                0x02037ef4                lcd_struct_get
                0x02037f14                hal_lcdFrameEndCallBack
                0x02037f60                hal_lcdRegister
                0x020385f8                hal_lcd_lsawtooth
                0x02038618                hal_lcdSetCsiCrop
 .text          0x0203867c      0x8a4 ./Debug/src_hal_osd.c.o
                0x0203867c                hal_osdSetflag
                0x0203869c                hal_osdGetIdleRotateBuffer
                0x020386c0                hal_osdGetIdleCmpBuffer
                0x020386e4                hal_osdGetIdleDispBuffer
                0x02038708                hal_osdBufferRelease
                0x02038730                hal_osdDealBuffer
                0x020387b0                hal_osdInit
                0x02038aac                hal_osdGetCurBuff
                0x02038b08                hal_osdGetFreeBuff
                0x02038b6c                hal_osdSetBuff
                0x02038bfc                hal_osdEnable
                0x02038cb0                hal_osdSetAddr
                0x02038cec                hal_osdSetBuffer
                0x02038d6c                hal_osdSetPosition
                0x02038db4                hal_osdSetPalette
                0x02038dec                hal_osdSetSize
                0x02038e2c                hal_osdSetAlpha
                0x02038e6c                hal_osdGetBufferResolution
                0x02038ed0                hal_deSet_DE_CCM
                0x02038ef8                hal_deSet_DE_SAJ
 .text          0x02038f20      0xc88 ./Debug/src_hal_rtc.c.o
                0x02038f4c                hal_rtcCallBackRegister
                0x02038fac                hal_rtcCallBackRelease
                0x02038fe8                hal_rtcUninit
                0x02039024                hal_rtcTimeGet
                0x02039040                hal_rtcTimeGetExt
                0x02039074                hal_rtcSecondGet
                0x02039094                hal_rtcTime2String
                0x02039348                hal_rtcTime2StringExt
                0x020393ac                hal_rtcLeapYear
                0x020395c8                hal_rtcTime
                0x020396dc                hal_rtcInit
                0x02039804                hal_rtcSecondSet
                0x02039840                hal_rtcValue
                0x02039950                hal_rtcTimeSet
                0x020399f0                hal_rtcAlarmSet
                0x02039a80                hal_rtcAlarmSetExt
                0x02039b24                hal_rtcAlarmStatusGet
                0x02039b60                hal_vddWKOEnable
                0x02039b84                hal_vddGSENEnable
 .text          0x02039ba8      0xc98 ./Debug/src_hal_sd.c.o
                0x02039ba8                hal_ClkSet1
                0x02039c4c                hal_sdStop
                0x02039f38                hal_sdNextLBA
                0x02039f58                hal_sdInit
                0x0203a3e8                hal_sdUninit
                0x0203a414                hal_sdLock
                0x0203a454                hal_sdUnlock
                0x0203a480                hal_sdCheck
                0x0203a624                hal_sdSetCardState
                0x0203a644                hal_sdGetCardState
                0x0203a664                hal_sdGetBusWidth
                0x0203a684                hal_sdCapacity
                0x0203a6a4                hal_sdExist
                0x0203a6cc                hal_sdWrite
                0x0203a76c                hal_speed_callback
                0x0203a7c0                hal_sdRead
 .text          0x0203a840      0xad4 ./Debug/src_hal_spi.c.o
                0x0203a840                hal_spiIOShare
                0x0203a858                hal_spiIOCheck
                0x0203a86c                hal_spiInit
                0x0203a898                hal_spiSendByte
                0x0203a8bc                hal_spiSend
                0x0203a8dc                hal_spiRecvByte
                0x0203a8fc                hal_spiRecv
                0x0203a93c                hal_spiCSConfig
                0x0203a960                hal_spiFlashReadID
                0x0203a9c0                hal_spiFlashWriteEnable
                0x0203a9f4                hal_spiFlashWait
                0x0203aa78                hal_spiFlashReadPage
                0x0203aaf0                hal_spiFlashRead
                0x0203abb8                hal_spiFlashWritePage
                0x0203ac38                hal_spiFlashWrite
                0x0203acd4                hal_spiFlashEraseSector
                0x0203ad40                hal_spiFlashEraseBlock
                0x0203ada4                hal_spiFlashEraseChip
                0x0203ade0                spi_udisk_jpg_num
                0x0203ae00                spi_udisk_write_jpg
                0x0203b030                spi_udisk_del_jpg
                0x0203b0c4                spi_udisk_read_jpg_size
                0x0203b0dc                spi_udisk_read_jpg
                0x0203b178                spi_udisk_get_list_idx
                0x0203b1c0                spi_udisk_format
                0x0203b258                spi_udisk_init
                0x0203b2e8                spi_udisk_jpg_free_num
 .text          0x0203b314      0x128 ./Debug/src_hal_timer.c.o
                0x0203b314                hal_timerStart
                0x0203b338                hal_timerStop
                0x0203b35c                hal_timerEnable
                0x0203b394                hal_timerTickEnable
                0x0203b3cc                hal_timerTickGet
                0x0203b3ec                hal_timerPWMStart
                0x0203b418                hal_timerPWMStop
 .text          0x0203b43c      0x67c ./Debug/src_hal_uart.c.o
                0x0203b4a0                hal_uartIOShare
                0x0203b4e0                hal_uartIOShareCheck
                0x0203b528                hal_uartInit
                0x0203b578                hal_uartSendData
                0x0203b59c                hal_uartRXIsrRegister
                0x0203b5bc                uart_PutChar_n
                0x0203b5f0                uart_PutStr
                0x0203b630                uart_Put_hex
                0x0203b75c                uart_Put_udec
                0x0203b7f0                uart_Put_dec
                0x0203b898                uart_Printf
                0x0203b9dc                uart_PrintfBuf
                0x0203ba74                hal_uartPrintString
 .text          0x0203bab8      0x64c ./Debug/src_hal_watermark.c.o
                0x0203bb20                hal_watermarkInit
                0x0203bbd0                hal_watermarkClose
                0x0203bc68                hal_watermarkClear
                0x0203bce8                hal_watermarkOpen
                0x0203bd88                hal_watermarkColor
                0x0203bddc                hal_watermarkAddr
                0x0203bdf4                hal_watermarkSize
                0x0203be40                hal_watermarkPosition
                0x0203be8c                hal_watermarkCallbackRegister
                0x0203bed4                hal_watermarkRam
                0x0203bf74                hal_watermarkEnable
                0x0203c0e4                hal_watermarkBPos_Adjust
 .text          0x0203c104      0x454 ./Debug/src_hal_sys.c.o
                0x0203c14c                hal_sysInit
                0x0203c268                hal_sysMemPrint
                0x0203c2cc                hal_sysMemMallocExt
                0x0203c3f8                hal_sysMemFree
                0x0203c4ec                hal_sysMemRemain
 .text          0x0203c558      0xae0 ./Debug/src_hal_auadc.c.o
                0x0203c558                _hal_auadcCallBackEnd
                0x0203c654                _hal_auadcCallBackHalf
                0x0203c6ac                hal_audc_33ms_syncnt_clr
                0x0203c6d8                hal_audc_stamp_cal
                0x0203c704                hal_audc_stamp_out
                0x0203c7ac                hal_audc_stamp_next
                0x0203c808                hal_auadcCallBackEnd
                0x0203c884                hal_auadcInit
                0x0203c8cc                hal_auadcMemInit
                0x0203c988                hal_auadcMemUninit
                0x0203c9fc                hal_auadc_cnt
                0x0203ca2c                _hal_auadcStartForUAC
                0x0203cb0c                hal_auadcStartForWAV
                0x0203cb24                hal_auadcStartForAVI
                0x0203cc48                hal_auadcBufferGet
                0x0203cd28                hal_auadcBufferfree
                0x0203cd54                hal_auadcStop
                0x0203cd7c                hal_auadcBufferRelease
                0x0203cda4                hal_auadcUACProcess
                0x0203ce84                hal_adcBuffer_prefull
                0x0203cee8                hal_adcBuffer_halffull
                0x0203cf00                hal_adc_volume_set
                0x0203cf20                hal_uac_send
                0x0203cf84                hal_auadcStartForUAC
 .text          0x0203d038     0x3424 ./Debug/src_hal_mjpeg.c.o
                0x0203d038                hal_mjpegStart
                0x0203d068                hal_save_frame_isr
                0x0203d214                hal_mjpeg_manual_on
                0x0203d294                hal_mjpegQualityCheck
                0x0203d35c                hal_mjpegCallback_state
                0x0203d398                hal_mjpegCallback
                0x0203d5e4                hal_mjpeg_manual_fdown
                0x0203da08                hal_jA_fcnt_get
                0x0203da38                hal_mjpeg_mallocbuf
                0x0203da58                hal_mjpegEncodeResolutionImageQuad
                0x0203da9c                hal_mjpegSrcCSI
                0x0203dbe0                hal_mjpegSrcRam
                0x0203dbf4                hal_mjpegSrcColorBar
                0x0203dc7c                hal_Cut_SDR_SrcCSI
                0x0203dd50                hal_mjpegMemInit
                0x0203deb8                hal_mjpegMemUninit
                0x0203df38                hal_mjpegEncodeInit
                0x0203df9c                hal_mjpegEncodeUninit
                0x0203dfec                hal_mjpegEncodeResolution
                0x0203e028                hal_mjpegEncodeResolutionImage
                0x0203e064                hal_mjpegSizecalculate
                0x0203e090                imageGetYuvAddr
                0x0203e0c4                hal_mjpeg_get_num