Archive member included because of file (symbol)

../bwlib\liblimage.a(imageL_encode.o)
                              ./Debug/taskPhotoEncode.c.o (imageEncodeQuadStart)
../bwlib\libeffect.a(user_effect.o)
                              ./Debug/multimedia_user_media.c.o (warpHandle)
../bwlib\libmp3.a(mp3_decode_api.o)
                              ./Debug/taskAudioPlayer.c.o (mp3_dac_memInit)
../bwlib\libmp3.a(decoder.o)  ../bwlib\libmp3.a(mp3_decode_api.o) (mad_decoder_init)
../bwlib\libmp3.a(stream.o)   ../bwlib\libmp3.a(decoder.o) (mad_stream_init)
../bwlib\libmp3.a(synth.o)    ../bwlib\libmp3.a(decoder.o) (mad_synth_init)
../bwlib\libmp3.a(bit.o)      ../bwlib\libmp3.a(stream.o) (mad_bit_init)
../bwlib\libmp3.a(frame.o)    ../bwlib\libmp3.a(decoder.o) (mad_frame_finish)
../bwlib\libmp3.a(layer12.o)  ../bwlib\libmp3.a(frame.o) (mad_layer_I)
../bwlib\libmp3.a(timer.o)    ../bwlib\libmp3.a(frame.o) (mad_timer_set)
../bwlib\libmp3.a(layer3.o)   ../bwlib\libmp3.a(frame.o) (mad_layer_III)
../bwlib\libmp3.a(huffman.o)  ../bwlib\libmp3.a(layer3.o) (mad_huff_pair_table)
../bwlib\libsd.a(ax32xx_sd.o)
                              ./Debug/src_hal_sd.c.o (ax32xx_sd0Init)
../bwlib\libavi.a(aviEncoder.o)
                              ./Debug/video_video_record.c.o (aviEncodeInit)
../bwlib\libavi.a(encoder_std.o)
                              ../bwlib\libavi.a(aviEncoder.o) (avi_encoder_std)
../bwlib\libavi.a(encoder_odml.o)
                              ../bwlib\libavi.a(aviEncoder.o) (avi_odmlAddoffset)
../bwlib\libavi.a(aviDecoder.o)
                              ./Debug/video_video_playback.c.o (aviDecodeInit)
../bwlib\libavi.a(decoder_std.o)
                              ../bwlib\libavi.a(aviDecoder.o) (avi_standard)
../bwlib\libavi.a(decoder_odml.o)
                              ../bwlib\libavi.a(aviDecoder.o) (avi_opendml)
../bwlib\libfs.a(fs.o)        ./Debug/taskSysScanDevice.c.o (fs_nodeinit)
../bwlib\libfs.a(diskio.o)    ./Debug/main.c.o (fs_init)
../bwlib\libfs.a(ff.o)        ../bwlib\libfs.a(fs.o) (clst2sect)
../bwlib\libfs.a(ffunicode.o)
                              ../bwlib\libfs.a(ff.o) (ff_uni2oem)
C:/MinGW-4.7.1/or1k-elf/lib/no-delay\libc.a(lib_a-memcmp.o)
                              ../bwlib\libfs.a(ff.o) (memcmp)
C:/MinGW-4.7.1/or1k-elf/lib/no-delay\libc.a(lib_a-memcpy.o)
                              ./Debug/resource_manager.c.o (memcpy)
C:/MinGW-4.7.1/or1k-elf/lib/no-delay\libc.a(lib_a-memmove.o)
                              ./Debug/game_tetris.c.o (memmove)
C:/MinGW-4.7.1/or1k-elf/lib/no-delay\libc.a(lib_a-memset.o)
                              ./Debug/main.c.o (memset)
C:/MinGW-4.7.1/or1k-elf/lib/no-delay\libc.a(lib_a-strcasecmp.o)
                              ./Debug/resource_manager.c.o (strcasecmp)
C:/MinGW-4.7.1/or1k-elf/lib/no-delay\libc.a(lib_a-strcat.o)
                              ./Debug/resource_manager.c.o (strcat)
C:/MinGW-4.7.1/or1k-elf/lib/no-delay\libc.a(lib_a-strchr.o)
                              ../bwlib\libfs.a(ff.o) (strchr)
C:/MinGW-4.7.1/or1k-elf/lib/no-delay\libc.a(lib_a-strcmp.o)
                              ./Debug/resource_manager.c.o (strcmp)
C:/MinGW-4.7.1/or1k-elf/lib/no-delay\libc.a(lib_a-strcpy.o)
                              ./Debug/resource_manager.c.o (strcpy)
C:/MinGW-4.7.1/or1k-elf/lib/no-delay\libc.a(lib_a-strlen.o)
                              ./Debug/resource_manager.c.o (strlen)
C:/MinGW-4.7.1/or1k-elf/lib/no-delay\libc.a(lib_a-strncmp.o)
                              ./Debug/resource_manager.c.o (strncmp)
C:/MinGW-4.7.1/or1k-elf/lib/no-delay\libc.a(lib_a-strstr.o)
                              ../bwlib\liblimage.a(imageL_encode.o) (strstr)
C:/MinGW-4.7.1/or1k-elf/lib/no-delay\libc.a(lib_a-ctype_.o)
                              C:/MinGW-4.7.1/or1k-elf/lib/no-delay\libc.a(lib_a-strcasecmp.o) (__ctype_ptr__)
C:/MinGW-4.7.1/or1k-elf/lib/no-delay\libc.a(lib_a-memchr.o)
                              C:/MinGW-4.7.1/or1k-elf/lib/no-delay\libc.a(lib_a-strstr.o) (memchr)
C:/MinGW-4.7.1/lib/gcc/or1k-elf/4.9.1/no-delay\libgcc.a(_muldi3.o)
                              ../bwlib\libmp3.a(mp3_decode_api.o) (__muldi3)
C:/MinGW-4.7.1/lib/gcc/or1k-elf/4.9.1/no-delay\libgcc.a(_udivdi3.o)
                              ../bwlib\libmp3.a(mp3_decode_api.o) (__udivdi3)
C:/MinGW-4.7.1/lib/gcc/or1k-elf/4.9.1/no-delay\libgcc.a(addsf3.o)
                              ../bwlib\libeffect.a(user_effect.o) (__addsf3)
C:/MinGW-4.7.1/lib/gcc/or1k-elf/4.9.1/no-delay\libgcc.a(divsf3.o)
                              ../bwlib\libeffect.a(user_effect.o) (__divsf3)
C:/MinGW-4.7.1/lib/gcc/or1k-elf/4.9.1/no-delay\libgcc.a(eqsf2.o)
                              ../bwlib\libeffect.a(user_effect.o) (__eqsf2)
C:/MinGW-4.7.1/lib/gcc/or1k-elf/4.9.1/no-delay\libgcc.a(gesf2.o)
                              ../bwlib\libeffect.a(user_effect.o) (__gtsf2)
C:/MinGW-4.7.1/lib/gcc/or1k-elf/4.9.1/no-delay\libgcc.a(mulsf3.o)
[...]
Memory Configuration

Name             Origin             Length             Attributes
boot             0x01fffc00         0x00000200
ram_boot         0x00000000         0x00005000
ram_user         0x00000000         0x00005000
usbfifo          0x00008000         0x00001000
sdram            0x02000000         0x00200000
exsdram          0x00000000         0x00800000
*default*        0x00000000         0xffffffff

Linker script and memory map

LOAD ./Debug/ax32xx_reset.S.o
LOAD ./Debug/ax32xx_spi_boot_cfg.S.o
LOAD ./Debug/ax32xx_BLDRX32.S.o
LOAD ./Debug/main.c.o
LOAD ./Debug/resource_manager.c.o
LOAD ./Debug/board.c.o
LOAD ./Debug/board_bwv1.c.o
LOAD ./Debug/config.c.o
LOAD ./Debug/display.c.o
LOAD ./Debug/explorer.c.o
LOAD ./Debug/filelist.c.o
LOAD ./Debug/font.c.o
LOAD ./Debug/icon.c.o
LOAD ./Debug/configGetValue.c.o
LOAD ./Debug/configSystem.c.o
LOAD ./Debug/logo.c.o
LOAD ./Debug/menuMovieRec.c.o
LOAD ./Debug/msgDeal.c.o
LOAD ./Debug/msgSysRecommend.c.o
LOAD ./Debug/msgSysUnshielded.c.o
LOAD ./Debug/taskManage.c.o
LOAD ./Debug/taskPhotoEncode.c.o
LOAD ./Debug/taskPhotoEncodeMsg.c.o
LOAD ./Debug/taskPlayBack.c.o
LOAD ./Debug/taskPlayBackMsg.c.o
LOAD ./Debug/taskPowerOff.c.o
LOAD ./Debug/taskSysScanDevice.c.o
LOAD ./Debug/taskUsbDevice.c.o
LOAD ./Debug/taskVideoRecord.c.o
LOAD ./Debug/taskVideoRecordMsg.c.o
LOAD ./Debug/toolFunc.c.o
LOAD ./Debug/uiMenuDateTimeMsg.c.o
LOAD ./Debug/uiMenuDefaultMsg.c.o
LOAD ./Debug/uiMenuDelAllMsg.c.o
LOAD ./Debug/uiMenuDelCurMsg.c.o
LOAD ./Debug/uiMenuFormatMsg.c.o
LOAD ./Debug/uiMenuItemMsg.c.o
LOAD ./Debug/uiMenuOptionMsg.c.o
LOAD ./Debug/uiMenuUsbMsg.c.o
LOAD ./Debug/uiNoFileMsg.c.o
LOAD ./Debug/uiTips1Msg.c.o
LOAD ./Debug/uiTipsMsg.c.o
LOAD ./Debug/uiWin.c.o
LOAD ./Debug/uiMenuVersionMsg.c.o
LOAD ./Debug/taskAudioPlayer.c.o
LOAD ./Debug/taskAudioPlayerMsg.c.o
LOAD ./Debug/taskAudioPlayerRes.c.o
LOAD ./Debug/taskPhotoEncodeRes.c.o
LOAD ./Debug/taskPlayBackRes.c.o
LOAD ./Debug/taskVideoRecordRes.c.o
LOAD ./Debug/uiMenuDateTimeRes.c.o
LOAD ./Debug/uiMenuDefaultRes.c.o
LOAD ./Debug/uiMenuDelAllRes.c.o
LOAD ./Debug/uiMenuDelCurRes.c.o
LOAD ./Debug/uiMenuFormatRes.c.o
LOAD ./Debug/uiMenuItemRes.c.o
LOAD ./Debug/uiMenuOptionRes.c.o
LOAD ./Debug/uiMenuUsbRes.c.o
LOAD ./Debug/uiMenuVersionRes.c.o
LOAD ./Debug/uiNoFileRes.c.o
LOAD ./Debug/uiTips1Res.c.o
LOAD ./Debug/uiTipsRes.c.o
LOAD ./Debug/taskMainMenu.c.o
LOAD ./Debug/taskMainMenuMsg.c.o
LOAD ./Debug/taskMainMenuRes.c.o
LOAD ./Debug/taskSettingMenu.c.o
LOAD ./Debug/userInterface.c.o
LOAD ./Debug/upgrade.c.o
LOAD ./Debug/game_block.c.o
LOAD ./Debug/game_snake.c.o
LOAD ./Debug/game_sokoban.c.o
LOAD ./Debug/game_tetris.c.o
LOAD ./Debug/taskGame.c.o
LOAD ./Debug/taskGameMenu.c.o
LOAD ./Debug/taskGameMenuMsg.c.o
LOAD ./Debug/taskGameMenuRes.c.o
LOAD ./Debug/game_plane.c.o
LOAD ./Debug/game_maze.c.o
LOAD ./Debug/xos_x_cpu.c.o
LOAD ./Debug/xos_xmbox.c.o
LOAD ./Debug/xos_xmsgq.c.o
LOAD ./Debug/xos_xos.c.o
LOAD ./Debug/xos_xwork.c.o
LOAD ./Debug/multimedia_user_media.c.o
LOAD ./Debug/sUI_button.c.o
LOAD ./Debug/sUI_dialog.c.o
LOAD ./Debug/sUI_frameWin.c.o
LOAD ./Debug/sUI_imageIcon.c.o
LOAD ./Debug/sUI_itemManage.c.o
LOAD ./Debug/sUI_menuItem.c.o
LOAD ./Debug/sUI_menuItemEx.c.o
LOAD ./Debug/sUI_menuOption.c.o
LOAD ./Debug/sUI_progressBar.c.o
LOAD ./Debug/sUI_rect.c.o
LOAD ./Debug/sUI_stringIcon.c.o
LOAD ./Debug/sUI_tips.c.o
LOAD ./Debug/sUI_uiAlloc.c.o
LOAD ./Debug/sUI_widget.c.o
LOAD ./Debug/sUI_winManage.c.o
LOAD ./Debug/sUI_memPool.c.o
LOAD ./Debug/sUI_widgetManage.c.o
LOAD ./Debug/src_ax32xx_int.c.o
LOAD ./Debug/src_ax32xx_sys.c.o
LOAD ./Debug/src_ax32xx_dma.c.o
LOAD ./Debug/src_ax32xx_wdt.c.o
LOAD ./Debug/src_ax32xx_gpio.c.o
LOAD ./Debug/src_ax32xx_uart.c.o
LOAD ./Debug/src_ax32xx_timer.c.o
LOAD ./Debug/src_ax32xx_tminf.c.o
LOAD ./Debug/src_ax32xx_spi.c.o
LOAD ./Debug/src_ax32xx_rtc.c.o
LOAD ./Debug/src_ax32xx_iic.c.o
LOAD ./Debug/src_ax32xx_dac.c.o
LOAD ./Debug/src_ax32xx_adc.c.o
LOAD ./Debug/src_ax32xx_auadc.c.o
LOAD ./Debug/src_jpeg_table.c.o
LOAD ./Debug/src_ax32xx_usb.c.o
LOAD ./Debug/src_ax32xx_misc.c.o
LOAD ./Debug/src_ax32xx_pip.c.o
LOAD ./Debug/src_ax32xx_btuart.c.o
LOAD ./Debug/src_ax32xx_crc.c.o
LOAD ./Debug/src_ax32xx_emi.c.o
LOAD ./Debug/src_ax32xx_rotate.c.o
LOAD ./Debug/src_ax32xx_osdcmp.c.o
LOAD ./Debug/src_ax32xx_isp.c.o
LOAD ./Debug/osd_ax32xx_osd.c.o
LOAD ./Debug/csi_ax32xx_csi.c.o
LOAD ./Debug/lcd_ax32xx_lcd.c.o
LOAD ./Debug/mjpeg_ax32xx_mjpeg.c.o
LOAD ./Debug/resource_user_icon.c.o
LOAD ./Debug/resource_user_str.c.o
LOAD ./Debug/src_hal_adc.c.o
LOAD ./Debug/src_hal_csi.c.o
LOAD ./Debug/src_hal_dac.c.o
LOAD ./Debug/src_hal_eeprom.c.o
LOAD ./Debug/src_hal_gpio.c.o
LOAD ./Debug/src_hal_iic.c.o
LOAD ./Debug/src_hal_lcd.c.o
LOAD ./Debug/src_hal_osd.c.o
LOAD ./Debug/src_hal_rtc.c.o
LOAD ./Debug/src_hal_sd.c.o
LOAD ./Debug/src_hal_spi.c.o
LOAD ./Debug/src_hal_timer.c.o
LOAD ./Debug/src_hal_uart.c.o
LOAD ./Debug/src_hal_watermark.c.o
LOAD ./Debug/src_hal_sys.c.o
LOAD ./Debug/src_hal_auadc.c.o
LOAD ./Debug/src_hal_mjpeg.c.o
LOAD ./Debug/src_hal_int.c.o
LOAD ./Debug/src_hal_wdt.c.o
LOAD ./Debug/src_hal_stream.c.o
LOAD ./Debug/src_hal_emi.c.o
LOAD ./Debug/src_hal_osdcmp.c.o
LOAD ./Debug/src_hal_rotate.c.o
LOAD ./Debug/src_hal_lcdframe.c.o
LOAD ./Debug/src_hal_custom_yuv.c.o
LOAD ./Debug/dusb_hal_usb_api.c.o
LOAD ./Debug/dusb_hal_usb_dev_enum.c.o
LOAD ./Debug/dusb_hal_usb_msc.c.o
LOAD ./Debug/dusb_hal_usb_uac.c.o
LOAD ./Debug/dusb_hal_usb_uvc.c.o
LOAD ./Debug/audio_audio_playback.c.o
LOAD ./Debug/audio_audio_record.c.o
LOAD ./Debug/audio_ring_buffer.c.o
LOAD ./Debug/video_video_playback.c.o
LOAD ./Debug/video_video_record.c.o
LOAD ./Debug/image_image_decode.c.o
LOAD ./Debug/image_image_encode.c.o
LOAD ./Debug/wav_alaw.c.o
LOAD ./Debug/wav_imaadpcm.c.o
LOAD ./Debug/wav_pcm.c.o
LOAD ./Debug/wav_ulaw.c.o
LOAD ./Debug/wav_wav.c.o
LOAD ./Debug/stream_stream.c.o
LOAD ./Debug/cmos_sensor_cmos_sensor.c.o
LOAD ./Debug/cmos_sensor_SENSOR_BF3a03.c.o
LOAD ./Debug/cmos_sensor_SENSOR_BF2013.c.o
LOAD ./Debug/cmos_sensor_SENSOR_BF3703.c.o
LOAD ./Debug/cmos_sensor_SENSOR_GC0307.c.o
LOAD ./Debug/cmos_sensor_SENSOR_GC0308.c.o
LOAD ./Debug/cmos_sensor_SENSOR_GC0309.c.o
LOAD ./Debug/cmos_sensor_SENSOR_GC0328.c.o
LOAD ./Debug/cmos_sensor_SENSOR_OV7670.c.o
LOAD ./Debug/cmos_sensor_SENSOR_SP0838.c.o
LOAD ./Debug/cmos_sensor_SENSOR_SP0A18.c.o
LOAD ./Debug/cmos_sensor_SENSOR_GC0329.c.o
LOAD ./Debug/cmos_sensor_SENSOR_SIV100B.c.o
LOAD ./Debug/tft_lcd_lcd_mcu_st7789P3.c.o
LOAD ./Debug/cmos_sensor_SENSOR_BF20A6.c.o
LOAD ./Debug/tft_lcd_lcd_mcu_st7789.c.o
LOAD ./Debug/tft_lcd_tft_lcd.c.o
LOAD ./Debug/tft_lcd_lcd_mcu_ili9328.c.o
LOAD ./Debug/tft_lcd_lcd_mcu_st7789v.c.o
LOAD ./Debug/tft_lcd_lcd_mcu_hx8352c.c.o
LOAD ./Debug/tft_lcd_lcd_mcu_9225G.c.o
LOAD ./Debug/tft_lcd_lcd_mcu_nv3030b.c.o
LOAD ./Debug/nvfs_nvfs.c.o
LOAD ./Debug/Maxlib_max_user.c.o
LOAD ./Debug/Maxlib_uiDraw.c.o
LOAD ./Debug/std_misc.c.o
LOAD ./Debug/std_std_math.c.o
LOAD ./Debug/std_str.c.o
LOAD ./Debug/res_ascii.c.o
LOAD ./Debug/res_ascii_default.c.o
LOAD ./Debug/res_ascii_default_draw.c.o
LOAD ./Debug/res_R.c.o
LOAD ./Debug/res_R_icon.c.o
LOAD ./Debug/res_R_string.c.o
LOAD ./Debug/res_unicode_font.c.o
LOAD ./Debug/res_ascii_num3.c.o
LOAD ./Debug/res_ascii_num3_draw.c.o
LOAD ../bwlib\liblimage.a
LOAD ../bwlib\libeffect.a
LOAD ../bwlib\libmp3.a
LOAD ../bwlib\libsd.a
LOAD ../bwlib\libavi.a
LOAD ../bwlib\libfs.a
LOAD C:/MinGW-4.7.1/or1k-elf/lib/no-delay\libc.a
LOAD C:/MinGW-4.7.1/lib/gcc/or1k-elf/4.9.1/no-delay\libgcc.a

.bootsec        0x01fffc00      0x200 load address 0x00000000
 *(.bootsec)
 .bootsec       0x01fffc00      0x200 ./Debug/ax32xx_BLDRX32.S.o
                0x01fffc10                hex
                0x01fffc10                .hex
                0x01fffdd8                .bootsect

.exception      0x00000000     0x1eec load address 0x00000200
                0x00000000                _exception_vma = .
 *(.vector)
 .vector        0x00000000      0x3d0 ./Debug/ax32xx_reset.S.o
                0x00000304                _start
                0x00000340                _step_in
                0x00000384                _step_out
 *(.vector.text)
 .vector.text   0x000003d0     0x16e8 ./Debug/src_ax32xx_int.c.o
                0x00000514                _rtcRamWrite
                0x000005bc                _rtcRamRead
                0x00000670                my_putchar
                0x00000684                exception_uart_puts
                0x000006cc                my_memset
                0x000006fc                exception_init
                0x000007a0                ax32xx_vddrtcCalculate
                0x000007cc                dllcon_init
                0x00000978                sdram_init
                0x00000a48                adcRead
                0x00000aa0                adcConverStart
                0x00000ac4                adcSetBaudrate
                0x00000af4                sysClkSet
                0x00000b50                adcEnable
                0x00000bb8                adcGetChannel
                0x00000bf0                sdram_tuning_check_2
                0x00000d70                _sdr_tuning2_conifg_set
                0x00000d90                crc_cal
                0x00000e04                sdram_clock_tune
                0x000017e4                exception
                0x00001a9c                exception_trigger
 *(.vector.data)
 .vector.data   0x00001ab8      0x100 ./Debug/ax32xx_reset.S.o
                0x00001ab8                _step_data
 .vector.data   0x00001bb8      0x334 ./Debug/src_ax32xx_int.c.o
                0x00001bb8                tune_values
                0x00001d38                tune_by
                0x00001d44                tune_tab_2_dll
                0x00001d54                tune_tab_1_dll
                0x00001d64                tune_tab_2_clk
                0x00001d84                tune_tab_1_clk
                0x00001da4                tuning_test_addr
                0x00001e24                tuning_test_data
                0x00001ea4                SDRTUN2_CON
                0x00001eac                sdr_tune_source
                0x00001eb0                chip_vision

.ram            0x00001eec     0x2660 load address 0x000020ec
                0x00001eec                __sram_start = .
 *(.msk_var_use)
 *(.sdc_buf)
 .sdc_buf       0x00001eec       0x40 ../bwlib\libsd.a(ax32xx_sd.o)
 *(.sram_comm)
 .sram_comm     0x00001f2c       0x60 ./Debug/xos_xmsgq.c.o
 .sram_comm     0x00001f8c     0x25c0 ./Debug/src_hal_sys.c.o
                0x00001f8c                ramuse
                0x0000454c                __sram_end = .

.fifo           0x00008000      0xce0
                0x00008000                __ufifo_start = .
 *(.sram_Usbfifo)
 .sram_Usbfifo  0x00008000      0xce0 ./Debug/src_hal_sys.c.o
                0x00008000                usbfifo
                0x00008ce0                __ufifo_end = .

.text           0x02000000    0x86538 load address 0x00002200
                0x02000000                _text_start = .
 *(.text*)
 .text          0x02000000        0x0 ./Debug/ax32xx_reset.S.o
 .text          0x02000000        0x0 ./Debug/ax32xx_spi_boot_cfg.S.o
 .text          0x02000000        0x0 ./Debug/ax32xx_BLDRX32.S.o
 .text          0x02000000      0x58c ./Debug/main.c.o
                0x02000000                registerTask
                0x020000bc                init
                0x02000524                systemService
                0x02000558                sendDrawUIMsg
 .text.startup  0x0200058c       0xb8 ./Debug/main.c.o
                0x0200058c                main
 .text          0x02000644     0x1c9c ./Debug/resource_manager.c.o
                0x02000780                managerInit
                0x020007f8                managerCreate
                0x020008d0                managerDestory
                0x02000948                managerFileCount
                0x020009e0                managerFileCountEx
                0x02000a4c                managerLockFileExt
                0x02000af4                managerUnlockFileExt
                0x02000ba0                managerCheckLock
                0x02000bdc                managerCheckLockExt
                0x02000c6c                managerFlush
                0x02000cd8                managerDelFileByIndex
                0x02000de8                managerDelFileAll
                0x02000ecc                managerScanStart
                0x02000f34                managerScanEnd
                0x02001010                explorerListHook
                0x02001028                managerNameChange
                0x02001220                managerSpaceCheck
                0x02001378                manangerCheckFileType
                0x020015d8                managerAddFile
                0x020016c8                managerAddFileEx
                0x02001728                managerRenameExt
                0x020017c8                managerRename
                0x02001888                managerLockFile
                0x02001910                managerUnlockFile
                0x020019d0                managerDelFileByName
                0x02001b2c                managerDelFileByFullName
                0x02001cac                managerFileNameCreater
                0x02001ec0                managerFileScan
                0x020020b8                manangerGetFileFullPathName
                0x0200216c                manangerGetFileName
                0x02002204                manangerFindFileAndDel
 .text          0x020022e0      0x378 ./Debug/board.c.o
                0x020022e0                boardInit
                0x02002470                boardOpen
                0x02002514                boardIoctrl
                0x0200259c                boardNameIoctrl
 .text          0x02002658      0xb8c ./Debug/board_bwv1.c.o
                0x02002c0c                board_lcd_reset
                0x02002c84                board_sensor_reset
                0x02002dfc                board_lcd_ioctrl_pwm
                0x02002e40                getCurBatteryADC
                0x02002e60                getKeyADCvalue
                0x02002e80                getKeyVal
                0x02002fa4                getKey
                0x02003074                keyScanKey
                0x020031a8                board_powerCheck
 .text          0x020031e4      0x330 ./Debug/config.c.o
                0x020031e4                configCheckSumCal
                0x02003238                userConfigSave
                0x020032bc                userConfigReset
                0x020033bc                userConfigInitial
                0x02003498                configSet
                0x020034d4                configGet
 .text          0x02003514      0xcd0 ./Debug/display.c.o
                0x02003514                dispLayerPIPOnlyFront
                0x02003584                dispLayerPIPOnlyBack
                0x02003600                dispLayerPIPBakRightTop
                0x020036a0                dispLayerPIPFrtRightTop
                0x02003724                dispLayerPIPFBHalf
                0x020037a8                dispLayerPIPBFHalf
                0x0200382c                dispLayerUninit
                0x02003888                dispLayerGetResolution
                0x0200395c                dispLayerSetResolution
                0x02003a48                dispLayerSetRotate
                0x02003a7c                dispRatioResolutionCalculate
                0x02003b54                dispLayerSetRatio
                0x02003c04                dispLayerInit
                0x02003e30                dispLayerShow
                0x02003e74                dispLayerGetFrame
                0x02003ebc                dispLayerGetFreeFrame
                0x02003efc                dispLayerFreeFrame
                0x02003f74                dispLayerSetFrame
                0x02003fc0                dispLayerSetPIPMode
                0x02004034                dispLayer_ABwin
                0x02004080                dispLayer_getABwin
                0x020040a0                dispLayerSetFrontCrop
 .text          0x020041e4        0x0 ./Debug/explorer.c.o
 .text          0x020041e4      0xc4c ./Debug/filelist.c.o
 .text          0x02004e30      0x954 ./Debug/font.c.o
                0x02005040                fontInit
                0x0200515c                fontSetLanguage
                0x02005220                fontGetStringInfo
                0x020052d0                fontDrawString
                0x020054c0                resGetString
                0x020055d8                resGetChar
 .text          0x02005784      0x324 ./Debug/icon.c.o
                0x02005784                iconInit
                0x020057f4                iconGetSize
                0x02005898                iconGetData
                0x02005934                iconGetAddr
                0x020059a8                iconGetPalette
                0x02005a28                iconGetGamePalette
 .text          0x02005aa8      0x1ec ./Debug/configGetValue.c.o
                0x02005aa8                configValue2Int
 .text          0x02005c94      0x19c ./Debug/configSystem.c.o
                0x02005c94                configLanguage
                0x02005d0c                configSys
                0x02005df4                configSystem
 .text          0x02005e30      0x830 ./Debug/logo.c.o
                0x02005e30                logo_image_show
                0x02005f34                jpg_decode_show
                0x02006028                logo_music_show
                0x020061f4                layout_logo_show
                0x02006304                background_logo_image_show
                0x020063fc                layout_version_get
                0x020064e8                layout_keysound_load
                0x020065cc                layout_sound_load
 .text          0x02006660       0xb0 ./Debug/menuMovieRec.c.o
                0x02006660                menuProcDateTime
                0x0200668c                menuProcVersion
                0x020066b8                menuProcFormat
                0x020066e4                menuProcDefault
 .text          0x02006710      0x384 ./Debug/msgDeal.c.o
                0x02006710                msgFuncRegister
                0x020067c8                unshieldedMsgFuncRegister
                0x02006844                msgDeal
                0x020069a0                msgDealByType
                0x02006a38                msgDealByMsgInfor
 .text          0x02006a94       0xa4 ./Debug/msgSysRecommend.c.o
 .text          0x02006b38      0x5cc ./Debug/msgSysUnshielded.c.o
 .text          0x02007104      0x4c8 ./Debug/taskManage.c.o
                0x02007104                taskInit
                0x02007178                taskInfor
                0x02007200                taskRegister
                0x020072a4                taskPrevious
                0x020072c4                taskCurrent
                0x020072e4                taskNext
                0x02007304                taskStart
                0x020073e8                taskChange
                0x020073fc                taskService
 .text          0x020075cc      0xdc8 ./Debug/taskPhotoEncode.c.o
                0x020075cc                taskPhotoEncodeClose
                0x020076b4                taskPhotoEncodeService
                0x02007774                photoImagePreSizeGet
                0x02007a10                task_image_createfile
                0x02007b44                image_take_photo
                0x02007e2c                image_take_photo_to_sdram
                0x02008188                photo_animation_effect
                0x020082a4                taskPhotoEncodeOpen
 .text          0x02008394     0x18c4 ./Debug/taskPhotoEncodeMsg.c.o
                0x02009be0                photoFocusIconCancel
 .text          0x02009c58      0xb64 ./Debug/taskPlayBack.c.o
                0x02009c58                taskPlayBackClose
                0x02009ca0                video_playback_jpg_scale
                0x02009e90                video_playback_start
                0x0200a484                taskPlayBackOpen
                0x0200a700                taskPlayBackService
 .text          0x0200a7bc     0x18d0 ./Debug/taskPlayBackMsg.c.o
                0x0200bfa4                backBrushBlack
 .text          0x0200c08c      0x2a4 ./Debug/taskPowerOff.c.o
                0x0200c08c                uninit
                0x0200c140                taskPowerOffOpen
 .text          0x0200c330      0xeec ./Debug/taskSysScanDevice.c.o
                0x0200c330                timerMsgSend
                0x0200c3d4                setKeyEn
                0x0200c3f4                deamon_astern_check
                0x0200c408                reflush_usensor_check
                0x0200c41c                setSoftwareDetachUsensor
                0x0200c43c                deamon_usb_check
                0x0200c6ec                deamon_gsensor_check
                0x0200c700                deamon_screen_save
                0x0200c850                deamon_key_check
                0x0200c980                deamon_auto_poweroff
                0x0200ca94                deamon_keysound_play
                0x0200cb74                deamon_sound_play
                0x0200cc50                deamon_fsFreeSize
                0x0200ccf8                deamon_fs_scan
                0x0200ceb8                deamon_sdc_check
                0x0200d108                taskSysScanDev
                0x0200d188                deamon_fsSizeModify
 .text          0x0200d21c      0x2f8 ./Debug/taskUsbDevice.c.o
 .text          0x0200d514      0xde8 ./Debug/taskVideoRecord.c.o
                0x0200d514                taskVideoRecordeService
                0x0200d618                task_video_Get_Status
                0x0200d638                video_record_start
                0x0200d6e0                task_record_stop
                0x0200d77c                taskVideoRecordeClose
                0x0200d8ac                task_video_record_caltime
                0x0200d924                video_record_callback
                0x0200e104                taskVideoRecordeOpen
                0x0200e2d4                taskVideoRecTimeIncreace
                0x0200e2e8                videoCapturePhoto
 .text          0x0200e2fc     0x16f0 ./Debug/taskVideoRecordMsg.c.o
                0x0200f7b8                videoFocusIconCancel
                0x0200f830                recordTimeCount1S
 .text          0x0200f9ec      0x158 ./Debug/toolFunc.c.o
                0x0200f9ec                intToString
                0x0200fab8                calWeek
 .text          0x0200fb44      0x810 ./Debug/uiMenuDateTimeMsg.c.o
                0x0200ffec                dateTimeStrUpdate
                0x02010014                dateTimeIncreace
                0x020101b4                dateTimeDecreace
 .text          0x02010354      0x32c ./Debug/uiMenuDefaultMsg.c.o
 .text          0x02010680      0x3ec ./Debug/uiMenuDelAllMsg.c.o
 .text          0x02010a6c      0x480 ./Debug/uiMenuDelCurMsg.c.o
 .text          0x02010eec      0x460 ./Debug/uiMenuFormatMsg.c.o
 .text          0x0201134c      0x8a8 ./Debug/uiMenuItemMsg.c.o
                0x02011bd4                menuIsOpen
 .text          0x02011bf4      0x730 ./Debug/uiMenuOptionMsg.c.o
 .text          0x02012324      0x35c ./Debug/uiMenuUsbMsg.c.o
 .text          0x02012680      0x208 ./Debug/uiNoFileMsg.c.o
 .text          0x02012888      0x38c ./Debug/uiTips1Msg.c.o
 .text          0x02012c14      0x370 ./Debug/uiTipsMsg.c.o
 .text          0x02012f84      0x4c0 ./Debug/uiWin.c.o
                0x02012f84                dialogCB
                0x0201317c                uiParentDealMsg
                0x020131ac                uiOpenWindow
                0x020132dc                uiOpenWinAndShow
                0x02013414                windowIsOpen
 .text          0x02013444      0x174 ./Debug/uiMenuVersionMsg.c.o
 .text          0x020135b8       0xf8 ./Debug/taskAudioPlayer.c.o
                0x020135b8                taskAudioPlayerOpen
                0x02013634                taskAudioPlayerClose
                0x02013664                taskAudioPlayerService
 .text          0x020136b0     0x1cd8 ./Debug/taskAudioPlayerMsg.c.o
                0x0201511c                uni2oem936_init
                0x020151ac                uni2oem936_uninit
                0x020151f0                oem2uni936_init
                0x02015280                oem2uni936_uninit
 .text          0x02015388        0x0 ./Debug/taskAudioPlayerRes.c.o
 .text          0x02015388        0x0 ./Debug/taskPhotoEncodeRes.c.o
 .text          0x02015388        0x0 ./Debug/taskPlayBackRes.c.o
 .text          0x02015388        0x0 ./Debug/taskVideoRecordRes.c.o
 .text          0x02015388        0x0 ./Debug/uiMenuDateTimeRes.c.o
 .text          0x02015388        0x0 ./Debug/uiMenuDefaultRes.c.o
 .text          0x02015388        0x0 ./Debug/uiMenuDelAllRes.c.o
 .text          0x02015388        0x0 ./Debug/uiMenuDelCurRes.c.o
 .text          0x02015388        0x0 ./Debug/uiMenuFormatRes.c.o
 .text          0x02015388        0x0 ./Debug/uiMenuItemRes.c.o
 .text          0x02015388        0x0 ./Debug/uiMenuOptionRes.c.o
 .text          0x02015388        0x0 ./Debug/uiMenuUsbRes.c.o
 .text          0x02015388        0x0 ./Debug/uiMenuVersionRes.c.o
 .text          0x02015388        0x0 ./Debug/uiNoFileRes.c.o
 .text          0x02015388        0x0 ./Debug/uiTips1Res.c.o
 .text          0x02015388        0x0 ./Debug/uiTipsRes.c.o
 .text          0x02015388      0x108 ./Debug/taskMainMenu.c.o
                0x02015388                taskMainMenuService
                0x0201539c                taskMainMenuOpen
                0x02015464                taskMainMenuClose
 .text          0x02015490      0x8dc ./Debug/taskMainMenuMsg.c.o
 .text          0x02015d6c        0x0 ./Debug/taskMainMenuRes.c.o
 .text          0x02015d6c       0xcc ./Debug/taskSettingMenu.c.o
                0x02015d6c                taskSettingMenuService
                0x02015d80                taskSettingMenuClose
                0x02015da8                taskSettingMenuOpen
 .text          0x02015e38     0x18dc ./Debug/userInterface.c.o
                0x02015e38                actionUpperToBottom
                0x02015ff0                actionBottomToUpper
                0x020161c8                actionSquareInsideToOutside
                0x02016378                actionSquareOutsideToInside
                0x02016530                actionLeftBottomToRightUpper
                0x020166bc                actionLeftToRight
                0x02016888                actionLeftUpperToRightBottom
                0x02016a3c                actionCircleInside2OutSide
                0x02016e50                getActionFunc
                0x02016ef8                animationInit
                0x02016ffc                animationRun
                0x020170d4                animationUnInit
                0x02017124                circle_fill
                0x02017680                type_function_circle
 .text          0x02017714      0x620 ./Debug/upgrade.c.o
                0x02017714                upgrade_led_control
                0x0201778c                upgrade_uiProgress
                0x020177cc                upgrade
 .text          0x02017d34     0x2488 ./Debug/game_block.c.o
                0x02017d34                game_cnt_down
                0x02017d64                game_cnt_reinit
                0x02017d84                game_cnt_over
                0x02017db4                game_cnt_clear
                0x02017de0                effect_rand_get
                0x02017e68                power_up_rand_list_init
                0x02017f08                block_cnt_init
                0x02017f6c                rand_get
                0x02017ffc                level_back_index_get
                0x02018020                block_map_init
                0x02018080                move_icon_universal_draw
                0x020180f0                game_frame_buff_show_get
                0x02018110                block_icon_draw
                0x020181a4                block_src_init_and_draw
                0x02018264                block_map_draw
                0x0201830c                game_boundary_init
                0x02018350                game_block_level_init
                0x0201838c                life_icon_draw
                0x02018498                right_score_draw
                0x020185cc                ball_icon_draw
                0x02018664                board_icon_draw
                0x020186ac                power_up_item_icon_draw
                0x0201876c                DrawMap_block
                0x020187b4                power_up_item_init
                0x020188ac                power_up_item_destroy
                0x02018918                ball_init
                0x020189fc                ball_item_destroy
                0x02018a68                copy_ball_action
                0x02018ae4                ball_and_board_init
                0x02018b84                board_and_ball_flash_init
                0x02018bbc                move_rule
                0x02018cb0                game_boundary_hit_check
                0x02018d5c                universal_hit_action
                0x02018d90                universal_hit_check
                0x02019078                board_hit_check
                0x02019158                block_hit_check
                0x020192d4                clear_block_effect
                0x02019480                board_move
                0x02019538                ball_move
                0x020195fc                ball_fire_power_up
                0x02019664                ball_multi_power_up
                0x020196f0                power_up_item_move
                0x020197e4                power_up_move
                0x02019864                move
                0x02019920                pass_check
                0x0201997c                game_block_init
                0x020199d0                block_free_buf
                0x02019a2c                game_block_exit
                0x02019a80                flash_reinit
                0x02019b4c                flash_init
                0x02019b94                block_breaker_going_key_response
                0x02019c4c                game_block_start
                0x02019d10                block_breaker_going
                0x02019e48                block_breaker_level_pass
                0x02019eac                block_breaker_game_over_show
                0x02019f20                block_breaker_game_pause
                0x0201a054                game_block_key_active
                0x0201a0c8                game_block_entry
 .text          0x0201a1bc      0xe08 ./Debug/game_snake.c.o
                0x0201a1bc                snake_get_buf
                0x0201a22c                snake_put_buf
                0x0201a284                snake_init
                0x0201a330                rand_next
                0x0201a3e4                createFood
                0x0201a4c8                creatMap
                0x0201a51c                biteSelf
                0x0201a574                chet_endGamestatus
                0x0201a604                detore_snake
                0x0201a658                snakeOSDDisplayBufGet
                0x0201a6a4                snake_I80
                0x0201a79c                snakeOSDDisplay
                0x0201a7fc                snake_frame_icon_draw
                0x0201a908                get_malloc
                0x0201a930                show_icon_rect
                0x0201aa38                show_all
                0x0201ab70                snakeMove
                0x0201ad84                key_read
                0x0201ae24                snake_main_init
                0x0201aecc                game_snake_entry
 .text          0x0201afc4      0x728 ./Debug/game_sokoban.c.o
                0x0201afc4                Move
                0x0201b120                resultCheck
                0x0201b1b8                map_init
                0x0201b1fc                get_map_size
                0x0201b214                man_init
                0x0201b284                DataRead_CMode
                0x0201b2f8                TXZ_show_icon_rect
                0x0201b40c                TXZ_show_one_rect
                0x0201b438                DrawMap
                0x0201b4b0                TXZ_show_all
                0x0201b4e8                get_game_map
                0x0201b5b0                sokoban_init
                0x0201b60c                game_sokoban_entry
 .text          0x0201b6ec      0xfe4 ./Debug/game_tetris.c.o
                0x0201b6ec                insertTetris
                0x0201b794                checkCollision_L
                0x0201b7cc                checkCollision_R
                0x0201b800                checkCollision
                0x0201b8a0                show_one_diamonds
                0x0201b928                printScore
                0x0201baf8                printNextTetris
                0x0201bb8c                giveTetris
                0x0201bc6c                removeTetris
                0x0201bd24                printCurrentTetris
                0x0201be44                setPoolColor
                0x0201bef8                rotateTetris
                0x0201bf9c                checkErasing
                0x0201c12c                printTetrisPool
                0x0201c1fc                moveDownTetris
                0x0201c2ac                horzMoveTetris
                0x0201c350                keydownControl
                0x0201c418                endgame
                0x0201c434                restartGame
                0x0201c4d4                game_tetris_init
                0x0201c568                game_tetris_exit
                0x0201c5ac                game_tetris_entry
 .text          0x0201c6d0     0x1a78 ./Debug/taskGame.c.o
                0x0201c6d0                taskGameClose
                0x0201c830                gameInit
                0x0201c8d4                gameGetKeyADCValue
                0x0201c980                game_key_judge
                0x0201ca0c                fps_count_reset
                0x0201ca38                rand_int
                0x0201caa4                get_game_base_buf
                0x0201cacc                get_game_show_buf
                0x0201cbb8                get_bin_data
                0x0201cc3c                frame_icon_draw
                0x0201cdd0                game_OSD_str_draw
                0x0201d45c                game_tips
                0x0201d798                game_over
                0x0201d894                gameExit
                0x0201d908                taskGameService
                0x0201d970                game_bk_draw
                0x0201da1c                frame_buff_display
                0x0201da94                free_buf
                0x0201dabc                game_audio_init
                0x0201dc68                taskGameOpen
                0x0201dcb0                game_audio_play
                0x0201de58                game_key_event
                0x0201df58                gameTickGenerator
                0x0201e020                game_result_tips
 .text          0x0201e148       0xc8 ./Debug/taskGameMenu.c.o
                0x0201e148                taskGameMenuService
                0x0201e15c                taskGameMenuOpen
                0x0201e1e4                taskGameMenuClose
 .text          0x0201e210      0xdf4 ./Debug/taskGameMenuMsg.c.o
 .text          0x0201f004        0x0 ./Debug/taskGameMenuRes.c.o
 .text          0x0201f004     0x11f4 ./Debug/game_plane.c.o
                0x0201f004                is_in_range
                0x0201f054                collision_chect
                0x0201f2b0                move_enemy_bullet_c
                0x0201f350                AI_mage
                0x0201f3a4                move_my_planle
                0x0201f4f8                new_my_bullet
                0x0201f5a8                new_p_boom
                0x0201f66c                move_my_bullet_c
                0x0201f75c                move_bullet
                0x0201f780                move_one_enemy_planle
                0x0201f948                move_enemy_planle
                0x0201f990                new_enemy_Plane
                0x0201fa6c                pGame_show_icon_rect
                0x0201fc20                show_plane_boom
                0x0201fc84                show_enemy_Plane
                0x0201fcdc                show_my_bullet
                0x0201fd34                show_score
                0x0201ffc8                game_plane_entry
 .text          0x020201f8      0x5a8 ./Debug/game_maze.c.o
                0x020201f8                Move_maze
                0x020203b8                resultCheck_maze
                0x02020410                maze_map_set
                0x02020450                get_map_maze_size
                0x02020468                man_maze_init
                0x02020498                maze_show_one_rect
                0x0202055c                maze_DrawMap
                0x020205d4                maze_show_all
                0x0202060c                maze_map_init
                0x02020654                maze_keypress
                0x020206a8                maze_init
                0x020206f0                game_maze_entry
 .text          0x020207a0        0x0 ./Debug/xos_x_cpu.c.o
 .text          0x020207a0      0x1b0 ./Debug/xos_xmbox.c.o
                0x020207a0                XMboxInit
                0x020207e0                XMboxCreate
                0x02020868                XMboxDestory
                0x020208a0                XMboxPost
                0x020208f4                XMboxPend
 .text          0x02020950      0x2e4 ./Debug/xos_xmsgq.c.o
                0x02020950                XMsgQInit
                0x02020990                XMsgQCreate
                0x02020a20                XMsgQDestory
                0x02020a58                XMsgQFlush
                0x02020a98                XMsgQPost
                0x02020b10                XMsgQPostFront
                0x02020b8c                XMsgQPend
                0x02020c1c                XMsgQCheck
 .text          0x02020c34      0x12c ./Debug/xos_xos.c.o
                0x02020c34                XOSInit
                0x02020c74                XOSTickService
                0x02020ce4                XOSTimeGet
                0x02020d04                XOSTimeDly
                0x02020d40                XOSRandom
 .text          0x02020d60      0x168 ./Debug/xos_xwork.c.o
                0x02020d60                XWorkInit
                0x02020da0                XWorkCreate
                0x02020e2c                XWorkDestory
                0x02020e5c                XWorkService
 .text          0x02020ec8      0xb64 ./Debug/multimedia_user_media.c.o
                0x02020ec8                jpg_decode_buf
                0x02020f78                jpg_buf_decode_buf
                0x02021028                yuv_rgb_table_init
                0x02021254                yuv_rgb_table_uninit
                0x02021298                bmp24_to_yuv420_buf
                0x02021654                yuv420_draw_buf
                0x02021844                yuv420_software_set_handle_frame
                0x02021864                yuv420_software_get_handle_frame
                0x02021884                yuv420_effect_handle
 .text          0x02021a2c      0x1fc ./Debug/sUI_button.c.o
                0x02021b10                buttonCreate
                0x02021b84                buttonCreateIndirect
 .text          0x02021c28      0x188 ./Debug/sUI_dialog.c.o
                0x02021c28                dialogCreate
                0x02021cf8                dialogItem
 .text          0x02021db0      0x22c ./Debug/sUI_frameWin.c.o
                0x02021f08                frameWinCreate
                0x02021f6c                frameWinCreateIndirect
 .text          0x02021fdc      0x2b0 ./Debug/sUI_imageIcon.c.o
                0x02022164                imageIconCreate
                0x02022210                imageIconCreateIndirect
 .text          0x0202228c     0x191c ./Debug/sUI_itemManage.c.o
                0x0202228c                itemManageCreate
                0x02022310                itemManageCreateIndirect
                0x02022384                itemManageSetItemHeight
                0x02022508                itemManageSetItemRowSumGap
                0x02022610                itemManageSetHeightAvgGap
                0x02022784                itemManageSetRowSum
                0x020228b8                itemManageSetColumnSum
                0x02022a08                itemManageSetColumnSumWithGap
                0x02022b84                itemManageSetColumnMargin
                0x02022cb4                itemManageCreateItem
                0x02022e50                itemManageSetResInforFuncEx
                0x02022ea8                itemManageSetCurItem
                0x020231a4                itemManageUpdateRes
                0x0202325c                itemManageUpdateAllitem
                0x020232c0                itemManageUpdateCurItem
                0x02023464                itemManageNextItem
                0x020234d4                itemManagePreItem
                0x02023544                itemManageNextPage
                0x020235c8                itemManagePrePage
                0x02023650                itemManageGetCurrentItem
                0x020236b4                itemManageSetCharInfor
                0x0202376c                itemManageSetSelectColor
                0x02023808                itemManageSetSelectImage
                0x020238a8                itemManageSetUnselectColor
                0x02023944                itemManageSetUnselectImage
                0x020239e4                itemManageGetTouchInfor
 .text          0x02023ba8      0x3c4 ./Debug/sUI_menuItem.c.o
                0x02023dd8                menuItemCreate
                0x02023e80                itemCreateMenuItem
 .text          0x02023f6c      0x504 ./Debug/sUI_menuItemEx.c.o
                0x02024294                menuItemExCreate
                0x02024344                itemCreateMenuItemEx
 .text          0x02024470      0x360 ./Debug/sUI_menuOption.c.o
                0x02024664                menuOptionCreate
                0x02024708                itemCreatemenuOption
 .text          0x020247d0      0x344 ./Debug/sUI_progressBar.c.o
                0x020249f8                progressBarCreate
                0x02024a7c                progressBarCreateIndirect
                0x02024af4                progressBarSetDirction
 .text          0x02024b14      0x264 ./Debug/sUI_rect.c.o
                0x02024c80                rectCreate
                0x02024d04                rectCreateIndirect
 .text          0x02024d78      0x380 ./Debug/sUI_stringIcon.c.o
                0x02024f88                stringIconCreate
                0x02025044                stringIconCreateIndirect
 .text          0x020250f8      0x2b0 ./Debug/sUI_tips.c.o
                0x02025294                tipsCreate
                0x02025320                tipsCreateIndirect
 .text          0x020253a8      0x30c ./Debug/sUI_uiAlloc.c.o
                0x020253a8                uiHeapInit
                0x020253e0                uiAlloc
                0x020254e8                uiFree
                0x020255e8                uiHeapInfor
                0x020256a0                heapAllocTest
 .text          0x020256b4      0x11c ./Debug/sUI_widget.c.o
                0x020256b4                widgetProc
                0x02025700                widgetSetType
                0x02025730                widgetGetType
                0x02025764                widgetGetId
                0x0202579c                widgetSetId
 .text          0x020257d0     0x1c38 ./Debug/sUI_winManage.c.o
                0x020257d0                winErrShow
                0x0202581c                winSendMsg
                0x0202585c                winSendMsgNoData
                0x02025884                winSendMsgToParent
                0x020258b4                winSendMsgToParentNoData
                0x020258dc                winOverlapping
                0x02025940                winContain
                0x020259a4                winHasInvalidRect
                0x02025a38                winFreeInvalidRect
                0x02025d34                winCreate
                0x0202617c                winDestroy
                0x02026338                winGetTouchInfor
                0x02026368                winTouch
                0x02026588                winSetbgColor
                0x020265bc                winSetfgColor
                0x020265f0                winSetVisible
                0x02026674                winIsVisible
                0x020266b0                winSetResid
                0x020266e0                winSetItemSelResid
                0x02026710                winSetStrInfor
                0x02026760                resInforInit
                0x020267ac                winSetSelectInfor
                0x020267dc                winSetUnselectInfor
                0x0202680c                winChangeNotify
                0x02026874                winDefaultProc
                0x02026c84                winResize
                0x02026e14                winGetRelativePos
                0x02026ea4                winGetPos
                0x02026ee8                winUpdate
                0x02026f58                winSetPorgressRate
                0x02026f88                winSetPorgressDirction
                0x02026fb8                winGetCurrent
                0x02026fd8                winPaint
                0x020270e4                winSetName
                0x02027104                winIntersection
                0x020271b8                winUpdateAllResId
                0x0202721c                winDestroyDeskTopChildWin
                0x02027290                winInit
                0x0202737c                winUninit
 .text          0x02027408      0x174 ./Debug/sUI_memPool.c.o
                0x02027408                mempCreate
                0x02027470                mempGet
                0x020274c8                mempPut
                0x02027504                mempInfor
 .text          0x0202757c      0x43c ./Debug/sUI_widgetManage.c.o
                0x020277d0                widgetManageCreate
                0x02027854                widgetManageCreateIndirect
                0x020278c4                widgetManageUpdateAll
                0x020278e8                widgetManageUpdateCur
                0x0202790c                widgetManageNext
                0x02027930                widgetManagePre
                0x02027954                widgetManageSelect
                0x02027988                widgetManageCurId
 .text          0x020279b8      0x3bc ./Debug/src_ax32xx_int.c.o
                0x020279b8                ax32xx_intHandler
                0x020279cc                fast_isr
                0x02027aac                slow_isr
                0x02027ba0                ax32xx_intEnable
                0x02027be8                ax32xx_int_priority
                0x02027c30                ax32xx_intInit
 .text          0x02027d74      0xa50 ./Debug/src_ax32xx_sys.c.o
                0x02027d74                ax32xx_sysCpuMsDelay
                0x02027db0                ax32xx_sysCpuNopDelay
                0x02027dd8                ax32xx_sysDcacheInit
                0x02027e1c                ax32xx_sysIcacheInit
                0x02027e60                ax32xx_sysDcacheWback
                0x02027edc                ax32xx_sysDcacheFlush
                0x02027f58                ax32xx_sysDcacheInvalid
                0x02027fd4                ax32xx_sysSRAMClear
                0x02028028                ax32xx_sysBSSClear
                0x0202808c                ax32xx_sysLDOSet
                0x02028270                ax32xx_sysClkSet
                0x020282cc                ax32xx_sysReset
                0x0202830c                ax32xx_sys_dma_memdown
                0x02028370                ax32xx_sys_dma_memkick
                0x02028434                ax32xx_mcpy_gram2ufifo
                0x02028494                ax32xx_mcpy1_sdram2gram
                0x02028538                ax32xx_mcpy1_sdram2gram_2
                0x02028598                ax32xx_sysInit
                0x02028704                ax32xx_sysUninit
 .text          0x020287c4      0x298 ./Debug/src_ax32xx_dma.c.o
                0x020287c4                ax32xx_dmaNocCfg
                0x020289ec                ax32xx_dmaNocDefault
                0x02028a14                ax32xx_dmaChannelEnable
 .text          0x02028a5c       0x98 ./Debug/src_ax32xx_wdt.c.o
                0x02028a5c                ax32xx_wdtEnable
                0x02028a90                ax32xx_wdtTimeSet
                0x02028aa4                ax32xx_wdtClear
                0x02028ad8                ax32xx_wdtReset
 .text          0x02028af4      0xe08 ./Debug/src_ax32xx_gpio.c.o
                0x02028af4                ax32xx_gpioSFRSet
                0x02028d38                ax32xx_gpioDirSet
                0x02028ddc                ax32xx_gpioPullSet
                0x02028ea8                ax32xx_gpioDrvSet
                0x02028f38                ax32xx_gpioDataSet
                0x02028fc4                ax32xx_gpioDataGrounpSet
                0x02029040                ax32xx_gpioDataGet
                0x020290c4                ax32xx_gpioMapSet
                0x02029154                ax32xx_gpioDigitalSet
                0x020291e4                ax32xx_gpioHystersisSet
                0x02029274                ax32xx_gpioLedPull
                0x02029340                ax32xx_gpioLedInit
                0x020293d0                ax32xx_gpioINTCheck
                0x02029408                ax32xx_gpioINTClear
                0x02029430                ax32xx_gpioINTInit
                0x02029560                ax32xx_gpioIRQHandler
                0x020295fc                ax32xx_io1d1_softstart
                0x020297bc                ax32xx_io1d1_softstart_clr
                0x0202986c                ax32xx_io1d1_pd_enable
 .text          0x020298fc      0x1a4 ./Debug/src_ax32xx_uart.c.o
                0x020298fc                ax32xx_uart0IRQHandler
                0x0202994c                ax32xx_uart0IOCfg
                0x020299ec                ax32xx_uart0Init
                0x02029a60                ax32xx_uart0SendByte
 .text          0x02029aa0      0x9ec ./Debug/src_ax32xx_timer.c.o
                0x02029aa0                ax32xx_timer0IRQHandler
                0x02029ae4                ax32xx_timer1IRQHandler
                0x02029b28                ax32xx_timer2IRQHandler
                0x02029b6c                ax32xx_timer3IRQHandler
                0x02029bb0                ax32xx_timerISRRegister
                0x02029bf4                ax32xx_timerStart
                0x02029cf0                ax32xx_timerStop
                0x02029dc0                ax32xx_timerEnable
                0x02029e4c                ax32xx_timerDisable
                0x02029ef0                ax32xx_timerTickStart
                0x02029f24                ax32xx_timerTickStop
                0x02029f44                ax32xx_timerTickCount
                0x02029f60                ax32xx_timerPWMStart
                0x0202a3d8                ax32xx_timerPWMStop
 .text          0x0202a48c      0x468 ./Debug/src_ax32xx_tminf.c.o
                0x0202a48c                ax32xx_mjpegATimeinfoEnable
                0x0202a4f8                ax32xx_mjpegBTimeinfoEnable
                0x0202a564                ax32xx_mjpegATimeinfoColor
                0x0202a5b0                ax32xx_mjpegBTimeinfoColor
                0x0202a60c                ax32xx_mjpegATimeinfoSize
                0x0202a668                ax32xx_mjpegBTimeinfoSize
                0x0202a6f0                ax32xx_mjpegATimeinfoPos
                0x0202a74c                ax32xx_mjpegBTimeinfoPos
                0x0202a7d4                ax32xx_mjpegATimeinfoAddr
                0x0202a818                ax32xx_mjpegBTimeinfoAddr
                0x0202a888                ax32xx_recfg_mjpb_tminf
 .text          0x0202a8f4      0x7f4 ./Debug/src_ax32xx_spi.c.o
                0x0202a8f4                ax32xx_spi0Init
                0x0202ab14                ax32xx_spi0SendByte
                0x0202ab68                ax32xx_spi0RecvByte
                0x0202abbc                ax32xx_spi0Send0
                0x0202ac74                ax32xx_spi0Recv0
                0x0202ad2c                ax32xx_spi0CS0Config
                0x0202ad70                spi1_pin_config
                0x0202ae40                hal_spi1Init
                0x0202aeb8                spi1_send_byte
                0x0202af28                spi1_receive_byte
                0x0202af70                spi1_recevie_dma
                0x0202b008                spi1_send_dma
                0x0202b0a4                spi1_enable
 .text          0x0202b0e8      0xb74 ./Debug/src_ax32xx_rtc.c.o
                0x0202b0e8                ax32xx_rtcWriteByte
                0x0202b138                ax32xx_rtcReadByte
                0x0202b19c                ax32xx_rtcRamRead
                0x0202b238                ax32xx_rtcRamWrite
                0x0202b2d4                ax32xx_rtcDataRead
                0x0202b35c                ax32xx_rtcDataWrite
                0x0202b3e4                ax32xx_rtcInit
                0x0202b494                ax32xx_rtcIRQHandler
                0x0202b54c                ax32xx_rtcSencodEnable
                0x0202b5c8                ax32xx_rtcAlamEnable
                0x0202b6b0                ax32xx_rtcAlamSet
                0x0202b6f8                ax32xx_rtcGet
                0x0202b74c                ax32xx_rtcSet
                0x0202b794                ax32xx_WKOEnable
                0x0202b7f0                ax32xx_VDDGSENEnable
                0x0202b860                ax32xx_WKI0InputEnable
                0x0202b8d0                ax32xx_WKI1InputEnable
                0x0202b940                ax32xx_WKI1Read
                0x0202b964                ax32xx_WKI0Read
                0x0202b988                ax32xx_WKI1WakeupEnable
                0x0202baf0                ax32xx_WKI1WakeupTriger
                0x0202bb40                ax32xx_WKI1CleanPending
                0x0202bb7c                ax32xx_rtcBatDecEnable
                0x0202bbec                ax32xx_rtcSenHVEnable
 .text          0x0202bc5c      0x7e8 ./Debug/src_ax32xx_iic.c.o
                0x0202bd14                software_iic_sdaout
                0x0202bd48                software_iic_sdain
                0x0202bd7c                software_iic_sda_set
                0x0202bda8                software_iic_scl_set
                0x0202bdd4                software_iic_sda_get
                0x0202bdfc                software_iic_init
                0x0202be2c                software_iic_start
                0x0202bea4                software_iic_stop
                0x0202bf1c                software_iic_wait_ack
                0x0202bfd4                ax32xx_iic0Init
                0x0202c094                ax32xx_iic0Uninit
                0x0202c0d8                ax32xx_iic0Start
                0x0202c0f4                ax32xx_iic0Stop
                0x0202c134                ax32xx_iic0RecvACK
                0x0202c15c                ax32xx_iic0SendACK
                0x0202c180                ax32xx_iic0SendByte
                0x0202c1d0                ax32xx_iic0RecvByte
                0x0202c224                ax32xx_iic1Init
                0x0202c24c                ax32xx_iic1Uninit
                0x0202c290                ax32xx_iic1Start
                0x0202c2ac                ax32xx_iic1Stop
                0x0202c30c                ax32xx_iic1RecvACK
                0x0202c334                ax32xx_iic1SendACK
                0x0202c358                ax32xx_iic1SendByte
                0x0202c3c8                ax32xx_iic1RecvByte
 .text          0x0202c444      0x66c ./Debug/src_ax32xx_dac.c.o
                0x0202c484                ax32xx_dacIRQHandler
                0x0202c558                ax32xx_dacSampleRateSet
                0x0202c5c8                ax32xx_dacEnable
                0x0202c64c                ax32xx_dacVolumeSet
                0x0202c6c4                ax32xx_dacBufferSet
                0x0202c6e4                ax32xx_dacBufferFlush
                0x0202c704                ax32xx_dacReset
                0x0202c728                ax32xx_dacStart
                0x0202c7a4                ax32xx_dacStop
                0x0202c7d4                ax32xx_dacISRRegister
                0x0202c7f4                ax32xx_dacHPSet
                0x0202c888                eq_coeff_init
                0x0202c8f8                eq_gain_init
                0x0202c968                ax32xx_dacInit
 .text          0x0202cab0      0x114 ./Debug/src_ax32xx_adc.c.o
                0x0202cab0                ax32xx_adcEnable
                0x0202cb18                ax32xx_adcSetBaudrate
                0x0202cb48                ax32xx_adcConverStart
                0x0202cb6c                ax32xx_adcRead
 .text          0x0202cbc4      0x540 ./Debug/src_ax32xx_auadc.c.o
                0x0202cbc4                ax32xx_auadcIRQHandler
                0x0202cc54                ax32xx_auadcHalfIRQRegister
                0x0202cc74                ax32xx_auadcEndIRQRegister
                0x0202cc94                ax32xx_auadcEnable
                0x0202cd8c                ax32xx_auadcAGCEnable
                0x0202ce1c                ax32xx_auadcGainSet
                0x0202ce98                ax32xx_auadcBufferSet
                0x0202cef8                ax32xx_auadcInit
                0x0202cf9c                ax32xx_auadcSetSampleSet
                0x0202d0c4                agc_gain_mnt
 .text          0x0202d104      0x298 ./Debug/src_jpeg_table.c.o
                0x0202d104                jpegA_table_init
                0x0202d280                ax32xx_mjpB_tab_init
 .text          0x0202d39c      0xe0c ./Debug/src_ax32xx_usb.c.o
                0x0202d39c                _usb_bulk_tx
                0x0202d4d8                _usb_bulk_rx
                0x0202d5e4                _usb_iso_kick
                0x0202d6d4                _iso_wait_txdown
                0x0202d76c                usb_iso_tx
                0x0202d86c                usb_burst_reset
                0x0202d8b8                usb_host_reset
                0x0202d904                usb_phyreset_as_typeb
                0x0202da60                usb_phyreset_as_typea
                0x0202dbb8                usb_insert
                0x0202dbcc                usb_check_hal
                0x0202dbe0                get_u32softcnt
                0x0202dc00                ax32xx_usbIRQHanlder
                0x0202dd18                ax32xx_usbCallbackRegister
                0x0202dd54                ax32xx_usb_hostIRQHanlder
                0x0202dd68                usb_device_check
                0x0202de54                ax32xx_usbPhyPllEnable
                0x0202defc                usb11_registers_write
                0x0202df28                usb11_registers_read
                0x0202df60                usb_memcpy
                0x0202dfd4                usb_phyreset_as_typea11
                0x0202dfe8                usb11_host_reset
                0x0202dffc                ax32xx_usb11_hostIRQHanlder
                0x0202e010                usb20_host_check
                0x0202e0ec                usb11HostCheckNoWait
                0x0202e100                usb11_host_check
                0x0202e114                usb20_phyreset_as_filter
 .text          0x0202e1a8      0x244 ./Debug/src_ax32xx_misc.c.o
                0x0202e1a8                str_seek
                0x0202e214                dec_num2str
                0x0202e254                char_2_hex
                0x0202e2a8                data_check
                0x0202e2f8                pointer_check
                0x0202e340                half_word_memcpy
                0x0202e378                word_memcpy
                0x0202e3b0                word_reg_memcpy
 .text          0x0202e3ec      0x14c ./Debug/src_ax32xx_pip.c.o
                0x0202e3ec                ax32xx_pipConfig
                0x0202e468                ax32xx_pipEnable
                0x0202e4ac                ax32xx_pipCounterReset
                0x0202e4ec                ax32xx_pipGetTopLayer
                0x0202e510                ax32xx_pipGetBotLayer
 .text          0x0202e538        0x0 ./Debug/src_ax32xx_btuart.c.o
 .text          0x0202e538        0x0 ./Debug/src_ax32xx_crc.c.o
 .text          0x0202e538      0x26c ./Debug/src_ax32xx_emi.c.o
                0x0202e538                ax32xx_emiInit
                0x0202e674                ax32xx_emiISRRegister
                0x0202e6a8                ax32xx_emiIRQHandler
                0x0202e704                ax32xx_emiKick
                0x0202e760                ax32xx_emiCheckBusy
                0x0202e780                ax32xx_emiCheckRXError
 .text          0x0202e7a4      0x28c ./Debug/src_ax32xx_rotate.c.o
                0x0202e7a4                ax32xx_rotateISRRegiser
                0x0202e7c4                ax32xx_rotateCheckBusy
                0x0202e7e4                ax32xx_rotateReset
                0x0202e830                ax32xx_rotateStart
                0x0202e948                ax32xx_rotateWaitFrameDone
                0x0202e9b0                ax32xx_rotateIRQHandler
                0x0202ea00                ax32xx_rotateGetSrcYAddr
 .text          0x0202ea30      0x3a0 ./Debug/src_ax32xx_osdcmp.c.o
                0x0202ea30                ax32xx_osdcmpISRRegiser
                0x0202ea50                ax32xx_osdcmpCheckBusy
                0x0202ea74                ax32xx_osdcmpReset
                0x0202eac0                ax32xx_osdcmpGetCompSize
                0x0202eae0                ax32xx_osdcmpKick
                0x0202ebb4                ax32xx_osdcmpWaitFrameDone
                0x0202ec7c                ax32xx_osdcmpCompOneFrame
                0x0202ed84                ax32xx_osdcmpIRQHandler
 .text          0x0202edd0       0x3c ./Debug/src_ax32xx_isp.c.o
                0x0202edd0                ax32xx_ispModeSet
 .text          0x0202ee0c      0xd68 ./Debug/osd_ax32xx_osd.c.o
                0x0202ee0c                ax32xx_deWait
                0x0202ee68                ax32xx_deUpdate
                0x0202ee8c                ax32xx_deGetUpdateStatus
                0x0202eeb0                ax32xx_deIRQHandler
                0x0202ef10                ax32xx_deISRRegister
                0x0202ef30                ax32xx_deInit
                0x0202efac                ax32xx_deSetBackground
                0x0202efe0                ax32xx_deSetCSC
                0x0202f02c                ax32xx_videoSetDither
                0x0202f0cc                ax32xx_videoSetScale
                0x0202f118                ax32xx_videoSetScaleLine
                0x0202f188                ax32xx_videoSetScanMode
                0x0202f1d4                ax32xx_videoGetYAddr
                0x0202f204                ax32xx_videoGetUVAddr
                0x0202f234                ax32xx_videoSetAddr
                0x0202f250                ax32xx_videoSetStride
                0x0202f274                ax32xx_videoSetSize
                0x0202f2ac                ax32xx_videoSetPosition
                0x0202f2d4                ax32xx_videoCopyCfg
                0x0202f33c                ax32xx_videoEnable
                0x0202f380                ax32xx_degamma_cfg
                0x0202f3a0                ax32xx_videoGammaRed
                0x0202f3e4                ax32xx_videoGammaGreen
                0x0202f428                ax32xx_videoGammaBlue
                0x0202f46c                ax32xx_deSetGAMA
                0x0202f4f0                ax32xx_deSet_DE_CCM
                0x0202f5d8                ax32xx_deSet_DE_SAJ
                0x0202f644                ax32xx_videoGammaEnable
                0x0202f688                ax32xx_osdEnable
                0x0202f6f4                ax32xx_osdSetSize
                0x0202f748                ax32xx_osdSetPosition
                0x0202f79c                ax32xx_osdSetPalette
                0x0202f7e4                ax32xx_osdSetAddr
                0x0202f8a0                ax32xx_osdGetAddr
                0x0202f8f0                ax32xx_osdSetAlpha
                0x0202f95c                ax32xx_osdSetUpscaler
                0x0202fb24                ax32xx_osdEncodeOneCode
 .text          0x0202fb74     0x100c ./Debug/csi_ax32xx_csi.c.o
                0x0202fb74                hal_csi_fcnt_get
                0x0202fba4                ax32xx_csiIRQHandler
                0x0202fe34                ax32xx_csiISRRegiser
                0x0202fe70                ax32xx_csiMJPEGFrameSet
                0x0202fee0                ax32xx_csihv_tomjp_dma_cfg
                0x0202ff6c                ax32xx_csi_only_FrameSet
                0x0202ffb0                ax32xx_csiYUVFrameSet
                0x0202ffc4                ax32xx_csiIOConfig
                0x0203001c                ax32xx_csiInit
                0x02030048                ax32xx_csiMclkSet
                0x0203010c                ax32xx_csi_set_mclk_free
                0x02030154                ax32xx_csiSyncSet
                0x020301b8                ax32xx_csiPrioritySet
                0x020301fc                ax32xx_csiTypeSet
                0x02030268                ax32xx_csiModeSet
                0x020302a4                ax32xx_pclk_fir_Set
                0x0203030c                ax32xx_pclk_analog_Set
                0x0203035c                ax32xx_pclk_inv_Set
                0x020303a0                ax32xx_csi_clk_tun_Set
                0x020303e8                ax32xx_csiSizeSet
                0x02030420                ax32xx_csiInputAddrSet
                0x02030438                ax32xx_csiTestModeSet
                0x020304a0                ax32xx_csiDvpClkDivSet
                0x020304e8                ax32xx_csiLCDFrameSet
                0x02030514                ax32xx_csiLCDDmaEnable
                0x020305b0                ax32xx_csiLCDDmaKick
                0x020305f4                ax32xx_csiLCDScaler
                0x020307d0                ax32xx_csiScaler
                0x02030918                ax32xx_hvScaler
                0x02030a8c                ax32xx_csiScalerCheck
                0x02030ab4                ax32xx_csiOutputSet
                0x02030af0                ax32xx_csiEnable
 .text          0x02030b80      0xd8c ./Debug/lcd_ax32xx_lcd.c.o
                0x02030b80                ax32xx_lcdSPIMode
                0x02030bac                ax32xx_lcdSPIInit
                0x02030c5c                ax32xx_lcdSPIUninit
                0x02030c98                ax32xx_lcdSPISendData
                0x02030e0c                ax32xx_lcdMcuSendCmd
                0x02030e70                ax32xx_lcdMcuSendData
                0x02030ec4                ax32xx_lcdMcuSendCmd16
                0x02030f48                ax32xx_lcdMcuSendData16
                0x02030fcc                ax32xx_lcdInit
                0x02031018                ax32xx_lcdIRQEnable
                0x02031060                ax32xx_lcdPreLineSet
                0x0203107c                ax32xx_lcdSignalSet
                0x02031114                ax32xx_lcdBusWidth
                0x02031168                ax32xx_lcdBusEnable
                0x020311b8                ax32xx_lcdClkSet
                0x020311d8                ax32xx_lcdSyncSet
                0x020311fc                ax32xx_lcdDESignalSet
                0x02031220                ax32xx_lcdPositionSet
                0x0203123c                ax32xx_lcdResolutionSet
                0x02031258                ax32xx_lcdWindowSizeSet
                0x02031274                ax32xx_lcdDataModeSet
                0x020312b8                ax32xx_lcdClkNumberSet
                0x020312d0                ax32xx_lcdEndLineSet
                0x020312ec                ax32xx_lcdPanelMode
                0x02031334                ax32xx_lcdEnable
                0x02031398                ax32xx_lcdTeMode
                0x020313e0                ax32xx_lcdKick
                0x02031418                ax32xx_lcdIRQHandler
                0x02031594                ax32xx_lcdISRRegister
                0x020315d8                ax32xx_lcdReset
                0x02031644                ax32xx_lcdMCUIOConfig
                0x02031738                ax32xx_lcdRGBIOConfig
                0x0203181c                ax32xx_lcd_lsawbtooth
 .text          0x0203190c     0x2098 ./Debug/mjpeg_ax32xx_mjpeg.c.o
                0x0203190c                ax32xx_mpegPrint
                0x02031d88                ax32xx_mjpB_reset
                0x02031df4                ax32xx_mjpegAIRQHandler
                0x02031e68                ax32xx_mjpeg_encode_check
                0x02032020                ax32xx_mjpB_employ
                0x0203204c                ax32xx_mjpB_dcdown_reg
                0x0203206c                ax32xx_mjB_as_dcode
                0x02032098                ax32xx_mjpegEA_ncodeISRRegister
                0x020320b8                ax32xx_mjpegEB_ncodeISRRegister
                0x020320d8                ax32xx_mjpegEA_ncodeISR
                0x02032104                ax32xx_mjpegDecodeISRRegister
                0x02032124                ax32xx_mjpegEncodeBufferSet
                0x02032170                ax32xx_mjpegEncodeEnable
                0x02032260                ax32xx_mjpegEncode_wifi_Enable
                0x02032350                ax32xx_mjpegEncodeSizeSet
                0x020323f8                ax32xx_mjpegEncodeQuilitySet
                0x02032440                cal_jA_1s_size
                0x02032470                ax32xx_mjpegEncodeQadj
                0x02032554                ax32xx_mjpegEncodeInfoSet
                0x0203259c                ax32xx_mjpegEncodeLoadAddrGet
                0x020325b8                ax32xx_mjpeg_inlinebuf_init
                0x020325d4                ax32xx_mjpegEncodeInit
                0x0203280c                ax32xx_mjpeg_manual_on
                0x02032854                ax32xx_mjpeg_manual_stop
                0x02032878                ax32xx_mjpegDecodeScalerCal
                0x02032948                ax32xx_mjpegDecodeSetSize
                0x02032b6c                ax32xx_mjpegDecodeOutputSet
                0x02032b88                ax32xx_mjpegDecodeInputSet
                0x02032bc0                ax32xx_mjpegDecodeDriSet
                0x02032bd8                ax32xx_mjpegDecodeCompressSet
                0x02032bf0                ax32xx_mjpegDecodeInitTable
                0x02032c34                ax32xx_mjpegDecodeInit
                0x02032e38                ax32xx_mjpegDecodeDCTimeSet
                0x02032ed8                ax32xx_mjpegDecodeEnable
                0x02032f54                ax32xx_mjpegDecodeKick
                0x02032fac                ax32xx_mjpegDecodeStop
                0x02032fe8                ax32xx_mjpegBIRQHandler
                0x02033114                ax32xx_mjpegDecodeQDTCfg
                0x02033174                ax32xx_mjpegDecodeStatus
                0x020331a8                ax32xx_mjpegDecodeCheck
                0x020331d8                ax32xx_mjpegDecodeODma1Cfg
                0x0203326c                ax32xx_mjpB_Ctl_init
                0x02033520                ax32xx_mjpB_Linebuf_cfg
                0x0203353c                ax32xx_mjpB_dma_cfg
                0x02033568                ax32xx_mjpB_stop
                0x020335d0                ax32xx_mjpB_on
                0x0203361c                ax32xx_mjpB_stop_2
                0x02033670                ax32xx_mjpegB_encode_check
                0x02033828                ax32xx_mjpB_on_2
                0x02033860                jpeg1_decode_check
 .text          0x020339a4        0x0 ./Debug/resource_user_icon.c.o
 .text          0x020339a4        0x0 ./Debug/resource_user_str.c.o
 .text          0x020339a4      0x110 ./Debug/src_hal_adc.c.o
                0x020339a4                hal_adcInit
                0x020339e0                hal_adcRead
                0x02033a0c                hal_adcSetChannel
                0x02033a58                hal_adcGetChannel
                0x02033a94                hal_adcVDDRTCCalculate
 .text          0x02033ab4       0xf0 ./Debug/src_hal_csi.c.o
                0x02033ab4                hal_csiMCLKSet
                0x02033ad4                hal_csiRegister
                0x02033b08                hal_csiResolutionGet
                0x02033b64                hal_csiAdptGet
                0x02033b84                hal_csi_SeninitGet
 .text          0x02033ba4      0x24c ./Debug/src_hal_dac.c.o
                0x02033bec                hal_dacInit
                0x02033c44                hal_dacPlayStart
                0x02033cf0                hal_dacPlayStop
                0x02033d1c                hal_dacSetVolume
                0x02033d80                hal_dacSetBuffer
                0x02033da4                hal_dacCallBackRegister
                0x02033dc8                hal_dacHPSet
 .text          0x02033df0        0x0 ./Debug/src_hal_eeprom.c.o
 .text          0x02033df0      0x2cc ./Debug/src_hal_gpio.c.o
                0x02033df0                hal_gpioInit
                0x02033e98                hal_gpioInit_io1d1
                0x02033f40                hal_io1d1_softstart
                0x02033f70                hal_io1d1_softstart_clr
                0x02033f98                hal_io1d1_pd_enable
                0x02033fc0                hal_gpioEPullSet
                0x0203401c                hal_gpioWrite
                0x02034044                hal_gpioRead
                0x02034068                hal_gpioIntInit
                0x02034090                hal_gpioLedInit
 .text          0x020340bc      0x64c ./Debug/src_hal_iic.c.o
                0x020340bc                hal_iic0Init
                0x020340e8                hal_iic0Uninit
                0x02034108                hal_iic08bitAddrWriteData
                0x020341a4                hal_iic08bitAddrReadData
                0x0203425c                hal_iic08bitAddrWrite
                0x0203431c                hal_iic08bitAddrRead
                0x020343f0                hal_iic016bitAddrWriteData
                0x02034498                hal_iic016bitAddrReadData
                0x0203455c                hal_iic016bitAddrWrite
                0x02034628                hal_iic016bitAddrRead
 .text          0x02034708     0x185c ./Debug/src_hal_lcd.c.o
                0x02034a04                hal_lcdSetBufYUV
                0x02034a98                hal_lcd_vde_cfg
                0x02034ad0                hal_lcd_gamma_cfg
                0x02034ae4                usb_lcd_cfg
                0x02034af8                lcd_isp_config
                0x02034b0c                hal_lcdLCMPowerOff
                0x02034b84                hal_lcdPreviewStop
                0x02034bd0                hal_lcdSetShowingSize
                0x02034be8                hal_lcdSetRoate
                0x02034c00                hal_lcdDealBuffer
                0x02034cb4                hal_lcdGetShowingBuffer
                0x02034d24                hal_lcdGetIdleBuffer
                0x02034d64                hal_lcdPreviewStart
                0x02034ea8                hal_lcdSetFrame
                0x02034ed0                vch_debug
                0x02034fe0                hal_lcdSetVCH
                0x020350b8                hal_lcdUpdataVCH
                0x020351b4                hal_lcdSwitchFrame2
                0x02035444                hal_lcdPreSetPIPEnable
                0x02035464                hal_lcdSetPIPEnable
                0x0203549c                hal_lcdGetResolution
                0x02035520                hal_lcdGetOSDShowingResolution
                0x0203557c                hal_lcdGetOSDShowingPosition
                0x020355d8                hal_lcdGetShowingRotate
                0x02035608                hal_lcdGetBufferResolution
                0x02035664                hal_lcdGetVideoPos
                0x020356c0                deocode_done
                0x02035720                hal_lcd_get_next_frame
                0x020357d0                lcd_struct_get
                0x020357f0                hal_lcdFrameEndCallBack
                0x0203583c                hal_lcdRegister
                0x02035ee0                hal_lcd_lsawtooth
                0x02035f00                hal_lcdSetCsiCrop
 .text          0x02035f64      0x75c ./Debug/src_hal_osd.c.o
                0x02035f64                hal_osdGetIdleRotateBuffer
                0x02035f88                hal_osdGetIdleCmpBuffer
                0x02035fac                hal_osdGetIdleDispBuffer
                0x02035fd0                hal_osdBufferRelease
                0x02035ff8                hal_osdDealBuffer
                0x02036078                hal_osdInit
                0x0203631c                hal_osdGetCurBuff
                0x0203635c                hal_osdGetFreeBuff
                0x020363ac                hal_osdSetBuff
                0x02036414                hal_osdEnable
                0x02036450                hal_osdSetAddr
                0x0203648c                hal_osdSetBuffer
                0x0203650c                hal_osdSetPosition
                0x02036554                hal_osdSetPalette
                0x0203658c                hal_osdSetSize
                0x020365cc                hal_osdSetAlpha
                0x0203660c                hal_osdGetBufferResolution
                0x02036670                hal_deSet_DE_CCM
                0x02036698                hal_deSet_DE_SAJ
 .text          0x020366c0      0xc9c ./Debug/src_hal_rtc.c.o
                0x02036700                hal_rtcCallBackRegister
                0x02036760                hal_rtcCallBackRelease
                0x0203679c                hal_rtcUninit
                0x020367d8                hal_rtcTimeGet
                0x020367f4                hal_rtcTimeGetExt
                0x02036828                hal_rtcSecondGet
                0x02036848                hal_rtcTime2String
                0x02036afc                hal_rtcTime2StringExt
                0x02036b60                hal_rtcLeapYear
                0x02036d7c                hal_rtcTime
                0x02036e90                hal_rtcInit
                0x02036fb8                hal_rtcSecondSet
                0x02036ff4                hal_rtcValue
                0x02037104                hal_rtcTimeSet
                0x020371a4                hal_rtcAlarmSet
                0x02037234                hal_rtcAlarmSetExt
                0x020372d8                hal_rtcAlarmStatusGet
                0x02037314                hal_vddWKOEnable
                0x02037338                hal_vddGSENEnable
 .text          0x0203735c      0xbec ./Debug/src_hal_sd.c.o
                0x020373f8                hal_sdStop
                0x0203768c                hal_sdNextLBA
                0x020376ac                hal_sdInit
                0x02037bb0                hal_sdUninit
                0x02037bdc                hal_sdLock
                0x02037c1c                hal_sdUnlock
                0x02037c48                hal_sdCheck
                0x02037cbc                hal_sdSetCardState
                0x02037cdc                hal_sdGetCardState
                0x02037cfc                hal_sdGetBusWidth
                0x02037d1c                hal_sdCapacity
                0x02037d3c                hal_sdExist
                0x02037d64                hal_sdWrite
                0x02037e3c                hal_speed_callback
                0x02037e90                hal_sdRead
 .text          0x02037f48      0xad4 ./Debug/src_hal_spi.c.o
                0x02037f48                hal_spiIOShare
                0x02037f60                hal_spiIOCheck
                0x02037f74                hal_spiInit
                0x02037fa0                hal_spiSendByte
                0x02037fc4                hal_spiSend
                0x02037fe4                hal_spiRecvByte
                0x02038004                hal_spiRecv
                0x02038044                hal_spiCSConfig
                0x02038068                hal_spiFlashReadID
                0x020380c8                hal_spiFlashWriteEnable
                0x020380fc                hal_spiFlashWait
                0x02038180                hal_spiFlashReadPage
                0x020381f8                hal_spiFlashRead
                0x020382c0                hal_spiFlashWritePage
                0x02038340                hal_spiFlashWrite
                0x020383dc                hal_spiFlashEraseSector
                0x02038448                hal_spiFlashEraseBlock
                0x020384ac                hal_spiFlashEraseChip
                0x020384e8                spi_udisk_jpg_num
                0x02038508                spi_udisk_write_jpg
                0x02038738                spi_udisk_del_jpg
                0x020387cc                spi_udisk_read_jpg_size
                0x020387e4                spi_udisk_read_jpg
                0x02038880                spi_udisk_get_list_idx
                0x020388c8                spi_udisk_format
                0x02038960                spi_udisk_init
                0x020389f0                spi_udisk_jpg_free_num
 .text          0x02038a1c      0x128 ./Debug/src_hal_timer.c.o
                0x02038a1c                hal_timerStart
                0x02038a40                hal_timerStop
                0x02038a64                hal_timerEnable
                0x02038a9c                hal_timerTickEnable
                0x02038ad4                hal_timerTickGet
                0x02038af4                hal_timerPWMStart
                0x02038b20                hal_timerPWMStop
 .text          0x02038b44      0x67c ./Debug/src_hal_uart.c.o
                0x02038ba8                hal_uartIOShare
                0x02038be8                hal_uartIOShareCheck
                0x02038c30                hal_uartInit
                0x02038c80                hal_uartSendData
                0x02038ca4                hal_uartRXIsrRegister
                0x02038cc4                uart_PutChar_n
                0x02038cf8                uart_PutStr
                0x02038d38                uart_Put_hex
                0x02038e64                uart_Put_udec
                0x02038ef8                uart_Put_dec
                0x02038fa0                uart_Printf
                0x020390e4                uart_PrintfBuf
                0x0203917c                hal_uartPrintString
 .text          0x020391c0      0x64c ./Debug/src_hal_watermark.c.o
                0x02039228                hal_watermarkInit
                0x020392d8                hal_watermarkClose
                0x02039370                hal_watermarkClear
                0x020393f0                hal_watermarkOpen
                0x02039490                hal_watermarkColor
                0x020394e4                hal_watermarkAddr
                0x020394fc                hal_watermarkSize
                0x02039548                hal_watermarkPosition
                0x02039594                hal_watermarkCallbackRegister
                0x020395dc                hal_watermarkRam
                0x0203967c                hal_watermarkEnable
                0x020397ec                hal_watermarkBPos_Adjust
 .text          0x0203980c      0x3f8 ./Debug/src_hal_sys.c.o
                0x02039854                hal_sysInit
                0x02039970                hal_sysMemPrint
                0x020399d4                hal_sysMemMalloc
                0x02039aa4                hal_sysMemFree
                0x02039b98                hal_sysMemRemain
 .text          0x02039c04      0xacc ./Debug/src_hal_auadc.c.o
                0x02039c04                _hal_auadcCallBackEnd
                0x02039d08                _hal_auadcCallBackHalf
                0x02039d60                hal_audc_33ms_syncnt_clr
                0x02039d8c                hal_audc_stamp_cal
                0x02039db8                hal_audc_stamp_out
                0x02039e0c                hal_audc_stamp_next
                0x02039e68                hal_auadcCallBackEnd
                0x02039ee4                hal_auadcInit
                0x02039f2c                hal_auadcMemInit
                0x02039fe4                hal_auadcMemUninit
                0x0203a058                hal_auadc_cnt
                0x0203a0a4                _hal_auadcStartForUAC
                0x0203a198                hal_auadcStartForWAV
                0x0203a1b0                hal_auadcStartForAVI
                0x0203a2d4                hal_auadcBufferGet
                0x0203a3b4                hal_auadcBufferfree
                0x0203a3e0                hal_auadcStop
                0x0203a408                hal_auadcBufferRelease
                0x0203a430                hal_auadcUACProcess
                0x0203a51c                hal_adcBuffer_prefull
                0x0203a580                hal_adcBuffer_halffull
                0x0203a598                hal_adc_volume_set
                0x0203a5b8                hal_uac_send
                0x0203a61c                hal_auadcStartForUAC
 .text          0x0203a6d0     0x330c ./Debug/src_hal_mjpeg.c.o
                0x0203a6d0                hal_mjpegStart
                0x0203a700                hal_save_frame_isr
                0x0203a8ac                hal_mjpeg_manual_on
                0x0203a93c                hal_mjpegQualityCheck
                0x0203aa04                hal_mjpegCallback_state
                0x0203aa60                hal_mjpegCallback
                0x0203aca8                hal_mjpeg_manual_fdown
                0x0203b0c8                hal_jA_fcnt_get
                0x0203b118                hal_mjpeg_mallocbuf
                0x0203b138                hal_mjpegEncodeResolutionImageQuad
                0x0203b17c                hal_mjpegSrcCSI
                0x0203b2e4                hal_mjpegSrcRam
                0x0203b2f8                hal_mjpegSrcColorBar
                0x0203b380                hal_Cut_SDR_SrcCSI
                0x0203b454                hal_mjpegMemInit
                0x0203b5a4                hal_mjpegMemUninit
                0x0203b624                hal_mjpegEncodeInit
                0x0203b688                hal_mjpegEncodeUninit
                0x0203b6d8                hal_mjpegEncodeResolution
                0x0203b714                hal_mjpegEncodeResolutionImage
                0x0203b750                hal_mjpegSizecalculate
                0x0203b77c                imageGetYuvAddr
                0x0203b7b0                hal_mjpeg_get_num
                0x0203b7d0                imageGetYuvLen
                0x0203b7f0                hal_mjpeg_rev_buf_init
                0x0203b8ac                hal_mjpeg_rev_buf_malloc
                0x0203b918                hal_mjpeg_rev_buf_free
                0x0203b964                hal_mjpeg_queue_init
                0x0203ba04                hal_mjpeg_post_msg
                0x0203ba94                hal_mjpeg_manual_quad_on
                0x0203bb0c                hal_mjpeg_manual_quad_fdown
                0x0203bd14                hal_mjpeg_manual_get_csi_yuv_sta
                0x0203bd34                hal_mjpeg_software_handle_csi_yuvbuf
                0x0203bd9c                hal_mjpegUVCStart
                0x0203c0bc                hal_mjpegPhotoStart
                0x0203c4b0                hal_mjpegAVIStart
                0x0203c8cc                hal_mjpegRawDataGet
                0x0203c8e4                hal_mjpegRawBuffer_prefull
                0x0203c954                hal_mjpegRawBuffer_halffull
                0x0203c9c4                hal_mjpegRawBufferfree
                0x0203c9ec                hal_mjpegRawBufferGet
                0x0203cb84                hal_mjpegRawDataSet
                0x0203cbac                hal_mjpegHeaderParse
                0x0203d24c                hal_mjpegDecodeGetResolution
                0x0203d294                hal_mjpegDecodeSetResolution
                0x0203d2b8                hal_mjpeglDecodeGetResolution
                0x0203d2f0                hal_mjpeglDecodeSetResolution
                0x0203d31c                hal_mjpegDecodeStatusCheck
                0x0203d33c                hal_mjpegDecodeErrorCheck
                0x0203d35c                hal_mjpegDecodeMiniSize
                0x0203d4f4                hal_mjpegDecodeStop
                0x0203d514                hal_mjpegDecodeReset
                0x0203d540                hal_mjpegDecodePicture
                0x0203d5b0                hal_mjpegDecodeNoIsr
                0x0203d61c                hal_mjpg_scale_down
                0x0203d734                hal_mjpegDecodeParse
                0x0203d764                hal_mjpegDecodeOneFrame
                0x0203d7bc                hal_mjpegDecodeOneFrame_Ext
                0x0203d844                hal_mjpegDecodeRestart_Ext
                0x0203d8b0                hal_mjpegDecodeOneFrame_Fast
                0x0203d974                hal_mjpegDecodeODma1Cfg
                0x0203d998                hal_curBuffer_clear
 .text          0x0203d9dc       0x34 ./Debug/src_hal_int.c.o
                0x0203d9dc                hal_intInit
 .text          0x0203da10        0x0 ./Debug/src_hal_wdt.c.o
 .text          0x0203da10      0x4d8 ./Debug/src_hal_stream.c.o
                0x0203da10                hal_streamInit
                0x0203db08                hal_streamMalloc
                0x0203dbf0                hal_streamIn_Drop
                0x0203dc54                hal_streamIn
                0x0203dd0c                hal_streamOut
                0x0203dd98                hal_streamOut_next
                0x0203de28                hal_streamfree
                0x0203ded0                hal_stream_size
 .text          0x0203dee8        0x0 ./Debug/src_hal_emi.c.o
 .text          0x0203dee8      0x1d8 ./Debug/src_hal_osdcmp.c.o
                0x0203df84                hal_osdcmpStart
                0x0203e074                hal_osdcmpInit
                0x0203e09c                hal_osdcmpCompOneFrame
 .text          0x0203e0c0      0x360 ./Debug/src_hal_rotate.c.o
                0x0203e28c                hal_rotateInit
                0x0203e2e0                hal_rotateAdd
 .text          0x0203e420      0xaac ./Debug/src_hal_lcdframe.c.o
                0x0203e420                hal_lcdAddrCalculate
                0x0203e4cc                hal_dispframeInit
                0x0203ea90                hal_dispframeVideoCfg
                0x0203ed14                hal_dispframeMalloc
                0x0203eda8                hal_dispframeFree
                0x0203ee80                hal_dispframeSetCallback