Archive member included because of file (symbol)

../bwlib\liblimage.a(imageL_encode.o)
                              ./Debug/taskPhotoEncode.c.o (imageEncodeQuadStart)
../bwlib\libeffect.a(user_effect.o)
                              ./Debug/multimedia_user_media.c.o (warpHandle)
../bwlib\libmp3.a(mp3_decode_api.o)
                              ./Debug/taskAudioPlayer.c.o (mp3_dac_memInit)
../bwlib\libmp3.a(decoder.o)  ../bwlib\libmp3.a(mp3_decode_api.o) (mad_decoder_init)
../bwlib\libmp3.a(stream.o)   ../bwlib\libmp3.a(decoder.o) (mad_stream_init)
../bwlib\libmp3.a(synth.o)    ../bwlib\libmp3.a(decoder.o) (mad_synth_init)
../bwlib\libmp3.a(bit.o)      ../bwlib\libmp3.a(stream.o) (mad_bit_init)
../bwlib\libmp3.a(frame.o)    ../bwlib\libmp3.a(decoder.o) (mad_frame_finish)
../bwlib\libmp3.a(layer12.o)  ../bwlib\libmp3.a(frame.o) (mad_layer_I)
../bwlib\libmp3.a(timer.o)    ../bwlib\libmp3.a(frame.o) (mad_timer_set)
../bwlib\libmp3.a(layer3.o)   ../bwlib\libmp3.a(frame.o) (mad_layer_III)
../bwlib\libmp3.a(huffman.o)  ../bwlib\libmp3.a(layer3.o) (mad_huff_pair_table)
../bwlib\libsd.a(ax32xx_sd.o)
                              ./Debug/src_hal_sd.c.o (ax32xx_sd0Init)
../bwlib\libavi.a(aviEncoder.o)
                              ./Debug/video_video_record.c.o (aviEncodeInit)
../bwlib\libavi.a(encoder_std.o)
                              ../bwlib\libavi.a(aviEncoder.o) (avi_encoder_std)
../bwlib\libavi.a(encoder_odml.o)
                              ../bwlib\libavi.a(aviEncoder.o) (avi_odmlAddoffset)
../bwlib\libavi.a(aviDecoder.o)
                              ./Debug/video_video_playback.c.o (aviDecodeInit)
../bwlib\libavi.a(decoder_std.o)
                              ../bwlib\libavi.a(aviDecoder.o) (avi_standard)
../bwlib\libavi.a(decoder_odml.o)
                              ../bwlib\libavi.a(aviDecoder.o) (avi_opendml)
../bwlib\libfs.a(fs.o)        ./Debug/taskSysScanDevice.c.o (fs_nodeinit)
../bwlib\libfs.a(diskio.o)    ./Debug/main.c.o (fs_init)
../bwlib\libfs.a(ff.o)        ../bwlib\libfs.a(fs.o) (clst2sect)
../bwlib\libfs.a(ffunicode.o)
                              ../bwlib\libfs.a(ff.o) (ff_uni2oem)
C:/MinGW-4.7.1/or1k-elf/lib/no-delay\libc.a(lib_a-memcmp.o)
                              ../bwlib\libfs.a(ff.o) (memcmp)
C:/MinGW-4.7.1/or1k-elf/lib/no-delay\libc.a(lib_a-memcpy.o)
                              ./Debug/resource_manager.c.o (memcpy)
C:/MinGW-4.7.1/or1k-elf/lib/no-delay\libc.a(lib_a-memmove.o)
                              ./Debug/game_tetris.c.o (memmove)
C:/MinGW-4.7.1/or1k-elf/lib/no-delay\libc.a(lib_a-memset.o)
                              ./Debug/main.c.o (memset)
C:/MinGW-4.7.1/or1k-elf/lib/no-delay\libc.a(lib_a-strcasecmp.o)
                              ./Debug/resource_manager.c.o (strcasecmp)
C:/MinGW-4.7.1/or1k-elf/lib/no-delay\libc.a(lib_a-strcat.o)
                              ./Debug/resource_manager.c.o (strcat)
C:/MinGW-4.7.1/or1k-elf/lib/no-delay\libc.a(lib_a-strchr.o)
                              ../bwlib\libfs.a(ff.o) (strchr)
C:/MinGW-4.7.1/or1k-elf/lib/no-delay\libc.a(lib_a-strcmp.o)
                              ./Debug/resource_manager.c.o (strcmp)
C:/MinGW-4.7.1/or1k-elf/lib/no-delay\libc.a(lib_a-strcpy.o)
                              ./Debug/resource_manager.c.o (strcpy)
C:/MinGW-4.7.1/or1k-elf/lib/no-delay\libc.a(lib_a-strlen.o)
                              ./Debug/resource_manager.c.o (strlen)
C:/MinGW-4.7.1/or1k-elf/lib/no-delay\libc.a(lib_a-strncmp.o)
                              ./Debug/resource_manager.c.o (strncmp)
C:/MinGW-4.7.1/or1k-elf/lib/no-delay\libc.a(lib_a-strstr.o)
                              ../bwlib\liblimage.a(imageL_encode.o) (strstr)
C:/MinGW-4.7.1/or1k-elf/lib/no-delay\libc.a(lib_a-ctype_.o)
                              C:/MinGW-4.7.1/or1k-elf/lib/no-delay\libc.a(lib_a-strcasecmp.o) (__ctype_ptr__)
C:/MinGW-4.7.1/or1k-elf/lib/no-delay\libc.a(lib_a-memchr.o)
                              C:/MinGW-4.7.1/or1k-elf/lib/no-delay\libc.a(lib_a-strstr.o) (memchr)
C:/MinGW-4.7.1/lib/gcc/or1k-elf/4.9.1/no-delay\libgcc.a(_muldi3.o)
                              ../bwlib\libmp3.a(mp3_decode_api.o) (__muldi3)
C:/MinGW-4.7.1/lib/gcc/or1k-elf/4.9.1/no-delay\libgcc.a(_udivdi3.o)
                              ../bwlib\libmp3.a(mp3_decode_api.o) (__udivdi3)
C:/MinGW-4.7.1/lib/gcc/or1k-elf/4.9.1/no-delay\libgcc.a(addsf3.o)
                              ../bwlib\libeffect.a(user_effect.o) (__addsf3)
C:/MinGW-4.7.1/lib/gcc/or1k-elf/4.9.1/no-delay\libgcc.a(divsf3.o)
                              ../bwlib\libeffect.a(user_effect.o) (__divsf3)
C:/MinGW-4.7.1/lib/gcc/or1k-elf/4.9.1/no-delay\libgcc.a(eqsf2.o)
                              ../bwlib\libeffect.a(user_effect.o) (__eqsf2)
C:/MinGW-4.7.1/lib/gcc/or1k-elf/4.9.1/no-delay\libgcc.a(gesf2.o)
                              ../bwlib\libeffect.a(user_effect.o) (__gtsf2)
C:/MinGW-4.7.1/lib/gcc/or1k-elf/4.9.1/no-delay\libgcc.a(mulsf3.o)
[...]
Memory Configuration

Name             Origin             Length             Attributes
boot             0x01fffc00         0x00000200
ram_boot         0x00000000         0x00005000
ram_user         0x00000000         0x00005000
usbfifo          0x00008000         0x00001000
sdram            0x02000000         0x00200000
exsdram          0x00000000         0x00800000
*default*        0x00000000         0xffffffff

Linker script and memory map

LOAD ./Debug/ax32xx_reset.S.o
LOAD ./Debug/ax32xx_spi_boot_cfg.S.o
LOAD ./Debug/ax32xx_BLDRX32.S.o
LOAD ./Debug/main.c.o
LOAD ./Debug/resource_manager.c.o
LOAD ./Debug/board.c.o
LOAD ./Debug/board_bwv1.c.o
LOAD ./Debug/config.c.o
LOAD ./Debug/display.c.o
LOAD ./Debug/explorer.c.o
LOAD ./Debug/filelist.c.o
LOAD ./Debug/font.c.o
LOAD ./Debug/icon.c.o
LOAD ./Debug/configGetValue.c.o
LOAD ./Debug/configSystem.c.o
LOAD ./Debug/logo.c.o
LOAD ./Debug/menuMovieRec.c.o
LOAD ./Debug/msgDeal.c.o
LOAD ./Debug/msgSysRecommend.c.o
LOAD ./Debug/msgSysUnshielded.c.o
LOAD ./Debug/taskManage.c.o
LOAD ./Debug/taskPhotoEncode.c.o
LOAD ./Debug/taskPhotoEncodeMsg.c.o
LOAD ./Debug/taskPlayBack.c.o
LOAD ./Debug/taskPlayBackMsg.c.o
LOAD ./Debug/taskPowerOff.c.o
LOAD ./Debug/taskSysScanDevice.c.o
LOAD ./Debug/taskUsbDevice.c.o
LOAD ./Debug/taskVideoRecord.c.o
LOAD ./Debug/taskVideoRecordMsg.c.o
LOAD ./Debug/toolFunc.c.o
LOAD ./Debug/uiMenuDateTimeMsg.c.o
LOAD ./Debug/uiMenuDefaultMsg.c.o
LOAD ./Debug/uiMenuDelAllMsg.c.o
LOAD ./Debug/uiMenuDelCurMsg.c.o
LOAD ./Debug/uiMenuFormatMsg.c.o
LOAD ./Debug/uiMenuItemMsg.c.o
LOAD ./Debug/uiMenuOptionMsg.c.o
LOAD ./Debug/uiMenuUsbMsg.c.o
LOAD ./Debug/uiNoFileMsg.c.o
LOAD ./Debug/uiTips1Msg.c.o
LOAD ./Debug/uiTipsMsg.c.o
LOAD ./Debug/uiWin.c.o
LOAD ./Debug/uiMenuVersionMsg.c.o
LOAD ./Debug/taskAudioPlayer.c.o
LOAD ./Debug/taskAudioPlayerMsg.c.o
LOAD ./Debug/taskAudioPlayerRes.c.o
LOAD ./Debug/taskPhotoEncodeRes.c.o
LOAD ./Debug/taskPlayBackRes.c.o
LOAD ./Debug/taskVideoRecordRes.c.o
LOAD ./Debug/uiMenuDateTimeRes.c.o
LOAD ./Debug/uiMenuDefaultRes.c.o
LOAD ./Debug/uiMenuDelAllRes.c.o
LOAD ./Debug/uiMenuDelCurRes.c.o
LOAD ./Debug/uiMenuFormatRes.c.o
LOAD ./Debug/uiMenuItemRes.c.o
LOAD ./Debug/uiMenuOptionRes.c.o
LOAD ./Debug/uiMenuUsbRes.c.o
LOAD ./Debug/uiMenuVersionRes.c.o
LOAD ./Debug/uiNoFileRes.c.o
LOAD ./Debug/uiTips1Res.c.o
LOAD ./Debug/uiTipsRes.c.o
LOAD ./Debug/taskMainMenu.c.o
LOAD ./Debug/taskMainMenuMsg.c.o
LOAD ./Debug/taskMainMenuRes.c.o
LOAD ./Debug/taskSettingMenu.c.o
LOAD ./Debug/userInterface.c.o
LOAD ./Debug/upgrade.c.o
LOAD ./Debug/game_block.c.o
LOAD ./Debug/game_snake.c.o
LOAD ./Debug/game_sokoban.c.o
LOAD ./Debug/game_tetris.c.o
LOAD ./Debug/taskGame.c.o
LOAD ./Debug/taskGameMenu.c.o
LOAD ./Debug/taskGameMenuMsg.c.o
LOAD ./Debug/taskGameMenuRes.c.o
LOAD ./Debug/game_plane.c.o
LOAD ./Debug/game_maze.c.o
LOAD ./Debug/xos_x_cpu.c.o
LOAD ./Debug/xos_xmbox.c.o
LOAD ./Debug/xos_xmsgq.c.o
LOAD ./Debug/xos_xos.c.o
LOAD ./Debug/xos_xwork.c.o
LOAD ./Debug/multimedia_user_media.c.o
LOAD ./Debug/sUI_button.c.o
LOAD ./Debug/sUI_dialog.c.o
LOAD ./Debug/sUI_frameWin.c.o
LOAD ./Debug/sUI_imageIcon.c.o
LOAD ./Debug/sUI_itemManage.c.o
LOAD ./Debug/sUI_menuItem.c.o
LOAD ./Debug/sUI_menuItemEx.c.o
LOAD ./Debug/sUI_menuOption.c.o
LOAD ./Debug/sUI_progressBar.c.o
LOAD ./Debug/sUI_rect.c.o
LOAD ./Debug/sUI_stringIcon.c.o
LOAD ./Debug/sUI_tips.c.o
LOAD ./Debug/sUI_uiAlloc.c.o
LOAD ./Debug/sUI_widget.c.o
LOAD ./Debug/sUI_winManage.c.o
LOAD ./Debug/sUI_memPool.c.o
LOAD ./Debug/sUI_widgetManage.c.o
LOAD ./Debug/src_ax32xx_int.c.o
LOAD ./Debug/src_ax32xx_sys.c.o
LOAD ./Debug/src_ax32xx_dma.c.o
LOAD ./Debug/src_ax32xx_wdt.c.o
LOAD ./Debug/src_ax32xx_gpio.c.o
LOAD ./Debug/src_ax32xx_uart.c.o
LOAD ./Debug/src_ax32xx_timer.c.o
LOAD ./Debug/src_ax32xx_tminf.c.o
LOAD ./Debug/src_ax32xx_spi.c.o
LOAD ./Debug/src_ax32xx_rtc.c.o
LOAD ./Debug/src_ax32xx_iic.c.o
LOAD ./Debug/src_ax32xx_dac.c.o
LOAD ./Debug/src_ax32xx_adc.c.o
LOAD ./Debug/src_ax32xx_auadc.c.o
LOAD ./Debug/src_jpeg_table.c.o
LOAD ./Debug/src_ax32xx_usb.c.o
LOAD ./Debug/src_ax32xx_misc.c.o
LOAD ./Debug/src_ax32xx_pip.c.o
LOAD ./Debug/src_ax32xx_btuart.c.o
LOAD ./Debug/src_ax32xx_crc.c.o
LOAD ./Debug/src_ax32xx_emi.c.o
LOAD ./Debug/src_ax32xx_rotate.c.o
LOAD ./Debug/src_ax32xx_osdcmp.c.o
LOAD ./Debug/src_ax32xx_isp.c.o
LOAD ./Debug/osd_ax32xx_osd.c.o
LOAD ./Debug/csi_ax32xx_csi.c.o
LOAD ./Debug/lcd_ax32xx_lcd.c.o
LOAD ./Debug/mjpeg_ax32xx_mjpeg.c.o
LOAD ./Debug/resource_user_icon.c.o
LOAD ./Debug/resource_user_str.c.o
LOAD ./Debug/src_hal_adc.c.o
LOAD ./Debug/src_hal_csi.c.o
LOAD ./Debug/src_hal_dac.c.o
LOAD ./Debug/src_hal_eeprom.c.o
LOAD ./Debug/src_hal_gpio.c.o
LOAD ./Debug/src_hal_iic.c.o
LOAD ./Debug/src_hal_lcd.c.o
LOAD ./Debug/src_hal_osd.c.o
LOAD ./Debug/src_hal_rtc.c.o
LOAD ./Debug/src_hal_sd.c.o
LOAD ./Debug/src_hal_spi.c.o
LOAD ./Debug/src_hal_timer.c.o
LOAD ./Debug/src_hal_uart.c.o
LOAD ./Debug/src_hal_watermark.c.o
LOAD ./Debug/src_hal_sys.c.o
LOAD ./Debug/src_hal_auadc.c.o
LOAD ./Debug/src_hal_mjpeg.c.o
LOAD ./Debug/src_hal_int.c.o
LOAD ./Debug/src_hal_wdt.c.o
LOAD ./Debug/src_hal_stream.c.o
LOAD ./Debug/src_hal_emi.c.o
LOAD ./Debug/src_hal_osdcmp.c.o
LOAD ./Debug/src_hal_rotate.c.o
LOAD ./Debug/src_hal_lcdframe.c.o
LOAD ./Debug/src_hal_custom_yuv.c.o
LOAD ./Debug/dusb_hal_usb_api.c.o
LOAD ./Debug/dusb_hal_usb_dev_enum.c.o
LOAD ./Debug/dusb_hal_usb_msc.c.o
LOAD ./Debug/dusb_hal_usb_uac.c.o
LOAD ./Debug/dusb_hal_usb_uvc.c.o
LOAD ./Debug/audio_audio_playback.c.o
LOAD ./Debug/audio_audio_record.c.o
LOAD ./Debug/audio_ring_buffer.c.o
LOAD ./Debug/video_video_playback.c.o
LOAD ./Debug/video_video_record.c.o
LOAD ./Debug/image_image_decode.c.o
LOAD ./Debug/image_image_encode.c.o
LOAD ./Debug/wav_alaw.c.o
LOAD ./Debug/wav_imaadpcm.c.o
LOAD ./Debug/wav_pcm.c.o
LOAD ./Debug/wav_ulaw.c.o
LOAD ./Debug/wav_wav.c.o
LOAD ./Debug/stream_stream.c.o
LOAD ./Debug/cmos_sensor_cmos_sensor.c.o
LOAD ./Debug/cmos_sensor_SENSOR_BF3a03.c.o
LOAD ./Debug/cmos_sensor_SENSOR_BF2013.c.o
LOAD ./Debug/cmos_sensor_SENSOR_BF3703.c.o
LOAD ./Debug/cmos_sensor_SENSOR_GC0307.c.o
LOAD ./Debug/cmos_sensor_SENSOR_GC0308.c.o
LOAD ./Debug/cmos_sensor_SENSOR_GC0309.c.o
LOAD ./Debug/cmos_sensor_SENSOR_GC0328.c.o
LOAD ./Debug/cmos_sensor_SENSOR_OV7670.c.o
LOAD ./Debug/cmos_sensor_SENSOR_SP0838.c.o
LOAD ./Debug/cmos_sensor_SENSOR_SP0A18.c.o
LOAD ./Debug/cmos_sensor_SENSOR_GC0329.c.o
LOAD ./Debug/cmos_sensor_SENSOR_SIV100B.c.o
LOAD ./Debug/tft_lcd_lcd_mcu_st7789P3.c.o
LOAD ./Debug/cmos_sensor_SENSOR_BF20A6.c.o
LOAD ./Debug/tft_lcd_lcd_mcu_st7789.c.o
LOAD ./Debug/tft_lcd_tft_lcd.c.o
LOAD ./Debug/tft_lcd_lcd_mcu_ili9328.c.o
LOAD ./Debug/tft_lcd_lcd_mcu_st7789v.c.o
LOAD ./Debug/tft_lcd_lcd_mcu_hx8352c.c.o
LOAD ./Debug/tft_lcd_lcd_mcu_9225G.c.o
LOAD ./Debug/tft_lcd_lcd_mcu_nv3030b.c.o
LOAD ./Debug/nvfs_nvfs.c.o
LOAD ./Debug/Maxlib_max_user.c.o
LOAD ./Debug/Maxlib_uiDraw.c.o
LOAD ./Debug/std_misc.c.o
LOAD ./Debug/std_std_math.c.o
LOAD ./Debug/std_str.c.o
LOAD ./Debug/res_ascii.c.o
LOAD ./Debug/res_ascii_default.c.o
LOAD ./Debug/res_ascii_default_draw.c.o
LOAD ./Debug/res_R.c.o
LOAD ./Debug/res_R_icon.c.o
LOAD ./Debug/res_R_string.c.o
LOAD ./Debug/res_unicode_font.c.o
LOAD ./Debug/res_ascii_num3.c.o
LOAD ./Debug/res_ascii_num3_draw.c.o
LOAD ../bwlib\liblimage.a
LOAD ../bwlib\libeffect.a
LOAD ../bwlib\libmp3.a
LOAD ../bwlib\libsd.a
LOAD ../bwlib\libavi.a
LOAD ../bwlib\libfs.a
LOAD C:/MinGW-4.7.1/or1k-elf/lib/no-delay\libc.a
LOAD C:/MinGW-4.7.1/lib/gcc/or1k-elf/4.9.1/no-delay\libgcc.a

.bootsec        0x01fffc00      0x200 load address 0x00000000
 *(.bootsec)
 .bootsec       0x01fffc00      0x200 ./Debug/ax32xx_BLDRX32.S.o
                0x01fffc10                hex
                0x01fffc10                .hex
                0x01fffdd8                .bootsect

.exception      0x00000000     0x1e3c load address 0x00000200
                0x00000000                _exception_vma = .
 *(.vector)
 .vector        0x00000000      0x3d0 ./Debug/ax32xx_reset.S.o
                0x00000304                _start
                0x00000340                _step_in
                0x00000384                _step_out
 *(.vector.text)
 .vector.text   0x000003d0     0x1668 ./Debug/src_ax32xx_int.c.o
                0x00000514                _rtcRamWrite
                0x000005bc                _rtcRamRead
                0x00000670                my_putchar
                0x00000684                exception_uart_puts
                0x00000698                my_memset
                0x000006c8                exception_init
                0x0000076c                ax32xx_vddrtcCalculate
                0x00000798                dllcon_init
                0x00000944                sdram_init
                0x00000a14                adcRead
                0x00000a6c                adcConverStart
                0x00000a90                adcSetBaudrate
                0x00000ac0                sysClkSet
                0x00000b1c                adcEnable
                0x00000b84                adcGetChannel
                0x00000bbc                sdram_tuning_check_2
                0x00000d3c                _sdr_tuning2_conifg_set
                0x00000d5c                crc_cal
                0x00000dd0                sdram_clock_tune
                0x000017b0                exception
                0x00001a1c                exception_trigger
 *(.vector.data)
 .vector.data   0x00001a38      0x100 ./Debug/ax32xx_reset.S.o
                0x00001a38                _step_data
 .vector.data   0x00001b38      0x304 ./Debug/src_ax32xx_int.c.o
                0x00001b38                tune_values
                0x00001cb8                tune_by
                0x00001cc4                tune_tab_2_dll
                0x00001cd4                tune_tab_1_dll
                0x00001ce4                tune_tab_2_clk
                0x00001d04                tune_tab_1_clk
                0x00001d24                tuning_test_addr
                0x00001da4                tuning_test_data
                0x00001e24                SDRTUN2_CON
                0x00001e2c                sdr_tune_source
                0x00001e30                chip_vision

.ram            0x00001e3c     0x2660 load address 0x0000203c
                0x00001e3c                __sram_start = .
 *(.msk_var_use)
 *(.sdc_buf)
 .sdc_buf       0x00001e3c       0x40 ../bwlib\libsd.a(ax32xx_sd.o)
 *(.sram_comm)
 .sram_comm     0x00001e7c       0x60 ./Debug/xos_xmsgq.c.o
 .sram_comm     0x00001edc     0x25c0 ./Debug/src_hal_sys.c.o
                0x00001edc                ramuse
                0x0000449c                __sram_end = .

.fifo           0x00008000      0xce0
                0x00008000                __ufifo_start = .
 *(.sram_Usbfifo)
 .sram_Usbfifo  0x00008000      0xce0 ./Debug/src_hal_sys.c.o
                0x00008000                usbfifo
                0x00008ce0                __ufifo_end = .

.text           0x02000000    0x80314 load address 0x00002200
                0x02000000                _text_start = .
 *(.text*)
 .text          0x02000000        0x0 ./Debug/ax32xx_reset.S.o
 .text          0x02000000        0x0 ./Debug/ax32xx_spi_boot_cfg.S.o
 .text          0x02000000        0x0 ./Debug/ax32xx_BLDRX32.S.o
 .text          0x02000000      0x4a8 ./Debug/main.c.o
                0x02000000                registerTask
                0x020000bc                init
                0x02000440                systemService
                0x02000474                sendDrawUIMsg
 .text.startup  0x020004a8       0xb8 ./Debug/main.c.o
                0x020004a8                main
 .text          0x02000560     0x1b84 ./Debug/resource_manager.c.o
                0x0200069c                managerInit
                0x02000714                managerCreate
                0x020007ec                managerDestory
                0x02000864                managerFileCount
                0x020008fc                managerFileCountEx
                0x02000968                managerLockFileExt
                0x02000a10                managerUnlockFileExt
                0x02000abc                managerCheckLock
                0x02000af8                managerCheckLockExt
                0x02000b88                managerFlush
                0x02000bf4                managerDelFileByIndex
                0x02000d04                managerDelFileAll
                0x02000de8                managerScanStart
                0x02000e50                managerScanEnd
                0x02000f10                explorerListHook
                0x02000f28                managerNameChange
                0x02001128                managerSpaceCheck
                0x0200123c                manangerCheckFileType
                0x0200149c                managerAddFile
                0x02001540                managerAddFileEx
                0x020015a0                managerRenameExt
                0x02001640                managerRename
                0x02001700                managerLockFile
                0x02001788                managerUnlockFile
                0x02001848                managerDelFileByName
                0x020019a4                managerDelFileByFullName
                0x02001b24                managerFileNameCreater
                0x02001d38                managerFileScan
                0x02001ebc                manangerGetFileFullPathName
                0x02001f70                manangerGetFileName
                0x02002008                manangerFindFileAndDel
 .text          0x020020e4      0x310 ./Debug/board.c.o
                0x020020e4                boardInit
                0x0200220c                boardOpen
                0x020022b0                boardIoctrl
                0x02002338                boardNameIoctrl
 .text          0x020023f4      0xb50 ./Debug/board_bwv1.c.o
                0x020029a8                board_lcd_reset
                0x02002a20                board_sensor_reset
                0x02002b5c                board_lcd_ioctrl_pwm
                0x02002ba0                getCurBatteryADC
                0x02002bc0                getKeyADCvalue
                0x02002be0                getKeyVal
                0x02002d04                getKey
                0x02002dd4                keyScanKey
                0x02002f08                board_powerCheck
 .text          0x02002f44      0x2ec ./Debug/config.c.o
                0x02002f44                configCheckSumCal
                0x02002f98                userConfigSave
                0x0200300c                userConfigReset
                0x02003104                userConfigInitial
                0x020031b4                configSet
                0x020031f0                configGet
 .text          0x02003230      0xc58 ./Debug/display.c.o
                0x02003230                dispLayerPIPOnlyFront
                0x020032a0                dispLayerPIPOnlyBack
                0x0200331c                dispLayerPIPBakRightTop
                0x020033bc                dispLayerPIPFrtRightTop
                0x02003440                dispLayerPIPFBHalf
                0x020034c4                dispLayerPIPBFHalf
                0x02003548                dispLayerUninit
                0x020035a4                dispLayerGetResolution
                0x02003678                dispLayerSetResolution
                0x02003764                dispLayerSetRotate
                0x02003798                dispRatioResolutionCalculate
                0x02003870                dispLayerSetRatio
                0x02003920                dispLayerInit
                0x02003b4c                dispLayerShow
                0x02003b90                dispLayerGetFrame
                0x02003bd8                dispLayerGetFreeFrame
                0x02003c18                dispLayerFreeFrame
                0x02003c90                dispLayerSetFrame
                0x02003cdc                dispLayerSetPIPMode
                0x02003d40                dispLayer_ABwin
                0x02003d70                dispLayer_getABwin
                0x02003d90                dispLayerSetFrontCrop
 .text          0x02003e88        0x0 ./Debug/explorer.c.o
 .text          0x02003e88      0xc4c ./Debug/filelist.c.o
 .text          0x02004ad4      0x8ec ./Debug/font.c.o
                0x02004ce4                fontInit
                0x02004dac                fontSetLanguage
                0x02004e5c                fontGetStringInfo
                0x02004f0c                fontDrawString
                0x020050fc                resGetString
                0x02005214                resGetChar
 .text          0x020053c0      0x2e0 ./Debug/icon.c.o
                0x020053c0                iconInit
                0x0200540c                iconGetSize
                0x020054b0                iconGetData
                0x0200554c                iconGetAddr
                0x020055c0                iconGetPalette
                0x02005630                iconGetGamePalette
 .text          0x020056a0      0x1ec ./Debug/configGetValue.c.o
                0x020056a0                configValue2Int
 .text          0x0200588c      0x19c ./Debug/configSystem.c.o
                0x0200588c                configLanguage
                0x02005904                configSys
                0x020059ec                configSystem
 .text          0x02005a28      0x770 ./Debug/logo.c.o
                0x02005a28                logo_image_show
                0x02005b20                jpg_decode_show
                0x02005c08                logo_music_show
                0x02005d98                layout_logo_show
                0x02005e84                background_logo_image_show
                0x02005f4c                layout_version_get
                0x02006038                layout_keysound_load
                0x02006110                layout_sound_load
 .text          0x02006198       0xb0 ./Debug/menuMovieRec.c.o
                0x02006198                menuProcDateTime
                0x020061c4                menuProcVersion
                0x020061f0                menuProcFormat
                0x0200621c                menuProcDefault
 .text          0x02006248      0x384 ./Debug/msgDeal.c.o
                0x02006248                msgFuncRegister
                0x02006300                unshieldedMsgFuncRegister
                0x0200637c                msgDeal
                0x020064d8                msgDealByType
                0x02006570                msgDealByMsgInfor
 .text          0x020065cc       0x98 ./Debug/msgSysRecommend.c.o
 .text          0x02006664      0x5a4 ./Debug/msgSysUnshielded.c.o
 .text          0x02006c08      0x320 ./Debug/taskManage.c.o
                0x02006c08                taskInit
                0x02006c7c                taskInfor
                0x02006c90                taskRegister
                0x02006cc8                taskPrevious
                0x02006ce8                taskCurrent
                0x02006d08                taskNext
                0x02006d28                taskStart
                0x02006da8                taskChange
                0x02006dbc                taskService
 .text          0x02006f28      0xc98 ./Debug/taskPhotoEncode.c.o
                0x02006f28                taskPhotoEncodeClose
                0x02006ff4                taskPhotoEncodeService
                0x020070a4                photoImagePreSizeGet
                0x02007340                task_image_createfile
                0x02007448                image_take_photo
                0x020076c4                image_take_photo_to_sdram
                0x020079b4                photo_animation_effect
                0x02007ad0                taskPhotoEncodeOpen
 .text          0x02007bc0     0x1864 ./Debug/taskPhotoEncodeMsg.c.o
                0x020093ac                photoFocusIconCancel
 .text          0x02009424      0x8a4 ./Debug/taskPlayBack.c.o
                0x02009424                taskPlayBackClose
                0x02009460                video_playback_jpg_scale
                0x020095d8                video_playback_start
                0x020099f0                taskPlayBackOpen
                0x02009c0c                taskPlayBackService
 .text          0x02009cc8     0x18ac ./Debug/taskPlayBackMsg.c.o
                0x0200b48c                backBrushBlack
 .text          0x0200b574      0x260 ./Debug/taskPowerOff.c.o
                0x0200b574                uninit
                0x0200b61c                taskPowerOffOpen
 .text          0x0200b7d4      0xdd8 ./Debug/taskSysScanDevice.c.o
                0x0200b7d4                timerMsgSend
                0x0200b878                setKeyEn
                0x0200b898                deamon_astern_check
                0x0200b8ac                reflush_usensor_check
                0x0200b8c0                setSoftwareDetachUsensor
                0x0200b8e0                deamon_usb_check
                0x0200bb70                deamon_gsensor_check
                0x0200bb84                deamon_screen_save
                0x0200bcd4                deamon_key_check
                0x0200be04                deamon_auto_poweroff
                0x0200bf08                deamon_keysound_play
                0x0200bfd8                deamon_sound_play
                0x0200c09c                deamon_fsFreeSize
                0x0200c10c                deamon_fs_scan
                0x0200c294                deamon_sdc_check
                0x0200c498                taskSysScanDev
                0x0200c518                deamon_fsSizeModify
 .text          0x0200c5ac      0x3c0 ./Debug/taskUsbDevice.c.o
 .text          0x0200c96c      0xb50 ./Debug/taskVideoRecord.c.o
                0x0200c96c                taskVideoRecordeService
                0x0200ca48                task_video_Get_Status
                0x0200ca68                video_record_start
                0x0200caf8                task_record_stop
                0x0200cb7c                taskVideoRecordeClose
                0x0200cc7c                task_video_record_caltime
                0x0200ccd0                video_record_callback
                0x0200d2e4                taskVideoRecordeOpen
                0x0200d494                taskVideoRecTimeIncreace
                0x0200d4a8                videoCapturePhoto
 .text          0x0200d4bc     0x17d0 ./Debug/taskVideoRecordMsg.c.o
                0x0200ea58                videoFocusIconCancel
                0x0200ead0                recordTimeCount1S
 .text          0x0200ec8c      0x158 ./Debug/toolFunc.c.o
                0x0200ec8c                intToString
                0x0200ed58                calWeek
 .text          0x0200ede4      0x7d8 ./Debug/uiMenuDateTimeMsg.c.o
                0x0200f254                dateTimeStrUpdate
                0x0200f27c                dateTimeIncreace
                0x0200f41c                dateTimeDecreace
 .text          0x0200f5bc      0x2f4 ./Debug/uiMenuDefaultMsg.c.o
 .text          0x0200f8b0      0x384 ./Debug/uiMenuDelAllMsg.c.o
 .text          0x0200fc34      0x400 ./Debug/uiMenuDelCurMsg.c.o
 .text          0x02010034      0x410 ./Debug/uiMenuFormatMsg.c.o
 .text          0x02010444      0x7f8 ./Debug/uiMenuItemMsg.c.o
                0x02010c1c                menuIsOpen
 .text          0x02010c3c      0x6d8 ./Debug/uiMenuOptionMsg.c.o
 .text          0x02011314      0x2f8 ./Debug/uiMenuUsbMsg.c.o
 .text          0x0201160c      0x1bc ./Debug/uiNoFileMsg.c.o
 .text          0x020117c8      0x358 ./Debug/uiTips1Msg.c.o
 .text          0x02011b20      0x33c ./Debug/uiTipsMsg.c.o
 .text          0x02011e5c      0x3bc ./Debug/uiWin.c.o
                0x02011e5c                dialogCB
                0x02011fe0                uiParentDealMsg
                0x02012010                uiOpenWindow
                0x020120f8                uiOpenWinAndShow
                0x020121e8                windowIsOpen
 .text          0x02012218      0x138 ./Debug/uiMenuVersionMsg.c.o
 .text          0x02012350       0xcc ./Debug/taskAudioPlayer.c.o
                0x02012350                taskAudioPlayerOpen
                0x020123ac                taskAudioPlayerClose
                0x020123d0                taskAudioPlayerService
 .text          0x0201241c     0x1b9c ./Debug/taskAudioPlayerMsg.c.o
                0x02013d80                uni2oem936_init
                0x02013dfc                uni2oem936_uninit
                0x02013e40                oem2uni936_init
                0x02013ebc                oem2uni936_uninit
 .text          0x02013fb8        0x0 ./Debug/taskAudioPlayerRes.c.o
 .text          0x02013fb8        0x0 ./Debug/taskPhotoEncodeRes.c.o
 .text          0x02013fb8        0x0 ./Debug/taskPlayBackRes.c.o
 .text          0x02013fb8        0x0 ./Debug/taskVideoRecordRes.c.o
 .text          0x02013fb8        0x0 ./Debug/uiMenuDateTimeRes.c.o
 .text          0x02013fb8        0x0 ./Debug/uiMenuDefaultRes.c.o
 .text          0x02013fb8        0x0 ./Debug/uiMenuDelAllRes.c.o
 .text          0x02013fb8        0x0 ./Debug/uiMenuDelCurRes.c.o
 .text          0x02013fb8        0x0 ./Debug/uiMenuFormatRes.c.o
 .text          0x02013fb8        0x0 ./Debug/uiMenuItemRes.c.o
 .text          0x02013fb8        0x0 ./Debug/uiMenuOptionRes.c.o
 .text          0x02013fb8        0x0 ./Debug/uiMenuUsbRes.c.o
 .text          0x02013fb8        0x0 ./Debug/uiMenuVersionRes.c.o
 .text          0x02013fb8        0x0 ./Debug/uiNoFileRes.c.o
 .text          0x02013fb8        0x0 ./Debug/uiTips1Res.c.o
 .text          0x02013fb8        0x0 ./Debug/uiTipsRes.c.o
 .text          0x02013fb8       0xf0 ./Debug/taskMainMenu.c.o
                0x02013fb8                taskMainMenuService
                0x02013fcc                taskMainMenuOpen
                0x02014088                taskMainMenuClose
 .text          0x020140a8      0x85c ./Debug/taskMainMenuMsg.c.o
 .text          0x02014904        0x0 ./Debug/taskMainMenuRes.c.o
 .text          0x02014904       0xac ./Debug/taskSettingMenu.c.o
                0x02014904                taskSettingMenuService
                0x02014918                taskSettingMenuClose
                0x0201492c                taskSettingMenuOpen
 .text          0x020149b0     0x1888 ./Debug/userInterface.c.o
                0x020149b0                actionUpperToBottom
                0x02014b68                actionBottomToUpper
                0x02014d40                actionSquareInsideToOutside
                0x02014ef0                actionSquareOutsideToInside
                0x020150a8                actionLeftBottomToRightUpper
                0x02015234                actionLeftToRight
                0x02015400                actionLeftUpperToRightBottom
                0x020155b4                actionCircleInside2OutSide
                0x020159c8                getActionFunc
                0x02015a70                animationInit
                0x02015b5c                animationRun
                0x02015c04                animationUnInit
                0x02015c48                circle_fill
                0x020161a4                type_function_circle
 .text          0x02016238      0x508 ./Debug/upgrade.c.o
                0x02016238                upgrade_led_control
                0x020162b0                upgrade_uiProgress
                0x020162f0                upgrade
 .text          0x02016740     0x2488 ./Debug/game_block.c.o
                0x02016740                game_cnt_down
                0x02016770                game_cnt_reinit
                0x02016790                game_cnt_over
                0x020167c0                game_cnt_clear
                0x020167ec                effect_rand_get
                0x02016874                power_up_rand_list_init
                0x02016914                block_cnt_init
                0x02016978                rand_get
                0x02016a08                level_back_index_get
                0x02016a2c                block_map_init
                0x02016a8c                move_icon_universal_draw
                0x02016afc                game_frame_buff_show_get
                0x02016b1c                block_icon_draw
                0x02016bb0                block_src_init_and_draw
                0x02016c70                block_map_draw
                0x02016d18                game_boundary_init
                0x02016d5c                game_block_level_init
                0x02016d98                life_icon_draw
                0x02016ea4                right_score_draw
                0x02016fd8                ball_icon_draw
                0x02017070                board_icon_draw
                0x020170b8                power_up_item_icon_draw
                0x02017178                DrawMap_block
                0x020171c0                power_up_item_init
                0x020172b8                power_up_item_destroy
                0x02017324                ball_init
                0x02017408                ball_item_destroy
                0x02017474                copy_ball_action
                0x020174f0                ball_and_board_init
                0x02017590                board_and_ball_flash_init
                0x020175c8                move_rule
                0x020176bc                game_boundary_hit_check
                0x02017768                universal_hit_action
                0x0201779c                universal_hit_check
                0x02017a84                board_hit_check
                0x02017b64                block_hit_check
                0x02017ce0                clear_block_effect
                0x02017e8c                board_move
                0x02017f44                ball_move
                0x02018008                ball_fire_power_up
                0x02018070                ball_multi_power_up
                0x020180fc                power_up_item_move
                0x020181f0                power_up_move
                0x02018270                move
                0x0201832c                pass_check
                0x02018388                game_block_init
                0x020183dc                block_free_buf
                0x02018438                game_block_exit
                0x0201848c                flash_reinit
                0x02018558                flash_init
                0x020185a0                block_breaker_going_key_response
                0x02018658                game_block_start
                0x0201871c                block_breaker_going
                0x02018854                block_breaker_level_pass
                0x020188b8                block_breaker_game_over_show
                0x0201892c                block_breaker_game_pause
                0x02018a60                game_block_key_active
                0x02018ad4                game_block_entry
 .text          0x02018bc8      0xe08 ./Debug/game_snake.c.o
                0x02018bc8                snake_get_buf
                0x02018c38                snake_put_buf
                0x02018c90                snake_init
                0x02018d3c                rand_next
                0x02018df0                createFood
                0x02018ed4                creatMap
                0x02018f28                biteSelf
                0x02018f80                chet_endGamestatus
                0x02019010                detore_snake
                0x02019064                snakeOSDDisplayBufGet
                0x020190b0                snake_I80
                0x020191a8                snakeOSDDisplay
                0x02019208                snake_frame_icon_draw
                0x02019314                get_malloc
                0x0201933c                show_icon_rect
                0x02019444                show_all
                0x0201957c                snakeMove
                0x02019790                key_read
                0x02019830                snake_main_init
                0x020198d8                game_snake_entry
 .text          0x020199d0      0x728 ./Debug/game_sokoban.c.o
                0x020199d0                Move
                0x02019b2c                resultCheck
                0x02019bc4                map_init
                0x02019c08                get_map_size
                0x02019c20                man_init
                0x02019c90                DataRead_CMode
                0x02019d04                TXZ_show_icon_rect
                0x02019e18                TXZ_show_one_rect
                0x02019e44                DrawMap
                0x02019ebc                TXZ_show_all
                0x02019ef4                get_game_map
                0x02019fbc                sokoban_init
                0x0201a018                game_sokoban_entry
 .text          0x0201a0f8      0xfe4 ./Debug/game_tetris.c.o
                0x0201a0f8                insertTetris
                0x0201a1a0                checkCollision_L
                0x0201a1d8                checkCollision_R
                0x0201a20c                checkCollision
                0x0201a2ac                show_one_diamonds
                0x0201a334                printScore
                0x0201a504                printNextTetris
                0x0201a598                giveTetris
                0x0201a678                removeTetris
                0x0201a730                printCurrentTetris
                0x0201a850                setPoolColor
                0x0201a904                rotateTetris
                0x0201a9a8                checkErasing
                0x0201ab38                printTetrisPool
                0x0201ac08                moveDownTetris
                0x0201acb8                horzMoveTetris
                0x0201ad5c                keydownControl
                0x0201ae24                endgame
                0x0201ae40                restartGame
                0x0201aee0                game_tetris_init
                0x0201af74                game_tetris_exit
                0x0201afb8                game_tetris_entry
 .text          0x0201b0dc     0x19ec ./Debug/taskGame.c.o
                0x0201b0dc                taskGameClose
                0x0201b230                gameInit
                0x0201b2c0                gameGetKeyADCValue
                0x0201b36c                game_key_judge
                0x0201b3f8                fps_count_reset
                0x0201b424                rand_int
                0x0201b490                get_game_base_buf
                0x0201b4b8                get_game_show_buf
                0x0201b594                get_bin_data
                0x0201b618                frame_icon_draw
                0x0201b7ac                game_OSD_str_draw
                0x0201be10                game_tips
                0x0201c14c                game_over
                0x0201c248                gameExit
                0x0201c2bc                taskGameService
                0x0201c324                game_bk_draw
                0x0201c3d0                frame_buff_display
                0x0201c448                free_buf
                0x0201c470                game_audio_init
                0x0201c5f4                taskGameOpen
                0x0201c630                game_audio_play
                0x0201c7d8                game_key_event
                0x0201c8d8                gameTickGenerator
                0x0201c9a0                game_result_tips
 .text          0x0201cac8       0xb0 ./Debug/taskGameMenu.c.o
                0x0201cac8                taskGameMenuService
                0x0201cadc                taskGameMenuOpen
                0x0201cb58                taskGameMenuClose
 .text          0x0201cb78      0xcec ./Debug/taskGameMenuMsg.c.o
 .text          0x0201d864        0x0 ./Debug/taskGameMenuRes.c.o
 .text          0x0201d864     0x11f4 ./Debug/game_plane.c.o
                0x0201d864                is_in_range
                0x0201d8b4                collision_chect
                0x0201db10                move_enemy_bullet_c
                0x0201dbb0                AI_mage
                0x0201dc04                move_my_planle
                0x0201dd58                new_my_bullet
                0x0201de08                new_p_boom
                0x0201decc                move_my_bullet_c
                0x0201dfbc                move_bullet
                0x0201dfe0                move_one_enemy_planle
                0x0201e1a8                move_enemy_planle
                0x0201e1f0                new_enemy_Plane
                0x0201e2cc                pGame_show_icon_rect
                0x0201e480                show_plane_boom
                0x0201e4e4                show_enemy_Plane
                0x0201e53c                show_my_bullet
                0x0201e594                show_score
                0x0201e828                game_plane_entry
 .text          0x0201ea58      0x5a8 ./Debug/game_maze.c.o
                0x0201ea58                Move_maze
                0x0201ec18                resultCheck_maze
                0x0201ec70                maze_map_set
                0x0201ecb0                get_map_maze_size
                0x0201ecc8                man_maze_init
                0x0201ecf8                maze_show_one_rect
                0x0201edbc                maze_DrawMap
                0x0201ee34                maze_show_all
                0x0201ee6c                maze_map_init
                0x0201eeb4                maze_keypress
                0x0201ef08                maze_init
                0x0201ef50                game_maze_entry
 .text          0x0201f000        0x0 ./Debug/xos_x_cpu.c.o
 .text          0x0201f000      0x1b0 ./Debug/xos_xmbox.c.o
                0x0201f000                XMboxInit
                0x0201f040                XMboxCreate
                0x0201f0c8                XMboxDestory
                0x0201f100                XMboxPost
                0x0201f154                XMboxPend
 .text          0x0201f1b0      0x2e4 ./Debug/xos_xmsgq.c.o
                0x0201f1b0                XMsgQInit
                0x0201f1f0                XMsgQCreate
                0x0201f280                XMsgQDestory
                0x0201f2b8                XMsgQFlush
                0x0201f2f8                XMsgQPost
                0x0201f370                XMsgQPostFront
                0x0201f3ec                XMsgQPend
                0x0201f47c                XMsgQCheck
 .text          0x0201f494      0x12c ./Debug/xos_xos.c.o
                0x0201f494                XOSInit
                0x0201f4d4                XOSTickService
                0x0201f544                XOSTimeGet
                0x0201f564                XOSTimeDly
                0x0201f5a0                XOSRandom
 .text          0x0201f5c0      0x168 ./Debug/xos_xwork.c.o
                0x0201f5c0                XWorkInit
                0x0201f600                XWorkCreate
                0x0201f68c                XWorkDestory
                0x0201f6bc                XWorkService
 .text          0x0201f728      0xb04 ./Debug/multimedia_user_media.c.o
                0x0201f728                jpg_decode_buf
                0x0201f7cc                jpg_buf_decode_buf
                0x0201f870                yuv_rgb_table_init
                0x0201fa8c                yuv_rgb_table_uninit
                0x0201fad0                bmp24_to_yuv420_buf
                0x0201fe54                yuv420_draw_buf
                0x02020044                yuv420_software_set_handle_frame
                0x02020064                yuv420_software_get_handle_frame
                0x02020084                yuv420_effect_handle
 .text          0x0202022c      0x1ec ./Debug/sUI_button.c.o
                0x02020300                buttonCreate
                0x02020374                buttonCreateIndirect
 .text          0x02020418      0x168 ./Debug/sUI_dialog.c.o
                0x02020418                dialogCreate
                0x020204c8                dialogItem
 .text          0x02020580      0x22c ./Debug/sUI_frameWin.c.o
                0x020206d8                frameWinCreate
                0x0202073c                frameWinCreateIndirect
 .text          0x020207ac      0x2b0 ./Debug/sUI_imageIcon.c.o
                0x02020934                imageIconCreate
                0x020209e0                imageIconCreateIndirect
 .text          0x02020a5c     0x191c ./Debug/sUI_itemManage.c.o
                0x02020a5c                itemManageCreate
                0x02020ae0                itemManageCreateIndirect
                0x02020b54                itemManageSetItemHeight
                0x02020cd8                itemManageSetItemRowSumGap
                0x02020de0                itemManageSetHeightAvgGap
                0x02020f54                itemManageSetRowSum
                0x02021088                itemManageSetColumnSum
                0x020211d8                itemManageSetColumnSumWithGap
                0x02021354                itemManageSetColumnMargin
                0x02021484                itemManageCreateItem
                0x02021620                itemManageSetResInforFuncEx
                0x02021678                itemManageSetCurItem
                0x02021974                itemManageUpdateRes
                0x02021a2c                itemManageUpdateAllitem
                0x02021a90                itemManageUpdateCurItem
                0x02021c34                itemManageNextItem
                0x02021ca4                itemManagePreItem
                0x02021d14                itemManageNextPage
                0x02021d98                itemManagePrePage
                0x02021e20                itemManageGetCurrentItem
                0x02021e84                itemManageSetCharInfor
                0x02021f3c                itemManageSetSelectColor
                0x02021fd8                itemManageSetSelectImage
                0x02022078                itemManageSetUnselectColor
                0x02022114                itemManageSetUnselectImage
                0x020221b4                itemManageGetTouchInfor
 .text          0x02022378      0x3c4 ./Debug/sUI_menuItem.c.o
                0x020225a8                menuItemCreate
                0x02022650                itemCreateMenuItem
 .text          0x0202273c      0x504 ./Debug/sUI_menuItemEx.c.o
                0x02022a64                menuItemExCreate
                0x02022b14                itemCreateMenuItemEx
 .text          0x02022c40      0x360 ./Debug/sUI_menuOption.c.o
                0x02022e34                menuOptionCreate
                0x02022ed8                itemCreatemenuOption
 .text          0x02022fa0      0x344 ./Debug/sUI_progressBar.c.o
                0x020231c8                progressBarCreate
                0x0202324c                progressBarCreateIndirect
                0x020232c4                progressBarSetDirction
 .text          0x020232e4      0x264 ./Debug/sUI_rect.c.o
                0x02023450                rectCreate
                0x020234d4                rectCreateIndirect
 .text          0x02023548      0x380 ./Debug/sUI_stringIcon.c.o
                0x02023758                stringIconCreate
                0x02023814                stringIconCreateIndirect
 .text          0x020238c8      0x2b0 ./Debug/sUI_tips.c.o
                0x02023a64                tipsCreate
                0x02023af0                tipsCreateIndirect
 .text          0x02023b78      0x26c ./Debug/sUI_uiAlloc.c.o
                0x02023b78                uiHeapInit
                0x02023bb0                uiAlloc
                0x02023ca8                uiFree
                0x02023da8                uiHeapInfor
                0x02023dd0                heapAllocTest
 .text          0x02023de4      0x11c ./Debug/sUI_widget.c.o
                0x02023de4                widgetProc
                0x02023e30                widgetSetType
                0x02023e60                widgetGetType
                0x02023e94                widgetGetId
                0x02023ecc                widgetSetId
 .text          0x02023f00     0x1b78 ./Debug/sUI_winManage.c.o
                0x02023f00                winErrShow
                0x02023f4c                winSendMsg
                0x02023f8c                winSendMsgNoData
                0x02023fb4                winSendMsgToParent
                0x02023fe4                winSendMsgToParentNoData
                0x0202400c                winOverlapping
                0x02024070                winContain
                0x020240d4                winHasInvalidRect
                0x02024168                winFreeInvalidRect
                0x02024464                winCreate
                0x02024870                winDestroy
                0x020249dc                winGetTouchInfor
                0x02024a0c                winTouch
                0x02024c2c                winSetbgColor
                0x02024c60                winSetfgColor
                0x02024c94                winSetVisible
                0x02024d18                winIsVisible
                0x02024d54                winSetResid
                0x02024d84                winSetItemSelResid
                0x02024db4                winSetStrInfor
                0x02024e04                resInforInit
                0x02024e50                winSetSelectInfor
                0x02024e80                winSetUnselectInfor
                0x02024eb0                winChangeNotify
                0x02024f18                winDefaultProc
                0x020252f4                winResize
                0x02025484                winGetRelativePos
                0x02025514                winGetPos
                0x02025558                winUpdate
                0x020255c8                winSetPorgressRate
                0x020255f8                winSetPorgressDirction
                0x02025628                winGetCurrent
                0x02025648                winPaint
                0x02025754                winSetName
                0x02025774                winIntersection
                0x02025828                winUpdateAllResId
                0x0202588c                winDestroyDeskTopChildWin
                0x02025900                winInit
                0x020259ec                winUninit
 .text          0x02025a78      0x110 ./Debug/sUI_memPool.c.o
                0x02025a78                mempCreate
                0x02025ae0                mempGet
                0x02025b38                mempPut
                0x02025b74                mempInfor
 .text          0x02025b88      0x43c ./Debug/sUI_widgetManage.c.o
                0x02025ddc                widgetManageCreate
                0x02025e60                widgetManageCreateIndirect
                0x02025ed0                widgetManageUpdateAll
                0x02025ef4                widgetManageUpdateCur
                0x02025f18                widgetManageNext
                0x02025f3c                widgetManagePre
                0x02025f60                widgetManageSelect
                0x02025f94                widgetManageCurId
 .text          0x02025fc4      0x3bc ./Debug/src_ax32xx_int.c.o
                0x02025fc4                ax32xx_intHandler
                0x02025fd8                fast_isr
                0x020260b8                slow_isr
                0x020261ac                ax32xx_intEnable
                0x020261f4                ax32xx_int_priority
                0x0202623c                ax32xx_intInit
 .text          0x02026380      0xa44 ./Debug/src_ax32xx_sys.c.o
                0x02026380                ax32xx_sysCpuMsDelay
                0x020263bc                ax32xx_sysCpuNopDelay
                0x020263e4                ax32xx_sysDcacheInit
                0x02026428                ax32xx_sysIcacheInit
                0x0202646c                ax32xx_sysDcacheWback
                0x020264e8                ax32xx_sysDcacheFlush
                0x02026564                ax32xx_sysDcacheInvalid
                0x020265e0                ax32xx_sysSRAMClear
                0x02026634                ax32xx_sysBSSClear
                0x02026698                ax32xx_sysLDOSet
                0x0202687c                ax32xx_sysClkSet
                0x020268d8                ax32xx_sysReset
                0x02026918                ax32xx_sys_dma_memdown
                0x0202697c                ax32xx_sys_dma_memkick
                0x02026a40                ax32xx_mcpy_gram2ufifo
                0x02026aa0                ax32xx_mcpy1_sdram2gram
                0x02026b44                ax32xx_mcpy1_sdram2gram_2
                0x02026ba4                ax32xx_sysInit
                0x02026d04                ax32xx_sysUninit
 .text          0x02026dc4      0x298 ./Debug/src_ax32xx_dma.c.o
                0x02026dc4                ax32xx_dmaNocCfg
                0x02026fec                ax32xx_dmaNocDefault
                0x02027014                ax32xx_dmaChannelEnable
 .text          0x0202705c       0x98 ./Debug/src_ax32xx_wdt.c.o
                0x0202705c                ax32xx_wdtEnable
                0x02027090                ax32xx_wdtTimeSet
                0x020270a4                ax32xx_wdtClear
                0x020270d8                ax32xx_wdtReset
 .text          0x020270f4      0xe08 ./Debug/src_ax32xx_gpio.c.o
                0x020270f4                ax32xx_gpioSFRSet
                0x02027338                ax32xx_gpioDirSet
                0x020273dc                ax32xx_gpioPullSet
                0x020274a8                ax32xx_gpioDrvSet
                0x02027538                ax32xx_gpioDataSet
                0x020275c4                ax32xx_gpioDataGrounpSet
                0x02027640                ax32xx_gpioDataGet
                0x020276c4                ax32xx_gpioMapSet
                0x02027754                ax32xx_gpioDigitalSet
                0x020277e4                ax32xx_gpioHystersisSet
                0x02027874                ax32xx_gpioLedPull
                0x02027940                ax32xx_gpioLedInit
                0x020279d0                ax32xx_gpioINTCheck
                0x02027a08                ax32xx_gpioINTClear
                0x02027a30                ax32xx_gpioINTInit
                0x02027b60                ax32xx_gpioIRQHandler
                0x02027bfc                ax32xx_io1d1_softstart
                0x02027dbc                ax32xx_io1d1_softstart_clr
                0x02027e6c                ax32xx_io1d1_pd_enable
 .text          0x02027efc      0x1a4 ./Debug/src_ax32xx_uart.c.o
                0x02027efc                ax32xx_uart0IRQHandler
                0x02027f4c                ax32xx_uart0IOCfg
                0x02027fec                ax32xx_uart0Init
                0x02028060                ax32xx_uart0SendByte
 .text          0x020280a0      0x9ec ./Debug/src_ax32xx_timer.c.o
                0x020280a0                ax32xx_timer0IRQHandler
                0x020280e4                ax32xx_timer1IRQHandler
                0x02028128                ax32xx_timer2IRQHandler
                0x0202816c                ax32xx_timer3IRQHandler
                0x020281b0                ax32xx_timerISRRegister
                0x020281f4                ax32xx_timerStart
                0x020282f0                ax32xx_timerStop
                0x020283c0                ax32xx_timerEnable
                0x0202844c                ax32xx_timerDisable
                0x020284f0                ax32xx_timerTickStart
                0x02028524                ax32xx_timerTickStop
                0x02028544                ax32xx_timerTickCount
                0x02028560                ax32xx_timerPWMStart
                0x020289d8                ax32xx_timerPWMStop
 .text          0x02028a8c      0x468 ./Debug/src_ax32xx_tminf.c.o
                0x02028a8c                ax32xx_mjpegATimeinfoEnable
                0x02028af8                ax32xx_mjpegBTimeinfoEnable
                0x02028b64                ax32xx_mjpegATimeinfoColor
                0x02028bb0                ax32xx_mjpegBTimeinfoColor
                0x02028c0c                ax32xx_mjpegATimeinfoSize
                0x02028c68                ax32xx_mjpegBTimeinfoSize
                0x02028cf0                ax32xx_mjpegATimeinfoPos
                0x02028d4c                ax32xx_mjpegBTimeinfoPos
                0x02028dd4                ax32xx_mjpegATimeinfoAddr
                0x02028e18                ax32xx_mjpegBTimeinfoAddr
                0x02028e88                ax32xx_recfg_mjpb_tminf
 .text          0x02028ef4      0x7f4 ./Debug/src_ax32xx_spi.c.o
                0x02028ef4                ax32xx_spi0Init
                0x02029114                ax32xx_spi0SendByte
                0x02029168                ax32xx_spi0RecvByte
                0x020291bc                ax32xx_spi0Send0
                0x02029274                ax32xx_spi0Recv0
                0x0202932c                ax32xx_spi0CS0Config
                0x02029370                spi1_pin_config
                0x02029440                hal_spi1Init
                0x020294b8                spi1_send_byte
                0x02029528                spi1_receive_byte
                0x02029570                spi1_recevie_dma
                0x02029608                spi1_send_dma
                0x020296a4                spi1_enable
 .text          0x020296e8      0xb74 ./Debug/src_ax32xx_rtc.c.o
                0x020296e8                ax32xx_rtcWriteByte
                0x02029738                ax32xx_rtcReadByte
                0x0202979c                ax32xx_rtcRamRead
                0x02029838                ax32xx_rtcRamWrite
                0x020298d4                ax32xx_rtcDataRead
                0x0202995c                ax32xx_rtcDataWrite
                0x020299e4                ax32xx_rtcInit
                0x02029a94                ax32xx_rtcIRQHandler
                0x02029b4c                ax32xx_rtcSencodEnable
                0x02029bc8                ax32xx_rtcAlamEnable
                0x02029cb0                ax32xx_rtcAlamSet
                0x02029cf8                ax32xx_rtcGet
                0x02029d4c                ax32xx_rtcSet
                0x02029d94                ax32xx_WKOEnable
                0x02029df0                ax32xx_VDDGSENEnable
                0x02029e60                ax32xx_WKI0InputEnable
                0x02029ed0                ax32xx_WKI1InputEnable
                0x02029f40                ax32xx_WKI1Read
                0x02029f64                ax32xx_WKI0Read
                0x02029f88                ax32xx_WKI1WakeupEnable
                0x0202a0f0                ax32xx_WKI1WakeupTriger
                0x0202a140                ax32xx_WKI1CleanPending
                0x0202a17c                ax32xx_rtcBatDecEnable
                0x0202a1ec                ax32xx_rtcSenHVEnable
 .text          0x0202a25c      0x7e8 ./Debug/src_ax32xx_iic.c.o
                0x0202a314                software_iic_sdaout
                0x0202a348                software_iic_sdain
                0x0202a37c                software_iic_sda_set
                0x0202a3a8                software_iic_scl_set
                0x0202a3d4                software_iic_sda_get
                0x0202a3fc                software_iic_init
                0x0202a42c                software_iic_start
                0x0202a4a4                software_iic_stop
                0x0202a51c                software_iic_wait_ack
                0x0202a5d4                ax32xx_iic0Init
                0x0202a694                ax32xx_iic0Uninit
                0x0202a6d8                ax32xx_iic0Start
                0x0202a6f4                ax32xx_iic0Stop
                0x0202a734                ax32xx_iic0RecvACK
                0x0202a75c                ax32xx_iic0SendACK
                0x0202a780                ax32xx_iic0SendByte
                0x0202a7d0                ax32xx_iic0RecvByte
                0x0202a824                ax32xx_iic1Init
                0x0202a84c                ax32xx_iic1Uninit
                0x0202a890                ax32xx_iic1Start
                0x0202a8ac                ax32xx_iic1Stop
                0x0202a90c                ax32xx_iic1RecvACK
                0x0202a934                ax32xx_iic1SendACK
                0x0202a958                ax32xx_iic1SendByte
                0x0202a9c8                ax32xx_iic1RecvByte
 .text          0x0202aa44      0x66c ./Debug/src_ax32xx_dac.c.o
                0x0202aa84                ax32xx_dacIRQHandler
                0x0202ab58                ax32xx_dacSampleRateSet
                0x0202abc8                ax32xx_dacEnable
                0x0202ac4c                ax32xx_dacVolumeSet
                0x0202acc4                ax32xx_dacBufferSet
                0x0202ace4                ax32xx_dacBufferFlush
                0x0202ad04                ax32xx_dacReset
                0x0202ad28                ax32xx_dacStart
                0x0202ada4                ax32xx_dacStop
                0x0202add4                ax32xx_dacISRRegister
                0x0202adf4                ax32xx_dacHPSet
                0x0202ae88                eq_coeff_init
                0x0202aef8                eq_gain_init
                0x0202af68                ax32xx_dacInit
 .text          0x0202b0b0      0x114 ./Debug/src_ax32xx_adc.c.o
                0x0202b0b0                ax32xx_adcEnable
                0x0202b118                ax32xx_adcSetBaudrate
                0x0202b148                ax32xx_adcConverStart
                0x0202b16c                ax32xx_adcRead
 .text          0x0202b1c4      0x4d0 ./Debug/src_ax32xx_auadc.c.o
                0x0202b1c4                ax32xx_auadcIRQHandler
                0x0202b254                ax32xx_auadcHalfIRQRegister
                0x0202b274                ax32xx_auadcEndIRQRegister
                0x0202b294                ax32xx_auadcEnable
                0x0202b38c                ax32xx_auadcAGCEnable
                0x0202b41c                ax32xx_auadcGainSet
                0x0202b498                ax32xx_auadcBufferSet
                0x0202b4f8                ax32xx_auadcInit
                0x0202b59c                ax32xx_auadcSetSampleSet
                0x0202b680                agc_gain_mnt
 .text          0x0202b694      0x298 ./Debug/src_jpeg_table.c.o
                0x0202b694                jpegA_table_init
                0x0202b810                ax32xx_mjpB_tab_init
 .text          0x0202b92c      0xd68 ./Debug/src_ax32xx_usb.c.o
                0x0202b92c                _usb_bulk_tx
                0x0202ba68                _usb_bulk_rx
                0x0202bb74                _usb_iso_kick
                0x0202bc64                _iso_wait_txdown
                0x0202bcd4                usb_iso_tx
                0x0202bdd4                usb_burst_reset
                0x0202be20                usb_host_reset
                0x0202be6c                usb_phyreset_as_typeb
                0x0202bfb4                usb_phyreset_as_typea
                0x0202c100                usb_insert
                0x0202c114                usb_check_hal
                0x0202c128                get_u32softcnt
                0x0202c148                ax32xx_usbIRQHanlder
                0x0202c23c                ax32xx_usbCallbackRegister
                0x0202c278                ax32xx_usb_hostIRQHanlder
                0x0202c28c                usb_device_check
                0x0202c354                ax32xx_usbPhyPllEnable
                0x0202c3fc                usb11_registers_write
                0x0202c428                usb11_registers_read
                0x0202c460                usb_memcpy
                0x0202c4d4                usb_phyreset_as_typea11
                0x0202c4e8                usb11_host_reset
                0x0202c4fc                ax32xx_usb11_hostIRQHanlder
                0x0202c510                usb20_host_check
                0x0202c5d8                usb11HostCheckNoWait
                0x0202c5ec                usb11_host_check
                0x0202c600                usb20_phyreset_as_filter
 .text          0x0202c694      0x210 ./Debug/src_ax32xx_misc.c.o
                0x0202c694                str_seek
                0x0202c700                dec_num2str
                0x0202c740                char_2_hex
                0x0202c794                data_check
                0x0202c7d4                pointer_check
                0x0202c7f8                half_word_memcpy
                0x0202c830                word_memcpy
                0x0202c868                word_reg_memcpy
 .text          0x0202c8a4      0x14c ./Debug/src_ax32xx_pip.c.o
                0x0202c8a4                ax32xx_pipConfig
                0x0202c920                ax32xx_pipEnable
                0x0202c964                ax32xx_pipCounterReset
                0x0202c9a4                ax32xx_pipGetTopLayer
                0x0202c9c8                ax32xx_pipGetBotLayer
 .text          0x0202c9f0        0x0 ./Debug/src_ax32xx_btuart.c.o
 .text          0x0202c9f0        0x0 ./Debug/src_ax32xx_crc.c.o
 .text          0x0202c9f0      0x26c ./Debug/src_ax32xx_emi.c.o
                0x0202c9f0                ax32xx_emiInit
                0x0202cb2c                ax32xx_emiISRRegister
                0x0202cb60                ax32xx_emiIRQHandler
                0x0202cbbc                ax32xx_emiKick
                0x0202cc18                ax32xx_emiCheckBusy
                0x0202cc38                ax32xx_emiCheckRXError
 .text          0x0202cc5c      0x278 ./Debug/src_ax32xx_rotate.c.o
                0x0202cc5c                ax32xx_rotateISRRegiser
                0x0202cc7c                ax32xx_rotateCheckBusy
                0x0202cc9c                ax32xx_rotateReset
                0x0202cce8                ax32xx_rotateStart
                0x0202ce00                ax32xx_rotateWaitFrameDone
                0x0202ce54                ax32xx_rotateIRQHandler
                0x0202cea4                ax32xx_rotateGetSrcYAddr
 .text          0x0202ced4      0x370 ./Debug/src_ax32xx_osdcmp.c.o
                0x0202ced4                ax32xx_osdcmpISRRegiser
                0x0202cef4                ax32xx_osdcmpCheckBusy
                0x0202cf18                ax32xx_osdcmpReset
                0x0202cf64                ax32xx_osdcmpGetCompSize
                0x0202cf84                ax32xx_osdcmpKick
                0x0202d058                ax32xx_osdcmpWaitFrameDone
                0x0202d0f0                ax32xx_osdcmpCompOneFrame
                0x0202d1f8                ax32xx_osdcmpIRQHandler
 .text          0x0202d244       0x3c ./Debug/src_ax32xx_isp.c.o
                0x0202d244                ax32xx_ispModeSet
 .text          0x0202d280      0xd68 ./Debug/osd_ax32xx_osd.c.o
                0x0202d280                ax32xx_deWait
                0x0202d2dc                ax32xx_deUpdate
                0x0202d300                ax32xx_deGetUpdateStatus
                0x0202d324                ax32xx_deIRQHandler
                0x0202d384                ax32xx_deISRRegister
                0x0202d3a4                ax32xx_deInit
                0x0202d420                ax32xx_deSetBackground
                0x0202d454                ax32xx_deSetCSC
                0x0202d4a0                ax32xx_videoSetDither
                0x0202d540                ax32xx_videoSetScale
                0x0202d58c                ax32xx_videoSetScaleLine
                0x0202d5fc                ax32xx_videoSetScanMode
                0x0202d648                ax32xx_videoGetYAddr
                0x0202d678                ax32xx_videoGetUVAddr
                0x0202d6a8                ax32xx_videoSetAddr
                0x0202d6c4                ax32xx_videoSetStride
                0x0202d6e8                ax32xx_videoSetSize
                0x0202d720                ax32xx_videoSetPosition
                0x0202d748                ax32xx_videoCopyCfg
                0x0202d7b0                ax32xx_videoEnable
                0x0202d7f4                ax32xx_degamma_cfg
                0x0202d814                ax32xx_videoGammaRed
                0x0202d858                ax32xx_videoGammaGreen
                0x0202d89c                ax32xx_videoGammaBlue
                0x0202d8e0                ax32xx_deSetGAMA
                0x0202d964                ax32xx_deSet_DE_CCM
                0x0202da4c                ax32xx_deSet_DE_SAJ
                0x0202dab8                ax32xx_videoGammaEnable
                0x0202dafc                ax32xx_osdEnable
                0x0202db68                ax32xx_osdSetSize
                0x0202dbbc                ax32xx_osdSetPosition
                0x0202dc10                ax32xx_osdSetPalette
                0x0202dc58                ax32xx_osdSetAddr
                0x0202dd14                ax32xx_osdGetAddr
                0x0202dd64                ax32xx_osdSetAlpha
                0x0202ddd0                ax32xx_osdSetUpscaler
                0x0202df98                ax32xx_osdEncodeOneCode
 .text          0x0202dfe8      0xfc8 ./Debug/csi_ax32xx_csi.c.o
                0x0202dfe8                hal_csi_fcnt_get
                0x0202e018                ax32xx_csiIRQHandler
                0x0202e2a8                ax32xx_csiISRRegiser
                0x0202e2e4                ax32xx_csiMJPEGFrameSet
                0x0202e354                ax32xx_csihv_tomjp_dma_cfg
                0x0202e3e0                ax32xx_csi_only_FrameSet
                0x0202e400                ax32xx_csiYUVFrameSet
                0x0202e414                ax32xx_csiIOConfig
                0x0202e46c                ax32xx_csiInit
                0x0202e498                ax32xx_csiMclkSet
                0x0202e55c                ax32xx_csi_set_mclk_free
                0x0202e5a4                ax32xx_csiSyncSet
                0x0202e608                ax32xx_csiPrioritySet
                0x0202e64c                ax32xx_csiTypeSet
                0x0202e6b8                ax32xx_csiModeSet
                0x0202e6f4                ax32xx_pclk_fir_Set
                0x0202e75c                ax32xx_pclk_analog_Set
                0x0202e7ac                ax32xx_pclk_inv_Set
                0x0202e7f0                ax32xx_csi_clk_tun_Set
                0x0202e838                ax32xx_csiSizeSet
                0x0202e870                ax32xx_csiInputAddrSet
                0x0202e888                ax32xx_csiTestModeSet
                0x0202e8f0                ax32xx_csiDvpClkDivSet
                0x0202e938                ax32xx_csiLCDFrameSet
                0x0202e964                ax32xx_csiLCDDmaEnable
                0x0202ea00                ax32xx_csiLCDDmaKick
                0x0202ea44                ax32xx_csiLCDScaler
                0x0202ec20                ax32xx_csiScaler
                0x0202ed68                ax32xx_hvScaler
                0x0202eebc                ax32xx_csiScalerCheck
                0x0202eee4                ax32xx_csiOutputSet
                0x0202ef20                ax32xx_csiEnable
 .text          0x0202efb0      0xd70 ./Debug/lcd_ax32xx_lcd.c.o
                0x0202efb0                ax32xx_lcdSPIMode
                0x0202efdc                ax32xx_lcdSPIInit
                0x0202f08c                ax32xx_lcdSPIUninit
                0x0202f0c8                ax32xx_lcdSPISendData
                0x0202f23c                ax32xx_lcdMcuSendCmd
                0x0202f2a0                ax32xx_lcdMcuSendData
                0x0202f2f4                ax32xx_lcdMcuSendCmd16
                0x0202f378                ax32xx_lcdMcuSendData16
                0x0202f3fc                ax32xx_lcdInit
                0x0202f448                ax32xx_lcdIRQEnable
                0x0202f490                ax32xx_lcdPreLineSet
                0x0202f4ac                ax32xx_lcdSignalSet
                0x0202f544                ax32xx_lcdBusWidth
                0x0202f598                ax32xx_lcdBusEnable
                0x0202f5e8                ax32xx_lcdClkSet
                0x0202f608                ax32xx_lcdSyncSet
                0x0202f62c                ax32xx_lcdDESignalSet
                0x0202f650                ax32xx_lcdPositionSet
                0x0202f66c                ax32xx_lcdResolutionSet
                0x0202f688                ax32xx_lcdWindowSizeSet
                0x0202f6a4                ax32xx_lcdDataModeSet
                0x0202f6e8                ax32xx_lcdClkNumberSet
                0x0202f700                ax32xx_lcdEndLineSet
                0x0202f71c                ax32xx_lcdPanelMode
                0x0202f764                ax32xx_lcdEnable
                0x0202f7c8                ax32xx_lcdTeMode
                0x0202f810                ax32xx_lcdKick
                0x0202f848                ax32xx_lcdIRQHandler
                0x0202f9b8                ax32xx_lcdISRRegister
                0x0202f9fc                ax32xx_lcdReset
                0x0202fa68                ax32xx_lcdMCUIOConfig
                0x0202fb4c                ax32xx_lcdRGBIOConfig
                0x0202fc30                ax32xx_lcd_lsawbtooth
 .text          0x0202fd20     0x1f10 ./Debug/mjpeg_ax32xx_mjpeg.c.o
                0x0202fd20                ax32xx_mpegPrint
                0x0203019c                ax32xx_mjpB_reset
                0x02030208                ax32xx_mjpegAIRQHandler
                0x0203025c                ax32xx_mjpeg_encode_check
                0x020303c8                ax32xx_mjpB_employ
                0x020303f4                ax32xx_mjpB_dcdown_reg
                0x02030414                ax32xx_mjB_as_dcode
                0x02030440                ax32xx_mjpegEA_ncodeISRRegister
                0x02030460                ax32xx_mjpegEB_ncodeISRRegister
                0x02030480                ax32xx_mjpegEA_ncodeISR
                0x020304ac                ax32xx_mjpegDecodeISRRegister
                0x020304cc                ax32xx_mjpegEncodeBufferSet
                0x02030518                ax32xx_mjpegEncodeEnable
                0x02030608                ax32xx_mjpegEncode_wifi_Enable
                0x020306f8                ax32xx_mjpegEncodeSizeSet
                0x020307a0                ax32xx_mjpegEncodeQuilitySet
                0x020307e8                cal_jA_1s_size
                0x02030818                ax32xx_mjpegEncodeQadj
                0x020308fc                ax32xx_mjpegEncodeInfoSet
                0x02030944                ax32xx_mjpegEncodeLoadAddrGet
                0x02030960                ax32xx_mjpeg_inlinebuf_init
                0x0203097c                ax32xx_mjpegEncodeInit
                0x02030bb4                ax32xx_mjpeg_manual_on
                0x02030bfc                ax32xx_mjpeg_manual_stop
                0x02030c20                ax32xx_mjpegDecodeScalerCal
                0x02030cf0                ax32xx_mjpegDecodeSetSize
                0x02030f14                ax32xx_mjpegDecodeOutputSet
                0x02030f30                ax32xx_mjpegDecodeInputSet
                0x02030f68                ax32xx_mjpegDecodeDriSet
                0x02030f80                ax32xx_mjpegDecodeCompressSet
                0x02030f98                ax32xx_mjpegDecodeInitTable
                0x02030fdc                ax32xx_mjpegDecodeInit
                0x020311e0                ax32xx_mjpegDecodeDCTimeSet
                0x02031280                ax32xx_mjpegDecodeEnable
                0x020312fc                ax32xx_mjpegDecodeKick
                0x02031354                ax32xx_mjpegDecodeStop
                0x02031390                ax32xx_mjpegBIRQHandler
                0x0203148c                ax32xx_mjpegDecodeQDTCfg
                0x020314ec                ax32xx_mjpegDecodeStatus
                0x02031520                ax32xx_mjpegDecodeCheck
                0x02031550                ax32xx_mjpegDecodeODma1Cfg
                0x020315e4                ax32xx_mjpB_Ctl_init
                0x02031898                ax32xx_mjpB_Linebuf_cfg
                0x020318b4                ax32xx_mjpB_dma_cfg
                0x020318e0                ax32xx_mjpB_stop
                0x02031948                ax32xx_mjpB_on
                0x02031994                ax32xx_mjpB_stop_2
                0x020319e8                ax32xx_mjpegB_encode_check
                0x02031b5c                ax32xx_mjpB_on_2
                0x02031b94                jpeg1_decode_check
 .text          0x02031c30        0x0 ./Debug/resource_user_icon.c.o
 .text          0x02031c30        0x0 ./Debug/resource_user_str.c.o
 .text          0x02031c30      0x110 ./Debug/src_hal_adc.c.o
                0x02031c30                hal_adcInit
                0x02031c6c                hal_adcRead
                0x02031c98                hal_adcSetChannel
                0x02031ce4                hal_adcGetChannel
                0x02031d20                hal_adcVDDRTCCalculate
 .text          0x02031d40       0xf0 ./Debug/src_hal_csi.c.o
                0x02031d40                hal_csiMCLKSet
                0x02031d60                hal_csiRegister
                0x02031d94                hal_csiResolutionGet
                0x02031df0                hal_csiAdptGet
                0x02031e10                hal_csi_SeninitGet
 .text          0x02031e30      0x24c ./Debug/src_hal_dac.c.o
                0x02031e78                hal_dacInit
                0x02031ed0                hal_dacPlayStart
                0x02031f7c                hal_dacPlayStop
                0x02031fa8                hal_dacSetVolume
                0x0203200c                hal_dacSetBuffer
                0x02032030                hal_dacCallBackRegister
                0x02032054                hal_dacHPSet
 .text          0x0203207c        0x0 ./Debug/src_hal_eeprom.c.o
 .text          0x0203207c      0x2cc ./Debug/src_hal_gpio.c.o
                0x0203207c                hal_gpioInit
                0x02032124                hal_gpioInit_io1d1
                0x020321cc                hal_io1d1_softstart
                0x020321fc                hal_io1d1_softstart_clr
                0x02032224                hal_io1d1_pd_enable
                0x0203224c                hal_gpioEPullSet
                0x020322a8                hal_gpioWrite
                0x020322d0                hal_gpioRead
                0x020322f4                hal_gpioIntInit
                0x0203231c                hal_gpioLedInit
 .text          0x02032348      0x64c ./Debug/src_hal_iic.c.o
                0x02032348                hal_iic0Init
                0x02032374                hal_iic0Uninit
                0x02032394                hal_iic08bitAddrWriteData
                0x02032430                hal_iic08bitAddrReadData
                0x020324e8                hal_iic08bitAddrWrite
                0x020325a8                hal_iic08bitAddrRead
                0x0203267c                hal_iic016bitAddrWriteData
                0x02032724                hal_iic016bitAddrReadData
                0x020327e8                hal_iic016bitAddrWrite
                0x020328b4                hal_iic016bitAddrRead
 .text          0x02032994     0x1704 ./Debug/src_hal_lcd.c.o
                0x02032c5c                hal_lcdSetBufYUV
                0x02032cf0                hal_lcd_vde_cfg
                0x02032d28                hal_lcd_gamma_cfg
                0x02032d3c                usb_lcd_cfg
                0x02032d50                lcd_isp_config
                0x02032d64                hal_lcdLCMPowerOff
                0x02032ddc                hal_lcdPreviewStop
                0x02032e28                hal_lcdSetShowingSize
                0x02032e40                hal_lcdSetRoate
                0x02032e58                hal_lcdDealBuffer
                0x02032f0c                hal_lcdGetShowingBuffer
                0x02032f70                hal_lcdGetIdleBuffer
                0x02032fb0                hal_lcdPreviewStart
                0x020330f4                hal_lcdSetFrame
                0x0203311c                vch_debug
                0x02033130                hal_lcdSetVCH
                0x02033208                hal_lcdUpdataVCH
                0x02033304                hal_lcdSwitchFrame2
                0x02033584                hal_lcdPreSetPIPEnable
                0x020335a4                hal_lcdSetPIPEnable
                0x020335dc                hal_lcdGetResolution
                0x02033660                hal_lcdGetOSDShowingResolution
                0x020336bc                hal_lcdGetOSDShowingPosition
                0x02033718                hal_lcdGetShowingRotate
                0x02033748                hal_lcdGetBufferResolution
                0x020337a4                hal_lcdGetVideoPos
                0x02033800                deocode_done
                0x02033860                hal_lcd_get_next_frame
                0x02033910                lcd_struct_get
                0x02033930                hal_lcdFrameEndCallBack
                0x0203397c                hal_lcdRegister
                0x02034014                hal_lcd_lsawtooth
                0x02034034                hal_lcdSetCsiCrop
 .text          0x02034098      0x75c ./Debug/src_hal_osd.c.o
                0x02034098                hal_osdGetIdleRotateBuffer
                0x020340bc                hal_osdGetIdleCmpBuffer
                0x020340e0                hal_osdGetIdleDispBuffer
                0x02034104                hal_osdBufferRelease
                0x0203412c                hal_osdDealBuffer
                0x020341ac                hal_osdInit
                0x02034450                hal_osdGetCurBuff
                0x02034490                hal_osdGetFreeBuff
                0x020344e0                hal_osdSetBuff
                0x02034548                hal_osdEnable
                0x02034584                hal_osdSetAddr
                0x020345c0                hal_osdSetBuffer
                0x02034640                hal_osdSetPosition
                0x02034688                hal_osdSetPalette
                0x020346c0                hal_osdSetSize
                0x02034700                hal_osdSetAlpha
                0x02034740                hal_osdGetBufferResolution
                0x020347a4                hal_deSet_DE_CCM
                0x020347cc                hal_deSet_DE_SAJ
 .text          0x020347f4      0xc70 ./Debug/src_hal_rtc.c.o
                0x02034820                hal_rtcCallBackRegister
                0x02034880                hal_rtcCallBackRelease
                0x020348bc                hal_rtcUninit
                0x020348f8                hal_rtcTimeGet
                0x02034914                hal_rtcTimeGetExt
                0x02034948                hal_rtcSecondGet
                0x02034968                hal_rtcTime2String
                0x02034c1c                hal_rtcTime2StringExt
                0x02034c80                hal_rtcLeapYear
                0x02034e9c                hal_rtcTime
                0x02034fb0                hal_rtcInit
                0x020350d8                hal_rtcSecondSet
                0x02035114                hal_rtcValue
                0x02035224                hal_rtcTimeSet
                0x020352ac                hal_rtcAlarmSet
                0x0203533c                hal_rtcAlarmSetExt
                0x020353e0                hal_rtcAlarmStatusGet
                0x0203541c                hal_vddWKOEnable
                0x02035440                hal_vddGSENEnable
 .text          0x02035464      0xad8 ./Debug/src_hal_sd.c.o
                0x02035500                hal_sdStop
                0x02035774                hal_sdNextLBA
                0x02035794                hal_sdInit
                0x02035c38                hal_sdUninit
                0x02035c64                hal_sdLock
                0x02035ca4                hal_sdUnlock
                0x02035cd0                hal_sdCheck
                0x02035d44                hal_sdSetCardState
                0x02035d64                hal_sdGetCardState
                0x02035d84                hal_sdGetBusWidth
                0x02035da4                hal_sdCapacity
                0x02035dc4                hal_sdExist
                0x02035dec                hal_sdWrite
                0x02035e8c                hal_speed_callback
                0x02035ebc                hal_sdRead
 .text          0x02035f3c      0xad4 ./Debug/src_hal_spi.c.o
                0x02035f3c                hal_spiIOShare
                0x02035f54                hal_spiIOCheck
                0x02035f68                hal_spiInit
                0x02035f94                hal_spiSendByte
                0x02035fb8                hal_spiSend
                0x02035fd8                hal_spiRecvByte
                0x02035ff8                hal_spiRecv
                0x02036038                hal_spiCSConfig
                0x0203605c                hal_spiFlashReadID
                0x020360bc                hal_spiFlashWriteEnable
                0x020360f0                hal_spiFlashWait
                0x02036174                hal_spiFlashReadPage
                0x020361ec                hal_spiFlashRead
                0x020362b4                hal_spiFlashWritePage
                0x02036334                hal_spiFlashWrite
                0x020363d0                hal_spiFlashEraseSector
                0x0203643c                hal_spiFlashEraseBlock
                0x020364a0                hal_spiFlashEraseChip
                0x020364dc                spi_udisk_jpg_num
                0x020364fc                spi_udisk_write_jpg
                0x0203672c                spi_udisk_del_jpg
                0x020367c0                spi_udisk_read_jpg_size
                0x020367d8                spi_udisk_read_jpg
                0x02036874                spi_udisk_get_list_idx
                0x020368bc                spi_udisk_format
                0x02036954                spi_udisk_init
                0x020369e4                spi_udisk_jpg_free_num
 .text          0x02036a10      0x128 ./Debug/src_hal_timer.c.o
                0x02036a10                hal_timerStart
                0x02036a34                hal_timerStop
                0x02036a58                hal_timerEnable
                0x02036a90                hal_timerTickEnable
                0x02036ac8                hal_timerTickGet
                0x02036ae8                hal_timerPWMStart
                0x02036b14                hal_timerPWMStop
 .text          0x02036b38      0x67c ./Debug/src_hal_uart.c.o
                0x02036b9c                hal_uartIOShare
                0x02036bdc                hal_uartIOShareCheck
                0x02036c24                hal_uartInit
                0x02036c74                hal_uartSendData
                0x02036c98                hal_uartRXIsrRegister
                0x02036cb8                uart_PutChar_n
                0x02036cec                uart_PutStr
                0x02036d2c                uart_Put_hex
                0x02036e58                uart_Put_udec
                0x02036eec                uart_Put_dec
                0x02036f94                uart_Printf
                0x020370d8                uart_PrintfBuf
                0x02037170                hal_uartPrintString
 .text          0x020371b4      0x64c ./Debug/src_hal_watermark.c.o
                0x0203721c                hal_watermarkInit
                0x020372cc                hal_watermarkClose
                0x02037364                hal_watermarkClear
                0x020373e4                hal_watermarkOpen
                0x02037484                hal_watermarkColor
                0x020374d8                hal_watermarkAddr
                0x020374f0                hal_watermarkSize
                0x0203753c                hal_watermarkPosition
                0x02037588                hal_watermarkCallbackRegister
                0x020375d0                hal_watermarkRam
                0x02037670                hal_watermarkEnable
                0x020377e0                hal_watermarkBPos_Adjust
 .text          0x02037800      0x3c4 ./Debug/src_hal_sys.c.o
                0x02037848                hal_sysInit
                0x02037964                hal_sysMemPrint
                0x02037994                hal_sysMemMalloc
                0x02037a64                hal_sysMemFree
                0x02037b58                hal_sysMemRemain
 .text          0x02037bc4      0xa6c ./Debug/src_hal_auadc.c.o
                0x02037bc4                _hal_auadcCallBackEnd
                0x02037cc0                _hal_auadcCallBackHalf
                0x02037d18                hal_audc_33ms_syncnt_clr
                0x02037d44                hal_audc_stamp_cal
                0x02037d70                hal_audc_stamp_out
                0x02037dc4                hal_audc_stamp_next
                0x02037e20                hal_auadcCallBackEnd
                0x02037e9c                hal_auadcInit
                0x02037ee4                hal_auadcMemInit
                0x02037f80                hal_auadcMemUninit
                0x02037ff4                hal_auadc_cnt
                0x02038024                _hal_auadcStartForUAC
                0x02038104                hal_auadcStartForWAV
                0x0203811c                hal_auadcStartForAVI
                0x02038240                hal_auadcBufferGet
                0x02038320                hal_auadcBufferfree
                0x0203834c                hal_auadcStop
                0x02038374                hal_auadcBufferRelease
                0x0203839c                hal_auadcUACProcess
                0x0203847c                hal_adcBuffer_prefull
                0x020384e0                hal_adcBuffer_halffull
                0x020384f8                hal_adc_volume_set
                0x02038518                hal_uac_send
                0x0203857c                hal_auadcStartForUAC
 .text          0x02038630     0x31c0 ./Debug/src_hal_mjpeg.c.o
                0x02038630                hal_mjpegStart
                0x02038660                hal_save_frame_isr
                0x0203880c                hal_mjpeg_manual_on
                0x0203888c                hal_mjpegQualityCheck
                0x0203893c                hal_mjpegCallback_state
                0x02038978                hal_mjpegCallback
                0x02038bb8                hal_mjpeg_manual_fdown
                0x02038fbc                hal_jA_fcnt_get
                0x02038fec                hal_mjpeg_mallocbuf
                0x0203900c                hal_mjpegEncodeResolutionImageQuad
                0x02039050                hal_mjpegSrcCSI
                0x02039194                hal_mjpegSrcRam
                0x020391a8                hal_mjpegSrcColorBar
                0x02039230                hal_Cut_SDR_SrcCSI
                0x02039304                hal_mjpegMemInit
                0x02039428                hal_mjpegMemUninit
                0x020394a8                hal_mjpegEncodeInit
                0x0203950c                hal_mjpegEncodeUninit
                0x0203955c                hal_mjpegEncodeResolution
                0x02039598                hal_mjpegEncodeResolutionImage
                0x020395d4                hal_mjpegSizecalculate
                0x02039600                imageGetYuvAddr
                0x02039634                hal_mjpeg_get_num
                0x02039654                imageGetYuvLen
                0x02039674                hal_mjpeg_rev_buf_init
                0x02039730                hal_mjpeg_rev_buf_malloc
                0x0203979c                hal_mjpeg_rev_buf_free
                0x020397e8                hal_mjpeg_queue_init
                0x02039888                hal_mjpeg_post_msg
                0x02039918                hal_mjpeg_manual_quad_on
                0x02039980                hal_mjpeg_manual_quad_fdown
                0x02039b88                hal_mjpeg_manual_get_csi_yuv_sta
                0x02039ba8                hal_mjpeg_software_handle_csi_yuvbuf
                0x02039c10                hal_mjpegUVCStart
                0x02039f20                hal_mjpegPhotoStart
                0x0203a314                hal_mjpegAVIStart
                0x0203a730                hal_mjpegRawDataGet
                0x0203a748                hal_mjpegRawBuffer_prefull
                0x0203a7b8                hal_mjpegRawBuffer_halffull
                0x0203a828                hal_mjpegRawBufferfree
                0x0203a850                hal_mjpegRawBufferGet
                0x0203a9c0                hal_mjpegRawDataSet
                0x0203a9e8                hal_mjpegHeaderParse
                0x0203b074                hal_mjpegDecodeGetResolution
                0x0203b0bc                hal_mjpegDecodeSetResolution
                0x0203b0e0                hal_mjpeglDecodeGetResolution
                0x0203b118                hal_mjpeglDecodeSetResolution
                0x0203b144                hal_mjpegDecodeStatusCheck
                0x0203b164                hal_mjpegDecodeErrorCheck
                0x0203b184                hal_mjpegDecodeMiniSize
                0x0203b308                hal_mjpegDecodeStop
                0x0203b328                hal_mjpegDecodeReset
                0x0203b354                hal_mjpegDecodePicture
                0x0203b3c4                hal_mjpegDecodeNoIsr
                0x0203b430                hal_mjpg_scale_down
                0x0203b548                hal_mjpegDecodeParse
                0x0203b578                hal_mjpegDecodeOneFrame
                0x0203b5d0                hal_mjpegDecodeOneFrame_Ext
                0x0203b658                hal_mjpegDecodeRestart_Ext
                0x0203b6c4                hal_mjpegDecodeOneFrame_Fast
                0x0203b788                hal_mjpegDecodeODma1Cfg
                0x0203b7ac                hal_curBuffer_clear
 .text          0x0203b7f0       0x34 ./Debug/src_hal_int.c.o
                0x0203b7f0                hal_intInit
 .text          0x0203b824        0x0 ./Debug/src_hal_wdt.c.o
 .text          0x0203b824      0x4bc ./Debug/src_hal_stream.c.o
                0x0203b824                hal_streamInit
                0x0203b91c                hal_streamMalloc
                0x0203ba04                hal_streamIn_Drop
                0x0203ba68                hal_streamIn
                0x0203bb04                hal_streamOut
                0x0203bb90                hal_streamOut_next
                0x0203bc20                hal_streamfree
                0x0203bcc8                hal_stream_size
 .text          0x0203bce0        0x0 ./Debug/src_hal_emi.c.o
 .text          0x0203bce0      0x1a8 ./Debug/src_hal_osdcmp.c.o
                0x0203bd58                hal_osdcmpStart
                0x0203be3c                hal_osdcmpInit
                0x0203be64                hal_osdcmpCompOneFrame
 .text          0x0203be88      0x328 ./Debug/src_hal_rotate.c.o
                0x0203c01c                hal_rotateInit
                0x0203c070                hal_rotateAdd
 .text          0x0203c1b0      0xa60 ./Debug/src_hal_lcdframe.c.o
                0x0203c1b0                hal_lcdAddrCalculate
                0x0203c25c                hal_dispframeInit
                0x0203c820                hal_dispframeVideoCfg
                0x0203caa4                hal_dispframeMalloc
                0x0203cb38                hal_dispframeFree
                0x0203cbc4                hal_dispframeSetCallback