Archive member included because of file (symbol)

../bwlib\liblimage.a(imageL_encode.o)
                              ./Debug/taskPhotoEncode.c.o (imageEncodeQuadStart)
../bwlib\libeffect.a(user_effect.o)
                              ./Debug/multimedia_user_media.c.o (warpHandle)
../bwlib\libmp3.a(mp3_decode_api.o)
                              ./Debug/taskAudioPlayer.c.o (mp3_dac_memInit)
../bwlib\libmp3.a(decoder.o)  ../bwlib\libmp3.a(mp3_decode_api.o) (mad_decoder_init)
../bwlib\libmp3.a(stream.o)   ../bwlib\libmp3.a(decoder.o) (mad_stream_init)
../bwlib\libmp3.a(synth.o)    ../bwlib\libmp3.a(decoder.o) (mad_synth_init)
../bwlib\libmp3.a(bit.o)      ../bwlib\libmp3.a(stream.o) (mad_bit_init)
../bwlib\libmp3.a(frame.o)    ../bwlib\libmp3.a(decoder.o) (mad_frame_finish)
../bwlib\libmp3.a(layer12.o)  ../bwlib\libmp3.a(frame.o) (mad_layer_I)
../bwlib\libmp3.a(timer.o)    ../bwlib\libmp3.a(frame.o) (mad_timer_set)
../bwlib\libmp3.a(layer3.o)   ../bwlib\libmp3.a(frame.o) (mad_layer_III)
../bwlib\libmp3.a(huffman.o)  ../bwlib\libmp3.a(layer3.o) (mad_huff_pair_table)
../bwlib\libsd.a(ax32xx_sd.o)
                              ./Debug/src_hal_sd.c.o (ax32xx_sd0Init)
../bwlib\libavi.a(aviEncoder.o)
                              ./Debug/video_video_record.c.o (aviEncodeInit)
../bwlib\libavi.a(encoder_std.o)
                              ../bwlib\libavi.a(aviEncoder.o) (avi_encoder_std)
../bwlib\libavi.a(encoder_odml.o)
                              ../bwlib\libavi.a(aviEncoder.o) (avi_odmlAddoffset)
../bwlib\libavi.a(aviDecoder.o)
                              ./Debug/video_video_playback.c.o (aviDecodeInit)
../bwlib\libavi.a(decoder_std.o)
                              ../bwlib\libavi.a(aviDecoder.o) (avi_standard)
../bwlib\libavi.a(decoder_odml.o)
                              ../bwlib\libavi.a(aviDecoder.o) (avi_opendml)
../bwlib\libfs.a(fs.o)        ./Debug/taskSysScanDevice.c.o (fs_nodeinit)
../bwlib\libfs.a(diskio.o)    ./Debug/main.c.o (fs_init)
../bwlib\libfs.a(ff.o)        ../bwlib\libfs.a(fs.o) (clst2sect)
../bwlib\libfs.a(ffunicode.o)
                              ../bwlib\libfs.a(ff.o) (ff_uni2oem)
C:/MinGW-4.7.1/or1k-elf/lib/no-delay\libc.a(lib_a-memcmp.o)
                              ../bwlib\libfs.a(ff.o) (memcmp)
C:/MinGW-4.7.1/or1k-elf/lib/no-delay\libc.a(lib_a-memcpy.o)
                              ./Debug/resource_manager.c.o (memcpy)
C:/MinGW-4.7.1/or1k-elf/lib/no-delay\libc.a(lib_a-memmove.o)
                              ./Debug/game_tetris.c.o (memmove)
C:/MinGW-4.7.1/or1k-elf/lib/no-delay\libc.a(lib_a-memset.o)
                              ./Debug/main.c.o (memset)
C:/MinGW-4.7.1/or1k-elf/lib/no-delay\libc.a(lib_a-strcasecmp.o)
                              ./Debug/resource_manager.c.o (strcasecmp)
C:/MinGW-4.7.1/or1k-elf/lib/no-delay\libc.a(lib_a-strcat.o)
                              ./Debug/resource_manager.c.o (strcat)
C:/MinGW-4.7.1/or1k-elf/lib/no-delay\libc.a(lib_a-strchr.o)
                              ../bwlib\libfs.a(ff.o) (strchr)
C:/MinGW-4.7.1/or1k-elf/lib/no-delay\libc.a(lib_a-strcmp.o)
                              ./Debug/resource_manager.c.o (strcmp)
C:/MinGW-4.7.1/or1k-elf/lib/no-delay\libc.a(lib_a-strcpy.o)
                              ./Debug/resource_manager.c.o (strcpy)
C:/MinGW-4.7.1/or1k-elf/lib/no-delay\libc.a(lib_a-strlen.o)
                              ./Debug/resource_manager.c.o (strlen)
C:/MinGW-4.7.1/or1k-elf/lib/no-delay\libc.a(lib_a-strncmp.o)
                              ./Debug/resource_manager.c.o (strncmp)
C:/MinGW-4.7.1/or1k-elf/lib/no-delay\libc.a(lib_a-strstr.o)
                              ../bwlib\liblimage.a(imageL_encode.o) (strstr)
C:/MinGW-4.7.1/or1k-elf/lib/no-delay\libc.a(lib_a-ctype_.o)
                              C:/MinGW-4.7.1/or1k-elf/lib/no-delay\libc.a(lib_a-strcasecmp.o) (__ctype_ptr__)
C:/MinGW-4.7.1/or1k-elf/lib/no-delay\libc.a(lib_a-memchr.o)
                              C:/MinGW-4.7.1/or1k-elf/lib/no-delay\libc.a(lib_a-strstr.o) (memchr)
C:/MinGW-4.7.1/lib/gcc/or1k-elf/4.9.1/no-delay\libgcc.a(_muldi3.o)
                              ../bwlib\libmp3.a(mp3_decode_api.o) (__muldi3)
C:/MinGW-4.7.1/lib/gcc/or1k-elf/4.9.1/no-delay\libgcc.a(_udivdi3.o)
                              ../bwlib\libmp3.a(mp3_decode_api.o) (__udivdi3)
C:/MinGW-4.7.1/lib/gcc/or1k-elf/4.9.1/no-delay\libgcc.a(addsf3.o)
                              ../bwlib\libeffect.a(user_effect.o) (__addsf3)
C:/MinGW-4.7.1/lib/gcc/or1k-elf/4.9.1/no-delay\libgcc.a(divsf3.o)
                              ../bwlib\libeffect.a(user_effect.o) (__divsf3)
C:/MinGW-4.7.1/lib/gcc/or1k-elf/4.9.1/no-delay\libgcc.a(eqsf2.o)
                              ../bwlib\libeffect.a(user_effect.o) (__eqsf2)
C:/MinGW-4.7.1/lib/gcc/or1k-elf/4.9.1/no-delay\libgcc.a(gesf2.o)
                              ../bwlib\libeffect.a(user_effect.o) (__gtsf2)
C:/MinGW-4.7.1/lib/gcc/or1k-elf/4.9.1/no-delay\libgcc.a(mulsf3.o)
[...]
Memory Configuration

Name             Origin             Length             Attributes
boot             0x01fffc00         0x00000200
ram_boot         0x00000000         0x00005000
ram_user         0x00000000         0x00005000
usbfifo          0x00008000         0x00001000
sdram            0x02000000         0x00200000
exsdram          0x00000000         0x00800000
*default*        0x00000000         0xffffffff

Linker script and memory map

LOAD ./Debug/ax32xx_reset.S.o
LOAD ./Debug/ax32xx_spi_boot_cfg.S.o
LOAD ./Debug/ax32xx_BLDRX32.S.o
LOAD ./Debug/main.c.o
LOAD ./Debug/resource_manager.c.o
LOAD ./Debug/board.c.o
LOAD ./Debug/board_bwv1.c.o
LOAD ./Debug/config.c.o
LOAD ./Debug/display.c.o
LOAD ./Debug/explorer.c.o
LOAD ./Debug/filelist.c.o
LOAD ./Debug/font.c.o
LOAD ./Debug/icon.c.o
LOAD ./Debug/configGetValue.c.o
LOAD ./Debug/configSystem.c.o
LOAD ./Debug/logo.c.o
LOAD ./Debug/menuMovieRec.c.o
LOAD ./Debug/msgDeal.c.o
LOAD ./Debug/msgSysRecommend.c.o
LOAD ./Debug/msgSysUnshielded.c.o
LOAD ./Debug/taskManage.c.o
LOAD ./Debug/taskPhotoEncode.c.o
LOAD ./Debug/taskPhotoEncodeMsg.c.o
LOAD ./Debug/taskPlayBack.c.o
LOAD ./Debug/taskPlayBackMsg.c.o
LOAD ./Debug/taskPowerOff.c.o
LOAD ./Debug/taskSysScanDevice.c.o
LOAD ./Debug/taskUsbDevice.c.o
LOAD ./Debug/taskVideoRecord.c.o
LOAD ./Debug/taskVideoRecordMsg.c.o
LOAD ./Debug/toolFunc.c.o
LOAD ./Debug/uiMenuDateTimeMsg.c.o
LOAD ./Debug/uiMenuDefaultMsg.c.o
LOAD ./Debug/uiMenuDelAllMsg.c.o
LOAD ./Debug/uiMenuDelCurMsg.c.o
LOAD ./Debug/uiMenuFormatMsg.c.o
LOAD ./Debug/uiMenuItemMsg.c.o
LOAD ./Debug/uiMenuOptionMsg.c.o
LOAD ./Debug/uiMenuUsbMsg.c.o
LOAD ./Debug/uiNoFileMsg.c.o
LOAD ./Debug/uiTips1Msg.c.o
LOAD ./Debug/uiTipsMsg.c.o
LOAD ./Debug/uiWin.c.o
LOAD ./Debug/uiMenuVersionMsg.c.o
LOAD ./Debug/taskAudioPlayer.c.o
LOAD ./Debug/taskAudioPlayerMsg.c.o
LOAD ./Debug/taskAudioPlayerRes.c.o
LOAD ./Debug/taskPhotoEncodeRes.c.o
LOAD ./Debug/taskPlayBackRes.c.o
LOAD ./Debug/taskVideoRecordRes.c.o
LOAD ./Debug/uiMenuDateTimeRes.c.o
LOAD ./Debug/uiMenuDefaultRes.c.o
LOAD ./Debug/uiMenuDelAllRes.c.o
LOAD ./Debug/uiMenuDelCurRes.c.o
LOAD ./Debug/uiMenuFormatRes.c.o
LOAD ./Debug/uiMenuItemRes.c.o
LOAD ./Debug/uiMenuOptionRes.c.o
LOAD ./Debug/uiMenuUsbRes.c.o
LOAD ./Debug/uiMenuVersionRes.c.o
LOAD ./Debug/uiNoFileRes.c.o
LOAD ./Debug/uiTips1Res.c.o
LOAD ./Debug/uiTipsRes.c.o
LOAD ./Debug/taskMainMenu.c.o
LOAD ./Debug/taskMainMenuMsg.c.o
LOAD ./Debug/taskMainMenuRes.c.o
LOAD ./Debug/taskSettingMenu.c.o
LOAD ./Debug/userInterface.c.o
LOAD ./Debug/upgrade.c.o
LOAD ./Debug/game_block.c.o
LOAD ./Debug/game_snake.c.o
LOAD ./Debug/game_sokoban.c.o
LOAD ./Debug/game_tetris.c.o
LOAD ./Debug/taskGame.c.o
LOAD ./Debug/taskGameMenu.c.o
LOAD ./Debug/taskGameMenuMsg.c.o
LOAD ./Debug/taskGameMenuRes.c.o
LOAD ./Debug/game_plane.c.o
LOAD ./Debug/game_maze.c.o
LOAD ./Debug/xos_x_cpu.c.o
LOAD ./Debug/xos_xmbox.c.o
LOAD ./Debug/xos_xmsgq.c.o
LOAD ./Debug/xos_xos.c.o
LOAD ./Debug/xos_xwork.c.o
LOAD ./Debug/multimedia_user_media.c.o
LOAD ./Debug/sUI_button.c.o
LOAD ./Debug/sUI_dialog.c.o
LOAD ./Debug/sUI_frameWin.c.o
LOAD ./Debug/sUI_imageIcon.c.o
LOAD ./Debug/sUI_itemManage.c.o
LOAD ./Debug/sUI_menuItem.c.o
LOAD ./Debug/sUI_menuItemEx.c.o
LOAD ./Debug/sUI_menuOption.c.o
LOAD ./Debug/sUI_progressBar.c.o
LOAD ./Debug/sUI_rect.c.o
LOAD ./Debug/sUI_stringIcon.c.o
LOAD ./Debug/sUI_tips.c.o
LOAD ./Debug/sUI_uiAlloc.c.o
LOAD ./Debug/sUI_widget.c.o
LOAD ./Debug/sUI_winManage.c.o
LOAD ./Debug/sUI_memPool.c.o
LOAD ./Debug/sUI_widgetManage.c.o
LOAD ./Debug/src_ax32xx_int.c.o
LOAD ./Debug/src_ax32xx_sys.c.o
LOAD ./Debug/src_ax32xx_dma.c.o
LOAD ./Debug/src_ax32xx_wdt.c.o
LOAD ./Debug/src_ax32xx_gpio.c.o
LOAD ./Debug/src_ax32xx_uart.c.o
LOAD ./Debug/src_ax32xx_timer.c.o
LOAD ./Debug/src_ax32xx_tminf.c.o
LOAD ./Debug/src_ax32xx_spi.c.o
LOAD ./Debug/src_ax32xx_rtc.c.o
LOAD ./Debug/src_ax32xx_iic.c.o
LOAD ./Debug/src_ax32xx_dac.c.o
LOAD ./Debug/src_ax32xx_adc.c.o
LOAD ./Debug/src_ax32xx_auadc.c.o
LOAD ./Debug/src_jpeg_table.c.o
LOAD ./Debug/src_ax32xx_usb.c.o
LOAD ./Debug/src_ax32xx_misc.c.o
LOAD ./Debug/src_ax32xx_pip.c.o
LOAD ./Debug/src_ax32xx_btuart.c.o
LOAD ./Debug/src_ax32xx_crc.c.o
LOAD ./Debug/src_ax32xx_emi.c.o
LOAD ./Debug/src_ax32xx_rotate.c.o
LOAD ./Debug/src_ax32xx_osdcmp.c.o
LOAD ./Debug/src_ax32xx_isp.c.o
LOAD ./Debug/osd_ax32xx_osd.c.o
LOAD ./Debug/csi_ax32xx_csi.c.o
LOAD ./Debug/lcd_ax32xx_lcd.c.o
LOAD ./Debug/mjpeg_ax32xx_mjpeg.c.o
LOAD ./Debug/resource_user_icon.c.o
LOAD ./Debug/resource_user_str.c.o
LOAD ./Debug/src_hal_adc.c.o
LOAD ./Debug/src_hal_csi.c.o
LOAD ./Debug/src_hal_dac.c.o
LOAD ./Debug/src_hal_eeprom.c.o
LOAD ./Debug/src_hal_gpio.c.o
LOAD ./Debug/src_hal_iic.c.o
LOAD ./Debug/src_hal_lcd.c.o
LOAD ./Debug/src_hal_osd.c.o
LOAD ./Debug/src_hal_rtc.c.o
LOAD ./Debug/src_hal_sd.c.o
LOAD ./Debug/src_hal_spi.c.o
LOAD ./Debug/src_hal_timer.c.o
LOAD ./Debug/src_hal_uart.c.o
LOAD ./Debug/src_hal_watermark.c.o
LOAD ./Debug/src_hal_sys.c.o
LOAD ./Debug/src_hal_auadc.c.o
LOAD ./Debug/src_hal_mjpeg.c.o
LOAD ./Debug/src_hal_int.c.o
LOAD ./Debug/src_hal_wdt.c.o
LOAD ./Debug/src_hal_stream.c.o
LOAD ./Debug/src_hal_emi.c.o
LOAD ./Debug/src_hal_osdcmp.c.o
LOAD ./Debug/src_hal_rotate.c.o
LOAD ./Debug/src_hal_lcdframe.c.o
LOAD ./Debug/src_hal_custom_yuv.c.o
LOAD ./Debug/dusb_hal_usb_api.c.o
LOAD ./Debug/dusb_hal_usb_dev_enum.c.o
LOAD ./Debug/dusb_hal_usb_msc.c.o
LOAD ./Debug/dusb_hal_usb_uac.c.o
LOAD ./Debug/dusb_hal_usb_uvc.c.o
LOAD ./Debug/audio_audio_playback.c.o
LOAD ./Debug/audio_audio_record.c.o
LOAD ./Debug/audio_ring_buffer.c.o
LOAD ./Debug/video_video_playback.c.o
LOAD ./Debug/video_video_record.c.o
LOAD ./Debug/image_image_decode.c.o
LOAD ./Debug/image_image_encode.c.o
LOAD ./Debug/wav_alaw.c.o
LOAD ./Debug/wav_imaadpcm.c.o
LOAD ./Debug/wav_pcm.c.o
LOAD ./Debug/wav_ulaw.c.o
LOAD ./Debug/wav_wav.c.o
LOAD ./Debug/stream_stream.c.o
LOAD ./Debug/cmos_sensor_cmos_sensor.c.o
LOAD ./Debug/cmos_sensor_SENSOR_BF3a03.c.o
LOAD ./Debug/cmos_sensor_SENSOR_BF2013.c.o
LOAD ./Debug/cmos_sensor_SENSOR_BF3703.c.o
LOAD ./Debug/cmos_sensor_SENSOR_GC0307.c.o
LOAD ./Debug/cmos_sensor_SENSOR_GC0308.c.o
LOAD ./Debug/cmos_sensor_SENSOR_GC0309.c.o
LOAD ./Debug/cmos_sensor_SENSOR_GC0328.c.o
LOAD ./Debug/cmos_sensor_SENSOR_OV7670.c.o
LOAD ./Debug/cmos_sensor_SENSOR_SP0838.c.o
LOAD ./Debug/cmos_sensor_SENSOR_SP0A18.c.o
LOAD ./Debug/cmos_sensor_SENSOR_GC0329.c.o
LOAD ./Debug/cmos_sensor_SENSOR_SIV100B.c.o
LOAD ./Debug/tft_lcd_lcd_mcu_st7789P3.c.o
LOAD ./Debug/cmos_sensor_SENSOR_BF20A6.c.o
LOAD ./Debug/tft_lcd_lcd_mcu_st7789.c.o
LOAD ./Debug/tft_lcd_tft_lcd.c.o
LOAD ./Debug/tft_lcd_lcd_mcu_ili9328.c.o
LOAD ./Debug/tft_lcd_lcd_mcu_st7789v.c.o
LOAD ./Debug/tft_lcd_lcd_mcu_hx8352c.c.o
LOAD ./Debug/tft_lcd_lcd_mcu_9225G.c.o
LOAD ./Debug/tft_lcd_lcd_mcu_nv3030b.c.o
LOAD ./Debug/nvfs_nvfs.c.o
LOAD ./Debug/Maxlib_max_user.c.o
LOAD ./Debug/Maxlib_uiDraw.c.o
LOAD ./Debug/std_misc.c.o
LOAD ./Debug/std_std_math.c.o
LOAD ./Debug/std_str.c.o
LOAD ./Debug/res_ascii.c.o
LOAD ./Debug/res_ascii_default.c.o
LOAD ./Debug/res_ascii_default_draw.c.o
LOAD ./Debug/res_R.c.o
LOAD ./Debug/res_R_icon.c.o
LOAD ./Debug/res_R_string.c.o
LOAD ./Debug/res_unicode_font.c.o
LOAD ./Debug/res_ascii_num3.c.o
LOAD ./Debug/res_ascii_num3_draw.c.o
LOAD ../bwlib\liblimage.a
LOAD ../bwlib\libeffect.a
LOAD ../bwlib\libmp3.a
LOAD ../bwlib\libsd.a
LOAD ../bwlib\libavi.a
LOAD ../bwlib\libfs.a
LOAD C:/MinGW-4.7.1/or1k-elf/lib/no-delay\libc.a
LOAD C:/MinGW-4.7.1/lib/gcc/or1k-elf/4.9.1/no-delay\libgcc.a

.bootsec        0x01fffc00      0x200 load address 0x00000000
 *(.bootsec)
 .bootsec       0x01fffc00      0x200 ./Debug/ax32xx_BLDRX32.S.o
                0x01fffc10                hex
                0x01fffc10                .hex
                0x01fffdd8                .bootsect

.exception      0x00000000     0x1e3c load address 0x00000200
                0x00000000                _exception_vma = .
 *(.vector)
 .vector        0x00000000      0x3d0 ./Debug/ax32xx_reset.S.o
                0x00000304                _start
                0x00000340                _step_in
                0x00000384                _step_out
 *(.vector.text)
 .vector.text   0x000003d0     0x1668 ./Debug/src_ax32xx_int.c.o
                0x00000514                _rtcRamWrite
                0x000005bc                _rtcRamRead
                0x00000670                my_putchar
                0x00000684                exception_uart_puts
                0x00000698                my_memset
                0x000006c8                exception_init
                0x0000076c                ax32xx_vddrtcCalculate
                0x00000798                dllcon_init
                0x00000944                sdram_init
                0x00000a14                adcRead
                0x00000a6c                adcConverStart
                0x00000a90                adcSetBaudrate
                0x00000ac0                sysClkSet
                0x00000b1c                adcEnable
                0x00000b84                adcGetChannel
                0x00000bbc                sdram_tuning_check_2
                0x00000d3c                _sdr_tuning2_conifg_set
                0x00000d5c                crc_cal
                0x00000dd0                sdram_clock_tune
                0x000017b0                exception
                0x00001a1c                exception_trigger
 *(.vector.data)
 .vector.data   0x00001a38      0x100 ./Debug/ax32xx_reset.S.o
                0x00001a38                _step_data
 .vector.data   0x00001b38      0x304 ./Debug/src_ax32xx_int.c.o
                0x00001b38                tune_values
                0x00001cb8                tune_by
                0x00001cc4                tune_tab_2_dll
                0x00001cd4                tune_tab_1_dll
                0x00001ce4                tune_tab_2_clk
                0x00001d04                tune_tab_1_clk
                0x00001d24                tuning_test_addr
                0x00001da4                tuning_test_data
                0x00001e24                SDRTUN2_CON
                0x00001e2c                sdr_tune_source
                0x00001e30                chip_vision

.ram            0x00001e3c     0x2660 load address 0x0000203c
                0x00001e3c                __sram_start = .
 *(.msk_var_use)
 *(.sdc_buf)
 .sdc_buf       0x00001e3c       0x40 ../bwlib\libsd.a(ax32xx_sd.o)
 *(.sram_comm)
 .sram_comm     0x00001e7c       0x60 ./Debug/xos_xmsgq.c.o
 .sram_comm     0x00001edc     0x25c0 ./Debug/src_hal_sys.c.o
                0x00001edc                ramuse
                0x0000449c                __sram_end = .

.fifo           0x00008000      0xce0
                0x00008000                __ufifo_start = .
 *(.sram_Usbfifo)
 .sram_Usbfifo  0x00008000      0xce0 ./Debug/src_hal_sys.c.o
                0x00008000                usbfifo
                0x00008ce0                __ufifo_end = .

.text           0x02000000    0x802c8 load address 0x00002200
                0x02000000                _text_start = .
 *(.text*)
 .text          0x02000000        0x0 ./Debug/ax32xx_reset.S.o
 .text          0x02000000        0x0 ./Debug/ax32xx_spi_boot_cfg.S.o
 .text          0x02000000        0x0 ./Debug/ax32xx_BLDRX32.S.o
 .text          0x02000000      0x4a8 ./Debug/main.c.o
                0x02000000                registerTask
                0x020000bc                init
                0x02000440                systemService
                0x02000474                sendDrawUIMsg
 .text.startup  0x020004a8       0xb8 ./Debug/main.c.o
                0x020004a8                main
 .text          0x02000560     0x1b84 ./Debug/resource_manager.c.o
                0x0200069c                managerInit
                0x02000714                managerCreate
                0x020007ec                managerDestory
                0x02000864                managerFileCount
                0x020008fc                managerFileCountEx
                0x02000968                managerLockFileExt
                0x02000a10                managerUnlockFileExt
                0x02000abc                managerCheckLock
                0x02000af8                managerCheckLockExt
                0x02000b88                managerFlush
                0x02000bf4                managerDelFileByIndex
                0x02000d04                managerDelFileAll
                0x02000de8                managerScanStart
                0x02000e50                managerScanEnd
                0x02000f10                explorerListHook
                0x02000f28                managerNameChange
                0x02001128                managerSpaceCheck
                0x0200123c                manangerCheckFileType
                0x0200149c                managerAddFile
                0x02001540                managerAddFileEx
                0x020015a0                managerRenameExt
                0x02001640                managerRename
                0x02001700                managerLockFile
                0x02001788                managerUnlockFile
                0x02001848                managerDelFileByName
                0x020019a4                managerDelFileByFullName
                0x02001b24                managerFileNameCreater
                0x02001d38                managerFileScan
                0x02001ebc                manangerGetFileFullPathName
                0x02001f70                manangerGetFileName
                0x02002008                manangerFindFileAndDel
 .text          0x020020e4      0x310 ./Debug/board.c.o
                0x020020e4                boardInit
                0x0200220c                boardOpen
                0x020022b0                boardIoctrl
                0x02002338                boardNameIoctrl
 .text          0x020023f4      0xb50 ./Debug/board_bwv1.c.o
                0x020029a8                board_lcd_reset
                0x02002a20                board_sensor_reset
                0x02002b5c                board_lcd_ioctrl_pwm
                0x02002ba0                getCurBatteryADC
                0x02002bc0                getKeyADCvalue
                0x02002be0                getKeyVal
                0x02002d04                getKey
                0x02002dd4                keyScanKey
                0x02002f08                board_powerCheck
 .text          0x02002f44      0x2ec ./Debug/config.c.o
                0x02002f44                configCheckSumCal
                0x02002f98                userConfigSave
                0x0200300c                userConfigReset
                0x02003104                userConfigInitial
                0x020031b4                configSet
                0x020031f0                configGet
 .text          0x02003230      0xc58 ./Debug/display.c.o
                0x02003230                dispLayerPIPOnlyFront
                0x020032a0                dispLayerPIPOnlyBack
                0x0200331c                dispLayerPIPBakRightTop
                0x020033bc                dispLayerPIPFrtRightTop
                0x02003440                dispLayerPIPFBHalf
                0x020034c4                dispLayerPIPBFHalf
                0x02003548                dispLayerUninit
                0x020035a4                dispLayerGetResolution
                0x02003678                dispLayerSetResolution
                0x02003764                dispLayerSetRotate
                0x02003798                dispRatioResolutionCalculate
                0x02003870                dispLayerSetRatio
                0x02003920                dispLayerInit
                0x02003b4c                dispLayerShow
                0x02003b90                dispLayerGetFrame
                0x02003bd8                dispLayerGetFreeFrame
                0x02003c18                dispLayerFreeFrame
                0x02003c90                dispLayerSetFrame
                0x02003cdc                dispLayerSetPIPMode
                0x02003d40                dispLayer_ABwin
                0x02003d70                dispLayer_getABwin
                0x02003d90                dispLayerSetFrontCrop
 .text          0x02003e88        0x0 ./Debug/explorer.c.o
 .text          0x02003e88      0xc4c ./Debug/filelist.c.o
 .text          0x02004ad4      0x8ec ./Debug/font.c.o
                0x02004ce4                fontInit
                0x02004dac                fontSetLanguage
                0x02004e5c                fontGetStringInfo
                0x02004f0c                fontDrawString
                0x020050fc                resGetString
                0x02005214                resGetChar
 .text          0x020053c0      0x2e0 ./Debug/icon.c.o
                0x020053c0                iconInit
                0x0200540c                iconGetSize
                0x020054b0                iconGetData
                0x0200554c                iconGetAddr
                0x020055c0                iconGetPalette
                0x02005630                iconGetGamePalette
 .text          0x020056a0      0x1ec ./Debug/configGetValue.c.o
                0x020056a0                configValue2Int
 .text          0x0200588c      0x19c ./Debug/configSystem.c.o
                0x0200588c                configLanguage
                0x02005904                configSys
                0x020059ec                configSystem
 .text          0x02005a28      0x770 ./Debug/logo.c.o
                0x02005a28                logo_image_show
                0x02005b20                jpg_decode_show
                0x02005c08                logo_music_show
                0x02005d98                layout_logo_show
                0x02005e84                background_logo_image_show
                0x02005f4c                layout_version_get
                0x02006038                layout_keysound_load
                0x02006110                layout_sound_load
 .text          0x02006198       0xb0 ./Debug/menuMovieRec.c.o
                0x02006198                menuProcDateTime
                0x020061c4                menuProcVersion
                0x020061f0                menuProcFormat
                0x0200621c                menuProcDefault
 .text          0x02006248      0x384 ./Debug/msgDeal.c.o
                0x02006248                msgFuncRegister
                0x02006300                unshieldedMsgFuncRegister
                0x0200637c                msgDeal
                0x020064d8                msgDealByType
                0x02006570                msgDealByMsgInfor
 .text          0x020065cc       0x98 ./Debug/msgSysRecommend.c.o
 .text          0x02006664      0x5a4 ./Debug/msgSysUnshielded.c.o
 .text          0x02006c08      0x320 ./Debug/taskManage.c.o
                0x02006c08                taskInit
                0x02006c7c                taskInfor
                0x02006c90                taskRegister
                0x02006cc8                taskPrevious
                0x02006ce8                taskCurrent
                0x02006d08                taskNext
                0x02006d28                taskStart
                0x02006da8                taskChange
                0x02006dbc                taskService
 .text          0x02006f28      0xc98 ./Debug/taskPhotoEncode.c.o
                0x02006f28                taskPhotoEncodeClose
                0x02006ff4                taskPhotoEncodeService
                0x020070a4                photoImagePreSizeGet
                0x02007340                task_image_createfile
                0x02007448                image_take_photo
                0x020076c4                image_take_photo_to_sdram
                0x020079b4                photo_animation_effect
                0x02007ad0                taskPhotoEncodeOpen
 .text          0x02007bc0     0x1808 ./Debug/taskPhotoEncodeMsg.c.o
                0x02009350                photoFocusIconCancel
 .text          0x020093c8      0x8a4 ./Debug/taskPlayBack.c.o
                0x020093c8                taskPlayBackClose
                0x02009404                video_playback_jpg_scale
                0x0200957c                video_playback_start
                0x02009994                taskPlayBackOpen
                0x02009bb0                taskPlayBackService
 .text          0x02009c6c     0x18ac ./Debug/taskPlayBackMsg.c.o
                0x0200b430                backBrushBlack
 .text          0x0200b518      0x260 ./Debug/taskPowerOff.c.o
                0x0200b518                uninit
                0x0200b5c0                taskPowerOffOpen
 .text          0x0200b778      0xdd8 ./Debug/taskSysScanDevice.c.o
                0x0200b778                timerMsgSend
                0x0200b81c                setKeyEn
                0x0200b83c                deamon_astern_check
                0x0200b850                reflush_usensor_check
                0x0200b864                setSoftwareDetachUsensor
                0x0200b884                deamon_usb_check
                0x0200bb14                deamon_gsensor_check
                0x0200bb28                deamon_screen_save
                0x0200bc78                deamon_key_check
                0x0200bda8                deamon_auto_poweroff
                0x0200beac                deamon_keysound_play
                0x0200bf7c                deamon_sound_play
                0x0200c040                deamon_fsFreeSize
                0x0200c0b0                deamon_fs_scan
                0x0200c238                deamon_sdc_check
                0x0200c43c                taskSysScanDev
                0x0200c4bc                deamon_fsSizeModify
 .text          0x0200c550      0x3c0 ./Debug/taskUsbDevice.c.o
 .text          0x0200c910      0xb50 ./Debug/taskVideoRecord.c.o
                0x0200c910                taskVideoRecordeService
                0x0200c9ec                task_video_Get_Status
                0x0200ca0c                video_record_start
                0x0200ca9c                task_record_stop
                0x0200cb20                taskVideoRecordeClose
                0x0200cc20                task_video_record_caltime
                0x0200cc74                video_record_callback
                0x0200d288                taskVideoRecordeOpen
                0x0200d438                taskVideoRecTimeIncreace
                0x0200d44c                videoCapturePhoto
 .text          0x0200d460     0x1774 ./Debug/taskVideoRecordMsg.c.o
                0x0200e9a0                videoFocusIconCancel
                0x0200ea18                recordTimeCount1S
 .text          0x0200ebd4      0x158 ./Debug/toolFunc.c.o
                0x0200ebd4                intToString
                0x0200eca0                calWeek
 .text          0x0200ed2c      0x7d8 ./Debug/uiMenuDateTimeMsg.c.o
                0x0200f19c                dateTimeStrUpdate
                0x0200f1c4                dateTimeIncreace
                0x0200f364                dateTimeDecreace
 .text          0x0200f504      0x2f4 ./Debug/uiMenuDefaultMsg.c.o
 .text          0x0200f7f8      0x384 ./Debug/uiMenuDelAllMsg.c.o
 .text          0x0200fb7c      0x400 ./Debug/uiMenuDelCurMsg.c.o
 .text          0x0200ff7c      0x410 ./Debug/uiMenuFormatMsg.c.o
 .text          0x0201038c      0x85c ./Debug/uiMenuItemMsg.c.o
                0x02010bc8                menuIsOpen
 .text          0x02010be8      0x6d8 ./Debug/uiMenuOptionMsg.c.o
 .text          0x020112c0      0x2f8 ./Debug/uiMenuUsbMsg.c.o
 .text          0x020115b8      0x1bc ./Debug/uiNoFileMsg.c.o
 .text          0x02011774      0x358 ./Debug/uiTips1Msg.c.o
 .text          0x02011acc      0x33c ./Debug/uiTipsMsg.c.o
 .text          0x02011e08      0x3bc ./Debug/uiWin.c.o
                0x02011e08                dialogCB
                0x02011f8c                uiParentDealMsg
                0x02011fbc                uiOpenWindow
                0x020120a4                uiOpenWinAndShow
                0x02012194                windowIsOpen
 .text          0x020121c4      0x138 ./Debug/uiMenuVersionMsg.c.o
 .text          0x020122fc       0xcc ./Debug/taskAudioPlayer.c.o
                0x020122fc                taskAudioPlayerOpen
                0x02012358                taskAudioPlayerClose
                0x0201237c                taskAudioPlayerService
 .text          0x020123c8     0x1b9c ./Debug/taskAudioPlayerMsg.c.o
                0x02013d2c                uni2oem936_init
                0x02013da8                uni2oem936_uninit
                0x02013dec                oem2uni936_init
                0x02013e68                oem2uni936_uninit
 .text          0x02013f64        0x0 ./Debug/taskAudioPlayerRes.c.o
 .text          0x02013f64        0x0 ./Debug/taskPhotoEncodeRes.c.o
 .text          0x02013f64        0x0 ./Debug/taskPlayBackRes.c.o
 .text          0x02013f64        0x0 ./Debug/taskVideoRecordRes.c.o
 .text          0x02013f64        0x0 ./Debug/uiMenuDateTimeRes.c.o
 .text          0x02013f64        0x0 ./Debug/uiMenuDefaultRes.c.o
 .text          0x02013f64        0x0 ./Debug/uiMenuDelAllRes.c.o
 .text          0x02013f64        0x0 ./Debug/uiMenuDelCurRes.c.o
 .text          0x02013f64        0x0 ./Debug/uiMenuFormatRes.c.o
 .text          0x02013f64        0x0 ./Debug/uiMenuItemRes.c.o
 .text          0x02013f64        0x0 ./Debug/uiMenuOptionRes.c.o
 .text          0x02013f64        0x0 ./Debug/uiMenuUsbRes.c.o
 .text          0x02013f64        0x0 ./Debug/uiMenuVersionRes.c.o
 .text          0x02013f64        0x0 ./Debug/uiNoFileRes.c.o
 .text          0x02013f64        0x0 ./Debug/uiTips1Res.c.o
 .text          0x02013f64        0x0 ./Debug/uiTipsRes.c.o
 .text          0x02013f64       0xf0 ./Debug/taskMainMenu.c.o
                0x02013f64                taskMainMenuService
                0x02013f78                taskMainMenuOpen
                0x02014034                taskMainMenuClose
 .text          0x02014054      0x85c ./Debug/taskMainMenuMsg.c.o
 .text          0x020148b0        0x0 ./Debug/taskMainMenuRes.c.o
 .text          0x020148b0       0xac ./Debug/taskSettingMenu.c.o
                0x020148b0                taskSettingMenuService
                0x020148c4                taskSettingMenuClose
                0x020148d8                taskSettingMenuOpen
 .text          0x0201495c     0x1888 ./Debug/userInterface.c.o
                0x0201495c                actionUpperToBottom
                0x02014b14                actionBottomToUpper
                0x02014cec                actionSquareInsideToOutside
                0x02014e9c                actionSquareOutsideToInside
                0x02015054                actionLeftBottomToRightUpper
                0x020151e0                actionLeftToRight
                0x020153ac                actionLeftUpperToRightBottom
                0x02015560                actionCircleInside2OutSide
                0x02015974                getActionFunc
                0x02015a1c                animationInit
                0x02015b08                animationRun
                0x02015bb0                animationUnInit
                0x02015bf4                circle_fill
                0x02016150                type_function_circle
 .text          0x020161e4      0x508 ./Debug/upgrade.c.o
                0x020161e4                upgrade_led_control
                0x0201625c                upgrade_uiProgress
                0x0201629c                upgrade
 .text          0x020166ec     0x2488 ./Debug/game_block.c.o
                0x020166ec                game_cnt_down
                0x0201671c                game_cnt_reinit
                0x0201673c                game_cnt_over
                0x0201676c                game_cnt_clear
                0x02016798                effect_rand_get
                0x02016820                power_up_rand_list_init
                0x020168c0                block_cnt_init
                0x02016924                rand_get
                0x020169b4                level_back_index_get
                0x020169d8                block_map_init
                0x02016a38                move_icon_universal_draw
                0x02016aa8                game_frame_buff_show_get
                0x02016ac8                block_icon_draw
                0x02016b5c                block_src_init_and_draw
                0x02016c1c                block_map_draw
                0x02016cc4                game_boundary_init
                0x02016d08                game_block_level_init
                0x02016d44                life_icon_draw
                0x02016e50                right_score_draw
                0x02016f84                ball_icon_draw
                0x0201701c                board_icon_draw
                0x02017064                power_up_item_icon_draw
                0x02017124                DrawMap_block
                0x0201716c                power_up_item_init
                0x02017264                power_up_item_destroy
                0x020172d0                ball_init
                0x020173b4                ball_item_destroy
                0x02017420                copy_ball_action
                0x0201749c                ball_and_board_init
                0x0201753c                board_and_ball_flash_init
                0x02017574                move_rule
                0x02017668                game_boundary_hit_check
                0x02017714                universal_hit_action
                0x02017748                universal_hit_check
                0x02017a30                board_hit_check
                0x02017b10                block_hit_check
                0x02017c8c                clear_block_effect
                0x02017e38                board_move
                0x02017ef0                ball_move
                0x02017fb4                ball_fire_power_up
                0x0201801c                ball_multi_power_up
                0x020180a8                power_up_item_move
                0x0201819c                power_up_move
                0x0201821c                move
                0x020182d8                pass_check
                0x02018334                game_block_init
                0x02018388                block_free_buf
                0x020183e4                game_block_exit
                0x02018438                flash_reinit
                0x02018504                flash_init
                0x0201854c                block_breaker_going_key_response
                0x02018604                game_block_start
                0x020186c8                block_breaker_going
                0x02018800                block_breaker_level_pass
                0x02018864                block_breaker_game_over_show
                0x020188d8                block_breaker_game_pause
                0x02018a0c                game_block_key_active
                0x02018a80                game_block_entry
 .text          0x02018b74      0xe08 ./Debug/game_snake.c.o
                0x02018b74                snake_get_buf
                0x02018be4                snake_put_buf
                0x02018c3c                snake_init
                0x02018ce8                rand_next
                0x02018d9c                createFood
                0x02018e80                creatMap
                0x02018ed4                biteSelf
                0x02018f2c                chet_endGamestatus
                0x02018fbc                detore_snake
                0x02019010                snakeOSDDisplayBufGet
                0x0201905c                snake_I80
                0x02019154                snakeOSDDisplay
                0x020191b4                snake_frame_icon_draw
                0x020192c0                get_malloc
                0x020192e8                show_icon_rect
                0x020193f0                show_all
                0x02019528                snakeMove
                0x0201973c                key_read
                0x020197dc                snake_main_init
                0x02019884                game_snake_entry
 .text          0x0201997c      0x728 ./Debug/game_sokoban.c.o
                0x0201997c                Move
                0x02019ad8                resultCheck
                0x02019b70                map_init
                0x02019bb4                get_map_size
                0x02019bcc                man_init
                0x02019c3c                DataRead_CMode
                0x02019cb0                TXZ_show_icon_rect
                0x02019dc4                TXZ_show_one_rect
                0x02019df0                DrawMap
                0x02019e68                TXZ_show_all
                0x02019ea0                get_game_map
                0x02019f68                sokoban_init
                0x02019fc4                game_sokoban_entry
 .text          0x0201a0a4      0xfe4 ./Debug/game_tetris.c.o
                0x0201a0a4                insertTetris
                0x0201a14c                checkCollision_L
                0x0201a184                checkCollision_R
                0x0201a1b8                checkCollision
                0x0201a258                show_one_diamonds
                0x0201a2e0                printScore
                0x0201a4b0                printNextTetris
                0x0201a544                giveTetris
                0x0201a624                removeTetris
                0x0201a6dc                printCurrentTetris
                0x0201a7fc                setPoolColor
                0x0201a8b0                rotateTetris
                0x0201a954                checkErasing
                0x0201aae4                printTetrisPool
                0x0201abb4                moveDownTetris
                0x0201ac64                horzMoveTetris
                0x0201ad08                keydownControl
                0x0201add0                endgame
                0x0201adec                restartGame
                0x0201ae8c                game_tetris_init
                0x0201af20                game_tetris_exit
                0x0201af64                game_tetris_entry
 .text          0x0201b088     0x19ec ./Debug/taskGame.c.o
                0x0201b088                taskGameClose
                0x0201b1dc                gameInit
                0x0201b26c                gameGetKeyADCValue
                0x0201b318                game_key_judge
                0x0201b3a4                fps_count_reset
                0x0201b3d0                rand_int
                0x0201b43c                get_game_base_buf
                0x0201b464                get_game_show_buf
                0x0201b540                get_bin_data
                0x0201b5c4                frame_icon_draw
                0x0201b758                game_OSD_str_draw
                0x0201bdbc                game_tips
                0x0201c0f8                game_over
                0x0201c1f4                gameExit
                0x0201c268                taskGameService
                0x0201c2d0                game_bk_draw
                0x0201c37c                frame_buff_display
                0x0201c3f4                free_buf
                0x0201c41c                game_audio_init
                0x0201c5a0                taskGameOpen
                0x0201c5dc                game_audio_play
                0x0201c784                game_key_event
                0x0201c884                gameTickGenerator
                0x0201c94c                game_result_tips
 .text          0x0201ca74       0xb0 ./Debug/taskGameMenu.c.o
                0x0201ca74                taskGameMenuService
                0x0201ca88                taskGameMenuOpen
                0x0201cb04                taskGameMenuClose
 .text          0x0201cb24      0xcec ./Debug/taskGameMenuMsg.c.o
 .text          0x0201d810        0x0 ./Debug/taskGameMenuRes.c.o
 .text          0x0201d810     0x11f4 ./Debug/game_plane.c.o
                0x0201d810                is_in_range
                0x0201d860                collision_chect
                0x0201dabc                move_enemy_bullet_c
                0x0201db5c                AI_mage
                0x0201dbb0                move_my_planle
                0x0201dd04                new_my_bullet
                0x0201ddb4                new_p_boom
                0x0201de78                move_my_bullet_c
                0x0201df68                move_bullet
                0x0201df8c                move_one_enemy_planle
                0x0201e154                move_enemy_planle
                0x0201e19c                new_enemy_Plane
                0x0201e278                pGame_show_icon_rect
                0x0201e42c                show_plane_boom
                0x0201e490                show_enemy_Plane
                0x0201e4e8                show_my_bullet
                0x0201e540                show_score
                0x0201e7d4                game_plane_entry
 .text          0x0201ea04      0x5a8 ./Debug/game_maze.c.o
                0x0201ea04                Move_maze
                0x0201ebc4                resultCheck_maze
                0x0201ec1c                maze_map_set
                0x0201ec5c                get_map_maze_size
                0x0201ec74                man_maze_init
                0x0201eca4                maze_show_one_rect
                0x0201ed68                maze_DrawMap
                0x0201ede0                maze_show_all
                0x0201ee18                maze_map_init
                0x0201ee60                maze_keypress
                0x0201eeb4                maze_init
                0x0201eefc                game_maze_entry
 .text          0x0201efac        0x0 ./Debug/xos_x_cpu.c.o
 .text          0x0201efac      0x1b0 ./Debug/xos_xmbox.c.o
                0x0201efac                XMboxInit
                0x0201efec                XMboxCreate
                0x0201f074                XMboxDestory
                0x0201f0ac                XMboxPost
                0x0201f100                XMboxPend
 .text          0x0201f15c      0x2e4 ./Debug/xos_xmsgq.c.o
                0x0201f15c                XMsgQInit
                0x0201f19c                XMsgQCreate
                0x0201f22c                XMsgQDestory
                0x0201f264                XMsgQFlush
                0x0201f2a4                XMsgQPost
                0x0201f31c                XMsgQPostFront
                0x0201f398                XMsgQPend
                0x0201f428                XMsgQCheck
 .text          0x0201f440      0x12c ./Debug/xos_xos.c.o
                0x0201f440                XOSInit
                0x0201f480                XOSTickService
                0x0201f4f0                XOSTimeGet
                0x0201f510                XOSTimeDly
                0x0201f54c                XOSRandom
 .text          0x0201f56c      0x168 ./Debug/xos_xwork.c.o
                0x0201f56c                XWorkInit
                0x0201f5ac                XWorkCreate
                0x0201f638                XWorkDestory
                0x0201f668                XWorkService
 .text          0x0201f6d4      0xb04 ./Debug/multimedia_user_media.c.o
                0x0201f6d4                jpg_decode_buf
                0x0201f778                jpg_buf_decode_buf
                0x0201f81c                yuv_rgb_table_init
                0x0201fa38                yuv_rgb_table_uninit
                0x0201fa7c                bmp24_to_yuv420_buf
                0x0201fe00                yuv420_draw_buf
                0x0201fff0                yuv420_software_set_handle_frame
                0x02020010                yuv420_software_get_handle_frame
                0x02020030                yuv420_effect_handle
 .text          0x020201d8      0x1ec ./Debug/sUI_button.c.o
                0x020202ac                buttonCreate
                0x02020320                buttonCreateIndirect
 .text          0x020203c4      0x168 ./Debug/sUI_dialog.c.o
                0x020203c4                dialogCreate
                0x02020474                dialogItem
 .text          0x0202052c      0x22c ./Debug/sUI_frameWin.c.o
                0x02020684                frameWinCreate
                0x020206e8                frameWinCreateIndirect
 .text          0x02020758      0x2b0 ./Debug/sUI_imageIcon.c.o
                0x020208e0                imageIconCreate
                0x0202098c                imageIconCreateIndirect
 .text          0x02020a08     0x191c ./Debug/sUI_itemManage.c.o
                0x02020a08                itemManageCreate
                0x02020a8c                itemManageCreateIndirect
                0x02020b00                itemManageSetItemHeight
                0x02020c84                itemManageSetItemRowSumGap
                0x02020d8c                itemManageSetHeightAvgGap
                0x02020f00                itemManageSetRowSum
                0x02021034                itemManageSetColumnSum
                0x02021184                itemManageSetColumnSumWithGap
                0x02021300                itemManageSetColumnMargin
                0x02021430                itemManageCreateItem
                0x020215cc                itemManageSetResInforFuncEx
                0x02021624                itemManageSetCurItem
                0x02021920                itemManageUpdateRes
                0x020219d8                itemManageUpdateAllitem
                0x02021a3c                itemManageUpdateCurItem
                0x02021be0                itemManageNextItem
                0x02021c50                itemManagePreItem
                0x02021cc0                itemManageNextPage
                0x02021d44                itemManagePrePage
                0x02021dcc                itemManageGetCurrentItem
                0x02021e30                itemManageSetCharInfor
                0x02021ee8                itemManageSetSelectColor
                0x02021f84                itemManageSetSelectImage
                0x02022024                itemManageSetUnselectColor
                0x020220c0                itemManageSetUnselectImage
                0x02022160                itemManageGetTouchInfor
 .text          0x02022324      0x3c4 ./Debug/sUI_menuItem.c.o
                0x02022554                menuItemCreate
                0x020225fc                itemCreateMenuItem
 .text          0x020226e8      0x504 ./Debug/sUI_menuItemEx.c.o
                0x02022a10                menuItemExCreate
                0x02022ac0                itemCreateMenuItemEx
 .text          0x02022bec      0x360 ./Debug/sUI_menuOption.c.o
                0x02022de0                menuOptionCreate
                0x02022e84                itemCreatemenuOption
 .text          0x02022f4c      0x344 ./Debug/sUI_progressBar.c.o
                0x02023174                progressBarCreate
                0x020231f8                progressBarCreateIndirect
                0x02023270                progressBarSetDirction
 .text          0x02023290      0x264 ./Debug/sUI_rect.c.o
                0x020233fc                rectCreate
                0x02023480                rectCreateIndirect
 .text          0x020234f4      0x380 ./Debug/sUI_stringIcon.c.o
                0x02023704                stringIconCreate
                0x020237c0                stringIconCreateIndirect
 .text          0x02023874      0x2b0 ./Debug/sUI_tips.c.o
                0x02023a10                tipsCreate
                0x02023a9c                tipsCreateIndirect
 .text          0x02023b24      0x26c ./Debug/sUI_uiAlloc.c.o
                0x02023b24                uiHeapInit
                0x02023b5c                uiAlloc
                0x02023c54                uiFree
                0x02023d54                uiHeapInfor
                0x02023d7c                heapAllocTest
 .text          0x02023d90      0x11c ./Debug/sUI_widget.c.o
                0x02023d90                widgetProc
                0x02023ddc                widgetSetType
                0x02023e0c                widgetGetType
                0x02023e40                widgetGetId
                0x02023e78                widgetSetId
 .text          0x02023eac     0x1b78 ./Debug/sUI_winManage.c.o
                0x02023eac                winErrShow
                0x02023ef8                winSendMsg
                0x02023f38                winSendMsgNoData
                0x02023f60                winSendMsgToParent
                0x02023f90                winSendMsgToParentNoData
                0x02023fb8                winOverlapping
                0x0202401c                winContain
                0x02024080                winHasInvalidRect
                0x02024114                winFreeInvalidRect
                0x02024410                winCreate
                0x0202481c                winDestroy
                0x02024988                winGetTouchInfor
                0x020249b8                winTouch
                0x02024bd8                winSetbgColor
                0x02024c0c                winSetfgColor
                0x02024c40                winSetVisible
                0x02024cc4                winIsVisible
                0x02024d00                winSetResid
                0x02024d30                winSetItemSelResid
                0x02024d60                winSetStrInfor
                0x02024db0                resInforInit
                0x02024dfc                winSetSelectInfor
                0x02024e2c                winSetUnselectInfor
                0x02024e5c                winChangeNotify
                0x02024ec4                winDefaultProc
                0x020252a0                winResize
                0x02025430                winGetRelativePos
                0x020254c0                winGetPos
                0x02025504                winUpdate
                0x02025574                winSetPorgressRate
                0x020255a4                winSetPorgressDirction
                0x020255d4                winGetCurrent
                0x020255f4                winPaint
                0x02025700                winSetName
                0x02025720                winIntersection
                0x020257d4                winUpdateAllResId
                0x02025838                winDestroyDeskTopChildWin
                0x020258ac                winInit
                0x02025998                winUninit
 .text          0x02025a24      0x110 ./Debug/sUI_memPool.c.o
                0x02025a24                mempCreate
                0x02025a8c                mempGet
                0x02025ae4                mempPut
                0x02025b20                mempInfor
 .text          0x02025b34      0x43c ./Debug/sUI_widgetManage.c.o
                0x02025d88                widgetManageCreate
                0x02025e0c                widgetManageCreateIndirect
                0x02025e7c                widgetManageUpdateAll
                0x02025ea0                widgetManageUpdateCur
                0x02025ec4                widgetManageNext
                0x02025ee8                widgetManagePre
                0x02025f0c                widgetManageSelect
                0x02025f40                widgetManageCurId
 .text          0x02025f70      0x3bc ./Debug/src_ax32xx_int.c.o
                0x02025f70                ax32xx_intHandler
                0x02025f84                fast_isr
                0x02026064                slow_isr
                0x02026158                ax32xx_intEnable
                0x020261a0                ax32xx_int_priority
                0x020261e8                ax32xx_intInit
 .text          0x0202632c      0xa44 ./Debug/src_ax32xx_sys.c.o
                0x0202632c                ax32xx_sysCpuMsDelay
                0x02026368                ax32xx_sysCpuNopDelay
                0x02026390                ax32xx_sysDcacheInit
                0x020263d4                ax32xx_sysIcacheInit
                0x02026418                ax32xx_sysDcacheWback
                0x02026494                ax32xx_sysDcacheFlush
                0x02026510                ax32xx_sysDcacheInvalid
                0x0202658c                ax32xx_sysSRAMClear
                0x020265e0                ax32xx_sysBSSClear
                0x02026644                ax32xx_sysLDOSet
                0x02026828                ax32xx_sysClkSet
                0x02026884                ax32xx_sysReset
                0x020268c4                ax32xx_sys_dma_memdown
                0x02026928                ax32xx_sys_dma_memkick
                0x020269ec                ax32xx_mcpy_gram2ufifo
                0x02026a4c                ax32xx_mcpy1_sdram2gram
                0x02026af0                ax32xx_mcpy1_sdram2gram_2
                0x02026b50                ax32xx_sysInit
                0x02026cb0                ax32xx_sysUninit
 .text          0x02026d70      0x298 ./Debug/src_ax32xx_dma.c.o
                0x02026d70                ax32xx_dmaNocCfg
                0x02026f98                ax32xx_dmaNocDefault
                0x02026fc0                ax32xx_dmaChannelEnable
 .text          0x02027008       0x98 ./Debug/src_ax32xx_wdt.c.o
                0x02027008                ax32xx_wdtEnable
                0x0202703c                ax32xx_wdtTimeSet
                0x02027050                ax32xx_wdtClear
                0x02027084                ax32xx_wdtReset
 .text          0x020270a0      0xe08 ./Debug/src_ax32xx_gpio.c.o
                0x020270a0                ax32xx_gpioSFRSet
                0x020272e4                ax32xx_gpioDirSet
                0x02027388                ax32xx_gpioPullSet
                0x02027454                ax32xx_gpioDrvSet
                0x020274e4                ax32xx_gpioDataSet
                0x02027570                ax32xx_gpioDataGrounpSet
                0x020275ec                ax32xx_gpioDataGet
                0x02027670                ax32xx_gpioMapSet
                0x02027700                ax32xx_gpioDigitalSet
                0x02027790                ax32xx_gpioHystersisSet
                0x02027820                ax32xx_gpioLedPull
                0x020278ec                ax32xx_gpioLedInit
                0x0202797c                ax32xx_gpioINTCheck
                0x020279b4                ax32xx_gpioINTClear
                0x020279dc                ax32xx_gpioINTInit
                0x02027b0c                ax32xx_gpioIRQHandler
                0x02027ba8                ax32xx_io1d1_softstart
                0x02027d68                ax32xx_io1d1_softstart_clr
                0x02027e18                ax32xx_io1d1_pd_enable
 .text          0x02027ea8      0x1a4 ./Debug/src_ax32xx_uart.c.o
                0x02027ea8                ax32xx_uart0IRQHandler
                0x02027ef8                ax32xx_uart0IOCfg
                0x02027f98                ax32xx_uart0Init
                0x0202800c                ax32xx_uart0SendByte
 .text          0x0202804c      0x9ec ./Debug/src_ax32xx_timer.c.o
                0x0202804c                ax32xx_timer0IRQHandler
                0x02028090                ax32xx_timer1IRQHandler
                0x020280d4                ax32xx_timer2IRQHandler
                0x02028118                ax32xx_timer3IRQHandler
                0x0202815c                ax32xx_timerISRRegister
                0x020281a0                ax32xx_timerStart
                0x0202829c                ax32xx_timerStop
                0x0202836c                ax32xx_timerEnable
                0x020283f8                ax32xx_timerDisable
                0x0202849c                ax32xx_timerTickStart
                0x020284d0                ax32xx_timerTickStop
                0x020284f0                ax32xx_timerTickCount
                0x0202850c                ax32xx_timerPWMStart
                0x02028984                ax32xx_timerPWMStop
 .text          0x02028a38      0x468 ./Debug/src_ax32xx_tminf.c.o
                0x02028a38                ax32xx_mjpegATimeinfoEnable
                0x02028aa4                ax32xx_mjpegBTimeinfoEnable
                0x02028b10                ax32xx_mjpegATimeinfoColor
                0x02028b5c                ax32xx_mjpegBTimeinfoColor
                0x02028bb8                ax32xx_mjpegATimeinfoSize
                0x02028c14                ax32xx_mjpegBTimeinfoSize
                0x02028c9c                ax32xx_mjpegATimeinfoPos
                0x02028cf8                ax32xx_mjpegBTimeinfoPos
                0x02028d80                ax32xx_mjpegATimeinfoAddr
                0x02028dc4                ax32xx_mjpegBTimeinfoAddr
                0x02028e34                ax32xx_recfg_mjpb_tminf
 .text          0x02028ea0      0x7f4 ./Debug/src_ax32xx_spi.c.o
                0x02028ea0                ax32xx_spi0Init
                0x020290c0                ax32xx_spi0SendByte
                0x02029114                ax32xx_spi0RecvByte
                0x02029168                ax32xx_spi0Send0
                0x02029220                ax32xx_spi0Recv0
                0x020292d8                ax32xx_spi0CS0Config
                0x0202931c                spi1_pin_config
                0x020293ec                hal_spi1Init
                0x02029464                spi1_send_byte
                0x020294d4                spi1_receive_byte
                0x0202951c                spi1_recevie_dma
                0x020295b4                spi1_send_dma
                0x02029650                spi1_enable
 .text          0x02029694      0xb74 ./Debug/src_ax32xx_rtc.c.o
                0x02029694                ax32xx_rtcWriteByte
                0x020296e4                ax32xx_rtcReadByte
                0x02029748                ax32xx_rtcRamRead
                0x020297e4                ax32xx_rtcRamWrite
                0x02029880                ax32xx_rtcDataRead
                0x02029908                ax32xx_rtcDataWrite
                0x02029990                ax32xx_rtcInit
                0x02029a40                ax32xx_rtcIRQHandler
                0x02029af8                ax32xx_rtcSencodEnable
                0x02029b74                ax32xx_rtcAlamEnable
                0x02029c5c                ax32xx_rtcAlamSet
                0x02029ca4                ax32xx_rtcGet
                0x02029cf8                ax32xx_rtcSet
                0x02029d40                ax32xx_WKOEnable
                0x02029d9c                ax32xx_VDDGSENEnable
                0x02029e0c                ax32xx_WKI0InputEnable
                0x02029e7c                ax32xx_WKI1InputEnable
                0x02029eec                ax32xx_WKI1Read
                0x02029f10                ax32xx_WKI0Read
                0x02029f34                ax32xx_WKI1WakeupEnable
                0x0202a09c                ax32xx_WKI1WakeupTriger
                0x0202a0ec                ax32xx_WKI1CleanPending
                0x0202a128                ax32xx_rtcBatDecEnable
                0x0202a198                ax32xx_rtcSenHVEnable
 .text          0x0202a208      0x7e8 ./Debug/src_ax32xx_iic.c.o
                0x0202a2c0                software_iic_sdaout
                0x0202a2f4                software_iic_sdain
                0x0202a328                software_iic_sda_set
                0x0202a354                software_iic_scl_set
                0x0202a380                software_iic_sda_get
                0x0202a3a8                software_iic_init
                0x0202a3d8                software_iic_start
                0x0202a450                software_iic_stop
                0x0202a4c8                software_iic_wait_ack
                0x0202a580                ax32xx_iic0Init
                0x0202a640                ax32xx_iic0Uninit
                0x0202a684                ax32xx_iic0Start
                0x0202a6a0                ax32xx_iic0Stop
                0x0202a6e0                ax32xx_iic0RecvACK
                0x0202a708                ax32xx_iic0SendACK
                0x0202a72c                ax32xx_iic0SendByte
                0x0202a77c                ax32xx_iic0RecvByte
                0x0202a7d0                ax32xx_iic1Init
                0x0202a7f8                ax32xx_iic1Uninit
                0x0202a83c                ax32xx_iic1Start
                0x0202a858                ax32xx_iic1Stop
                0x0202a8b8                ax32xx_iic1RecvACK
                0x0202a8e0                ax32xx_iic1SendACK
                0x0202a904                ax32xx_iic1SendByte
                0x0202a974                ax32xx_iic1RecvByte
 .text          0x0202a9f0      0x66c ./Debug/src_ax32xx_dac.c.o
                0x0202aa30                ax32xx_dacIRQHandler
                0x0202ab04                ax32xx_dacSampleRateSet
                0x0202ab74                ax32xx_dacEnable
                0x0202abf8                ax32xx_dacVolumeSet
                0x0202ac70                ax32xx_dacBufferSet
                0x0202ac90                ax32xx_dacBufferFlush
                0x0202acb0                ax32xx_dacReset
                0x0202acd4                ax32xx_dacStart
                0x0202ad50                ax32xx_dacStop
                0x0202ad80                ax32xx_dacISRRegister
                0x0202ada0                ax32xx_dacHPSet
                0x0202ae34                eq_coeff_init
                0x0202aea4                eq_gain_init
                0x0202af14                ax32xx_dacInit
 .text          0x0202b05c      0x114 ./Debug/src_ax32xx_adc.c.o
                0x0202b05c                ax32xx_adcEnable
                0x0202b0c4                ax32xx_adcSetBaudrate
                0x0202b0f4                ax32xx_adcConverStart
                0x0202b118                ax32xx_adcRead
 .text          0x0202b170      0x4d0 ./Debug/src_ax32xx_auadc.c.o
                0x0202b170                ax32xx_auadcIRQHandler
                0x0202b200                ax32xx_auadcHalfIRQRegister
                0x0202b220                ax32xx_auadcEndIRQRegister
                0x0202b240                ax32xx_auadcEnable
                0x0202b338                ax32xx_auadcAGCEnable
                0x0202b3c8                ax32xx_auadcGainSet
                0x0202b444                ax32xx_auadcBufferSet
                0x0202b4a4                ax32xx_auadcInit
                0x0202b548                ax32xx_auadcSetSampleSet
                0x0202b62c                agc_gain_mnt
 .text          0x0202b640      0x298 ./Debug/src_jpeg_table.c.o
                0x0202b640                jpegA_table_init
                0x0202b7bc                ax32xx_mjpB_tab_init
 .text          0x0202b8d8      0xd68 ./Debug/src_ax32xx_usb.c.o
                0x0202b8d8                _usb_bulk_tx
                0x0202ba14                _usb_bulk_rx
                0x0202bb20                _usb_iso_kick
                0x0202bc10                _iso_wait_txdown
                0x0202bc80                usb_iso_tx
                0x0202bd80                usb_burst_reset
                0x0202bdcc                usb_host_reset
                0x0202be18                usb_phyreset_as_typeb
                0x0202bf60                usb_phyreset_as_typea
                0x0202c0ac                usb_insert
                0x0202c0c0                usb_check_hal
                0x0202c0d4                get_u32softcnt
                0x0202c0f4                ax32xx_usbIRQHanlder
                0x0202c1e8                ax32xx_usbCallbackRegister
                0x0202c224                ax32xx_usb_hostIRQHanlder
                0x0202c238                usb_device_check
                0x0202c300                ax32xx_usbPhyPllEnable
                0x0202c3a8                usb11_registers_write
                0x0202c3d4                usb11_registers_read
                0x0202c40c                usb_memcpy
                0x0202c480                usb_phyreset_as_typea11
                0x0202c494                usb11_host_reset
                0x0202c4a8                ax32xx_usb11_hostIRQHanlder
                0x0202c4bc                usb20_host_check
                0x0202c584                usb11HostCheckNoWait
                0x0202c598                usb11_host_check
                0x0202c5ac                usb20_phyreset_as_filter
 .text          0x0202c640      0x210 ./Debug/src_ax32xx_misc.c.o
                0x0202c640                str_seek
                0x0202c6ac                dec_num2str
                0x0202c6ec                char_2_hex
                0x0202c740                data_check
                0x0202c780                pointer_check
                0x0202c7a4                half_word_memcpy
                0x0202c7dc                word_memcpy
                0x0202c814                word_reg_memcpy
 .text          0x0202c850      0x14c ./Debug/src_ax32xx_pip.c.o
                0x0202c850                ax32xx_pipConfig
                0x0202c8cc                ax32xx_pipEnable
                0x0202c910                ax32xx_pipCounterReset
                0x0202c950                ax32xx_pipGetTopLayer
                0x0202c974                ax32xx_pipGetBotLayer
 .text          0x0202c99c        0x0 ./Debug/src_ax32xx_btuart.c.o
 .text          0x0202c99c        0x0 ./Debug/src_ax32xx_crc.c.o
 .text          0x0202c99c      0x26c ./Debug/src_ax32xx_emi.c.o
                0x0202c99c                ax32xx_emiInit
                0x0202cad8                ax32xx_emiISRRegister
                0x0202cb0c                ax32xx_emiIRQHandler
                0x0202cb68                ax32xx_emiKick
                0x0202cbc4                ax32xx_emiCheckBusy
                0x0202cbe4                ax32xx_emiCheckRXError
 .text          0x0202cc08      0x278 ./Debug/src_ax32xx_rotate.c.o
                0x0202cc08                ax32xx_rotateISRRegiser
                0x0202cc28                ax32xx_rotateCheckBusy
                0x0202cc48                ax32xx_rotateReset
                0x0202cc94                ax32xx_rotateStart
                0x0202cdac                ax32xx_rotateWaitFrameDone
                0x0202ce00                ax32xx_rotateIRQHandler
                0x0202ce50                ax32xx_rotateGetSrcYAddr
 .text          0x0202ce80      0x370 ./Debug/src_ax32xx_osdcmp.c.o
                0x0202ce80                ax32xx_osdcmpISRRegiser
                0x0202cea0                ax32xx_osdcmpCheckBusy
                0x0202cec4                ax32xx_osdcmpReset
                0x0202cf10                ax32xx_osdcmpGetCompSize
                0x0202cf30                ax32xx_osdcmpKick
                0x0202d004                ax32xx_osdcmpWaitFrameDone
                0x0202d09c                ax32xx_osdcmpCompOneFrame
                0x0202d1a4                ax32xx_osdcmpIRQHandler
 .text          0x0202d1f0       0x3c ./Debug/src_ax32xx_isp.c.o
                0x0202d1f0                ax32xx_ispModeSet
 .text          0x0202d22c      0xd68 ./Debug/osd_ax32xx_osd.c.o
                0x0202d22c                ax32xx_deWait
                0x0202d288                ax32xx_deUpdate
                0x0202d2ac                ax32xx_deGetUpdateStatus
                0x0202d2d0                ax32xx_deIRQHandler
                0x0202d330                ax32xx_deISRRegister
                0x0202d350                ax32xx_deInit
                0x0202d3cc                ax32xx_deSetBackground
                0x0202d400                ax32xx_deSetCSC
                0x0202d44c                ax32xx_videoSetDither
                0x0202d4ec                ax32xx_videoSetScale
                0x0202d538                ax32xx_videoSetScaleLine
                0x0202d5a8                ax32xx_videoSetScanMode
                0x0202d5f4                ax32xx_videoGetYAddr
                0x0202d624                ax32xx_videoGetUVAddr
                0x0202d654                ax32xx_videoSetAddr
                0x0202d670                ax32xx_videoSetStride
                0x0202d694                ax32xx_videoSetSize
                0x0202d6cc                ax32xx_videoSetPosition
                0x0202d6f4                ax32xx_videoCopyCfg
                0x0202d75c                ax32xx_videoEnable
                0x0202d7a0                ax32xx_degamma_cfg
                0x0202d7c0                ax32xx_videoGammaRed
                0x0202d804                ax32xx_videoGammaGreen
                0x0202d848                ax32xx_videoGammaBlue
                0x0202d88c                ax32xx_deSetGAMA
                0x0202d910                ax32xx_deSet_DE_CCM
                0x0202d9f8                ax32xx_deSet_DE_SAJ
                0x0202da64                ax32xx_videoGammaEnable
                0x0202daa8                ax32xx_osdEnable
                0x0202db14                ax32xx_osdSetSize
                0x0202db68                ax32xx_osdSetPosition
                0x0202dbbc                ax32xx_osdSetPalette
                0x0202dc04                ax32xx_osdSetAddr
                0x0202dcc0                ax32xx_osdGetAddr
                0x0202dd10                ax32xx_osdSetAlpha
                0x0202dd7c                ax32xx_osdSetUpscaler
                0x0202df44                ax32xx_osdEncodeOneCode
 .text          0x0202df94      0xfc8 ./Debug/csi_ax32xx_csi.c.o
                0x0202df94                hal_csi_fcnt_get
                0x0202dfc4                ax32xx_csiIRQHandler
                0x0202e254                ax32xx_csiISRRegiser
                0x0202e290                ax32xx_csiMJPEGFrameSet
                0x0202e300                ax32xx_csihv_tomjp_dma_cfg
                0x0202e38c                ax32xx_csi_only_FrameSet
                0x0202e3ac                ax32xx_csiYUVFrameSet
                0x0202e3c0                ax32xx_csiIOConfig
                0x0202e418                ax32xx_csiInit
                0x0202e444                ax32xx_csiMclkSet
                0x0202e508                ax32xx_csi_set_mclk_free
                0x0202e550                ax32xx_csiSyncSet
                0x0202e5b4                ax32xx_csiPrioritySet
                0x0202e5f8                ax32xx_csiTypeSet
                0x0202e664                ax32xx_csiModeSet
                0x0202e6a0                ax32xx_pclk_fir_Set
                0x0202e708                ax32xx_pclk_analog_Set
                0x0202e758                ax32xx_pclk_inv_Set
                0x0202e79c                ax32xx_csi_clk_tun_Set
                0x0202e7e4                ax32xx_csiSizeSet
                0x0202e81c                ax32xx_csiInputAddrSet
                0x0202e834                ax32xx_csiTestModeSet
                0x0202e89c                ax32xx_csiDvpClkDivSet
                0x0202e8e4                ax32xx_csiLCDFrameSet
                0x0202e910                ax32xx_csiLCDDmaEnable
                0x0202e9ac                ax32xx_csiLCDDmaKick
                0x0202e9f0                ax32xx_csiLCDScaler
                0x0202ebcc                ax32xx_csiScaler
                0x0202ed14                ax32xx_hvScaler
                0x0202ee68                ax32xx_csiScalerCheck
                0x0202ee90                ax32xx_csiOutputSet
                0x0202eecc                ax32xx_csiEnable
 .text          0x0202ef5c      0xd70 ./Debug/lcd_ax32xx_lcd.c.o
                0x0202ef5c                ax32xx_lcdSPIMode
                0x0202ef88                ax32xx_lcdSPIInit
                0x0202f038                ax32xx_lcdSPIUninit
                0x0202f074                ax32xx_lcdSPISendData
                0x0202f1e8                ax32xx_lcdMcuSendCmd
                0x0202f24c                ax32xx_lcdMcuSendData
                0x0202f2a0                ax32xx_lcdMcuSendCmd16
                0x0202f324                ax32xx_lcdMcuSendData16
                0x0202f3a8                ax32xx_lcdInit
                0x0202f3f4                ax32xx_lcdIRQEnable
                0x0202f43c                ax32xx_lcdPreLineSet
                0x0202f458                ax32xx_lcdSignalSet
                0x0202f4f0                ax32xx_lcdBusWidth
                0x0202f544                ax32xx_lcdBusEnable
                0x0202f594                ax32xx_lcdClkSet
                0x0202f5b4                ax32xx_lcdSyncSet
                0x0202f5d8                ax32xx_lcdDESignalSet
                0x0202f5fc                ax32xx_lcdPositionSet
                0x0202f618                ax32xx_lcdResolutionSet
                0x0202f634                ax32xx_lcdWindowSizeSet
                0x0202f650                ax32xx_lcdDataModeSet
                0x0202f694                ax32xx_lcdClkNumberSet
                0x0202f6ac                ax32xx_lcdEndLineSet
                0x0202f6c8                ax32xx_lcdPanelMode
                0x0202f710                ax32xx_lcdEnable
                0x0202f774                ax32xx_lcdTeMode
                0x0202f7bc                ax32xx_lcdKick
                0x0202f7f4                ax32xx_lcdIRQHandler
                0x0202f964                ax32xx_lcdISRRegister
                0x0202f9a8                ax32xx_lcdReset
                0x0202fa14                ax32xx_lcdMCUIOConfig
                0x0202faf8                ax32xx_lcdRGBIOConfig
                0x0202fbdc                ax32xx_lcd_lsawbtooth
 .text          0x0202fccc     0x1f10 ./Debug/mjpeg_ax32xx_mjpeg.c.o
                0x0202fccc                ax32xx_mpegPrint
                0x02030148                ax32xx_mjpB_reset
                0x020301b4                ax32xx_mjpegAIRQHandler
                0x02030208                ax32xx_mjpeg_encode_check
                0x02030374                ax32xx_mjpB_employ
                0x020303a0                ax32xx_mjpB_dcdown_reg
                0x020303c0                ax32xx_mjB_as_dcode
                0x020303ec                ax32xx_mjpegEA_ncodeISRRegister
                0x0203040c                ax32xx_mjpegEB_ncodeISRRegister
                0x0203042c                ax32xx_mjpegEA_ncodeISR
                0x02030458                ax32xx_mjpegDecodeISRRegister
                0x02030478                ax32xx_mjpegEncodeBufferSet
                0x020304c4                ax32xx_mjpegEncodeEnable
                0x020305b4                ax32xx_mjpegEncode_wifi_Enable
                0x020306a4                ax32xx_mjpegEncodeSizeSet
                0x0203074c                ax32xx_mjpegEncodeQuilitySet
                0x02030794                cal_jA_1s_size
                0x020307c4                ax32xx_mjpegEncodeQadj
                0x020308a8                ax32xx_mjpegEncodeInfoSet
                0x020308f0                ax32xx_mjpegEncodeLoadAddrGet
                0x0203090c                ax32xx_mjpeg_inlinebuf_init
                0x02030928                ax32xx_mjpegEncodeInit
                0x02030b60                ax32xx_mjpeg_manual_on
                0x02030ba8                ax32xx_mjpeg_manual_stop
                0x02030bcc                ax32xx_mjpegDecodeScalerCal
                0x02030c9c                ax32xx_mjpegDecodeSetSize
                0x02030ec0                ax32xx_mjpegDecodeOutputSet
                0x02030edc                ax32xx_mjpegDecodeInputSet
                0x02030f14                ax32xx_mjpegDecodeDriSet
                0x02030f2c                ax32xx_mjpegDecodeCompressSet
                0x02030f44                ax32xx_mjpegDecodeInitTable
                0x02030f88                ax32xx_mjpegDecodeInit
                0x0203118c                ax32xx_mjpegDecodeDCTimeSet
                0x0203122c                ax32xx_mjpegDecodeEnable
                0x020312a8                ax32xx_mjpegDecodeKick
                0x02031300                ax32xx_mjpegDecodeStop
                0x0203133c                ax32xx_mjpegBIRQHandler
                0x02031438                ax32xx_mjpegDecodeQDTCfg
                0x02031498                ax32xx_mjpegDecodeStatus
                0x020314cc                ax32xx_mjpegDecodeCheck
                0x020314fc                ax32xx_mjpegDecodeODma1Cfg
                0x02031590                ax32xx_mjpB_Ctl_init
                0x02031844                ax32xx_mjpB_Linebuf_cfg
                0x02031860                ax32xx_mjpB_dma_cfg
                0x0203188c                ax32xx_mjpB_stop
                0x020318f4                ax32xx_mjpB_on
                0x02031940                ax32xx_mjpB_stop_2
                0x02031994                ax32xx_mjpegB_encode_check
                0x02031b08                ax32xx_mjpB_on_2
                0x02031b40                jpeg1_decode_check
 .text          0x02031bdc        0x0 ./Debug/resource_user_icon.c.o
 .text          0x02031bdc        0x0 ./Debug/resource_user_str.c.o
 .text          0x02031bdc      0x110 ./Debug/src_hal_adc.c.o
                0x02031bdc                hal_adcInit
                0x02031c18                hal_adcRead
                0x02031c44                hal_adcSetChannel
                0x02031c90                hal_adcGetChannel
                0x02031ccc                hal_adcVDDRTCCalculate
 .text          0x02031cec       0xf0 ./Debug/src_hal_csi.c.o
                0x02031cec                hal_csiMCLKSet
                0x02031d0c                hal_csiRegister
                0x02031d40                hal_csiResolutionGet
                0x02031d9c                hal_csiAdptGet
                0x02031dbc                hal_csi_SeninitGet
 .text          0x02031ddc      0x24c ./Debug/src_hal_dac.c.o
                0x02031e24                hal_dacInit
                0x02031e7c                hal_dacPlayStart
                0x02031f28                hal_dacPlayStop
                0x02031f54                hal_dacSetVolume
                0x02031fb8                hal_dacSetBuffer
                0x02031fdc                hal_dacCallBackRegister
                0x02032000                hal_dacHPSet
 .text          0x02032028        0x0 ./Debug/src_hal_eeprom.c.o
 .text          0x02032028      0x2cc ./Debug/src_hal_gpio.c.o
                0x02032028                hal_gpioInit
                0x020320d0                hal_gpioInit_io1d1
                0x02032178                hal_io1d1_softstart
                0x020321a8                hal_io1d1_softstart_clr
                0x020321d0                hal_io1d1_pd_enable
                0x020321f8                hal_gpioEPullSet
                0x02032254                hal_gpioWrite
                0x0203227c                hal_gpioRead
                0x020322a0                hal_gpioIntInit
                0x020322c8                hal_gpioLedInit
 .text          0x020322f4      0x64c ./Debug/src_hal_iic.c.o
                0x020322f4                hal_iic0Init
                0x02032320                hal_iic0Uninit
                0x02032340                hal_iic08bitAddrWriteData
                0x020323dc                hal_iic08bitAddrReadData
                0x02032494                hal_iic08bitAddrWrite
                0x02032554                hal_iic08bitAddrRead
                0x02032628                hal_iic016bitAddrWriteData
                0x020326d0                hal_iic016bitAddrReadData
                0x02032794                hal_iic016bitAddrWrite
                0x02032860                hal_iic016bitAddrRead
 .text          0x02032940     0x1704 ./Debug/src_hal_lcd.c.o
                0x02032c08                hal_lcdSetBufYUV
                0x02032c9c                hal_lcd_vde_cfg
                0x02032cd4                hal_lcd_gamma_cfg
                0x02032ce8                usb_lcd_cfg
                0x02032cfc                lcd_isp_config
                0x02032d10                hal_lcdLCMPowerOff
                0x02032d88                hal_lcdPreviewStop
                0x02032dd4                hal_lcdSetShowingSize
                0x02032dec                hal_lcdSetRoate
                0x02032e04                hal_lcdDealBuffer
                0x02032eb8                hal_lcdGetShowingBuffer
                0x02032f1c                hal_lcdGetIdleBuffer
                0x02032f5c                hal_lcdPreviewStart
                0x020330a0                hal_lcdSetFrame
                0x020330c8                vch_debug
                0x020330dc                hal_lcdSetVCH
                0x020331b4                hal_lcdUpdataVCH
                0x020332b0                hal_lcdSwitchFrame2
                0x02033530                hal_lcdPreSetPIPEnable
                0x02033550                hal_lcdSetPIPEnable
                0x02033588                hal_lcdGetResolution
                0x0203360c                hal_lcdGetOSDShowingResolution
                0x02033668                hal_lcdGetOSDShowingPosition
                0x020336c4                hal_lcdGetShowingRotate
                0x020336f4                hal_lcdGetBufferResolution
                0x02033750                hal_lcdGetVideoPos
                0x020337ac                deocode_done
                0x0203380c                hal_lcd_get_next_frame
                0x020338bc                lcd_struct_get
                0x020338dc                hal_lcdFrameEndCallBack
                0x02033928                hal_lcdRegister
                0x02033fc0                hal_lcd_lsawtooth
                0x02033fe0                hal_lcdSetCsiCrop
 .text          0x02034044      0x75c ./Debug/src_hal_osd.c.o
                0x02034044                hal_osdGetIdleRotateBuffer
                0x02034068                hal_osdGetIdleCmpBuffer
                0x0203408c                hal_osdGetIdleDispBuffer
                0x020340b0                hal_osdBufferRelease
                0x020340d8                hal_osdDealBuffer
                0x02034158                hal_osdInit
                0x020343fc                hal_osdGetCurBuff
                0x0203443c                hal_osdGetFreeBuff
                0x0203448c                hal_osdSetBuff
                0x020344f4                hal_osdEnable
                0x02034530                hal_osdSetAddr
                0x0203456c                hal_osdSetBuffer
                0x020345ec                hal_osdSetPosition
                0x02034634                hal_osdSetPalette
                0x0203466c                hal_osdSetSize
                0x020346ac                hal_osdSetAlpha
                0x020346ec                hal_osdGetBufferResolution
                0x02034750                hal_deSet_DE_CCM
                0x02034778                hal_deSet_DE_SAJ
 .text          0x020347a0      0xc70 ./Debug/src_hal_rtc.c.o
                0x020347cc                hal_rtcCallBackRegister
                0x0203482c                hal_rtcCallBackRelease
                0x02034868                hal_rtcUninit
                0x020348a4                hal_rtcTimeGet
                0x020348c0                hal_rtcTimeGetExt
                0x020348f4                hal_rtcSecondGet
                0x02034914                hal_rtcTime2String
                0x02034bc8                hal_rtcTime2StringExt
                0x02034c2c                hal_rtcLeapYear
                0x02034e48                hal_rtcTime
                0x02034f5c                hal_rtcInit
                0x02035084                hal_rtcSecondSet
                0x020350c0                hal_rtcValue
                0x020351d0                hal_rtcTimeSet
                0x02035258                hal_rtcAlarmSet
                0x020352e8                hal_rtcAlarmSetExt
                0x0203538c                hal_rtcAlarmStatusGet
                0x020353c8                hal_vddWKOEnable
                0x020353ec                hal_vddGSENEnable
 .text          0x02035410      0xad8 ./Debug/src_hal_sd.c.o
                0x020354ac                hal_sdStop
                0x02035720                hal_sdNextLBA
                0x02035740                hal_sdInit
                0x02035be4                hal_sdUninit
                0x02035c10                hal_sdLock
                0x02035c50                hal_sdUnlock
                0x02035c7c                hal_sdCheck
                0x02035cf0                hal_sdSetCardState
                0x02035d10                hal_sdGetCardState
                0x02035d30                hal_sdGetBusWidth
                0x02035d50                hal_sdCapacity
                0x02035d70                hal_sdExist
                0x02035d98                hal_sdWrite
                0x02035e38                hal_speed_callback
                0x02035e68                hal_sdRead
 .text          0x02035ee8      0xad4 ./Debug/src_hal_spi.c.o
                0x02035ee8                hal_spiIOShare
                0x02035f00                hal_spiIOCheck
                0x02035f14                hal_spiInit
                0x02035f40                hal_spiSendByte
                0x02035f64                hal_spiSend
                0x02035f84                hal_spiRecvByte
                0x02035fa4                hal_spiRecv
                0x02035fe4                hal_spiCSConfig
                0x02036008                hal_spiFlashReadID
                0x02036068                hal_spiFlashWriteEnable
                0x0203609c                hal_spiFlashWait
                0x02036120                hal_spiFlashReadPage
                0x02036198                hal_spiFlashRead
                0x02036260                hal_spiFlashWritePage
                0x020362e0                hal_spiFlashWrite
                0x0203637c                hal_spiFlashEraseSector
                0x020363e8                hal_spiFlashEraseBlock
                0x0203644c                hal_spiFlashEraseChip
                0x02036488                spi_udisk_jpg_num
                0x020364a8                spi_udisk_write_jpg
                0x020366d8                spi_udisk_del_jpg
                0x0203676c                spi_udisk_read_jpg_size
                0x02036784                spi_udisk_read_jpg
                0x02036820                spi_udisk_get_list_idx
                0x02036868                spi_udisk_format
                0x02036900                spi_udisk_init
                0x02036990                spi_udisk_jpg_free_num
 .text          0x020369bc      0x128 ./Debug/src_hal_timer.c.o
                0x020369bc                hal_timerStart
                0x020369e0                hal_timerStop
                0x02036a04                hal_timerEnable
                0x02036a3c                hal_timerTickEnable
                0x02036a74                hal_timerTickGet
                0x02036a94                hal_timerPWMStart
                0x02036ac0                hal_timerPWMStop
 .text          0x02036ae4      0x67c ./Debug/src_hal_uart.c.o
                0x02036b48                hal_uartIOShare
                0x02036b88                hal_uartIOShareCheck
                0x02036bd0                hal_uartInit
                0x02036c20                hal_uartSendData
                0x02036c44                hal_uartRXIsrRegister
                0x02036c64                uart_PutChar_n
                0x02036c98                uart_PutStr
                0x02036cd8                uart_Put_hex
                0x02036e04                uart_Put_udec
                0x02036e98                uart_Put_dec
                0x02036f40                uart_Printf
                0x02037084                uart_PrintfBuf
                0x0203711c                hal_uartPrintString
 .text          0x02037160      0x64c ./Debug/src_hal_watermark.c.o
                0x020371c8                hal_watermarkInit
                0x02037278                hal_watermarkClose
                0x02037310                hal_watermarkClear
                0x02037390                hal_watermarkOpen
                0x02037430                hal_watermarkColor
                0x02037484                hal_watermarkAddr
                0x0203749c                hal_watermarkSize
                0x020374e8                hal_watermarkPosition
                0x02037534                hal_watermarkCallbackRegister
                0x0203757c                hal_watermarkRam
                0x0203761c                hal_watermarkEnable
                0x0203778c                hal_watermarkBPos_Adjust
 .text          0x020377ac      0x3c4 ./Debug/src_hal_sys.c.o
                0x020377f4                hal_sysInit
                0x02037910                hal_sysMemPrint
                0x02037940                hal_sysMemMalloc
                0x02037a10                hal_sysMemFree
                0x02037b04                hal_sysMemRemain
 .text          0x02037b70      0xa6c ./Debug/src_hal_auadc.c.o
                0x02037b70                _hal_auadcCallBackEnd
                0x02037c6c                _hal_auadcCallBackHalf
                0x02037cc4                hal_audc_33ms_syncnt_clr
                0x02037cf0                hal_audc_stamp_cal
                0x02037d1c                hal_audc_stamp_out
                0x02037d70                hal_audc_stamp_next
                0x02037dcc                hal_auadcCallBackEnd
                0x02037e48                hal_auadcInit
                0x02037e90                hal_auadcMemInit
                0x02037f2c                hal_auadcMemUninit
                0x02037fa0                hal_auadc_cnt
                0x02037fd0                _hal_auadcStartForUAC
                0x020380b0                hal_auadcStartForWAV
                0x020380c8                hal_auadcStartForAVI
                0x020381ec                hal_auadcBufferGet
                0x020382cc                hal_auadcBufferfree
                0x020382f8                hal_auadcStop
                0x02038320                hal_auadcBufferRelease
                0x02038348                hal_auadcUACProcess
                0x02038428                hal_adcBuffer_prefull
                0x0203848c                hal_adcBuffer_halffull
                0x020384a4                hal_adc_volume_set
                0x020384c4                hal_uac_send
                0x02038528                hal_auadcStartForUAC
 .text          0x020385dc     0x31c0 ./Debug/src_hal_mjpeg.c.o
                0x020385dc                hal_mjpegStart
                0x0203860c                hal_save_frame_isr
                0x020387b8                hal_mjpeg_manual_on
                0x02038838                hal_mjpegQualityCheck
                0x020388e8                hal_mjpegCallback_state
                0x02038924                hal_mjpegCallback
                0x02038b64                hal_mjpeg_manual_fdown
                0x02038f68                hal_jA_fcnt_get
                0x02038f98                hal_mjpeg_mallocbuf
                0x02038fb8                hal_mjpegEncodeResolutionImageQuad
                0x02038ffc                hal_mjpegSrcCSI
                0x02039140                hal_mjpegSrcRam
                0x02039154                hal_mjpegSrcColorBar
                0x020391dc                hal_Cut_SDR_SrcCSI
                0x020392b0                hal_mjpegMemInit
                0x020393d4                hal_mjpegMemUninit
                0x02039454                hal_mjpegEncodeInit
                0x020394b8                hal_mjpegEncodeUninit
                0x02039508                hal_mjpegEncodeResolution
                0x02039544                hal_mjpegEncodeResolutionImage
                0x02039580                hal_mjpegSizecalculate
                0x020395ac                imageGetYuvAddr
                0x020395e0                hal_mjpeg_get_num
                0x02039600                imageGetYuvLen
                0x02039620                hal_mjpeg_rev_buf_init
                0x020396dc                hal_mjpeg_rev_buf_malloc
                0x02039748                hal_mjpeg_rev_buf_free
                0x02039794                hal_mjpeg_queue_init
                0x02039834                hal_mjpeg_post_msg
                0x020398c4                hal_mjpeg_manual_quad_on
                0x0203992c                hal_mjpeg_manual_quad_fdown
                0x02039b34                hal_mjpeg_manual_get_csi_yuv_sta
                0x02039b54                hal_mjpeg_software_handle_csi_yuvbuf
                0x02039bbc                hal_mjpegUVCStart
                0x02039ecc                hal_mjpegPhotoStart
                0x0203a2c0                hal_mjpegAVIStart
                0x0203a6dc                hal_mjpegRawDataGet
                0x0203a6f4                hal_mjpegRawBuffer_prefull
                0x0203a764                hal_mjpegRawBuffer_halffull
                0x0203a7d4                hal_mjpegRawBufferfree
                0x0203a7fc                hal_mjpegRawBufferGet
                0x0203a96c                hal_mjpegRawDataSet
                0x0203a994                hal_mjpegHeaderParse
                0x0203b020                hal_mjpegDecodeGetResolution
                0x0203b068                hal_mjpegDecodeSetResolution
                0x0203b08c                hal_mjpeglDecodeGetResolution
                0x0203b0c4                hal_mjpeglDecodeSetResolution
                0x0203b0f0                hal_mjpegDecodeStatusCheck
                0x0203b110                hal_mjpegDecodeErrorCheck
                0x0203b130                hal_mjpegDecodeMiniSize
                0x0203b2b4                hal_mjpegDecodeStop
                0x0203b2d4                hal_mjpegDecodeReset
                0x0203b300                hal_mjpegDecodePicture
                0x0203b370                hal_mjpegDecodeNoIsr
                0x0203b3dc                hal_mjpg_scale_down
                0x0203b4f4                hal_mjpegDecodeParse
                0x0203b524                hal_mjpegDecodeOneFrame
                0x0203b57c                hal_mjpegDecodeOneFrame_Ext
                0x0203b604                hal_mjpegDecodeRestart_Ext
                0x0203b670                hal_mjpegDecodeOneFrame_Fast
                0x0203b734                hal_mjpegDecodeODma1Cfg
                0x0203b758                hal_curBuffer_clear
 .text          0x0203b79c       0x34 ./Debug/src_hal_int.c.o
                0x0203b79c                hal_intInit
 .text          0x0203b7d0        0x0 ./Debug/src_hal_wdt.c.o
 .text          0x0203b7d0      0x4bc ./Debug/src_hal_stream.c.o
                0x0203b7d0                hal_streamInit
                0x0203b8c8                hal_streamMalloc
                0x0203b9b0                hal_streamIn_Drop
                0x0203ba14                hal_streamIn
                0x0203bab0                hal_streamOut
                0x0203bb3c                hal_streamOut_next
                0x0203bbcc                hal_streamfree
                0x0203bc74                hal_stream_size
 .text          0x0203bc8c        0x0 ./Debug/src_hal_emi.c.o
 .text          0x0203bc8c      0x1a8 ./Debug/src_hal_osdcmp.c.o
                0x0203bd04                hal_osdcmpStart
                0x0203bde8                hal_osdcmpInit
                0x0203be10                hal_osdcmpCompOneFrame
 .text          0x0203be34      0x328 ./Debug/src_hal_rotate.c.o
                0x0203bfc8                hal_rotateInit
                0x0203c01c                hal_rotateAdd
 .text          0x0203c15c      0xa60 ./Debug/src_hal_lcdframe.c.o
                0x0203c15c                hal_lcdAddrCalculate
                0x0203c208                hal_dispframeInit
                0x0203c7cc                hal_dispframeVideoCfg
                0x0203ca50                hal_dispframeMalloc
                0x0203cae4                hal_dispframeFree
                0x0203cb70                hal_dispframeSetCallback