Archive member included because of file (symbol)

../bwlib\liblimage.a(imageL_encode.o)
                              ./Debug/taskPhotoEncode.c.o (imageEncodeQuadStart)
../bwlib\libwatermark.a(image_watermark.o)
                              ./Debug/taskPhotoEncode.c.o (watermark_bmp2yuv_init)
../bwlib\libeffect.a(user_effect.o)
                              ./Debug/multimedia_user_media.c.o (warpHandle)
../bwlib\libmp3.a(mp3_decode_api.o)
                              ./Debug/taskAudioPlayer.c.o (mp3_dac_memInit)
../bwlib\libmp3.a(decoder.o)  ../bwlib\libmp3.a(mp3_decode_api.o) (mad_decoder_init)
../bwlib\libmp3.a(stream.o)   ../bwlib\libmp3.a(decoder.o) (mad_stream_init)
../bwlib\libmp3.a(synth.o)    ../bwlib\libmp3.a(decoder.o) (mad_synth_init)
../bwlib\libmp3.a(bit.o)      ../bwlib\libmp3.a(stream.o) (mad_bit_init)
../bwlib\libmp3.a(frame.o)    ../bwlib\libmp3.a(decoder.o) (mad_frame_finish)
../bwlib\libmp3.a(layer12.o)  ../bwlib\libmp3.a(frame.o) (mad_layer_I)
../bwlib\libmp3.a(timer.o)    ../bwlib\libmp3.a(frame.o) (mad_timer_set)
../bwlib\libmp3.a(layer3.o)   ../bwlib\libmp3.a(frame.o) (mad_layer_III)
../bwlib\libmp3.a(huffman.o)  ../bwlib\libmp3.a(layer3.o) (mad_huff_pair_table)
../bwlib\libsd.a(ax32xx_sd.o)
                              ./Debug/src_hal_sd.c.o (ax32xx_sd0Init)
../bwlib\libavi.a(aviEncoder.o)
                              ./Debug/video_video_record.c.o (aviEncodeInit)
../bwlib\libavi.a(encoder_std.o)
                              ../bwlib\libavi.a(aviEncoder.o) (avi_encoder_std)
../bwlib\libavi.a(encoder_odml.o)
                              ../bwlib\libavi.a(aviEncoder.o) (avi_odmlAddoffset)
../bwlib\libavi.a(aviDecoder.o)
                              ./Debug/video_video_playback.c.o (aviDecodeInit)
../bwlib\libavi.a(decoder_std.o)
                              ../bwlib\libavi.a(aviDecoder.o) (avi_standard)
../bwlib\libavi.a(decoder_odml.o)
                              ../bwlib\libavi.a(aviDecoder.o) (avi_opendml)
../bwlib\libfs.a(fs.o)        ./Debug/taskSysScanDevice.c.o (fs_nodeinit)
../bwlib\libfs.a(diskio.o)    ./Debug/main.c.o (fs_init)
../bwlib\libfs.a(ff.o)        ../bwlib\libfs.a(fs.o) (clst2sect)
../bwlib\libfs.a(ffunicode.o)
                              ../bwlib\libfs.a(ff.o) (ff_uni2oem)
C:/MinGW-4.7.1/or1k-elf/lib/no-delay\libc.a(lib_a-memcmp.o)
                              ../bwlib\libfs.a(ff.o) (memcmp)
C:/MinGW-4.7.1/or1k-elf/lib/no-delay\libc.a(lib_a-memcpy.o)
                              ./Debug/resource_manager.c.o (memcpy)
C:/MinGW-4.7.1/or1k-elf/lib/no-delay\libc.a(lib_a-memmove.o)
                              ./Debug/game_tetris.c.o (memmove)
C:/MinGW-4.7.1/or1k-elf/lib/no-delay\libc.a(lib_a-memset.o)
                              ./Debug/main.c.o (memset)
C:/MinGW-4.7.1/or1k-elf/lib/no-delay\libc.a(lib_a-strcasecmp.o)
                              ./Debug/resource_manager.c.o (strcasecmp)
C:/MinGW-4.7.1/or1k-elf/lib/no-delay\libc.a(lib_a-strcat.o)
                              ./Debug/resource_manager.c.o (strcat)
C:/MinGW-4.7.1/or1k-elf/lib/no-delay\libc.a(lib_a-strchr.o)
                              ../bwlib\libfs.a(ff.o) (strchr)
C:/MinGW-4.7.1/or1k-elf/lib/no-delay\libc.a(lib_a-strcmp.o)
                              ./Debug/resource_manager.c.o (strcmp)
C:/MinGW-4.7.1/or1k-elf/lib/no-delay\libc.a(lib_a-strcpy.o)
                              ./Debug/resource_manager.c.o (strcpy)
C:/MinGW-4.7.1/or1k-elf/lib/no-delay\libc.a(lib_a-strlen.o)
                              ./Debug/resource_manager.c.o (strlen)
C:/MinGW-4.7.1/or1k-elf/lib/no-delay\libc.a(lib_a-strncmp.o)
                              ./Debug/resource_manager.c.o (strncmp)
C:/MinGW-4.7.1/or1k-elf/lib/no-delay\libc.a(lib_a-strstr.o)
                              ../bwlib\liblimage.a(imageL_encode.o) (strstr)
C:/MinGW-4.7.1/or1k-elf/lib/no-delay\libc.a(lib_a-ctype_.o)
                              C:/MinGW-4.7.1/or1k-elf/lib/no-delay\libc.a(lib_a-strcasecmp.o) (__ctype_ptr__)
C:/MinGW-4.7.1/or1k-elf/lib/no-delay\libc.a(lib_a-memchr.o)
                              C:/MinGW-4.7.1/or1k-elf/lib/no-delay\libc.a(lib_a-strstr.o) (memchr)
C:/MinGW-4.7.1/lib/gcc/or1k-elf/4.9.1/no-delay\libgcc.a(_muldi3.o)
                              ../bwlib\libmp3.a(mp3_decode_api.o) (__muldi3)
C:/MinGW-4.7.1/lib/gcc/or1k-elf/4.9.1/no-delay\libgcc.a(_udivdi3.o)
                              ../bwlib\libmp3.a(mp3_decode_api.o) (__udivdi3)
C:/MinGW-4.7.1/lib/gcc/or1k-elf/4.9.1/no-delay\libgcc.a(addsf3.o)
                              ../bwlib\libeffect.a(user_effect.o) (__addsf3)
C:/MinGW-4.7.1/lib/gcc/or1k-elf/4.9.1/no-delay\libgcc.a(divsf3.o)
                              ../bwlib\libeffect.a(user_effect.o) (__divsf3)
C:/MinGW-4.7.1/lib/gcc/or1k-elf/4.9.1/no-delay\libgcc.a(eqsf2.o)
                              ../bwlib\libeffect.a(user_effect.o) (__eqsf2)
C:/MinGW-4.7.1/lib/gcc/or1k-elf/4.9.1/no-delay\libgcc.a(gesf2.o)
[...]
Memory Configuration

Name             Origin             Length             Attributes
boot             0x01fffc00         0x00000200
ram_boot         0x00000000         0x00005000
ram_user         0x00000000         0x00005000
usbfifo          0x00008000         0x00001000
sdram            0x02000000         0x00200000
exsdram          0x00000000         0x00800000
*default*        0x00000000         0xffffffff

Linker script and memory map

LOAD ./Debug/ax32xx_reset.S.o
LOAD ./Debug/ax32xx_spi_boot_cfg.S.o
LOAD ./Debug/ax32xx_BLDRX32.S.o
LOAD ./Debug/main.c.o
LOAD ./Debug/resource_manager.c.o
LOAD ./Debug/board.c.o
LOAD ./Debug/board_bwv1.c.o
LOAD ./Debug/config.c.o
LOAD ./Debug/display.c.o
LOAD ./Debug/explorer.c.o
LOAD ./Debug/filelist.c.o
LOAD ./Debug/font.c.o
LOAD ./Debug/icon.c.o
LOAD ./Debug/configGetValue.c.o
LOAD ./Debug/configSystem.c.o
LOAD ./Debug/logo.c.o
LOAD ./Debug/menuMovieRec.c.o
LOAD ./Debug/msgDeal.c.o
LOAD ./Debug/msgSysRecommend.c.o
LOAD ./Debug/msgSysUnshielded.c.o
LOAD ./Debug/taskManage.c.o
LOAD ./Debug/taskPhotoEncode.c.o
LOAD ./Debug/taskPhotoEncodeMsg.c.o
LOAD ./Debug/taskPlayBack.c.o
LOAD ./Debug/taskPlayBackMsg.c.o
LOAD ./Debug/taskPowerOff.c.o
LOAD ./Debug/taskSysScanDevice.c.o
LOAD ./Debug/taskUsbDevice.c.o
LOAD ./Debug/taskVideoRecord.c.o
LOAD ./Debug/taskVideoRecordMsg.c.o
LOAD ./Debug/toolFunc.c.o
LOAD ./Debug/uiMenuDateTimeMsg.c.o
LOAD ./Debug/uiMenuDefaultMsg.c.o
LOAD ./Debug/uiMenuDelAllMsg.c.o
LOAD ./Debug/uiMenuDelCurMsg.c.o
LOAD ./Debug/uiMenuFormatMsg.c.o
LOAD ./Debug/uiMenuItemMsg.c.o
LOAD ./Debug/uiMenuOptionMsg.c.o
LOAD ./Debug/uiMenuUsbMsg.c.o
LOAD ./Debug/uiNoFileMsg.c.o
LOAD ./Debug/uiTips1Msg.c.o
LOAD ./Debug/uiTipsMsg.c.o
LOAD ./Debug/uiWin.c.o
LOAD ./Debug/uiMenuVersionMsg.c.o
LOAD ./Debug/taskAudioPlayer.c.o
LOAD ./Debug/taskAudioPlayerMsg.c.o
LOAD ./Debug/taskAudioPlayerRes.c.o
LOAD ./Debug/taskPhotoEncodeRes.c.o
LOAD ./Debug/taskPlayBackRes.c.o
LOAD ./Debug/taskVideoRecordRes.c.o
LOAD ./Debug/uiMenuDateTimeRes.c.o
LOAD ./Debug/uiMenuDefaultRes.c.o
LOAD ./Debug/uiMenuDelAllRes.c.o
LOAD ./Debug/uiMenuDelCurRes.c.o
LOAD ./Debug/uiMenuFormatRes.c.o
LOAD ./Debug/uiMenuItemRes.c.o
LOAD ./Debug/uiMenuOptionRes.c.o
LOAD ./Debug/uiMenuUsbRes.c.o
LOAD ./Debug/uiMenuVersionRes.c.o
LOAD ./Debug/uiNoFileRes.c.o
LOAD ./Debug/uiTips1Res.c.o
LOAD ./Debug/uiTipsRes.c.o
LOAD ./Debug/taskMainMenu.c.o
LOAD ./Debug/taskMainMenuMsg.c.o
LOAD ./Debug/taskMainMenuRes.c.o
LOAD ./Debug/taskSettingMenu.c.o
LOAD ./Debug/userInterface.c.o
LOAD ./Debug/upgrade.c.o
LOAD ./Debug/game_block.c.o
LOAD ./Debug/game_snake.c.o
LOAD ./Debug/game_sokoban.c.o
LOAD ./Debug/game_tetris.c.o
LOAD ./Debug/taskGame.c.o
LOAD ./Debug/taskGameMenu.c.o
LOAD ./Debug/taskGameMenuMsg.c.o
LOAD ./Debug/taskGameMenuRes.c.o
LOAD ./Debug/game_plane.c.o
LOAD ./Debug/game_maze.c.o
LOAD ./Debug/xos_x_cpu.c.o
LOAD ./Debug/xos_xmbox.c.o
LOAD ./Debug/xos_xmsgq.c.o
LOAD ./Debug/xos_xos.c.o
LOAD ./Debug/xos_xwork.c.o
LOAD ./Debug/multimedia_user_media.c.o
LOAD ./Debug/sUI_button.c.o
LOAD ./Debug/sUI_dialog.c.o
LOAD ./Debug/sUI_frameWin.c.o
LOAD ./Debug/sUI_imageIcon.c.o
LOAD ./Debug/sUI_itemManage.c.o
LOAD ./Debug/sUI_menuItem.c.o
LOAD ./Debug/sUI_menuItemEx.c.o
LOAD ./Debug/sUI_menuOption.c.o
LOAD ./Debug/sUI_progressBar.c.o
LOAD ./Debug/sUI_rect.c.o
LOAD ./Debug/sUI_stringIcon.c.o
LOAD ./Debug/sUI_tips.c.o
LOAD ./Debug/sUI_uiAlloc.c.o
LOAD ./Debug/sUI_widget.c.o
LOAD ./Debug/sUI_winManage.c.o
LOAD ./Debug/sUI_memPool.c.o
LOAD ./Debug/sUI_widgetManage.c.o
LOAD ./Debug/src_ax32xx_int.c.o
LOAD ./Debug/src_ax32xx_sys.c.o
LOAD ./Debug/src_ax32xx_dma.c.o
LOAD ./Debug/src_ax32xx_wdt.c.o
LOAD ./Debug/src_ax32xx_gpio.c.o
LOAD ./Debug/src_ax32xx_uart.c.o
LOAD ./Debug/src_ax32xx_timer.c.o
LOAD ./Debug/src_ax32xx_tminf.c.o
LOAD ./Debug/src_ax32xx_spi.c.o
LOAD ./Debug/src_ax32xx_rtc.c.o
LOAD ./Debug/src_ax32xx_iic.c.o
LOAD ./Debug/src_ax32xx_dac.c.o
LOAD ./Debug/src_ax32xx_adc.c.o
LOAD ./Debug/src_ax32xx_auadc.c.o
LOAD ./Debug/src_jpeg_table.c.o
LOAD ./Debug/src_ax32xx_usb.c.o
LOAD ./Debug/src_ax32xx_misc.c.o
LOAD ./Debug/src_ax32xx_pip.c.o
LOAD ./Debug/src_ax32xx_btuart.c.o
LOAD ./Debug/src_ax32xx_crc.c.o
LOAD ./Debug/src_ax32xx_emi.c.o
LOAD ./Debug/src_ax32xx_rotate.c.o
LOAD ./Debug/src_ax32xx_osdcmp.c.o
LOAD ./Debug/src_ax32xx_isp.c.o
LOAD ./Debug/osd_ax32xx_osd.c.o
LOAD ./Debug/csi_ax32xx_csi.c.o
LOAD ./Debug/lcd_ax32xx_lcd.c.o
LOAD ./Debug/mjpeg_ax32xx_mjpeg.c.o
LOAD ./Debug/resource_user_icon.c.o
LOAD ./Debug/resource_user_str.c.o
LOAD ./Debug/src_hal_adc.c.o
LOAD ./Debug/src_hal_csi.c.o
LOAD ./Debug/src_hal_dac.c.o
LOAD ./Debug/src_hal_eeprom.c.o
LOAD ./Debug/src_hal_gpio.c.o
LOAD ./Debug/src_hal_iic.c.o
LOAD ./Debug/src_hal_lcd.c.o
LOAD ./Debug/src_hal_osd.c.o
LOAD ./Debug/src_hal_rtc.c.o
LOAD ./Debug/src_hal_sd.c.o
LOAD ./Debug/src_hal_spi.c.o
LOAD ./Debug/src_hal_timer.c.o
LOAD ./Debug/src_hal_uart.c.o
LOAD ./Debug/src_hal_watermark.c.o
LOAD ./Debug/src_hal_sys.c.o
LOAD ./Debug/src_hal_auadc.c.o
LOAD ./Debug/src_hal_mjpeg.c.o
LOAD ./Debug/src_hal_int.c.o
LOAD ./Debug/src_hal_wdt.c.o
LOAD ./Debug/src_hal_stream.c.o
LOAD ./Debug/src_hal_emi.c.o
LOAD ./Debug/src_hal_osdcmp.c.o
LOAD ./Debug/src_hal_rotate.c.o
LOAD ./Debug/src_hal_lcdframe.c.o
LOAD ./Debug/src_hal_custom_yuv.c.o
LOAD ./Debug/dusb_hal_usb_api.c.o
LOAD ./Debug/dusb_hal_usb_dev_enum.c.o
LOAD ./Debug/dusb_hal_usb_msc.c.o
LOAD ./Debug/dusb_hal_usb_uac.c.o
LOAD ./Debug/dusb_hal_usb_uvc.c.o
LOAD ./Debug/audio_audio_playback.c.o
LOAD ./Debug/audio_audio_record.c.o
LOAD ./Debug/audio_ring_buffer.c.o
LOAD ./Debug/video_video_playback.c.o
LOAD ./Debug/video_video_record.c.o
LOAD ./Debug/image_image_decode.c.o
LOAD ./Debug/image_image_encode.c.o
LOAD ./Debug/wav_alaw.c.o
LOAD ./Debug/wav_imaadpcm.c.o
LOAD ./Debug/wav_pcm.c.o
LOAD ./Debug/wav_ulaw.c.o
LOAD ./Debug/wav_wav.c.o
LOAD ./Debug/stream_stream.c.o
LOAD ./Debug/cmos_sensor_cmos_sensor.c.o
LOAD ./Debug/cmos_sensor_SENSOR_BF3a03.c.o
LOAD ./Debug/cmos_sensor_SENSOR_BF2013.c.o
LOAD ./Debug/cmos_sensor_SENSOR_BF3703.c.o
LOAD ./Debug/cmos_sensor_SENSOR_GC0307.c.o
LOAD ./Debug/cmos_sensor_SENSOR_GC0308.c.o
LOAD ./Debug/cmos_sensor_SENSOR_GC0309.c.o
LOAD ./Debug/cmos_sensor_SENSOR_GC0328.c.o
LOAD ./Debug/cmos_sensor_SENSOR_OV7670.c.o
LOAD ./Debug/cmos_sensor_SENSOR_SP0838.c.o
LOAD ./Debug/cmos_sensor_SENSOR_SP0A18.c.o
LOAD ./Debug/cmos_sensor_SENSOR_GC0329.c.o
LOAD ./Debug/cmos_sensor_SENSOR_SIV100B.c.o
LOAD ./Debug/tft_lcd_lcd_mcu_st7789P3.c.o
LOAD ./Debug/cmos_sensor_SENSOR_BF20A6.c.o
LOAD ./Debug/tft_lcd_lcd_mcu_st7789.c.o
LOAD ./Debug/tft_lcd_tft_lcd.c.o
LOAD ./Debug/tft_lcd_lcd_mcu_ili9328.c.o
LOAD ./Debug/tft_lcd_lcd_mcu_st7789v.c.o
LOAD ./Debug/tft_lcd_lcd_mcu_hx8352c.c.o
LOAD ./Debug/tft_lcd_lcd_mcu_9225G.c.o
LOAD ./Debug/tft_lcd_lcd_mcu_nv3030b.c.o
LOAD ./Debug/nvfs_nvfs.c.o
LOAD ./Debug/Maxlib_max_user.c.o
LOAD ./Debug/Maxlib_uiDraw.c.o
LOAD ./Debug/std_misc.c.o
LOAD ./Debug/std_std_math.c.o
LOAD ./Debug/std_str.c.o
LOAD ./Debug/res_ascii.c.o
LOAD ./Debug/res_ascii_default.c.o
LOAD ./Debug/res_ascii_default_draw.c.o
LOAD ./Debug/res_R.c.o
LOAD ./Debug/res_R_icon.c.o
LOAD ./Debug/res_R_string.c.o
LOAD ./Debug/res_unicode_font.c.o
LOAD ./Debug/res_ascii_num3.c.o
LOAD ./Debug/res_ascii_num3_draw.c.o
LOAD ../bwlib\liblimage.a
LOAD ../bwlib\libwatermark.a
LOAD ../bwlib\libeffect.a
LOAD ../bwlib\libmp3.a
LOAD ../bwlib\libsd.a
LOAD ../bwlib\libavi.a
LOAD ../bwlib\libfs.a
LOAD C:/MinGW-4.7.1/or1k-elf/lib/no-delay\libc.a
LOAD C:/MinGW-4.7.1/lib/gcc/or1k-elf/4.9.1/no-delay\libgcc.a

.bootsec        0x01fffc00      0x200 load address 0x00000000
 *(.bootsec)
 .bootsec       0x01fffc00      0x200 ./Debug/ax32xx_BLDRX32.S.o
                0x01fffc10                hex
                0x01fffc10                .hex
                0x01fffdd8                .bootsect

.exception      0x00000000     0x1e3c load address 0x00000200
                0x00000000                _exception_vma = .
 *(.vector)
 .vector        0x00000000      0x3d0 ./Debug/ax32xx_reset.S.o
                0x00000304                _start
                0x00000340                _step_in
                0x00000384                _step_out
 *(.vector.text)
 .vector.text   0x000003d0     0x1668 ./Debug/src_ax32xx_int.c.o
                0x00000514                _rtcRamWrite
                0x000005bc                _rtcRamRead
                0x00000670                my_putchar
                0x00000684                exception_uart_puts
                0x00000698                my_memset
                0x000006c8                exception_init
                0x0000076c                ax32xx_vddrtcCalculate
                0x00000798                dllcon_init
                0x00000944                sdram_init
                0x00000a14                adcRead
                0x00000a6c                adcConverStart
                0x00000a90                adcSetBaudrate
                0x00000ac0                sysClkSet
                0x00000b1c                adcEnable
                0x00000b84                adcGetChannel
                0x00000bbc                sdram_tuning_check_2
                0x00000d3c                _sdr_tuning2_conifg_set
                0x00000d5c                crc_cal
                0x00000dd0                sdram_clock_tune
                0x000017b0                exception
                0x00001a1c                exception_trigger
 *(.vector.data)
 .vector.data   0x00001a38      0x100 ./Debug/ax32xx_reset.S.o
                0x00001a38                _step_data
 .vector.data   0x00001b38      0x304 ./Debug/src_ax32xx_int.c.o
                0x00001b38                tune_values
                0x00001cb8                tune_by
                0x00001cc4                tune_tab_2_dll
                0x00001cd4                tune_tab_1_dll
                0x00001ce4                tune_tab_2_clk
                0x00001d04                tune_tab_1_clk
                0x00001d24                tuning_test_addr
                0x00001da4                tuning_test_data
                0x00001e24                SDRTUN2_CON
                0x00001e2c                sdr_tune_source
                0x00001e30                chip_vision

.ram            0x00001e3c     0x2660 load address 0x0000203c
                0x00001e3c                __sram_start = .
 *(.msk_var_use)
 *(.sdc_buf)
 .sdc_buf       0x00001e3c       0x40 ../bwlib\libsd.a(ax32xx_sd.o)
 *(.sram_comm)
 .sram_comm     0x00001e7c       0x60 ./Debug/xos_xmsgq.c.o
 .sram_comm     0x00001edc     0x25c0 ./Debug/src_hal_sys.c.o
                0x00001edc                ramuse
                0x0000449c                __sram_end = .

.fifo           0x00008000      0xce0
                0x00008000                __ufifo_start = .
 *(.sram_Usbfifo)
 .sram_Usbfifo  0x00008000      0xce0 ./Debug/src_hal_sys.c.o
                0x00008000                usbfifo
                0x00008ce0                __ufifo_end = .

.text           0x02000000    0x80d2c load address 0x00002200
                0x02000000                _text_start = .
 *(.text*)
 .text          0x02000000        0x0 ./Debug/ax32xx_reset.S.o
 .text          0x02000000        0x0 ./Debug/ax32xx_spi_boot_cfg.S.o
 .text          0x02000000        0x0 ./Debug/ax32xx_BLDRX32.S.o
 .text          0x02000000      0x4a8 ./Debug/main.c.o
                0x02000000                registerTask
                0x020000bc                init
                0x02000440                systemService
                0x02000474                sendDrawUIMsg
 .text.startup  0x020004a8       0xb8 ./Debug/main.c.o
                0x020004a8                main
 .text          0x02000560     0x1b84 ./Debug/resource_manager.c.o
                0x0200069c                managerInit
                0x02000714                managerCreate
                0x020007ec                managerDestory
                0x02000864                managerFileCount
                0x020008fc                managerFileCountEx
                0x02000968                managerLockFileExt
                0x02000a10                managerUnlockFileExt
                0x02000abc                managerCheckLock
                0x02000af8                managerCheckLockExt
                0x02000b88                managerFlush
                0x02000bf4                managerDelFileByIndex
                0x02000d04                managerDelFileAll
                0x02000de8                managerScanStart
                0x02000e50                managerScanEnd
                0x02000f10                explorerListHook
                0x02000f28                managerNameChange
                0x02001128                managerSpaceCheck
                0x0200123c                manangerCheckFileType
                0x0200149c                managerAddFile
                0x02001540                managerAddFileEx
                0x020015a0                managerRenameExt
                0x02001640                managerRename
                0x02001700                managerLockFile
                0x02001788                managerUnlockFile
                0x02001848                managerDelFileByName
                0x020019a4                managerDelFileByFullName
                0x02001b24                managerFileNameCreater
                0x02001d38                managerFileScan
                0x02001ebc                manangerGetFileFullPathName
                0x02001f70                manangerGetFileName
                0x02002008                manangerFindFileAndDel
 .text          0x020020e4      0x310 ./Debug/board.c.o
                0x020020e4                boardInit
                0x0200220c                boardOpen
                0x020022b0                boardIoctrl
                0x02002338                boardNameIoctrl
 .text          0x020023f4      0xb50 ./Debug/board_bwv1.c.o
                0x020029a8                board_lcd_reset
                0x02002a20                board_sensor_reset
                0x02002b5c                board_lcd_ioctrl_pwm
                0x02002ba0                getCurBatteryADC
                0x02002bc0                getKeyADCvalue
                0x02002be0                getKeyVal
                0x02002d04                getKey
                0x02002dd4                keyScanKey
                0x02002f08                board_powerCheck
 .text          0x02002f44      0x2ec ./Debug/config.c.o
                0x02002f44                configCheckSumCal
                0x02002f98                userConfigSave
                0x0200300c                userConfigReset
                0x02003104                userConfigInitial
                0x020031b4                configSet
                0x020031f0                configGet
 .text          0x02003230      0xc58 ./Debug/display.c.o
                0x02003230                dispLayerPIPOnlyFront
                0x020032a0                dispLayerPIPOnlyBack
                0x0200331c                dispLayerPIPBakRightTop
                0x020033bc                dispLayerPIPFrtRightTop
                0x02003440                dispLayerPIPFBHalf
                0x020034c4                dispLayerPIPBFHalf
                0x02003548                dispLayerUninit
                0x020035a4                dispLayerGetResolution
                0x02003678                dispLayerSetResolution
                0x02003764                dispLayerSetRotate
                0x02003798                dispRatioResolutionCalculate
                0x02003870                dispLayerSetRatio
                0x02003920                dispLayerInit
                0x02003b4c                dispLayerShow
                0x02003b90                dispLayerGetFrame
                0x02003bd8                dispLayerGetFreeFrame
                0x02003c18                dispLayerFreeFrame
                0x02003c90                dispLayerSetFrame
                0x02003cdc                dispLayerSetPIPMode
                0x02003d40                dispLayer_ABwin
                0x02003d70                dispLayer_getABwin
                0x02003d90                dispLayerSetFrontCrop
 .text          0x02003e88        0x0 ./Debug/explorer.c.o
 .text          0x02003e88      0xc4c ./Debug/filelist.c.o
 .text          0x02004ad4      0x8ec ./Debug/font.c.o
                0x02004ce4                fontInit
                0x02004dac                fontSetLanguage
                0x02004e5c                fontGetStringInfo
                0x02004f0c                fontDrawString
                0x020050fc                resGetString
                0x02005214                resGetChar
 .text          0x020053c0      0x2e0 ./Debug/icon.c.o
                0x020053c0                iconInit
                0x0200540c                iconGetSize
                0x020054b0                iconGetData
                0x0200554c                iconGetAddr
                0x020055c0                iconGetPalette
                0x02005630                iconGetGamePalette
 .text          0x020056a0      0x1ec ./Debug/configGetValue.c.o
                0x020056a0                configValue2Int
 .text          0x0200588c      0x19c ./Debug/configSystem.c.o
                0x0200588c                configLanguage
                0x02005904                configSys
                0x020059ec                configSystem
 .text          0x02005a28      0x770 ./Debug/logo.c.o
                0x02005a28                logo_image_show
                0x02005b20                jpg_decode_show
                0x02005c08                logo_music_show
                0x02005d98                layout_logo_show
                0x02005e84                background_logo_image_show
                0x02005f4c                layout_version_get
                0x02006038                layout_keysound_load
                0x02006110                layout_sound_load
 .text          0x02006198       0xb0 ./Debug/menuMovieRec.c.o
                0x02006198                menuProcDateTime
                0x020061c4                menuProcVersion
                0x020061f0                menuProcFormat
                0x0200621c                menuProcDefault
 .text          0x02006248      0x384 ./Debug/msgDeal.c.o
                0x02006248                msgFuncRegister
                0x02006300                unshieldedMsgFuncRegister
                0x0200637c                msgDeal
                0x020064d8                msgDealByType
                0x02006570                msgDealByMsgInfor
 .text          0x020065cc       0x98 ./Debug/msgSysRecommend.c.o
 .text          0x02006664      0x5a4 ./Debug/msgSysUnshielded.c.o
 .text          0x02006c08      0x320 ./Debug/taskManage.c.o
                0x02006c08                taskInit
                0x02006c7c                taskInfor
                0x02006c90                taskRegister
                0x02006cc8                taskPrevious
                0x02006ce8                taskCurrent
                0x02006d08                taskNext
                0x02006d28                taskStart
                0x02006da8                taskChange
                0x02006dbc                taskService
 .text          0x02006f28      0xc48 ./Debug/taskPhotoEncode.c.o
                0x02006f28                taskPhotoEncodeClose
                0x02006ff4                taskPhotoEncodeService
                0x020070a4                photoImagePreSizeGet
                0x02007340                task_image_createfile
                0x02007448                image_take_photo
                0x0200768c                image_take_photo_to_sdram
                0x02007964                photo_animation_effect
                0x02007a80                taskPhotoEncodeOpen
 .text          0x02007b70     0x1864 ./Debug/taskPhotoEncodeMsg.c.o
                0x0200935c                photoFocusIconCancel
 .text          0x020093d4      0x8a4 ./Debug/taskPlayBack.c.o
                0x020093d4                taskPlayBackClose
                0x02009410                video_playback_jpg_scale
                0x02009588                video_playback_start
                0x020099a0                taskPlayBackOpen
                0x02009bbc                taskPlayBackService
 .text          0x02009c78     0x18ac ./Debug/taskPlayBackMsg.c.o
                0x0200b43c                backBrushBlack
 .text          0x0200b524      0x260 ./Debug/taskPowerOff.c.o
                0x0200b524                uninit
                0x0200b5cc                taskPowerOffOpen
 .text          0x0200b784      0xdd8 ./Debug/taskSysScanDevice.c.o
                0x0200b784                timerMsgSend
                0x0200b828                setKeyEn
                0x0200b848                deamon_astern_check
                0x0200b85c                reflush_usensor_check
                0x0200b870                setSoftwareDetachUsensor
                0x0200b890                deamon_usb_check
                0x0200bb20                deamon_gsensor_check
                0x0200bb34                deamon_screen_save
                0x0200bc84                deamon_key_check
                0x0200bdb4                deamon_auto_poweroff
                0x0200beb8                deamon_keysound_play
                0x0200bf88                deamon_sound_play
                0x0200c04c                deamon_fsFreeSize
                0x0200c0bc                deamon_fs_scan
                0x0200c244                deamon_sdc_check
                0x0200c448                taskSysScanDev
                0x0200c4c8                deamon_fsSizeModify
 .text          0x0200c55c      0x3c0 ./Debug/taskUsbDevice.c.o
 .text          0x0200c91c      0xb50 ./Debug/taskVideoRecord.c.o
                0x0200c91c                taskVideoRecordeService
                0x0200c9f8                task_video_Get_Status
                0x0200ca18                video_record_start
                0x0200caa8                task_record_stop
                0x0200cb2c                taskVideoRecordeClose
                0x0200cc2c                task_video_record_caltime
                0x0200cc80                video_record_callback
                0x0200d294                taskVideoRecordeOpen
                0x0200d444                taskVideoRecTimeIncreace
                0x0200d458                videoCapturePhoto
 .text          0x0200d46c     0x17d0 ./Debug/taskVideoRecordMsg.c.o
                0x0200ea08                videoFocusIconCancel
                0x0200ea80                recordTimeCount1S
 .text          0x0200ec3c      0x158 ./Debug/toolFunc.c.o
                0x0200ec3c                intToString
                0x0200ed08                calWeek
 .text          0x0200ed94      0x7d8 ./Debug/uiMenuDateTimeMsg.c.o
                0x0200f204                dateTimeStrUpdate
                0x0200f22c                dateTimeIncreace
                0x0200f3cc                dateTimeDecreace
 .text          0x0200f56c      0x2f4 ./Debug/uiMenuDefaultMsg.c.o
 .text          0x0200f860      0x384 ./Debug/uiMenuDelAllMsg.c.o
 .text          0x0200fbe4      0x400 ./Debug/uiMenuDelCurMsg.c.o
 .text          0x0200ffe4      0x410 ./Debug/uiMenuFormatMsg.c.o
 .text          0x020103f4      0x7f8 ./Debug/uiMenuItemMsg.c.o
                0x02010bcc                menuIsOpen
 .text          0x02010bec      0x6d8 ./Debug/uiMenuOptionMsg.c.o
 .text          0x020112c4      0x2f8 ./Debug/uiMenuUsbMsg.c.o
 .text          0x020115bc      0x1bc ./Debug/uiNoFileMsg.c.o
 .text          0x02011778      0x358 ./Debug/uiTips1Msg.c.o
 .text          0x02011ad0      0x33c ./Debug/uiTipsMsg.c.o
 .text          0x02011e0c      0x3bc ./Debug/uiWin.c.o
                0x02011e0c                dialogCB
                0x02011f90                uiParentDealMsg
                0x02011fc0                uiOpenWindow
                0x020120a8                uiOpenWinAndShow
                0x02012198                windowIsOpen
 .text          0x020121c8      0x138 ./Debug/uiMenuVersionMsg.c.o
 .text          0x02012300       0xcc ./Debug/taskAudioPlayer.c.o
                0x02012300                taskAudioPlayerOpen
                0x0201235c                taskAudioPlayerClose
                0x02012380                taskAudioPlayerService
 .text          0x020123cc     0x1b9c ./Debug/taskAudioPlayerMsg.c.o
                0x02013d30                uni2oem936_init
                0x02013dac                uni2oem936_uninit
                0x02013df0                oem2uni936_init
                0x02013e6c                oem2uni936_uninit
 .text          0x02013f68        0x0 ./Debug/taskAudioPlayerRes.c.o
 .text          0x02013f68        0x0 ./Debug/taskPhotoEncodeRes.c.o
 .text          0x02013f68        0x0 ./Debug/taskPlayBackRes.c.o
 .text          0x02013f68        0x0 ./Debug/taskVideoRecordRes.c.o
 .text          0x02013f68        0x0 ./Debug/uiMenuDateTimeRes.c.o
 .text          0x02013f68        0x0 ./Debug/uiMenuDefaultRes.c.o
 .text          0x02013f68        0x0 ./Debug/uiMenuDelAllRes.c.o
 .text          0x02013f68        0x0 ./Debug/uiMenuDelCurRes.c.o
 .text          0x02013f68        0x0 ./Debug/uiMenuFormatRes.c.o
 .text          0x02013f68        0x0 ./Debug/uiMenuItemRes.c.o
 .text          0x02013f68        0x0 ./Debug/uiMenuOptionRes.c.o
 .text          0x02013f68        0x0 ./Debug/uiMenuUsbRes.c.o
 .text          0x02013f68        0x0 ./Debug/uiMenuVersionRes.c.o
 .text          0x02013f68        0x0 ./Debug/uiNoFileRes.c.o
 .text          0x02013f68        0x0 ./Debug/uiTips1Res.c.o
 .text          0x02013f68        0x0 ./Debug/uiTipsRes.c.o
 .text          0x02013f68       0xf0 ./Debug/taskMainMenu.c.o
                0x02013f68                taskMainMenuService
                0x02013f7c                taskMainMenuOpen
                0x02014038                taskMainMenuClose
 .text          0x02014058      0x974 ./Debug/taskMainMenuMsg.c.o
 .text          0x020149cc        0x0 ./Debug/taskMainMenuRes.c.o
 .text          0x020149cc       0xac ./Debug/taskSettingMenu.c.o
                0x020149cc                taskSettingMenuService
                0x020149e0                taskSettingMenuClose
                0x020149f4                taskSettingMenuOpen
 .text          0x02014a78     0x1888 ./Debug/userInterface.c.o
                0x02014a78                actionUpperToBottom
                0x02014c30                actionBottomToUpper
                0x02014e08                actionSquareInsideToOutside
                0x02014fb8                actionSquareOutsideToInside
                0x02015170                actionLeftBottomToRightUpper
                0x020152fc                actionLeftToRight
                0x020154c8                actionLeftUpperToRightBottom
                0x0201567c                actionCircleInside2OutSide
                0x02015a90                getActionFunc
                0x02015b38                animationInit
                0x02015c24                animationRun
                0x02015ccc                animationUnInit
                0x02015d10                circle_fill
                0x0201626c                type_function_circle
 .text          0x02016300      0x508 ./Debug/upgrade.c.o
                0x02016300                upgrade_led_control
                0x02016378                upgrade_uiProgress
                0x020163b8                upgrade
 .text          0x02016808     0x2498 ./Debug/game_block.c.o
                0x02016808                game_cnt_down
                0x02016838                game_cnt_reinit
                0x02016858                game_cnt_over
                0x02016888                game_cnt_clear
                0x020168b4                effect_rand_get
                0x0201693c                power_up_rand_list_init
                0x020169dc                block_cnt_init
                0x02016a40                rand_get
                0x02016ad0                level_back_index_get
                0x02016af4                block_map_init
                0x02016b54                move_icon_universal_draw
                0x02016bc4                game_frame_buff_show_get
                0x02016be4                block_icon_draw
                0x02016c78                block_src_init_and_draw
                0x02016d38                block_map_draw
                0x02016de0                game_boundary_init
                0x02016e24                game_block_level_init
                0x02016e60                life_icon_draw
                0x02016f6c                right_score_draw
                0x020170a0                ball_icon_draw
                0x02017138                board_icon_draw
                0x02017180                power_up_item_icon_draw
                0x02017240                DrawMap_block
                0x02017288                power_up_item_init
                0x02017380                power_up_item_destroy
                0x020173ec                ball_init
                0x020174d0                ball_item_destroy
                0x0201753c                copy_ball_action
                0x020175b8                ball_and_board_init
                0x02017658                board_and_ball_flash_init
                0x02017690                move_rule
                0x02017784                game_boundary_hit_check
                0x0201782c                universal_hit_action
                0x02017860                universal_hit_check
                0x02017b48                board_hit_check
                0x02017c2c                block_hit_check
                0x02017dac                clear_block_effect
                0x02017f58                board_move
                0x02018010                ball_move
                0x020180d4                ball_fire_power_up
                0x0201813c                ball_multi_power_up
                0x020181c8                power_up_item_move
                0x020182c0                power_up_move
                0x02018340                move
                0x020183fc                pass_check
                0x02018458                game_block_init
                0x020184ac                block_free_buf
                0x02018508                game_block_exit
                0x0201855c                flash_reinit
                0x02018628                flash_init
                0x02018670                block_breaker_going_key_response
                0x02018728                game_block_start
                0x020187ec                block_breaker_going
                0x02018928                block_breaker_level_pass
                0x0201898c                block_breaker_game_over_show
                0x02018a00                block_breaker_game_pause
                0x02018b38                game_block_key_active
                0x02018bac                game_block_entry
 .text          0x02018ca0      0xe08 ./Debug/game_snake.c.o
                0x02018ca0                snake_get_buf
                0x02018d10                snake_put_buf
                0x02018d68                snake_init
                0x02018e14                rand_next
                0x02018ec8                createFood
                0x02018fac                creatMap
                0x02019000                biteSelf
                0x02019058                chet_endGamestatus
                0x020190e8                detore_snake
                0x0201913c                snakeOSDDisplayBufGet
                0x02019188                snake_I80
                0x02019280                snakeOSDDisplay
                0x020192e0                snake_frame_icon_draw
                0x020193ec                get_malloc
                0x02019414                show_icon_rect
                0x0201951c                show_all
                0x02019654                snakeMove
                0x02019868                key_read
                0x02019908                snake_main_init
                0x020199b0                game_snake_entry
 .text          0x02019aa8      0x728 ./Debug/game_sokoban.c.o
                0x02019aa8                Move
                0x02019c04                resultCheck
                0x02019c9c                map_init
                0x02019ce0                get_map_size
                0x02019cf8                man_init
                0x02019d68                DataRead_CMode
                0x02019ddc                TXZ_show_icon_rect
                0x02019ef0                TXZ_show_one_rect
                0x02019f1c                DrawMap
                0x02019f94                TXZ_show_all
                0x02019fcc                get_game_map
                0x0201a094                sokoban_init
                0x0201a0f0                game_sokoban_entry
 .text          0x0201a1d0      0xfe4 ./Debug/game_tetris.c.o
                0x0201a1d0                insertTetris
                0x0201a278                checkCollision_L
                0x0201a2b0                checkCollision_R
                0x0201a2e4                checkCollision
                0x0201a384                show_one_diamonds
                0x0201a40c                printScore
                0x0201a5dc                printNextTetris
                0x0201a670                giveTetris
                0x0201a750                removeTetris
                0x0201a808                printCurrentTetris
                0x0201a928                setPoolColor
                0x0201a9dc                rotateTetris
                0x0201aa80                checkErasing
                0x0201ac10                printTetrisPool
                0x0201ace0                moveDownTetris
                0x0201ad90                horzMoveTetris
                0x0201ae34                keydownControl
                0x0201aefc                endgame
                0x0201af18                restartGame
                0x0201afb8                game_tetris_init
                0x0201b04c                game_tetris_exit
                0x0201b090                game_tetris_entry
 .text          0x0201b1b4     0x1b00 ./Debug/taskGame.c.o
                0x0201b1b4                taskGameClose
                0x0201b308                gameInit
                0x0201b398                gameGetKeyADCValue
                0x0201b444                game_key_judge
                0x0201b4d0                fps_count_reset
                0x0201b4fc                rand_int
                0x0201b568                get_game_base_buf
                0x0201b590                get_game_show_buf
                0x0201b66c                get_bin_data
                0x0201b6f0                frame_icon_draw
                0x0201b884                game_OSD_str_draw
                0x0201bee8                game_tips
                0x0201c224                game_over
                0x0201c320                gameExit
                0x0201c394                taskGameService
                0x0201c3fc                game_bk_draw
                0x0201c4a8                frame_buff_display
                0x0201c520                free_buf
                0x0201c548                game_audio_init
                0x0201c6cc                taskGameOpen
                0x0201c708                game_audio_play
                0x0201c8b0                game_key_event
                0x0201cac4                gameTickGenerator
                0x0201cb8c                game_result_tips
 .text          0x0201ccb4       0xb0 ./Debug/taskGameMenu.c.o
                0x0201ccb4                taskGameMenuService
                0x0201ccc8                taskGameMenuOpen
                0x0201cd44                taskGameMenuClose
 .text          0x0201cd64      0xcec ./Debug/taskGameMenuMsg.c.o
 .text          0x0201da50        0x0 ./Debug/taskGameMenuRes.c.o
 .text          0x0201da50     0x11f4 ./Debug/game_plane.c.o
                0x0201da50                is_in_range
                0x0201daa0                collision_chect
                0x0201dcfc                move_enemy_bullet_c
                0x0201dd9c                AI_mage
                0x0201ddf0                move_my_planle
                0x0201df44                new_my_bullet
                0x0201dff4                new_p_boom
                0x0201e0b8                move_my_bullet_c
                0x0201e1a8                move_bullet
                0x0201e1cc                move_one_enemy_planle
                0x0201e394                move_enemy_planle
                0x0201e3dc                new_enemy_Plane
                0x0201e4b8                pGame_show_icon_rect
                0x0201e66c                show_plane_boom
                0x0201e6d0                show_enemy_Plane
                0x0201e728                show_my_bullet
                0x0201e780                show_score
                0x0201ea14                game_plane_entry
 .text          0x0201ec44      0x5a8 ./Debug/game_maze.c.o
                0x0201ec44                Move_maze
                0x0201ee04                resultCheck_maze
                0x0201ee5c                maze_map_set
                0x0201ee9c                get_map_maze_size
                0x0201eeb4                man_maze_init
                0x0201eee4                maze_show_one_rect
                0x0201efa8                maze_DrawMap
                0x0201f020                maze_show_all
                0x0201f058                maze_map_init
                0x0201f0a0                maze_keypress
                0x0201f0f4                maze_init
                0x0201f13c                game_maze_entry
 .text          0x0201f1ec        0x0 ./Debug/xos_x_cpu.c.o
 .text          0x0201f1ec      0x1b0 ./Debug/xos_xmbox.c.o
                0x0201f1ec                XMboxInit
                0x0201f22c                XMboxCreate
                0x0201f2b4                XMboxDestory
                0x0201f2ec                XMboxPost
                0x0201f340                XMboxPend
 .text          0x0201f39c      0x2e4 ./Debug/xos_xmsgq.c.o
                0x0201f39c                XMsgQInit
                0x0201f3dc                XMsgQCreate
                0x0201f46c                XMsgQDestory
                0x0201f4a4                XMsgQFlush
                0x0201f4e4                XMsgQPost
                0x0201f55c                XMsgQPostFront
                0x0201f5d8                XMsgQPend
                0x0201f668                XMsgQCheck
 .text          0x0201f680      0x12c ./Debug/xos_xos.c.o
                0x0201f680                XOSInit
                0x0201f6c0                XOSTickService
                0x0201f730                XOSTimeGet
                0x0201f750                XOSTimeDly
                0x0201f78c                XOSRandom
 .text          0x0201f7ac      0x168 ./Debug/xos_xwork.c.o
                0x0201f7ac                XWorkInit
                0x0201f7ec                XWorkCreate
                0x0201f878                XWorkDestory
                0x0201f8a8                XWorkService
 .text          0x0201f914      0xb04 ./Debug/multimedia_user_media.c.o
                0x0201f914                jpg_decode_buf
                0x0201f9b8                jpg_buf_decode_buf
                0x0201fa5c                yuv_rgb_table_init
                0x0201fc78                yuv_rgb_table_uninit
                0x0201fcbc                bmp24_to_yuv420_buf
                0x02020040                yuv420_draw_buf
                0x02020230                yuv420_software_set_handle_frame
                0x02020250                yuv420_software_get_handle_frame
                0x02020270                yuv420_effect_handle
 .text          0x02020418      0x1ec ./Debug/sUI_button.c.o
                0x020204ec                buttonCreate
                0x02020560                buttonCreateIndirect
 .text          0x02020604      0x168 ./Debug/sUI_dialog.c.o
                0x02020604                dialogCreate
                0x020206b4                dialogItem
 .text          0x0202076c      0x22c ./Debug/sUI_frameWin.c.o
                0x020208c4                frameWinCreate
                0x02020928                frameWinCreateIndirect
 .text          0x02020998      0x2b0 ./Debug/sUI_imageIcon.c.o
                0x02020b20                imageIconCreate
                0x02020bcc                imageIconCreateIndirect
 .text          0x02020c48     0x191c ./Debug/sUI_itemManage.c.o
                0x02020c48                itemManageCreate
                0x02020ccc                itemManageCreateIndirect
                0x02020d40                itemManageSetItemHeight
                0x02020ec4                itemManageSetItemRowSumGap
                0x02020fcc                itemManageSetHeightAvgGap
                0x02021140                itemManageSetRowSum
                0x02021274                itemManageSetColumnSum
                0x020213c4                itemManageSetColumnSumWithGap
                0x02021540                itemManageSetColumnMargin
                0x02021670                itemManageCreateItem
                0x0202180c                itemManageSetResInforFuncEx
                0x02021864                itemManageSetCurItem
                0x02021b60                itemManageUpdateRes
                0x02021c18                itemManageUpdateAllitem
                0x02021c7c                itemManageUpdateCurItem
                0x02021e20                itemManageNextItem
                0x02021e90                itemManagePreItem
                0x02021f00                itemManageNextPage
                0x02021f84                itemManagePrePage
                0x0202200c                itemManageGetCurrentItem
                0x02022070                itemManageSetCharInfor
                0x02022128                itemManageSetSelectColor
                0x020221c4                itemManageSetSelectImage
                0x02022264                itemManageSetUnselectColor
                0x02022300                itemManageSetUnselectImage
                0x020223a0                itemManageGetTouchInfor
 .text          0x02022564      0x3c4 ./Debug/sUI_menuItem.c.o
                0x02022794                menuItemCreate
                0x0202283c                itemCreateMenuItem
 .text          0x02022928      0x504 ./Debug/sUI_menuItemEx.c.o
                0x02022c50                menuItemExCreate
                0x02022d00                itemCreateMenuItemEx
 .text          0x02022e2c      0x360 ./Debug/sUI_menuOption.c.o
                0x02023020                menuOptionCreate
                0x020230c4                itemCreatemenuOption
 .text          0x0202318c      0x344 ./Debug/sUI_progressBar.c.o
                0x020233b4                progressBarCreate
                0x02023438                progressBarCreateIndirect
                0x020234b0                progressBarSetDirction
 .text          0x020234d0      0x264 ./Debug/sUI_rect.c.o
                0x0202363c                rectCreate
                0x020236c0                rectCreateIndirect
 .text          0x02023734      0x380 ./Debug/sUI_stringIcon.c.o
                0x02023944                stringIconCreate
                0x02023a00                stringIconCreateIndirect
 .text          0x02023ab4      0x2b0 ./Debug/sUI_tips.c.o
                0x02023c50                tipsCreate
                0x02023cdc                tipsCreateIndirect
 .text          0x02023d64      0x26c ./Debug/sUI_uiAlloc.c.o
                0x02023d64                uiHeapInit
                0x02023d9c                uiAlloc
                0x02023e94                uiFree
                0x02023f94                uiHeapInfor
                0x02023fbc                heapAllocTest
 .text          0x02023fd0      0x11c ./Debug/sUI_widget.c.o
                0x02023fd0                widgetProc
                0x0202401c                widgetSetType
                0x0202404c                widgetGetType
                0x02024080                widgetGetId
                0x020240b8                widgetSetId
 .text          0x020240ec     0x1b78 ./Debug/sUI_winManage.c.o
                0x020240ec                winErrShow
                0x02024138                winSendMsg
                0x02024178                winSendMsgNoData
                0x020241a0                winSendMsgToParent
                0x020241d0                winSendMsgToParentNoData
                0x020241f8                winOverlapping
                0x0202425c                winContain
                0x020242c0                winHasInvalidRect
                0x02024354                winFreeInvalidRect
                0x02024650                winCreate
                0x02024a5c                winDestroy
                0x02024bc8                winGetTouchInfor
                0x02024bf8                winTouch
                0x02024e18                winSetbgColor
                0x02024e4c                winSetfgColor
                0x02024e80                winSetVisible
                0x02024f04                winIsVisible
                0x02024f40                winSetResid
                0x02024f70                winSetItemSelResid
                0x02024fa0                winSetStrInfor
                0x02024ff0                resInforInit
                0x0202503c                winSetSelectInfor
                0x0202506c                winSetUnselectInfor
                0x0202509c                winChangeNotify
                0x02025104                winDefaultProc
                0x020254e0                winResize
                0x02025670                winGetRelativePos
                0x02025700                winGetPos
                0x02025744                winUpdate
                0x020257b4                winSetPorgressRate
                0x020257e4                winSetPorgressDirction
                0x02025814                winGetCurrent
                0x02025834                winPaint
                0x02025940                winSetName
                0x02025960                winIntersection
                0x02025a14                winUpdateAllResId
                0x02025a78                winDestroyDeskTopChildWin
                0x02025aec                winInit
                0x02025bd8                winUninit
 .text          0x02025c64      0x110 ./Debug/sUI_memPool.c.o
                0x02025c64                mempCreate
                0x02025ccc                mempGet
                0x02025d24                mempPut
                0x02025d60                mempInfor
 .text          0x02025d74      0x43c ./Debug/sUI_widgetManage.c.o
                0x02025fc8                widgetManageCreate
                0x0202604c                widgetManageCreateIndirect
                0x020260bc                widgetManageUpdateAll
                0x020260e0                widgetManageUpdateCur
                0x02026104                widgetManageNext
                0x02026128                widgetManagePre
                0x0202614c                widgetManageSelect
                0x02026180                widgetManageCurId
 .text          0x020261b0      0x3bc ./Debug/src_ax32xx_int.c.o
                0x020261b0                ax32xx_intHandler
                0x020261c4                fast_isr
                0x020262a4                slow_isr
                0x02026398                ax32xx_intEnable
                0x020263e0                ax32xx_int_priority
                0x02026428                ax32xx_intInit
 .text          0x0202656c      0xa44 ./Debug/src_ax32xx_sys.c.o
                0x0202656c                ax32xx_sysCpuMsDelay
                0x020265a8                ax32xx_sysCpuNopDelay
                0x020265d0                ax32xx_sysDcacheInit
                0x02026614                ax32xx_sysIcacheInit
                0x02026658                ax32xx_sysDcacheWback
                0x020266d4                ax32xx_sysDcacheFlush
                0x02026750                ax32xx_sysDcacheInvalid
                0x020267cc                ax32xx_sysSRAMClear
                0x02026820                ax32xx_sysBSSClear
                0x02026884                ax32xx_sysLDOSet
                0x02026a68                ax32xx_sysClkSet
                0x02026ac4                ax32xx_sysReset
                0x02026b04                ax32xx_sys_dma_memdown
                0x02026b68                ax32xx_sys_dma_memkick
                0x02026c2c                ax32xx_mcpy_gram2ufifo
                0x02026c8c                ax32xx_mcpy1_sdram2gram
                0x02026d30                ax32xx_mcpy1_sdram2gram_2
                0x02026d90                ax32xx_sysInit
                0x02026ef0                ax32xx_sysUninit
 .text          0x02026fb0      0x298 ./Debug/src_ax32xx_dma.c.o
                0x02026fb0                ax32xx_dmaNocCfg
                0x020271d8                ax32xx_dmaNocDefault
                0x02027200                ax32xx_dmaChannelEnable
 .text          0x02027248       0x98 ./Debug/src_ax32xx_wdt.c.o
                0x02027248                ax32xx_wdtEnable
                0x0202727c                ax32xx_wdtTimeSet
                0x02027290                ax32xx_wdtClear
                0x020272c4                ax32xx_wdtReset
 .text          0x020272e0      0xe08 ./Debug/src_ax32xx_gpio.c.o
                0x020272e0                ax32xx_gpioSFRSet
                0x02027524                ax32xx_gpioDirSet
                0x020275c8                ax32xx_gpioPullSet
                0x02027694                ax32xx_gpioDrvSet
                0x02027724                ax32xx_gpioDataSet
                0x020277b0                ax32xx_gpioDataGrounpSet
                0x0202782c                ax32xx_gpioDataGet
                0x020278b0                ax32xx_gpioMapSet
                0x02027940                ax32xx_gpioDigitalSet
                0x020279d0                ax32xx_gpioHystersisSet
                0x02027a60                ax32xx_gpioLedPull
                0x02027b2c                ax32xx_gpioLedInit
                0x02027bbc                ax32xx_gpioINTCheck
                0x02027bf4                ax32xx_gpioINTClear
                0x02027c1c                ax32xx_gpioINTInit
                0x02027d4c                ax32xx_gpioIRQHandler
                0x02027de8                ax32xx_io1d1_softstart
                0x02027fa8                ax32xx_io1d1_softstart_clr
                0x02028058                ax32xx_io1d1_pd_enable
 .text          0x020280e8      0x1a4 ./Debug/src_ax32xx_uart.c.o
                0x020280e8                ax32xx_uart0IRQHandler
                0x02028138                ax32xx_uart0IOCfg
                0x020281d8                ax32xx_uart0Init
                0x0202824c                ax32xx_uart0SendByte
 .text          0x0202828c      0x9ec ./Debug/src_ax32xx_timer.c.o
                0x0202828c                ax32xx_timer0IRQHandler
                0x020282d0                ax32xx_timer1IRQHandler
                0x02028314                ax32xx_timer2IRQHandler
                0x02028358                ax32xx_timer3IRQHandler
                0x0202839c                ax32xx_timerISRRegister
                0x020283e0                ax32xx_timerStart
                0x020284dc                ax32xx_timerStop
                0x020285ac                ax32xx_timerEnable
                0x02028638                ax32xx_timerDisable
                0x020286dc                ax32xx_timerTickStart
                0x02028710                ax32xx_timerTickStop
                0x02028730                ax32xx_timerTickCount
                0x0202874c                ax32xx_timerPWMStart
                0x02028bc4                ax32xx_timerPWMStop
 .text          0x02028c78      0x468 ./Debug/src_ax32xx_tminf.c.o
                0x02028c78                ax32xx_mjpegATimeinfoEnable
                0x02028ce4                ax32xx_mjpegBTimeinfoEnable
                0x02028d50                ax32xx_mjpegATimeinfoColor
                0x02028d9c                ax32xx_mjpegBTimeinfoColor
                0x02028df8                ax32xx_mjpegATimeinfoSize
                0x02028e54                ax32xx_mjpegBTimeinfoSize
                0x02028edc                ax32xx_mjpegATimeinfoPos
                0x02028f38                ax32xx_mjpegBTimeinfoPos
                0x02028fc0                ax32xx_mjpegATimeinfoAddr
                0x02029004                ax32xx_mjpegBTimeinfoAddr
                0x02029074                ax32xx_recfg_mjpb_tminf
 .text          0x020290e0      0x7f4 ./Debug/src_ax32xx_spi.c.o
                0x020290e0                ax32xx_spi0Init
                0x02029300                ax32xx_spi0SendByte
                0x02029354                ax32xx_spi0RecvByte
                0x020293a8                ax32xx_spi0Send0
                0x02029460                ax32xx_spi0Recv0
                0x02029518                ax32xx_spi0CS0Config
                0x0202955c                spi1_pin_config
                0x0202962c                hal_spi1Init
                0x020296a4                spi1_send_byte
                0x02029714                spi1_receive_byte
                0x0202975c                spi1_recevie_dma
                0x020297f4                spi1_send_dma
                0x02029890                spi1_enable
 .text          0x020298d4      0xb74 ./Debug/src_ax32xx_rtc.c.o
                0x020298d4                ax32xx_rtcWriteByte
                0x02029924                ax32xx_rtcReadByte
                0x02029988                ax32xx_rtcRamRead
                0x02029a24                ax32xx_rtcRamWrite
                0x02029ac0                ax32xx_rtcDataRead
                0x02029b48                ax32xx_rtcDataWrite
                0x02029bd0                ax32xx_rtcInit
                0x02029c80                ax32xx_rtcIRQHandler
                0x02029d38                ax32xx_rtcSencodEnable
                0x02029db4                ax32xx_rtcAlamEnable
                0x02029e9c                ax32xx_rtcAlamSet
                0x02029ee4                ax32xx_rtcGet
                0x02029f38                ax32xx_rtcSet
                0x02029f80                ax32xx_WKOEnable
                0x02029fdc                ax32xx_VDDGSENEnable
                0x0202a04c                ax32xx_WKI0InputEnable
                0x0202a0bc                ax32xx_WKI1InputEnable
                0x0202a12c                ax32xx_WKI1Read
                0x0202a150                ax32xx_WKI0Read
                0x0202a174                ax32xx_WKI1WakeupEnable
                0x0202a2dc                ax32xx_WKI1WakeupTriger
                0x0202a32c                ax32xx_WKI1CleanPending
                0x0202a368                ax32xx_rtcBatDecEnable
                0x0202a3d8                ax32xx_rtcSenHVEnable
 .text          0x0202a448      0x7e8 ./Debug/src_ax32xx_iic.c.o
                0x0202a500                software_iic_sdaout
                0x0202a534                software_iic_sdain
                0x0202a568                software_iic_sda_set
                0x0202a594                software_iic_scl_set
                0x0202a5c0                software_iic_sda_get
                0x0202a5e8                software_iic_init
                0x0202a618                software_iic_start
                0x0202a690                software_iic_stop
                0x0202a708                software_iic_wait_ack
                0x0202a7c0                ax32xx_iic0Init
                0x0202a880                ax32xx_iic0Uninit
                0x0202a8c4                ax32xx_iic0Start
                0x0202a8e0                ax32xx_iic0Stop
                0x0202a920                ax32xx_iic0RecvACK
                0x0202a948                ax32xx_iic0SendACK
                0x0202a96c                ax32xx_iic0SendByte
                0x0202a9bc                ax32xx_iic0RecvByte
                0x0202aa10                ax32xx_iic1Init
                0x0202aa38                ax32xx_iic1Uninit
                0x0202aa7c                ax32xx_iic1Start
                0x0202aa98                ax32xx_iic1Stop
                0x0202aaf8                ax32xx_iic1RecvACK
                0x0202ab20                ax32xx_iic1SendACK
                0x0202ab44                ax32xx_iic1SendByte
                0x0202abb4                ax32xx_iic1RecvByte
 .text          0x0202ac30      0x66c ./Debug/src_ax32xx_dac.c.o
                0x0202ac70                ax32xx_dacIRQHandler
                0x0202ad44                ax32xx_dacSampleRateSet
                0x0202adb4                ax32xx_dacEnable
                0x0202ae38                ax32xx_dacVolumeSet
                0x0202aeb0                ax32xx_dacBufferSet
                0x0202aed0                ax32xx_dacBufferFlush
                0x0202aef0                ax32xx_dacReset
                0x0202af14                ax32xx_dacStart
                0x0202af90                ax32xx_dacStop
                0x0202afc0                ax32xx_dacISRRegister
                0x0202afe0                ax32xx_dacHPSet
                0x0202b074                eq_coeff_init
                0x0202b0e4                eq_gain_init
                0x0202b154                ax32xx_dacInit
 .text          0x0202b29c      0x114 ./Debug/src_ax32xx_adc.c.o
                0x0202b29c                ax32xx_adcEnable
                0x0202b304                ax32xx_adcSetBaudrate
                0x0202b334                ax32xx_adcConverStart
                0x0202b358                ax32xx_adcRead
 .text          0x0202b3b0      0x4d0 ./Debug/src_ax32xx_auadc.c.o
                0x0202b3b0                ax32xx_auadcIRQHandler
                0x0202b440                ax32xx_auadcHalfIRQRegister
                0x0202b460                ax32xx_auadcEndIRQRegister
                0x0202b480                ax32xx_auadcEnable
                0x0202b578                ax32xx_auadcAGCEnable
                0x0202b608                ax32xx_auadcGainSet
                0x0202b684                ax32xx_auadcBufferSet
                0x0202b6e4                ax32xx_auadcInit
                0x0202b788                ax32xx_auadcSetSampleSet
                0x0202b86c                agc_gain_mnt
 .text          0x0202b880      0x298 ./Debug/src_jpeg_table.c.o
                0x0202b880                jpegA_table_init
                0x0202b9fc                ax32xx_mjpB_tab_init
 .text          0x0202bb18      0xd68 ./Debug/src_ax32xx_usb.c.o
                0x0202bb18                _usb_bulk_tx
                0x0202bc54                _usb_bulk_rx
                0x0202bd60                _usb_iso_kick
                0x0202be50                _iso_wait_txdown
                0x0202bec0                usb_iso_tx
                0x0202bfc0                usb_burst_reset
                0x0202c00c                usb_host_reset
                0x0202c058                usb_phyreset_as_typeb
                0x0202c1a0                usb_phyreset_as_typea
                0x0202c2ec                usb_insert
                0x0202c300                usb_check_hal
                0x0202c314                get_u32softcnt
                0x0202c334                ax32xx_usbIRQHanlder
                0x0202c428                ax32xx_usbCallbackRegister
                0x0202c464                ax32xx_usb_hostIRQHanlder
                0x0202c478                usb_device_check
                0x0202c540                ax32xx_usbPhyPllEnable
                0x0202c5e8                usb11_registers_write
                0x0202c614                usb11_registers_read
                0x0202c64c                usb_memcpy
                0x0202c6c0                usb_phyreset_as_typea11
                0x0202c6d4                usb11_host_reset
                0x0202c6e8                ax32xx_usb11_hostIRQHanlder
                0x0202c6fc                usb20_host_check
                0x0202c7c4                usb11HostCheckNoWait
                0x0202c7d8                usb11_host_check
                0x0202c7ec                usb20_phyreset_as_filter
 .text          0x0202c880      0x210 ./Debug/src_ax32xx_misc.c.o
                0x0202c880                str_seek
                0x0202c8ec                dec_num2str
                0x0202c92c                char_2_hex
                0x0202c980                data_check
                0x0202c9c0                pointer_check
                0x0202c9e4                half_word_memcpy
                0x0202ca1c                word_memcpy
                0x0202ca54                word_reg_memcpy
 .text          0x0202ca90      0x14c ./Debug/src_ax32xx_pip.c.o
                0x0202ca90                ax32xx_pipConfig
                0x0202cb0c                ax32xx_pipEnable
                0x0202cb50                ax32xx_pipCounterReset
                0x0202cb90                ax32xx_pipGetTopLayer
                0x0202cbb4                ax32xx_pipGetBotLayer
 .text          0x0202cbdc        0x0 ./Debug/src_ax32xx_btuart.c.o
 .text          0x0202cbdc        0x0 ./Debug/src_ax32xx_crc.c.o
 .text          0x0202cbdc      0x26c ./Debug/src_ax32xx_emi.c.o
                0x0202cbdc                ax32xx_emiInit
                0x0202cd18                ax32xx_emiISRRegister
                0x0202cd4c                ax32xx_emiIRQHandler
                0x0202cda8                ax32xx_emiKick
                0x0202ce04                ax32xx_emiCheckBusy
                0x0202ce24                ax32xx_emiCheckRXError
 .text          0x0202ce48      0x278 ./Debug/src_ax32xx_rotate.c.o
                0x0202ce48                ax32xx_rotateISRRegiser
                0x0202ce68                ax32xx_rotateCheckBusy
                0x0202ce88                ax32xx_rotateReset
                0x0202ced4                ax32xx_rotateStart
                0x0202cfec                ax32xx_rotateWaitFrameDone
                0x0202d040                ax32xx_rotateIRQHandler
                0x0202d090                ax32xx_rotateGetSrcYAddr
 .text          0x0202d0c0      0x370 ./Debug/src_ax32xx_osdcmp.c.o
                0x0202d0c0                ax32xx_osdcmpISRRegiser
                0x0202d0e0                ax32xx_osdcmpCheckBusy
                0x0202d104                ax32xx_osdcmpReset
                0x0202d150                ax32xx_osdcmpGetCompSize
                0x0202d170                ax32xx_osdcmpKick
                0x0202d244                ax32xx_osdcmpWaitFrameDone
                0x0202d2dc                ax32xx_osdcmpCompOneFrame
                0x0202d3e4                ax32xx_osdcmpIRQHandler
 .text          0x0202d430       0x3c ./Debug/src_ax32xx_isp.c.o
                0x0202d430                ax32xx_ispModeSet
 .text          0x0202d46c      0xd68 ./Debug/osd_ax32xx_osd.c.o
                0x0202d46c                ax32xx_deWait
                0x0202d4c8                ax32xx_deUpdate
                0x0202d4ec                ax32xx_deGetUpdateStatus
                0x0202d510                ax32xx_deIRQHandler
                0x0202d570                ax32xx_deISRRegister
                0x0202d590                ax32xx_deInit
                0x0202d60c                ax32xx_deSetBackground
                0x0202d640                ax32xx_deSetCSC
                0x0202d68c                ax32xx_videoSetDither
                0x0202d72c                ax32xx_videoSetScale
                0x0202d778                ax32xx_videoSetScaleLine
                0x0202d7e8                ax32xx_videoSetScanMode
                0x0202d834                ax32xx_videoGetYAddr
                0x0202d864                ax32xx_videoGetUVAddr
                0x0202d894                ax32xx_videoSetAddr
                0x0202d8b0                ax32xx_videoSetStride
                0x0202d8d4                ax32xx_videoSetSize
                0x0202d90c                ax32xx_videoSetPosition
                0x0202d934                ax32xx_videoCopyCfg
                0x0202d99c                ax32xx_videoEnable
                0x0202d9e0                ax32xx_degamma_cfg
                0x0202da00                ax32xx_videoGammaRed
                0x0202da44                ax32xx_videoGammaGreen
                0x0202da88                ax32xx_videoGammaBlue
                0x0202dacc                ax32xx_deSetGAMA
                0x0202db50                ax32xx_deSet_DE_CCM
                0x0202dc38                ax32xx_deSet_DE_SAJ
                0x0202dca4                ax32xx_videoGammaEnable
                0x0202dce8                ax32xx_osdEnable
                0x0202dd54                ax32xx_osdSetSize
                0x0202dda8                ax32xx_osdSetPosition
                0x0202ddfc                ax32xx_osdSetPalette
                0x0202de44                ax32xx_osdSetAddr
                0x0202df00                ax32xx_osdGetAddr
                0x0202df50                ax32xx_osdSetAlpha
                0x0202dfbc                ax32xx_osdSetUpscaler
                0x0202e184                ax32xx_osdEncodeOneCode
 .text          0x0202e1d4      0xfc8 ./Debug/csi_ax32xx_csi.c.o
                0x0202e1d4                hal_csi_fcnt_get
                0x0202e204                ax32xx_csiIRQHandler
                0x0202e494                ax32xx_csiISRRegiser
                0x0202e4d0                ax32xx_csiMJPEGFrameSet
                0x0202e540                ax32xx_csihv_tomjp_dma_cfg
                0x0202e5cc                ax32xx_csi_only_FrameSet
                0x0202e5ec                ax32xx_csiYUVFrameSet
                0x0202e600                ax32xx_csiIOConfig
                0x0202e658                ax32xx_csiInit
                0x0202e684                ax32xx_csiMclkSet
                0x0202e748                ax32xx_csi_set_mclk_free
                0x0202e790                ax32xx_csiSyncSet
                0x0202e7f4                ax32xx_csiPrioritySet
                0x0202e838                ax32xx_csiTypeSet
                0x0202e8a4                ax32xx_csiModeSet
                0x0202e8e0                ax32xx_pclk_fir_Set
                0x0202e948                ax32xx_pclk_analog_Set
                0x0202e998                ax32xx_pclk_inv_Set
                0x0202e9dc                ax32xx_csi_clk_tun_Set
                0x0202ea24                ax32xx_csiSizeSet
                0x0202ea5c                ax32xx_csiInputAddrSet
                0x0202ea74                ax32xx_csiTestModeSet
                0x0202eadc                ax32xx_csiDvpClkDivSet
                0x0202eb24                ax32xx_csiLCDFrameSet
                0x0202eb50                ax32xx_csiLCDDmaEnable
                0x0202ebec                ax32xx_csiLCDDmaKick
                0x0202ec30                ax32xx_csiLCDScaler
                0x0202ee0c                ax32xx_csiScaler
                0x0202ef54                ax32xx_hvScaler
                0x0202f0a8                ax32xx_csiScalerCheck
                0x0202f0d0                ax32xx_csiOutputSet
                0x0202f10c                ax32xx_csiEnable
 .text          0x0202f19c      0xd70 ./Debug/lcd_ax32xx_lcd.c.o
                0x0202f19c                ax32xx_lcdSPIMode
                0x0202f1c8                ax32xx_lcdSPIInit
                0x0202f278                ax32xx_lcdSPIUninit
                0x0202f2b4                ax32xx_lcdSPISendData
                0x0202f428                ax32xx_lcdMcuSendCmd
                0x0202f48c                ax32xx_lcdMcuSendData
                0x0202f4e0                ax32xx_lcdMcuSendCmd16
                0x0202f564                ax32xx_lcdMcuSendData16
                0x0202f5e8                ax32xx_lcdInit
                0x0202f634                ax32xx_lcdIRQEnable
                0x0202f67c                ax32xx_lcdPreLineSet
                0x0202f698                ax32xx_lcdSignalSet
                0x0202f730                ax32xx_lcdBusWidth
                0x0202f784                ax32xx_lcdBusEnable
                0x0202f7d4                ax32xx_lcdClkSet
                0x0202f7f4                ax32xx_lcdSyncSet
                0x0202f818                ax32xx_lcdDESignalSet
                0x0202f83c                ax32xx_lcdPositionSet
                0x0202f858                ax32xx_lcdResolutionSet
                0x0202f874                ax32xx_lcdWindowSizeSet
                0x0202f890                ax32xx_lcdDataModeSet
                0x0202f8d4                ax32xx_lcdClkNumberSet
                0x0202f8ec                ax32xx_lcdEndLineSet
                0x0202f908                ax32xx_lcdPanelMode
                0x0202f950                ax32xx_lcdEnable
                0x0202f9b4                ax32xx_lcdTeMode
                0x0202f9fc                ax32xx_lcdKick
                0x0202fa34                ax32xx_lcdIRQHandler
                0x0202fba4                ax32xx_lcdISRRegister
                0x0202fbe8                ax32xx_lcdReset
                0x0202fc54                ax32xx_lcdMCUIOConfig
                0x0202fd38                ax32xx_lcdRGBIOConfig
                0x0202fe1c                ax32xx_lcd_lsawbtooth
 .text          0x0202ff0c     0x1f10 ./Debug/mjpeg_ax32xx_mjpeg.c.o
                0x0202ff0c                ax32xx_mpegPrint
                0x02030388                ax32xx_mjpB_reset
                0x020303f4                ax32xx_mjpegAIRQHandler
                0x02030448                ax32xx_mjpeg_encode_check
                0x020305b4                ax32xx_mjpB_employ
                0x020305e0                ax32xx_mjpB_dcdown_reg
                0x02030600                ax32xx_mjB_as_dcode
                0x0203062c                ax32xx_mjpegEA_ncodeISRRegister
                0x0203064c                ax32xx_mjpegEB_ncodeISRRegister
                0x0203066c                ax32xx_mjpegEA_ncodeISR
                0x02030698                ax32xx_mjpegDecodeISRRegister
                0x020306b8                ax32xx_mjpegEncodeBufferSet
                0x02030704                ax32xx_mjpegEncodeEnable
                0x020307f4                ax32xx_mjpegEncode_wifi_Enable
                0x020308e4                ax32xx_mjpegEncodeSizeSet
                0x0203098c                ax32xx_mjpegEncodeQuilitySet
                0x020309d4                cal_jA_1s_size
                0x02030a04                ax32xx_mjpegEncodeQadj
                0x02030ae8                ax32xx_mjpegEncodeInfoSet
                0x02030b30                ax32xx_mjpegEncodeLoadAddrGet
                0x02030b4c                ax32xx_mjpeg_inlinebuf_init
                0x02030b68                ax32xx_mjpegEncodeInit
                0x02030da0                ax32xx_mjpeg_manual_on
                0x02030de8                ax32xx_mjpeg_manual_stop
                0x02030e0c                ax32xx_mjpegDecodeScalerCal
                0x02030edc                ax32xx_mjpegDecodeSetSize
                0x02031100                ax32xx_mjpegDecodeOutputSet
                0x0203111c                ax32xx_mjpegDecodeInputSet
                0x02031154                ax32xx_mjpegDecodeDriSet
                0x0203116c                ax32xx_mjpegDecodeCompressSet
                0x02031184                ax32xx_mjpegDecodeInitTable
                0x020311c8                ax32xx_mjpegDecodeInit
                0x020313cc                ax32xx_mjpegDecodeDCTimeSet
                0x0203146c                ax32xx_mjpegDecodeEnable
                0x020314e8                ax32xx_mjpegDecodeKick
                0x02031540                ax32xx_mjpegDecodeStop
                0x0203157c                ax32xx_mjpegBIRQHandler
                0x02031678                ax32xx_mjpegDecodeQDTCfg
                0x020316d8                ax32xx_mjpegDecodeStatus
                0x0203170c                ax32xx_mjpegDecodeCheck
                0x0203173c                ax32xx_mjpegDecodeODma1Cfg
                0x020317d0                ax32xx_mjpB_Ctl_init
                0x02031a84                ax32xx_mjpB_Linebuf_cfg
                0x02031aa0                ax32xx_mjpB_dma_cfg
                0x02031acc                ax32xx_mjpB_stop
                0x02031b34                ax32xx_mjpB_on
                0x02031b80                ax32xx_mjpB_stop_2
                0x02031bd4                ax32xx_mjpegB_encode_check
                0x02031d48                ax32xx_mjpB_on_2
                0x02031d80                jpeg1_decode_check
 .text          0x02031e1c        0x0 ./Debug/resource_user_icon.c.o
 .text          0x02031e1c        0x0 ./Debug/resource_user_str.c.o
 .text          0x02031e1c      0x110 ./Debug/src_hal_adc.c.o
                0x02031e1c                hal_adcInit
                0x02031e58                hal_adcRead
                0x02031e84                hal_adcSetChannel
                0x02031ed0                hal_adcGetChannel
                0x02031f0c                hal_adcVDDRTCCalculate
 .text          0x02031f2c       0xf0 ./Debug/src_hal_csi.c.o
                0x02031f2c                hal_csiMCLKSet
                0x02031f4c                hal_csiRegister
                0x02031f80                hal_csiResolutionGet
                0x02031fdc                hal_csiAdptGet
                0x02031ffc                hal_csi_SeninitGet
 .text          0x0203201c      0x24c ./Debug/src_hal_dac.c.o
                0x02032064                hal_dacInit
                0x020320bc                hal_dacPlayStart
                0x02032168                hal_dacPlayStop
                0x02032194                hal_dacSetVolume
                0x020321f8                hal_dacSetBuffer
                0x0203221c                hal_dacCallBackRegister
                0x02032240                hal_dacHPSet
 .text          0x02032268        0x0 ./Debug/src_hal_eeprom.c.o
 .text          0x02032268      0x2cc ./Debug/src_hal_gpio.c.o
                0x02032268                hal_gpioInit
                0x02032310                hal_gpioInit_io1d1
                0x020323b8                hal_io1d1_softstart
                0x020323e8                hal_io1d1_softstart_clr
                0x02032410                hal_io1d1_pd_enable
                0x02032438                hal_gpioEPullSet
                0x02032494                hal_gpioWrite
                0x020324bc                hal_gpioRead
                0x020324e0                hal_gpioIntInit
                0x02032508                hal_gpioLedInit
 .text          0x02032534      0x64c ./Debug/src_hal_iic.c.o
                0x02032534                hal_iic0Init
                0x02032560                hal_iic0Uninit
                0x02032580                hal_iic08bitAddrWriteData
                0x0203261c                hal_iic08bitAddrReadData
                0x020326d4                hal_iic08bitAddrWrite
                0x02032794                hal_iic08bitAddrRead
                0x02032868                hal_iic016bitAddrWriteData
                0x02032910                hal_iic016bitAddrReadData
                0x020329d4                hal_iic016bitAddrWrite
                0x02032aa0                hal_iic016bitAddrRead
 .text          0x02032b80     0x1704 ./Debug/src_hal_lcd.c.o
                0x02032e48                hal_lcdSetBufYUV
                0x02032edc                hal_lcd_vde_cfg
                0x02032f14                hal_lcd_gamma_cfg
                0x02032f28                usb_lcd_cfg
                0x02032f3c                lcd_isp_config
                0x02032f50                hal_lcdLCMPowerOff
                0x02032fc8                hal_lcdPreviewStop
                0x02033014                hal_lcdSetShowingSize
                0x0203302c                hal_lcdSetRoate
                0x02033044                hal_lcdDealBuffer
                0x020330f8                hal_lcdGetShowingBuffer
                0x0203315c                hal_lcdGetIdleBuffer
                0x0203319c                hal_lcdPreviewStart
                0x020332e0                hal_lcdSetFrame
                0x02033308                vch_debug
                0x0203331c                hal_lcdSetVCH
                0x020333f4                hal_lcdUpdataVCH
                0x020334f0                hal_lcdSwitchFrame2
                0x02033770                hal_lcdPreSetPIPEnable
                0x02033790                hal_lcdSetPIPEnable
                0x020337c8                hal_lcdGetResolution
                0x0203384c                hal_lcdGetOSDShowingResolution
                0x020338a8                hal_lcdGetOSDShowingPosition
                0x02033904                hal_lcdGetShowingRotate
                0x02033934                hal_lcdGetBufferResolution
                0x02033990                hal_lcdGetVideoPos
                0x020339ec                deocode_done
                0x02033a4c                hal_lcd_get_next_frame
                0x02033afc                lcd_struct_get
                0x02033b1c                hal_lcdFrameEndCallBack
                0x02033b68                hal_lcdRegister
                0x02034200                hal_lcd_lsawtooth
                0x02034220                hal_lcdSetCsiCrop
 .text          0x02034284      0x75c ./Debug/src_hal_osd.c.o
                0x02034284                hal_osdGetIdleRotateBuffer
                0x020342a8                hal_osdGetIdleCmpBuffer
                0x020342cc                hal_osdGetIdleDispBuffer
                0x020342f0                hal_osdBufferRelease
                0x02034318                hal_osdDealBuffer
                0x02034398                hal_osdInit
                0x0203463c                hal_osdGetCurBuff
                0x0203467c                hal_osdGetFreeBuff
                0x020346cc                hal_osdSetBuff
                0x02034734                hal_osdEnable
                0x02034770                hal_osdSetAddr
                0x020347ac                hal_osdSetBuffer
                0x0203482c                hal_osdSetPosition
                0x02034874                hal_osdSetPalette
                0x020348ac                hal_osdSetSize
                0x020348ec                hal_osdSetAlpha
                0x0203492c                hal_osdGetBufferResolution
                0x02034990                hal_deSet_DE_CCM
                0x020349b8                hal_deSet_DE_SAJ
 .text          0x020349e0      0xc70 ./Debug/src_hal_rtc.c.o
                0x02034a0c                hal_rtcCallBackRegister
                0x02034a6c                hal_rtcCallBackRelease
                0x02034aa8                hal_rtcUninit
                0x02034ae4                hal_rtcTimeGet
                0x02034b00                hal_rtcTimeGetExt
                0x02034b34                hal_rtcSecondGet
                0x02034b54                hal_rtcTime2String
                0x02034e08                hal_rtcTime2StringExt
                0x02034e6c                hal_rtcLeapYear
                0x02035088                hal_rtcTime
                0x0203519c                hal_rtcInit
                0x020352c4                hal_rtcSecondSet
                0x02035300                hal_rtcValue
                0x02035410                hal_rtcTimeSet
                0x02035498                hal_rtcAlarmSet
                0x02035528                hal_rtcAlarmSetExt
                0x020355cc                hal_rtcAlarmStatusGet
                0x02035608                hal_vddWKOEnable
                0x0203562c                hal_vddGSENEnable
 .text          0x02035650      0xad8 ./Debug/src_hal_sd.c.o
                0x020356ec                hal_sdStop
                0x02035960                hal_sdNextLBA
                0x02035980                hal_sdInit
                0x02035e24                hal_sdUninit
                0x02035e50                hal_sdLock
                0x02035e90                hal_sdUnlock
                0x02035ebc                hal_sdCheck
                0x02035f30                hal_sdSetCardState
                0x02035f50                hal_sdGetCardState
                0x02035f70                hal_sdGetBusWidth
                0x02035f90                hal_sdCapacity
                0x02035fb0                hal_sdExist
                0x02035fd8                hal_sdWrite
                0x02036078                hal_speed_callback
                0x020360a8                hal_sdRead
 .text          0x02036128      0xad4 ./Debug/src_hal_spi.c.o
                0x02036128                hal_spiIOShare
                0x02036140                hal_spiIOCheck
                0x02036154                hal_spiInit
                0x02036180                hal_spiSendByte
                0x020361a4                hal_spiSend
                0x020361c4                hal_spiRecvByte
                0x020361e4                hal_spiRecv
                0x02036224                hal_spiCSConfig
                0x02036248                hal_spiFlashReadID
                0x020362a8                hal_spiFlashWriteEnable
                0x020362dc                hal_spiFlashWait
                0x02036360                hal_spiFlashReadPage
                0x020363d8                hal_spiFlashRead
                0x020364a0                hal_spiFlashWritePage
                0x02036520                hal_spiFlashWrite
                0x020365bc                hal_spiFlashEraseSector
                0x02036628                hal_spiFlashEraseBlock
                0x0203668c                hal_spiFlashEraseChip
                0x020366c8                spi_udisk_jpg_num
                0x020366e8                spi_udisk_write_jpg
                0x02036918                spi_udisk_del_jpg
                0x020369ac                spi_udisk_read_jpg_size
                0x020369c4                spi_udisk_read_jpg
                0x02036a60                spi_udisk_get_list_idx
                0x02036aa8                spi_udisk_format
                0x02036b40                spi_udisk_init
                0x02036bd0                spi_udisk_jpg_free_num
 .text          0x02036bfc      0x128 ./Debug/src_hal_timer.c.o
                0x02036bfc                hal_timerStart
                0x02036c20                hal_timerStop
                0x02036c44                hal_timerEnable
                0x02036c7c                hal_timerTickEnable
                0x02036cb4                hal_timerTickGet
                0x02036cd4                hal_timerPWMStart
                0x02036d00                hal_timerPWMStop
 .text          0x02036d24      0x67c ./Debug/src_hal_uart.c.o
                0x02036d88                hal_uartIOShare
                0x02036dc8                hal_uartIOShareCheck
                0x02036e10                hal_uartInit
                0x02036e60                hal_uartSendData
                0x02036e84                hal_uartRXIsrRegister
                0x02036ea4                uart_PutChar_n
                0x02036ed8                uart_PutStr
                0x02036f18                uart_Put_hex
                0x02037044                uart_Put_udec
                0x020370d8                uart_Put_dec
                0x02037180                uart_Printf
                0x020372c4                uart_PrintfBuf
                0x0203735c                hal_uartPrintString
 .text          0x020373a0      0x64c ./Debug/src_hal_watermark.c.o
                0x02037408                hal_watermarkInit
                0x020374b8                hal_watermarkClose
                0x02037550                hal_watermarkClear
                0x020375d0                hal_watermarkOpen
                0x02037670                hal_watermarkColor
                0x020376c4                hal_watermarkAddr
                0x020376dc                hal_watermarkSize
                0x02037728                hal_watermarkPosition
                0x02037774                hal_watermarkCallbackRegister
                0x020377bc                hal_watermarkRam
                0x0203785c                hal_watermarkEnable
                0x020379cc                hal_watermarkBPos_Adjust
 .text          0x020379ec      0x3c4 ./Debug/src_hal_sys.c.o
                0x02037a34                hal_sysInit
                0x02037b50                hal_sysMemPrint
                0x02037b80                hal_sysMemMalloc
                0x02037c50                hal_sysMemFree
                0x02037d44                hal_sysMemRemain
 .text          0x02037db0      0xa6c ./Debug/src_hal_auadc.c.o
                0x02037db0                _hal_auadcCallBackEnd
                0x02037eac                _hal_auadcCallBackHalf
                0x02037f04                hal_audc_33ms_syncnt_clr
                0x02037f30                hal_audc_stamp_cal
                0x02037f5c                hal_audc_stamp_out
                0x02037fb0                hal_audc_stamp_next
                0x0203800c                hal_auadcCallBackEnd
                0x02038088                hal_auadcInit
                0x020380d0                hal_auadcMemInit
                0x0203816c                hal_auadcMemUninit
                0x020381e0                hal_auadc_cnt
                0x02038210                _hal_auadcStartForUAC
                0x020382f0                hal_auadcStartForWAV
                0x02038308                hal_auadcStartForAVI
                0x0203842c                hal_auadcBufferGet
                0x0203850c                hal_auadcBufferfree
                0x02038538                hal_auadcStop
                0x02038560                hal_auadcBufferRelease
                0x02038588                hal_auadcUACProcess
                0x02038668                hal_adcBuffer_prefull
                0x020386cc                hal_adcBuffer_halffull
                0x020386e4                hal_adc_volume_set
                0x02038704                hal_uac_send
                0x02038768                hal_auadcStartForUAC
 .text          0x0203881c     0x3390 ./Debug/src_hal_mjpeg.c.o
                0x0203881c                hal_mjpegStart
                0x0203884c                hal_save_frame_isr
                0x020389f8                hal_mjpeg_manual_on
                0x02038a78                hal_mjpegQualityCheck
                0x02038b28                hal_mjpegCallback_state
                0x02038b64                hal_mjpegCallback
                0x02038da4                hal_mjpeg_manual_fdown
                0x020391a8                hal_jA_fcnt_get
                0x020391d8                hal_mjpeg_mallocbuf
                0x020391f8                hal_mjpegEncodeResolutionImageQuad
                0x0203923c                hal_mjpegSrcCSI
                0x02039380                hal_mjpegSrcRam
                0x02039394                hal_mjpegSrcColorBar
                0x0203941c                hal_Cut_SDR_SrcCSI
                0x020394f0                hal_mjpegMemInit
                0x02039614                hal_mjpegMemUninit
                0x02039694                hal_mjpegEncodeInit
                0x020396f8                hal_mjpegEncodeUninit
                0x02039748                hal_mjpegEncodeResolution
                0x02039784                hal_mjpegEncodeResolutionImage
                0x020397c0                hal_mjpegSizecalculate
                0x020397ec                imageGetYuvAddr
                0x02039820                hal_mjpeg_get_num
                0x02039840                imageGetYuvLen
                0x02039860                hal_mjpeg_rev_buf_init
                0x0203991c                hal_mjpeg_rev_buf_malloc
                0x02039988                hal_mjpeg_rev_buf_free
                0x020399d4                hal_mjpeg_queue_init
                0x02039a74                hal_mjpeg_post_msg
                0x02039b04                hal_mjpeg_manual_quad_on
                0x02039b6c                hal_mjpeg_manual_quad_fdown
                0x02039d74                hal_mjpeg_manual_get_csi_yuv_sta
                0x02039d94                hal_mjpeg_software_handle_csi_yuvbuf
                0x02039dfc                hal_mjpeg_manual_fdown_mini
                0x02039fcc                hal_mjpegUVCStart
                0x0203a2dc                hal_mjpegPhotoStart
                0x0203a6d0                hal_mjpegAVIStart
                0x0203aaec                hal_mjpegRawDataGet
                0x0203ab04                hal_mjpegRawBuffer_prefull
                0x0203ab74                hal_mjpegRawBuffer_halffull
                0x0203abe4                hal_mjpegRawBufferfree
                0x0203ac0c                hal_mjpegRawBufferGet
                0x0203ad7c                hal_mjpegRawDataSet
                0x0203ada4                hal_mjpegHeaderParse
                0x0203b430                hal_mjpegDecodeGetResolution
                0x0203b478                hal_mjpegDecodeSetResolution
                0x0203b49c                hal_mjpeglDecodeGetResolution
                0x0203b4d4                hal_mjpeglDecodeSetResolution
                0x0203b500                hal_mjpegDecodeStatusCheck
                0x0203b520                hal_mjpegDecodeErrorCheck
                0x0203b540                hal_mjpegDecodeMiniSize
                0x0203b6c4                hal_mjpegDecodeStop
                0x0203b6e4                hal_mjpegDecodeReset
                0x0203b710                hal_mjpegDecodePicture
                0x0203b780                hal_mjpegDecodeNoIsr
                0x0203b7ec                hal_mjpg_scale_down
                0x0203b904                hal_mjpegDecodeParse
                0x0203b934                hal_mjpegDecodeOneFrame
                0x0203b98c                hal_mjpegDecodeOneFrame_Ext
                0x0203ba14                hal_mjpegDecodeRestart_Ext
                0x0203ba80                hal_mjpegDecodeOneFrame_Fast
                0x0203bb44                hal_mjpegDecodeODma1Cfg
                0x0203bb68                hal_curBuffer_clear
 .text          0x0203bbac       0x34 ./Debug/src_hal_int.c.o
                0x0203bbac                hal_intInit
 .text          0x0203bbe0        0x0 ./Debug/src_hal_wdt.c.o
 .text          0x0203bbe0      0x4bc ./Debug/src_hal_stream.c.o
                0x0203bbe0                hal_streamInit
                0x0203bcd8                hal_streamMalloc
                0x0203bdc0                hal_streamIn_Drop
                0x0203be24                hal_streamIn
                0x0203bec0                hal_streamOut
                0x0203bf4c                hal_streamOut_next
                0x0203bfdc                hal_streamfree
                0x0203c084                hal_stream_size
 .text          0x0203c09c        0x0 ./Debug/src_hal_emi.c.o
 .text          0x0203c09c      0x1a8 ./Debug/src_hal_osdcmp.c.o
                0x0203c114                hal_osdcmpStart
                0x0203c1f8                hal_osdcmpInit
                0x0203c220                hal_osdcmpCompOneFrame
 .text          0x0203c244      0x328 ./Debug/src_hal_rotate.c.o
                0x0203c3d8                hal_rotateInit
                0x0203c42c                hal_rotateAdd
 .text          0x0203c56c      0xa60 ./Debug/src_hal_lcdframe.c.o
                0x0203c56c                hal_lcdAddrCalculate
                0x0203c618                hal_dispframeInit
                0x0203cbdc                hal_dispframeVideoCfg
                0x0203ce60                hal_dispframeMalloc
                0x0203cef4                hal_dispframeFree