Archive member included because of file (symbol)

../bwlib\liblimage.a(imageL_encode.o)
                              ./Debug/taskPhotoEncode.c.o (imageEncodeQuadStart)
../bwlib\libwatermark.a(image_watermark.o)
                              ./Debug/taskPhotoEncode.c.o (watermark_bmp2yuv_init)
../bwlib\libeffect.a(user_effect.o)
                              ./Debug/multimedia_user_media.c.o (warpHandle)
../bwlib\libmp3.a(mp3_decode_api.o)
                              ./Debug/taskAudioPlayer.c.o (mp3_dac_memInit)
../bwlib\libmp3.a(decoder.o)  ../bwlib\libmp3.a(mp3_decode_api.o) (mad_decoder_init)
../bwlib\libmp3.a(stream.o)   ../bwlib\libmp3.a(decoder.o) (mad_stream_init)
../bwlib\libmp3.a(synth.o)    ../bwlib\libmp3.a(decoder.o) (mad_synth_init)
../bwlib\libmp3.a(bit.o)      ../bwlib\libmp3.a(stream.o) (mad_bit_init)
../bwlib\libmp3.a(frame.o)    ../bwlib\libmp3.a(decoder.o) (mad_frame_finish)
../bwlib\libmp3.a(layer12.o)  ../bwlib\libmp3.a(frame.o) (mad_layer_I)
../bwlib\libmp3.a(timer.o)    ../bwlib\libmp3.a(frame.o) (mad_timer_set)
../bwlib\libmp3.a(layer3.o)   ../bwlib\libmp3.a(frame.o) (mad_layer_III)
../bwlib\libmp3.a(huffman.o)  ../bwlib\libmp3.a(layer3.o) (mad_huff_pair_table)
../bwlib\libsd.a(ax32xx_sd.o)
                              ./Debug/src_hal_sd.c.o (ax32xx_sd0Init)
../bwlib\libavi.a(aviEncoder.o)
                              ./Debug/video_video_record.c.o (aviEncodeInit)
../bwlib\libavi.a(encoder_std.o)
                              ../bwlib\libavi.a(aviEncoder.o) (avi_encoder_std)
../bwlib\libavi.a(encoder_odml.o)
                              ../bwlib\libavi.a(aviEncoder.o) (avi_odmlAddoffset)
../bwlib\libavi.a(aviDecoder.o)
                              ./Debug/video_video_playback.c.o (aviDecodeInit)
../bwlib\libavi.a(decoder_std.o)
                              ../bwlib\libavi.a(aviDecoder.o) (avi_standard)
../bwlib\libavi.a(decoder_odml.o)
                              ../bwlib\libavi.a(aviDecoder.o) (avi_opendml)
../bwlib\libfs.a(fs.o)        ./Debug/taskSysScanDevice.c.o (fs_nodeinit)
../bwlib\libfs.a(diskio.o)    ./Debug/main.c.o (fs_init)
../bwlib\libfs.a(ff.o)        ../bwlib\libfs.a(fs.o) (clst2sect)
../bwlib\libfs.a(ffunicode.o)
                              ../bwlib\libfs.a(ff.o) (ff_uni2oem)
C:/MinGW-4.7.1/or1k-elf/lib/no-delay\libc.a(lib_a-memcmp.o)
                              ../bwlib\libfs.a(ff.o) (memcmp)
C:/MinGW-4.7.1/or1k-elf/lib/no-delay\libc.a(lib_a-memcpy.o)
                              ./Debug/resource_manager.c.o (memcpy)
C:/MinGW-4.7.1/or1k-elf/lib/no-delay\libc.a(lib_a-memmove.o)
                              ./Debug/game_tetris.c.o (memmove)
C:/MinGW-4.7.1/or1k-elf/lib/no-delay\libc.a(lib_a-memset.o)
                              ./Debug/main.c.o (memset)
C:/MinGW-4.7.1/or1k-elf/lib/no-delay\libc.a(lib_a-strcasecmp.o)
                              ./Debug/resource_manager.c.o (strcasecmp)
C:/MinGW-4.7.1/or1k-elf/lib/no-delay\libc.a(lib_a-strcat.o)
                              ./Debug/resource_manager.c.o (strcat)
C:/MinGW-4.7.1/or1k-elf/lib/no-delay\libc.a(lib_a-strchr.o)
                              ../bwlib\libfs.a(ff.o) (strchr)
C:/MinGW-4.7.1/or1k-elf/lib/no-delay\libc.a(lib_a-strcmp.o)
                              ./Debug/resource_manager.c.o (strcmp)
C:/MinGW-4.7.1/or1k-elf/lib/no-delay\libc.a(lib_a-strcpy.o)
                              ./Debug/resource_manager.c.o (strcpy)
C:/MinGW-4.7.1/or1k-elf/lib/no-delay\libc.a(lib_a-strlen.o)
                              ./Debug/resource_manager.c.o (strlen)
C:/MinGW-4.7.1/or1k-elf/lib/no-delay\libc.a(lib_a-strncmp.o)
                              ./Debug/resource_manager.c.o (strncmp)
C:/MinGW-4.7.1/or1k-elf/lib/no-delay\libc.a(lib_a-strstr.o)
                              ../bwlib\liblimage.a(imageL_encode.o) (strstr)
C:/MinGW-4.7.1/or1k-elf/lib/no-delay\libc.a(lib_a-ctype_.o)
                              C:/MinGW-4.7.1/or1k-elf/lib/no-delay\libc.a(lib_a-strcasecmp.o) (__ctype_ptr__)
C:/MinGW-4.7.1/or1k-elf/lib/no-delay\libc.a(lib_a-memchr.o)
                              C:/MinGW-4.7.1/or1k-elf/lib/no-delay\libc.a(lib_a-strstr.o) (memchr)
C:/MinGW-4.7.1/lib/gcc/or1k-elf/4.9.1/no-delay\libgcc.a(_muldi3.o)
                              ../bwlib\libmp3.a(mp3_decode_api.o) (__muldi3)
C:/MinGW-4.7.1/lib/gcc/or1k-elf/4.9.1/no-delay\libgcc.a(_udivdi3.o)
                              ../bwlib\libmp3.a(mp3_decode_api.o) (__udivdi3)
C:/MinGW-4.7.1/lib/gcc/or1k-elf/4.9.1/no-delay\libgcc.a(addsf3.o)
                              ../bwlib\libeffect.a(user_effect.o) (__addsf3)
C:/MinGW-4.7.1/lib/gcc/or1k-elf/4.9.1/no-delay\libgcc.a(divsf3.o)
                              ../bwlib\libeffect.a(user_effect.o) (__divsf3)
C:/MinGW-4.7.1/lib/gcc/or1k-elf/4.9.1/no-delay\libgcc.a(eqsf2.o)
                              ../bwlib\libeffect.a(user_effect.o) (__eqsf2)
C:/MinGW-4.7.1/lib/gcc/or1k-elf/4.9.1/no-delay\libgcc.a(gesf2.o)
[...]
Memory Configuration

Name             Origin             Length             Attributes
boot             0x01fffc00         0x00000200
ram_boot         0x00000000         0x00005000
ram_user         0x00000000         0x00005000
usbfifo          0x00008000         0x00001000
sdram            0x02000000         0x00200000
exsdram          0x00000000         0x00800000
*default*        0x00000000         0xffffffff

Linker script and memory map

LOAD ./Debug/ax32xx_reset.S.o
LOAD ./Debug/ax32xx_spi_boot_cfg.S.o
LOAD ./Debug/ax32xx_BLDRX32.S.o
LOAD ./Debug/main.c.o
LOAD ./Debug/resource_manager.c.o
LOAD ./Debug/board.c.o
LOAD ./Debug/board_bwv1.c.o
LOAD ./Debug/config.c.o
LOAD ./Debug/display.c.o
LOAD ./Debug/explorer.c.o
LOAD ./Debug/filelist.c.o
LOAD ./Debug/font.c.o
LOAD ./Debug/icon.c.o
LOAD ./Debug/configGetValue.c.o
LOAD ./Debug/configSystem.c.o
LOAD ./Debug/logo.c.o
LOAD ./Debug/menuMovieRec.c.o
LOAD ./Debug/msgDeal.c.o
LOAD ./Debug/msgSysRecommend.c.o
LOAD ./Debug/msgSysUnshielded.c.o
LOAD ./Debug/taskManage.c.o
LOAD ./Debug/taskPhotoEncode.c.o
LOAD ./Debug/taskPhotoEncodeMsg.c.o
LOAD ./Debug/taskPlayBack.c.o
LOAD ./Debug/taskPlayBackMsg.c.o
LOAD ./Debug/taskPowerOff.c.o
LOAD ./Debug/taskSysScanDevice.c.o
LOAD ./Debug/taskUsbDevice.c.o
LOAD ./Debug/taskVideoRecord.c.o
LOAD ./Debug/taskVideoRecordMsg.c.o
LOAD ./Debug/toolFunc.c.o
LOAD ./Debug/uiMenuDateTimeMsg.c.o
LOAD ./Debug/uiMenuDefaultMsg.c.o
LOAD ./Debug/uiMenuDelAllMsg.c.o
LOAD ./Debug/uiMenuDelCurMsg.c.o
LOAD ./Debug/uiMenuFormatMsg.c.o
LOAD ./Debug/uiMenuItemMsg.c.o
LOAD ./Debug/uiMenuOptionMsg.c.o
LOAD ./Debug/uiMenuUsbMsg.c.o
LOAD ./Debug/uiNoFileMsg.c.o
LOAD ./Debug/uiTips1Msg.c.o
LOAD ./Debug/uiTipsMsg.c.o
LOAD ./Debug/uiWin.c.o
LOAD ./Debug/uiMenuVersionMsg.c.o
LOAD ./Debug/taskAudioPlayer.c.o
LOAD ./Debug/taskAudioPlayerMsg.c.o
LOAD ./Debug/taskAudioPlayerRes.c.o
LOAD ./Debug/taskPhotoEncodeRes.c.o
LOAD ./Debug/taskPlayBackRes.c.o
LOAD ./Debug/taskVideoRecordRes.c.o
LOAD ./Debug/uiMenuDateTimeRes.c.o
LOAD ./Debug/uiMenuDefaultRes.c.o
LOAD ./Debug/uiMenuDelAllRes.c.o
LOAD ./Debug/uiMenuDelCurRes.c.o
LOAD ./Debug/uiMenuFormatRes.c.o
LOAD ./Debug/uiMenuItemRes.c.o
LOAD ./Debug/uiMenuOptionRes.c.o
LOAD ./Debug/uiMenuUsbRes.c.o
LOAD ./Debug/uiMenuVersionRes.c.o
LOAD ./Debug/uiNoFileRes.c.o
LOAD ./Debug/uiTips1Res.c.o
LOAD ./Debug/uiTipsRes.c.o
LOAD ./Debug/taskMainMenu.c.o
LOAD ./Debug/taskMainMenuMsg.c.o
LOAD ./Debug/taskMainMenuRes.c.o
LOAD ./Debug/taskSettingMenu.c.o
LOAD ./Debug/userInterface.c.o
LOAD ./Debug/upgrade.c.o
LOAD ./Debug/game_block.c.o
LOAD ./Debug/game_snake.c.o
LOAD ./Debug/game_sokoban.c.o
LOAD ./Debug/game_tetris.c.o
LOAD ./Debug/taskGame.c.o
LOAD ./Debug/taskGameMenu.c.o
LOAD ./Debug/taskGameMenuMsg.c.o
LOAD ./Debug/taskGameMenuRes.c.o
LOAD ./Debug/game_plane.c.o
LOAD ./Debug/game_maze.c.o
LOAD ./Debug/xos_x_cpu.c.o
LOAD ./Debug/xos_xmbox.c.o
LOAD ./Debug/xos_xmsgq.c.o
LOAD ./Debug/xos_xos.c.o
LOAD ./Debug/xos_xwork.c.o
LOAD ./Debug/multimedia_user_media.c.o
LOAD ./Debug/sUI_button.c.o
LOAD ./Debug/sUI_dialog.c.o
LOAD ./Debug/sUI_frameWin.c.o
LOAD ./Debug/sUI_imageIcon.c.o
LOAD ./Debug/sUI_itemManage.c.o
LOAD ./Debug/sUI_menuItem.c.o
LOAD ./Debug/sUI_menuItemEx.c.o
LOAD ./Debug/sUI_menuOption.c.o
LOAD ./Debug/sUI_progressBar.c.o
LOAD ./Debug/sUI_rect.c.o
LOAD ./Debug/sUI_stringIcon.c.o
LOAD ./Debug/sUI_tips.c.o
LOAD ./Debug/sUI_uiAlloc.c.o
LOAD ./Debug/sUI_widget.c.o
LOAD ./Debug/sUI_winManage.c.o
LOAD ./Debug/sUI_memPool.c.o
LOAD ./Debug/sUI_widgetManage.c.o
LOAD ./Debug/src_ax32xx_int.c.o
LOAD ./Debug/src_ax32xx_sys.c.o
LOAD ./Debug/src_ax32xx_dma.c.o
LOAD ./Debug/src_ax32xx_wdt.c.o
LOAD ./Debug/src_ax32xx_gpio.c.o
LOAD ./Debug/src_ax32xx_uart.c.o
LOAD ./Debug/src_ax32xx_timer.c.o
LOAD ./Debug/src_ax32xx_tminf.c.o
LOAD ./Debug/src_ax32xx_spi.c.o
LOAD ./Debug/src_ax32xx_rtc.c.o
LOAD ./Debug/src_ax32xx_iic.c.o
LOAD ./Debug/src_ax32xx_dac.c.o
LOAD ./Debug/src_ax32xx_adc.c.o
LOAD ./Debug/src_ax32xx_auadc.c.o
LOAD ./Debug/src_jpeg_table.c.o
LOAD ./Debug/src_ax32xx_usb.c.o
LOAD ./Debug/src_ax32xx_misc.c.o
LOAD ./Debug/src_ax32xx_pip.c.o
LOAD ./Debug/src_ax32xx_btuart.c.o
LOAD ./Debug/src_ax32xx_crc.c.o
LOAD ./Debug/src_ax32xx_emi.c.o
LOAD ./Debug/src_ax32xx_rotate.c.o
LOAD ./Debug/src_ax32xx_osdcmp.c.o
LOAD ./Debug/src_ax32xx_isp.c.o
LOAD ./Debug/osd_ax32xx_osd.c.o
LOAD ./Debug/csi_ax32xx_csi.c.o
LOAD ./Debug/lcd_ax32xx_lcd.c.o
LOAD ./Debug/mjpeg_ax32xx_mjpeg.c.o
LOAD ./Debug/resource_user_icon.c.o
LOAD ./Debug/resource_user_str.c.o
LOAD ./Debug/src_hal_adc.c.o
LOAD ./Debug/src_hal_csi.c.o
LOAD ./Debug/src_hal_dac.c.o
LOAD ./Debug/src_hal_eeprom.c.o
LOAD ./Debug/src_hal_gpio.c.o
LOAD ./Debug/src_hal_iic.c.o
LOAD ./Debug/src_hal_lcd.c.o
LOAD ./Debug/src_hal_osd.c.o
LOAD ./Debug/src_hal_rtc.c.o
LOAD ./Debug/src_hal_sd.c.o
LOAD ./Debug/src_hal_spi.c.o
LOAD ./Debug/src_hal_timer.c.o
LOAD ./Debug/src_hal_uart.c.o
LOAD ./Debug/src_hal_watermark.c.o
LOAD ./Debug/src_hal_sys.c.o
LOAD ./Debug/src_hal_auadc.c.o
LOAD ./Debug/src_hal_mjpeg.c.o
LOAD ./Debug/src_hal_int.c.o
LOAD ./Debug/src_hal_wdt.c.o
LOAD ./Debug/src_hal_stream.c.o
LOAD ./Debug/src_hal_emi.c.o
LOAD ./Debug/src_hal_osdcmp.c.o
LOAD ./Debug/src_hal_rotate.c.o
LOAD ./Debug/src_hal_lcdframe.c.o
LOAD ./Debug/src_hal_custom_yuv.c.o
LOAD ./Debug/dusb_hal_usb_api.c.o
LOAD ./Debug/dusb_hal_usb_dev_enum.c.o
LOAD ./Debug/dusb_hal_usb_msc.c.o
LOAD ./Debug/dusb_hal_usb_uac.c.o
LOAD ./Debug/dusb_hal_usb_uvc.c.o
LOAD ./Debug/audio_audio_playback.c.o
LOAD ./Debug/audio_audio_record.c.o
LOAD ./Debug/audio_ring_buffer.c.o
LOAD ./Debug/video_video_playback.c.o
LOAD ./Debug/video_video_record.c.o
LOAD ./Debug/image_image_decode.c.o
LOAD ./Debug/image_image_encode.c.o
LOAD ./Debug/wav_alaw.c.o
LOAD ./Debug/wav_imaadpcm.c.o
LOAD ./Debug/wav_pcm.c.o
LOAD ./Debug/wav_ulaw.c.o
LOAD ./Debug/wav_wav.c.o
LOAD ./Debug/stream_stream.c.o
LOAD ./Debug/cmos_sensor_cmos_sensor.c.o
LOAD ./Debug/cmos_sensor_SENSOR_BF3a03.c.o
LOAD ./Debug/cmos_sensor_SENSOR_BF2013.c.o
LOAD ./Debug/cmos_sensor_SENSOR_BF3703.c.o
LOAD ./Debug/cmos_sensor_SENSOR_GC0307.c.o
LOAD ./Debug/cmos_sensor_SENSOR_GC0308.c.o
LOAD ./Debug/cmos_sensor_SENSOR_GC0309.c.o
LOAD ./Debug/cmos_sensor_SENSOR_GC0328.c.o
LOAD ./Debug/cmos_sensor_SENSOR_OV7670.c.o
LOAD ./Debug/cmos_sensor_SENSOR_SP0838.c.o
LOAD ./Debug/cmos_sensor_SENSOR_SP0A18.c.o
LOAD ./Debug/cmos_sensor_SENSOR_GC0329.c.o
LOAD ./Debug/cmos_sensor_SENSOR_SIV100B.c.o
LOAD ./Debug/tft_lcd_lcd_mcu_st7789P3.c.o
LOAD ./Debug/cmos_sensor_SENSOR_BF20A6.c.o
LOAD ./Debug/tft_lcd_lcd_mcu_st7789.c.o
LOAD ./Debug/tft_lcd_tft_lcd.c.o
LOAD ./Debug/tft_lcd_lcd_mcu_ili9328.c.o
LOAD ./Debug/tft_lcd_lcd_mcu_st7789v.c.o
LOAD ./Debug/tft_lcd_lcd_mcu_hx8352c.c.o
LOAD ./Debug/tft_lcd_lcd_mcu_9225G.c.o
LOAD ./Debug/tft_lcd_lcd_mcu_nv3030b.c.o
LOAD ./Debug/nvfs_nvfs.c.o
LOAD ./Debug/Maxlib_max_user.c.o
LOAD ./Debug/Maxlib_uiDraw.c.o
LOAD ./Debug/std_misc.c.o
LOAD ./Debug/std_std_math.c.o
LOAD ./Debug/std_str.c.o
LOAD ./Debug/res_ascii.c.o
LOAD ./Debug/res_ascii_default.c.o
LOAD ./Debug/res_ascii_default_draw.c.o
LOAD ./Debug/res_R.c.o
LOAD ./Debug/res_R_icon.c.o
LOAD ./Debug/res_R_string.c.o
LOAD ./Debug/res_unicode_font.c.o
LOAD ./Debug/res_ascii_num3.c.o
LOAD ./Debug/res_ascii_num3_draw.c.o
LOAD ../bwlib\liblimage.a
LOAD ../bwlib\libwatermark.a
LOAD ../bwlib\libeffect.a
LOAD ../bwlib\libmp3.a
LOAD ../bwlib\libsd.a
LOAD ../bwlib\libavi.a
LOAD ../bwlib\libfs.a
LOAD C:/MinGW-4.7.1/or1k-elf/lib/no-delay\libc.a
LOAD C:/MinGW-4.7.1/lib/gcc/or1k-elf/4.9.1/no-delay\libgcc.a

.bootsec        0x01fffc00      0x200 load address 0x00000000
 *(.bootsec)
 .bootsec       0x01fffc00      0x200 ./Debug/ax32xx_BLDRX32.S.o
                0x01fffc10                hex
                0x01fffc10                .hex
                0x01fffdd8                .bootsect

.exception      0x00000000     0x1e3c load address 0x00000200
                0x00000000                _exception_vma = .
 *(.vector)
 .vector        0x00000000      0x3d0 ./Debug/ax32xx_reset.S.o
                0x00000304                _start
                0x00000340                _step_in
                0x00000384                _step_out
 *(.vector.text)
 .vector.text   0x000003d0     0x1668 ./Debug/src_ax32xx_int.c.o
                0x00000514                _rtcRamWrite
                0x000005bc                _rtcRamRead
                0x00000670                my_putchar
                0x00000684                exception_uart_puts
                0x00000698                my_memset
                0x000006c8                exception_init
                0x0000076c                ax32xx_vddrtcCalculate
                0x00000798                dllcon_init
                0x00000944                sdram_init
                0x00000a14                adcRead
                0x00000a6c                adcConverStart
                0x00000a90                adcSetBaudrate
                0x00000ac0                sysClkSet
                0x00000b1c                adcEnable
                0x00000b84                adcGetChannel
                0x00000bbc                sdram_tuning_check_2
                0x00000d3c                _sdr_tuning2_conifg_set
                0x00000d5c                crc_cal
                0x00000dd0                sdram_clock_tune
                0x000017b0                exception
                0x00001a1c                exception_trigger
 *(.vector.data)
 .vector.data   0x00001a38      0x100 ./Debug/ax32xx_reset.S.o
                0x00001a38                _step_data
 .vector.data   0x00001b38      0x304 ./Debug/src_ax32xx_int.c.o
                0x00001b38                tune_values
                0x00001cb8                tune_by
                0x00001cc4                tune_tab_2_dll
                0x00001cd4                tune_tab_1_dll
                0x00001ce4                tune_tab_2_clk
                0x00001d04                tune_tab_1_clk
                0x00001d24                tuning_test_addr
                0x00001da4                tuning_test_data
                0x00001e24                SDRTUN2_CON
                0x00001e2c                sdr_tune_source
                0x00001e30                chip_vision

.ram            0x00001e3c     0x2660 load address 0x0000203c
                0x00001e3c                __sram_start = .
 *(.msk_var_use)
 *(.sdc_buf)
 .sdc_buf       0x00001e3c       0x40 ../bwlib\libsd.a(ax32xx_sd.o)
 *(.sram_comm)
 .sram_comm     0x00001e7c       0x60 ./Debug/xos_xmsgq.c.o
 .sram_comm     0x00001edc     0x25c0 ./Debug/src_hal_sys.c.o
                0x00001edc                ramuse
                0x0000449c                __sram_end = .

.fifo           0x00008000      0xce0
                0x00008000                __ufifo_start = .
 *(.sram_Usbfifo)
 .sram_Usbfifo  0x00008000      0xce0 ./Debug/src_hal_sys.c.o
                0x00008000                usbfifo
                0x00008ce0                __ufifo_end = .

.text           0x02000000    0x80804 load address 0x00002200
                0x02000000                _text_start = .
 *(.text*)
 .text          0x02000000        0x0 ./Debug/ax32xx_reset.S.o
 .text          0x02000000        0x0 ./Debug/ax32xx_spi_boot_cfg.S.o
 .text          0x02000000        0x0 ./Debug/ax32xx_BLDRX32.S.o
 .text          0x02000000      0x4a8 ./Debug/main.c.o
                0x02000000                registerTask
                0x020000bc                init
                0x02000440                systemService
                0x02000474                sendDrawUIMsg
 .text.startup  0x020004a8       0xb8 ./Debug/main.c.o
                0x020004a8                main
 .text          0x02000560     0x1b84 ./Debug/resource_manager.c.o
                0x0200069c                managerInit
                0x02000714                managerCreate
                0x020007ec                managerDestory
                0x02000864                managerFileCount
                0x020008fc                managerFileCountEx
                0x02000968                managerLockFileExt
                0x02000a10                managerUnlockFileExt
                0x02000abc                managerCheckLock
                0x02000af8                managerCheckLockExt
                0x02000b88                managerFlush
                0x02000bf4                managerDelFileByIndex
                0x02000d04                managerDelFileAll
                0x02000de8                managerScanStart
                0x02000e50                managerScanEnd
                0x02000f10                explorerListHook
                0x02000f28                managerNameChange
                0x02001128                managerSpaceCheck
                0x0200123c                manangerCheckFileType
                0x0200149c                managerAddFile
                0x02001540                managerAddFileEx
                0x020015a0                managerRenameExt
                0x02001640                managerRename
                0x02001700                managerLockFile
                0x02001788                managerUnlockFile
                0x02001848                managerDelFileByName
                0x020019a4                managerDelFileByFullName
                0x02001b24                managerFileNameCreater
                0x02001d38                managerFileScan
                0x02001ebc                manangerGetFileFullPathName
                0x02001f70                manangerGetFileName
                0x02002008                manangerFindFileAndDel
 .text          0x020020e4      0x310 ./Debug/board.c.o
                0x020020e4                boardInit
                0x0200220c                boardOpen
                0x020022b0                boardIoctrl
                0x02002338                boardNameIoctrl
 .text          0x020023f4      0xb50 ./Debug/board_bwv1.c.o
                0x020029a8                board_lcd_reset
                0x02002a20                board_sensor_reset
                0x02002b5c                board_lcd_ioctrl_pwm
                0x02002ba0                getCurBatteryADC
                0x02002bc0                getKeyADCvalue
                0x02002be0                getKeyVal
                0x02002d04                getKey
                0x02002dd4                keyScanKey
                0x02002f08                board_powerCheck
 .text          0x02002f44      0x2ec ./Debug/config.c.o
                0x02002f44                configCheckSumCal
                0x02002f98                userConfigSave
                0x0200300c                userConfigReset
                0x02003104                userConfigInitial
                0x020031b4                configSet
                0x020031f0                configGet
 .text          0x02003230      0xc58 ./Debug/display.c.o
                0x02003230                dispLayerPIPOnlyFront
                0x020032a0                dispLayerPIPOnlyBack
                0x0200331c                dispLayerPIPBakRightTop
                0x020033bc                dispLayerPIPFrtRightTop
                0x02003440                dispLayerPIPFBHalf
                0x020034c4                dispLayerPIPBFHalf
                0x02003548                dispLayerUninit
                0x020035a4                dispLayerGetResolution
                0x02003678                dispLayerSetResolution
                0x02003764                dispLayerSetRotate
                0x02003798                dispRatioResolutionCalculate
                0x02003870                dispLayerSetRatio
                0x02003920                dispLayerInit
                0x02003b4c                dispLayerShow
                0x02003b90                dispLayerGetFrame
                0x02003bd8                dispLayerGetFreeFrame
                0x02003c18                dispLayerFreeFrame
                0x02003c90                dispLayerSetFrame
                0x02003cdc                dispLayerSetPIPMode
                0x02003d40                dispLayer_ABwin
                0x02003d70                dispLayer_getABwin
                0x02003d90                dispLayerSetFrontCrop
 .text          0x02003e88        0x0 ./Debug/explorer.c.o
 .text          0x02003e88      0xc4c ./Debug/filelist.c.o
 .text          0x02004ad4      0x8ec ./Debug/font.c.o
                0x02004ce4                fontInit
                0x02004dac                fontSetLanguage
                0x02004e5c                fontGetStringInfo
                0x02004f0c                fontDrawString
                0x020050fc                resGetString
                0x02005214                resGetChar
 .text          0x020053c0      0x2e0 ./Debug/icon.c.o
                0x020053c0                iconInit
                0x0200540c                iconGetSize
                0x020054b0                iconGetData
                0x0200554c                iconGetAddr
                0x020055c0                iconGetPalette
                0x02005630                iconGetGamePalette
 .text          0x020056a0      0x1ec ./Debug/configGetValue.c.o
                0x020056a0                configValue2Int
 .text          0x0200588c      0x19c ./Debug/configSystem.c.o
                0x0200588c                configLanguage
                0x02005904                configSys
                0x020059ec                configSystem
 .text          0x02005a28      0x770 ./Debug/logo.c.o
                0x02005a28                logo_image_show
                0x02005b20                jpg_decode_show
                0x02005c08                logo_music_show
                0x02005d98                layout_logo_show
                0x02005e84                background_logo_image_show
                0x02005f4c                layout_version_get
                0x02006038                layout_keysound_load
                0x02006110                layout_sound_load
 .text          0x02006198       0xb0 ./Debug/menuMovieRec.c.o
                0x02006198                menuProcDateTime
                0x020061c4                menuProcVersion
                0x020061f0                menuProcFormat
                0x0200621c                menuProcDefault
 .text          0x02006248      0x384 ./Debug/msgDeal.c.o
                0x02006248                msgFuncRegister
                0x02006300                unshieldedMsgFuncRegister
                0x0200637c                msgDeal
                0x020064d8                msgDealByType
                0x02006570                msgDealByMsgInfor
 .text          0x020065cc       0x98 ./Debug/msgSysRecommend.c.o
 .text          0x02006664      0x5a4 ./Debug/msgSysUnshielded.c.o
 .text          0x02006c08      0x320 ./Debug/taskManage.c.o
                0x02006c08                taskInit
                0x02006c7c                taskInfor
                0x02006c90                taskRegister
                0x02006cc8                taskPrevious
                0x02006ce8                taskCurrent
                0x02006d08                taskNext
                0x02006d28                taskStart
                0x02006da8                taskChange
                0x02006dbc                taskService
 .text          0x02006f28      0xc88 ./Debug/taskPhotoEncode.c.o
                0x02006f28                taskPhotoEncodeClose
                0x02006ff4                taskPhotoEncodeService
                0x020070a4                photoImagePreSizeGet
                0x02007340                task_image_createfile
                0x02007448                image_take_photo
                0x0200768c                image_take_photo_to_sdram
                0x020079a4                photo_animation_effect
                0x02007ac0                taskPhotoEncodeOpen
 .text          0x02007bb0     0x1864 ./Debug/taskPhotoEncodeMsg.c.o
                0x0200939c                photoFocusIconCancel
 .text          0x02009414      0x8a4 ./Debug/taskPlayBack.c.o
                0x02009414                taskPlayBackClose
                0x02009450                video_playback_jpg_scale
                0x020095c8                video_playback_start
                0x020099e0                taskPlayBackOpen
                0x02009bfc                taskPlayBackService
 .text          0x02009cb8     0x18ac ./Debug/taskPlayBackMsg.c.o
                0x0200b47c                backBrushBlack
 .text          0x0200b564      0x260 ./Debug/taskPowerOff.c.o
                0x0200b564                uninit
                0x0200b60c                taskPowerOffOpen
 .text          0x0200b7c4      0xdd8 ./Debug/taskSysScanDevice.c.o
                0x0200b7c4                timerMsgSend
                0x0200b868                setKeyEn
                0x0200b888                deamon_astern_check
                0x0200b89c                reflush_usensor_check
                0x0200b8b0                setSoftwareDetachUsensor
                0x0200b8d0                deamon_usb_check
                0x0200bb60                deamon_gsensor_check
                0x0200bb74                deamon_screen_save
                0x0200bcc4                deamon_key_check
                0x0200bdf4                deamon_auto_poweroff
                0x0200bef8                deamon_keysound_play
                0x0200bfc8                deamon_sound_play
                0x0200c08c                deamon_fsFreeSize
                0x0200c0fc                deamon_fs_scan
                0x0200c284                deamon_sdc_check
                0x0200c488                taskSysScanDev
                0x0200c508                deamon_fsSizeModify
 .text          0x0200c59c      0x3c0 ./Debug/taskUsbDevice.c.o
 .text          0x0200c95c      0xb50 ./Debug/taskVideoRecord.c.o
                0x0200c95c                taskVideoRecordeService
                0x0200ca38                task_video_Get_Status
                0x0200ca58                video_record_start
                0x0200cae8                task_record_stop
                0x0200cb6c                taskVideoRecordeClose
                0x0200cc6c                task_video_record_caltime
                0x0200ccc0                video_record_callback
                0x0200d2d4                taskVideoRecordeOpen
                0x0200d484                taskVideoRecTimeIncreace
                0x0200d498                videoCapturePhoto
 .text          0x0200d4ac     0x17d0 ./Debug/taskVideoRecordMsg.c.o
                0x0200ea48                videoFocusIconCancel
                0x0200eac0                recordTimeCount1S
 .text          0x0200ec7c      0x158 ./Debug/toolFunc.c.o
                0x0200ec7c                intToString
                0x0200ed48                calWeek
 .text          0x0200edd4      0x7d8 ./Debug/uiMenuDateTimeMsg.c.o
                0x0200f244                dateTimeStrUpdate
                0x0200f26c                dateTimeIncreace
                0x0200f40c                dateTimeDecreace
 .text          0x0200f5ac      0x2f4 ./Debug/uiMenuDefaultMsg.c.o
 .text          0x0200f8a0      0x384 ./Debug/uiMenuDelAllMsg.c.o
 .text          0x0200fc24      0x400 ./Debug/uiMenuDelCurMsg.c.o
 .text          0x02010024      0x410 ./Debug/uiMenuFormatMsg.c.o
 .text          0x02010434      0x7f8 ./Debug/uiMenuItemMsg.c.o
                0x02010c0c                menuIsOpen
 .text          0x02010c2c      0x6d8 ./Debug/uiMenuOptionMsg.c.o
 .text          0x02011304      0x2f8 ./Debug/uiMenuUsbMsg.c.o
 .text          0x020115fc      0x1bc ./Debug/uiNoFileMsg.c.o
 .text          0x020117b8      0x358 ./Debug/uiTips1Msg.c.o
 .text          0x02011b10      0x33c ./Debug/uiTipsMsg.c.o
 .text          0x02011e4c      0x3bc ./Debug/uiWin.c.o
                0x02011e4c                dialogCB
                0x02011fd0                uiParentDealMsg
                0x02012000                uiOpenWindow
                0x020120e8                uiOpenWinAndShow
                0x020121d8                windowIsOpen
 .text          0x02012208      0x138 ./Debug/uiMenuVersionMsg.c.o
 .text          0x02012340       0xcc ./Debug/taskAudioPlayer.c.o
                0x02012340                taskAudioPlayerOpen
                0x0201239c                taskAudioPlayerClose
                0x020123c0                taskAudioPlayerService
 .text          0x0201240c     0x1b9c ./Debug/taskAudioPlayerMsg.c.o
                0x02013d70                uni2oem936_init
                0x02013dec                uni2oem936_uninit
                0x02013e30                oem2uni936_init
                0x02013eac                oem2uni936_uninit
 .text          0x02013fa8        0x0 ./Debug/taskAudioPlayerRes.c.o
 .text          0x02013fa8        0x0 ./Debug/taskPhotoEncodeRes.c.o
 .text          0x02013fa8        0x0 ./Debug/taskPlayBackRes.c.o
 .text          0x02013fa8        0x0 ./Debug/taskVideoRecordRes.c.o
 .text          0x02013fa8        0x0 ./Debug/uiMenuDateTimeRes.c.o
 .text          0x02013fa8        0x0 ./Debug/uiMenuDefaultRes.c.o
 .text          0x02013fa8        0x0 ./Debug/uiMenuDelAllRes.c.o
 .text          0x02013fa8        0x0 ./Debug/uiMenuDelCurRes.c.o
 .text          0x02013fa8        0x0 ./Debug/uiMenuFormatRes.c.o
 .text          0x02013fa8        0x0 ./Debug/uiMenuItemRes.c.o
 .text          0x02013fa8        0x0 ./Debug/uiMenuOptionRes.c.o
 .text          0x02013fa8        0x0 ./Debug/uiMenuUsbRes.c.o
 .text          0x02013fa8        0x0 ./Debug/uiMenuVersionRes.c.o
 .text          0x02013fa8        0x0 ./Debug/uiNoFileRes.c.o
 .text          0x02013fa8        0x0 ./Debug/uiTips1Res.c.o
 .text          0x02013fa8        0x0 ./Debug/uiTipsRes.c.o
 .text          0x02013fa8       0xf0 ./Debug/taskMainMenu.c.o
                0x02013fa8                taskMainMenuService
                0x02013fbc                taskMainMenuOpen
                0x02014078                taskMainMenuClose
 .text          0x02014098      0x974 ./Debug/taskMainMenuMsg.c.o
 .text          0x02014a0c        0x0 ./Debug/taskMainMenuRes.c.o
 .text          0x02014a0c       0xac ./Debug/taskSettingMenu.c.o
                0x02014a0c                taskSettingMenuService
                0x02014a20                taskSettingMenuClose
                0x02014a34                taskSettingMenuOpen
 .text          0x02014ab8     0x1888 ./Debug/userInterface.c.o
                0x02014ab8                actionUpperToBottom
                0x02014c70                actionBottomToUpper
                0x02014e48                actionSquareInsideToOutside
                0x02014ff8                actionSquareOutsideToInside
                0x020151b0                actionLeftBottomToRightUpper
                0x0201533c                actionLeftToRight
                0x02015508                actionLeftUpperToRightBottom
                0x020156bc                actionCircleInside2OutSide
                0x02015ad0                getActionFunc
                0x02015b78                animationInit
                0x02015c64                animationRun
                0x02015d0c                animationUnInit
                0x02015d50                circle_fill
                0x020162ac                type_function_circle
 .text          0x02016340      0x508 ./Debug/upgrade.c.o
                0x02016340                upgrade_led_control
                0x020163b8                upgrade_uiProgress
                0x020163f8                upgrade
 .text          0x02016848     0x2488 ./Debug/game_block.c.o
                0x02016848                game_cnt_down
                0x02016878                game_cnt_reinit
                0x02016898                game_cnt_over
                0x020168c8                game_cnt_clear
                0x020168f4                effect_rand_get
                0x0201697c                power_up_rand_list_init
                0x02016a1c                block_cnt_init
                0x02016a80                rand_get
                0x02016b10                level_back_index_get
                0x02016b34                block_map_init
                0x02016b94                move_icon_universal_draw
                0x02016c04                game_frame_buff_show_get
                0x02016c24                block_icon_draw
                0x02016cb8                block_src_init_and_draw
                0x02016d78                block_map_draw
                0x02016e20                game_boundary_init
                0x02016e64                game_block_level_init
                0x02016ea0                life_icon_draw
                0x02016fac                right_score_draw
                0x020170e0                ball_icon_draw
                0x02017178                board_icon_draw
                0x020171c0                power_up_item_icon_draw
                0x02017280                DrawMap_block
                0x020172c8                power_up_item_init
                0x020173c0                power_up_item_destroy
                0x0201742c                ball_init
                0x02017510                ball_item_destroy
                0x0201757c                copy_ball_action
                0x020175f8                ball_and_board_init
                0x02017698                board_and_ball_flash_init
                0x020176d0                move_rule
                0x020177c4                game_boundary_hit_check
                0x02017870                universal_hit_action
                0x020178a4                universal_hit_check
                0x02017b8c                board_hit_check
                0x02017c6c                block_hit_check
                0x02017de8                clear_block_effect
                0x02017f94                board_move
                0x0201804c                ball_move
                0x02018110                ball_fire_power_up
                0x02018178                ball_multi_power_up
                0x02018204                power_up_item_move
                0x020182f8                power_up_move
                0x02018378                move
                0x02018434                pass_check
                0x02018490                game_block_init
                0x020184e4                block_free_buf
                0x02018540                game_block_exit
                0x02018594                flash_reinit
                0x02018660                flash_init
                0x020186a8                block_breaker_going_key_response
                0x02018760                game_block_start
                0x02018824                block_breaker_going
                0x0201895c                block_breaker_level_pass
                0x020189c0                block_breaker_game_over_show
                0x02018a34                block_breaker_game_pause
                0x02018b68                game_block_key_active
                0x02018bdc                game_block_entry
 .text          0x02018cd0      0xe08 ./Debug/game_snake.c.o
                0x02018cd0                snake_get_buf
                0x02018d40                snake_put_buf
                0x02018d98                snake_init
                0x02018e44                rand_next
                0x02018ef8                createFood
                0x02018fdc                creatMap
                0x02019030                biteSelf
                0x02019088                chet_endGamestatus
                0x02019118                detore_snake
                0x0201916c                snakeOSDDisplayBufGet
                0x020191b8                snake_I80
                0x020192b0                snakeOSDDisplay
                0x02019310                snake_frame_icon_draw
                0x0201941c                get_malloc
                0x02019444                show_icon_rect
                0x0201954c                show_all
                0x02019684                snakeMove
                0x02019898                key_read
                0x02019938                snake_main_init
                0x020199e0                game_snake_entry
 .text          0x02019ad8      0x728 ./Debug/game_sokoban.c.o
                0x02019ad8                Move
                0x02019c34                resultCheck
                0x02019ccc                map_init
                0x02019d10                get_map_size
                0x02019d28                man_init
                0x02019d98                DataRead_CMode
                0x02019e0c                TXZ_show_icon_rect
                0x02019f20                TXZ_show_one_rect
                0x02019f4c                DrawMap
                0x02019fc4                TXZ_show_all
                0x02019ffc                get_game_map
                0x0201a0c4                sokoban_init
                0x0201a120                game_sokoban_entry
 .text          0x0201a200      0xfe4 ./Debug/game_tetris.c.o
                0x0201a200                insertTetris
                0x0201a2a8                checkCollision_L
                0x0201a2e0                checkCollision_R
                0x0201a314                checkCollision
                0x0201a3b4                show_one_diamonds
                0x0201a43c                printScore
                0x0201a60c                printNextTetris
                0x0201a6a0                giveTetris
                0x0201a780                removeTetris
                0x0201a838                printCurrentTetris
                0x0201a958                setPoolColor
                0x0201aa0c                rotateTetris
                0x0201aab0                checkErasing
                0x0201ac40                printTetrisPool
                0x0201ad10                moveDownTetris
                0x0201adc0                horzMoveTetris
                0x0201ae64                keydownControl
                0x0201af2c                endgame
                0x0201af48                restartGame
                0x0201afe8                game_tetris_init
                0x0201b07c                game_tetris_exit
                0x0201b0c0                game_tetris_entry
 .text          0x0201b1e4     0x1a14 ./Debug/taskGame.c.o
                0x0201b1e4                taskGameClose
                0x0201b338                gameInit
                0x0201b3c8                gameGetKeyADCValue
                0x0201b474                game_key_judge
                0x0201b500                fps_count_reset
                0x0201b52c                rand_int
                0x0201b598                get_game_base_buf
                0x0201b5c0                get_game_show_buf
                0x0201b69c                get_bin_data
                0x0201b720                frame_icon_draw
                0x0201b8b4                game_OSD_str_draw
                0x0201bf18                game_tips
                0x0201c254                game_over
                0x0201c350                gameExit
                0x0201c3c4                taskGameService
                0x0201c42c                game_bk_draw
                0x0201c4d8                frame_buff_display
                0x0201c550                free_buf
                0x0201c578                game_audio_init
                0x0201c6fc                taskGameOpen
                0x0201c738                game_audio_play
                0x0201c8e0                game_key_event
                0x0201ca08                gameTickGenerator
                0x0201cad0                game_result_tips
 .text          0x0201cbf8       0xb0 ./Debug/taskGameMenu.c.o
                0x0201cbf8                taskGameMenuService
                0x0201cc0c                taskGameMenuOpen
                0x0201cc88                taskGameMenuClose
 .text          0x0201cca8      0xcec ./Debug/taskGameMenuMsg.c.o
 .text          0x0201d994        0x0 ./Debug/taskGameMenuRes.c.o
 .text          0x0201d994     0x11f4 ./Debug/game_plane.c.o
                0x0201d994                is_in_range
                0x0201d9e4                collision_chect
                0x0201dc40                move_enemy_bullet_c
                0x0201dce0                AI_mage
                0x0201dd34                move_my_planle
                0x0201de88                new_my_bullet
                0x0201df38                new_p_boom
                0x0201dffc                move_my_bullet_c
                0x0201e0ec                move_bullet
                0x0201e110                move_one_enemy_planle
                0x0201e2d8                move_enemy_planle
                0x0201e320                new_enemy_Plane
                0x0201e3fc                pGame_show_icon_rect
                0x0201e5b0                show_plane_boom
                0x0201e614                show_enemy_Plane
                0x0201e66c                show_my_bullet
                0x0201e6c4                show_score
                0x0201e958                game_plane_entry
 .text          0x0201eb88      0x5a8 ./Debug/game_maze.c.o
                0x0201eb88                Move_maze
                0x0201ed48                resultCheck_maze
                0x0201eda0                maze_map_set
                0x0201ede0                get_map_maze_size
                0x0201edf8                man_maze_init
                0x0201ee28                maze_show_one_rect
                0x0201eeec                maze_DrawMap
                0x0201ef64                maze_show_all
                0x0201ef9c                maze_map_init
                0x0201efe4                maze_keypress
                0x0201f038                maze_init
                0x0201f080                game_maze_entry
 .text          0x0201f130        0x0 ./Debug/xos_x_cpu.c.o
 .text          0x0201f130      0x1b0 ./Debug/xos_xmbox.c.o
                0x0201f130                XMboxInit
                0x0201f170                XMboxCreate
                0x0201f1f8                XMboxDestory
                0x0201f230                XMboxPost
                0x0201f284                XMboxPend
 .text          0x0201f2e0      0x2e4 ./Debug/xos_xmsgq.c.o
                0x0201f2e0                XMsgQInit
                0x0201f320                XMsgQCreate
                0x0201f3b0                XMsgQDestory
                0x0201f3e8                XMsgQFlush
                0x0201f428                XMsgQPost
                0x0201f4a0                XMsgQPostFront
                0x0201f51c                XMsgQPend
                0x0201f5ac                XMsgQCheck
 .text          0x0201f5c4      0x12c ./Debug/xos_xos.c.o
                0x0201f5c4                XOSInit
                0x0201f604                XOSTickService
                0x0201f674                XOSTimeGet
                0x0201f694                XOSTimeDly
                0x0201f6d0                XOSRandom
 .text          0x0201f6f0      0x168 ./Debug/xos_xwork.c.o
                0x0201f6f0                XWorkInit
                0x0201f730                XWorkCreate
                0x0201f7bc                XWorkDestory
                0x0201f7ec                XWorkService
 .text          0x0201f858      0xb04 ./Debug/multimedia_user_media.c.o
                0x0201f858                jpg_decode_buf
                0x0201f8fc                jpg_buf_decode_buf
                0x0201f9a0                yuv_rgb_table_init
                0x0201fbbc                yuv_rgb_table_uninit
                0x0201fc00                bmp24_to_yuv420_buf
                0x0201ff84                yuv420_draw_buf
                0x02020174                yuv420_software_set_handle_frame
                0x02020194                yuv420_software_get_handle_frame
                0x020201b4                yuv420_effect_handle
 .text          0x0202035c      0x1ec ./Debug/sUI_button.c.o
                0x02020430                buttonCreate
                0x020204a4                buttonCreateIndirect
 .text          0x02020548      0x168 ./Debug/sUI_dialog.c.o
                0x02020548                dialogCreate
                0x020205f8                dialogItem
 .text          0x020206b0      0x22c ./Debug/sUI_frameWin.c.o
                0x02020808                frameWinCreate
                0x0202086c                frameWinCreateIndirect
 .text          0x020208dc      0x2b0 ./Debug/sUI_imageIcon.c.o
                0x02020a64                imageIconCreate
                0x02020b10                imageIconCreateIndirect
 .text          0x02020b8c     0x191c ./Debug/sUI_itemManage.c.o
                0x02020b8c                itemManageCreate
                0x02020c10                itemManageCreateIndirect
                0x02020c84                itemManageSetItemHeight
                0x02020e08                itemManageSetItemRowSumGap
                0x02020f10                itemManageSetHeightAvgGap
                0x02021084                itemManageSetRowSum
                0x020211b8                itemManageSetColumnSum
                0x02021308                itemManageSetColumnSumWithGap
                0x02021484                itemManageSetColumnMargin
                0x020215b4                itemManageCreateItem
                0x02021750                itemManageSetResInforFuncEx
                0x020217a8                itemManageSetCurItem
                0x02021aa4                itemManageUpdateRes
                0x02021b5c                itemManageUpdateAllitem
                0x02021bc0                itemManageUpdateCurItem
                0x02021d64                itemManageNextItem
                0x02021dd4                itemManagePreItem
                0x02021e44                itemManageNextPage
                0x02021ec8                itemManagePrePage
                0x02021f50                itemManageGetCurrentItem
                0x02021fb4                itemManageSetCharInfor
                0x0202206c                itemManageSetSelectColor
                0x02022108                itemManageSetSelectImage
                0x020221a8                itemManageSetUnselectColor
                0x02022244                itemManageSetUnselectImage
                0x020222e4                itemManageGetTouchInfor
 .text          0x020224a8      0x3c4 ./Debug/sUI_menuItem.c.o
                0x020226d8                menuItemCreate
                0x02022780                itemCreateMenuItem
 .text          0x0202286c      0x504 ./Debug/sUI_menuItemEx.c.o
                0x02022b94                menuItemExCreate
                0x02022c44                itemCreateMenuItemEx
 .text          0x02022d70      0x360 ./Debug/sUI_menuOption.c.o
                0x02022f64                menuOptionCreate
                0x02023008                itemCreatemenuOption
 .text          0x020230d0      0x344 ./Debug/sUI_progressBar.c.o
                0x020232f8                progressBarCreate
                0x0202337c                progressBarCreateIndirect
                0x020233f4                progressBarSetDirction
 .text          0x02023414      0x264 ./Debug/sUI_rect.c.o
                0x02023580                rectCreate
                0x02023604                rectCreateIndirect
 .text          0x02023678      0x380 ./Debug/sUI_stringIcon.c.o
                0x02023888                stringIconCreate
                0x02023944                stringIconCreateIndirect
 .text          0x020239f8      0x2b0 ./Debug/sUI_tips.c.o
                0x02023b94                tipsCreate
                0x02023c20                tipsCreateIndirect
 .text          0x02023ca8      0x26c ./Debug/sUI_uiAlloc.c.o
                0x02023ca8                uiHeapInit
                0x02023ce0                uiAlloc
                0x02023dd8                uiFree
                0x02023ed8                uiHeapInfor
                0x02023f00                heapAllocTest
 .text          0x02023f14      0x11c ./Debug/sUI_widget.c.o
                0x02023f14                widgetProc
                0x02023f60                widgetSetType
                0x02023f90                widgetGetType
                0x02023fc4                widgetGetId
                0x02023ffc                widgetSetId
 .text          0x02024030     0x1b78 ./Debug/sUI_winManage.c.o
                0x02024030                winErrShow
                0x0202407c                winSendMsg
                0x020240bc                winSendMsgNoData
                0x020240e4                winSendMsgToParent
                0x02024114                winSendMsgToParentNoData
                0x0202413c                winOverlapping
                0x020241a0                winContain
                0x02024204                winHasInvalidRect
                0x02024298                winFreeInvalidRect
                0x02024594                winCreate
                0x020249a0                winDestroy
                0x02024b0c                winGetTouchInfor
                0x02024b3c                winTouch
                0x02024d5c                winSetbgColor
                0x02024d90                winSetfgColor
                0x02024dc4                winSetVisible
                0x02024e48                winIsVisible
                0x02024e84                winSetResid
                0x02024eb4                winSetItemSelResid
                0x02024ee4                winSetStrInfor
                0x02024f34                resInforInit
                0x02024f80                winSetSelectInfor
                0x02024fb0                winSetUnselectInfor
                0x02024fe0                winChangeNotify
                0x02025048                winDefaultProc
                0x02025424                winResize
                0x020255b4                winGetRelativePos
                0x02025644                winGetPos
                0x02025688                winUpdate
                0x020256f8                winSetPorgressRate
                0x02025728                winSetPorgressDirction
                0x02025758                winGetCurrent
                0x02025778                winPaint
                0x02025884                winSetName
                0x020258a4                winIntersection
                0x02025958                winUpdateAllResId
                0x020259bc                winDestroyDeskTopChildWin
                0x02025a30                winInit
                0x02025b1c                winUninit
 .text          0x02025ba8      0x110 ./Debug/sUI_memPool.c.o
                0x02025ba8                mempCreate
                0x02025c10                mempGet
                0x02025c68                mempPut
                0x02025ca4                mempInfor
 .text          0x02025cb8      0x43c ./Debug/sUI_widgetManage.c.o
                0x02025f0c                widgetManageCreate
                0x02025f90                widgetManageCreateIndirect
                0x02026000                widgetManageUpdateAll
                0x02026024                widgetManageUpdateCur
                0x02026048                widgetManageNext
                0x0202606c                widgetManagePre
                0x02026090                widgetManageSelect
                0x020260c4                widgetManageCurId
 .text          0x020260f4      0x3bc ./Debug/src_ax32xx_int.c.o
                0x020260f4                ax32xx_intHandler
                0x02026108                fast_isr
                0x020261e8                slow_isr
                0x020262dc                ax32xx_intEnable
                0x02026324                ax32xx_int_priority
                0x0202636c                ax32xx_intInit
 .text          0x020264b0      0xa44 ./Debug/src_ax32xx_sys.c.o
                0x020264b0                ax32xx_sysCpuMsDelay
                0x020264ec                ax32xx_sysCpuNopDelay
                0x02026514                ax32xx_sysDcacheInit
                0x02026558                ax32xx_sysIcacheInit
                0x0202659c                ax32xx_sysDcacheWback
                0x02026618                ax32xx_sysDcacheFlush
                0x02026694                ax32xx_sysDcacheInvalid
                0x02026710                ax32xx_sysSRAMClear
                0x02026764                ax32xx_sysBSSClear
                0x020267c8                ax32xx_sysLDOSet
                0x020269ac                ax32xx_sysClkSet
                0x02026a08                ax32xx_sysReset
                0x02026a48                ax32xx_sys_dma_memdown
                0x02026aac                ax32xx_sys_dma_memkick
                0x02026b70                ax32xx_mcpy_gram2ufifo
                0x02026bd0                ax32xx_mcpy1_sdram2gram
                0x02026c74                ax32xx_mcpy1_sdram2gram_2
                0x02026cd4                ax32xx_sysInit
                0x02026e34                ax32xx_sysUninit
 .text          0x02026ef4      0x298 ./Debug/src_ax32xx_dma.c.o
                0x02026ef4                ax32xx_dmaNocCfg
                0x0202711c                ax32xx_dmaNocDefault
                0x02027144                ax32xx_dmaChannelEnable
 .text          0x0202718c       0x98 ./Debug/src_ax32xx_wdt.c.o
                0x0202718c                ax32xx_wdtEnable
                0x020271c0                ax32xx_wdtTimeSet
                0x020271d4                ax32xx_wdtClear
                0x02027208                ax32xx_wdtReset
 .text          0x02027224      0xe08 ./Debug/src_ax32xx_gpio.c.o
                0x02027224                ax32xx_gpioSFRSet
                0x02027468                ax32xx_gpioDirSet
                0x0202750c                ax32xx_gpioPullSet
                0x020275d8                ax32xx_gpioDrvSet
                0x02027668                ax32xx_gpioDataSet
                0x020276f4                ax32xx_gpioDataGrounpSet
                0x02027770                ax32xx_gpioDataGet
                0x020277f4                ax32xx_gpioMapSet
                0x02027884                ax32xx_gpioDigitalSet
                0x02027914                ax32xx_gpioHystersisSet
                0x020279a4                ax32xx_gpioLedPull
                0x02027a70                ax32xx_gpioLedInit
                0x02027b00                ax32xx_gpioINTCheck
                0x02027b38                ax32xx_gpioINTClear
                0x02027b60                ax32xx_gpioINTInit
                0x02027c90                ax32xx_gpioIRQHandler
                0x02027d2c                ax32xx_io1d1_softstart
                0x02027eec                ax32xx_io1d1_softstart_clr
                0x02027f9c                ax32xx_io1d1_pd_enable
 .text          0x0202802c      0x1a4 ./Debug/src_ax32xx_uart.c.o
                0x0202802c                ax32xx_uart0IRQHandler
                0x0202807c                ax32xx_uart0IOCfg
                0x0202811c                ax32xx_uart0Init
                0x02028190                ax32xx_uart0SendByte
 .text          0x020281d0      0x9ec ./Debug/src_ax32xx_timer.c.o
                0x020281d0                ax32xx_timer0IRQHandler
                0x02028214                ax32xx_timer1IRQHandler
                0x02028258                ax32xx_timer2IRQHandler
                0x0202829c                ax32xx_timer3IRQHandler
                0x020282e0                ax32xx_timerISRRegister
                0x02028324                ax32xx_timerStart
                0x02028420                ax32xx_timerStop
                0x020284f0                ax32xx_timerEnable
                0x0202857c                ax32xx_timerDisable
                0x02028620                ax32xx_timerTickStart
                0x02028654                ax32xx_timerTickStop
                0x02028674                ax32xx_timerTickCount
                0x02028690                ax32xx_timerPWMStart
                0x02028b08                ax32xx_timerPWMStop
 .text          0x02028bbc      0x468 ./Debug/src_ax32xx_tminf.c.o
                0x02028bbc                ax32xx_mjpegATimeinfoEnable
                0x02028c28                ax32xx_mjpegBTimeinfoEnable
                0x02028c94                ax32xx_mjpegATimeinfoColor
                0x02028ce0                ax32xx_mjpegBTimeinfoColor
                0x02028d3c                ax32xx_mjpegATimeinfoSize
                0x02028d98                ax32xx_mjpegBTimeinfoSize
                0x02028e20                ax32xx_mjpegATimeinfoPos
                0x02028e7c                ax32xx_mjpegBTimeinfoPos
                0x02028f04                ax32xx_mjpegATimeinfoAddr
                0x02028f48                ax32xx_mjpegBTimeinfoAddr
                0x02028fb8                ax32xx_recfg_mjpb_tminf
 .text          0x02029024      0x7f4 ./Debug/src_ax32xx_spi.c.o
                0x02029024                ax32xx_spi0Init
                0x02029244                ax32xx_spi0SendByte
                0x02029298                ax32xx_spi0RecvByte
                0x020292ec                ax32xx_spi0Send0
                0x020293a4                ax32xx_spi0Recv0
                0x0202945c                ax32xx_spi0CS0Config
                0x020294a0                spi1_pin_config
                0x02029570                hal_spi1Init
                0x020295e8                spi1_send_byte
                0x02029658                spi1_receive_byte
                0x020296a0                spi1_recevie_dma
                0x02029738                spi1_send_dma
                0x020297d4                spi1_enable
 .text          0x02029818      0xb74 ./Debug/src_ax32xx_rtc.c.o
                0x02029818                ax32xx_rtcWriteByte
                0x02029868                ax32xx_rtcReadByte
                0x020298cc                ax32xx_rtcRamRead
                0x02029968                ax32xx_rtcRamWrite
                0x02029a04                ax32xx_rtcDataRead
                0x02029a8c                ax32xx_rtcDataWrite
                0x02029b14                ax32xx_rtcInit
                0x02029bc4                ax32xx_rtcIRQHandler
                0x02029c7c                ax32xx_rtcSencodEnable
                0x02029cf8                ax32xx_rtcAlamEnable
                0x02029de0                ax32xx_rtcAlamSet
                0x02029e28                ax32xx_rtcGet
                0x02029e7c                ax32xx_rtcSet
                0x02029ec4                ax32xx_WKOEnable
                0x02029f20                ax32xx_VDDGSENEnable
                0x02029f90                ax32xx_WKI0InputEnable
                0x0202a000                ax32xx_WKI1InputEnable
                0x0202a070                ax32xx_WKI1Read
                0x0202a094                ax32xx_WKI0Read
                0x0202a0b8                ax32xx_WKI1WakeupEnable
                0x0202a220                ax32xx_WKI1WakeupTriger
                0x0202a270                ax32xx_WKI1CleanPending
                0x0202a2ac                ax32xx_rtcBatDecEnable
                0x0202a31c                ax32xx_rtcSenHVEnable
 .text          0x0202a38c      0x7e8 ./Debug/src_ax32xx_iic.c.o
                0x0202a444                software_iic_sdaout
                0x0202a478                software_iic_sdain
                0x0202a4ac                software_iic_sda_set
                0x0202a4d8                software_iic_scl_set
                0x0202a504                software_iic_sda_get
                0x0202a52c                software_iic_init
                0x0202a55c                software_iic_start
                0x0202a5d4                software_iic_stop
                0x0202a64c                software_iic_wait_ack
                0x0202a704                ax32xx_iic0Init
                0x0202a7c4                ax32xx_iic0Uninit
                0x0202a808                ax32xx_iic0Start
                0x0202a824                ax32xx_iic0Stop
                0x0202a864                ax32xx_iic0RecvACK
                0x0202a88c                ax32xx_iic0SendACK
                0x0202a8b0                ax32xx_iic0SendByte
                0x0202a900                ax32xx_iic0RecvByte
                0x0202a954                ax32xx_iic1Init
                0x0202a97c                ax32xx_iic1Uninit
                0x0202a9c0                ax32xx_iic1Start
                0x0202a9dc                ax32xx_iic1Stop
                0x0202aa3c                ax32xx_iic1RecvACK
                0x0202aa64                ax32xx_iic1SendACK
                0x0202aa88                ax32xx_iic1SendByte
                0x0202aaf8                ax32xx_iic1RecvByte
 .text          0x0202ab74      0x66c ./Debug/src_ax32xx_dac.c.o
                0x0202abb4                ax32xx_dacIRQHandler
                0x0202ac88                ax32xx_dacSampleRateSet
                0x0202acf8                ax32xx_dacEnable
                0x0202ad7c                ax32xx_dacVolumeSet
                0x0202adf4                ax32xx_dacBufferSet
                0x0202ae14                ax32xx_dacBufferFlush
                0x0202ae34                ax32xx_dacReset
                0x0202ae58                ax32xx_dacStart
                0x0202aed4                ax32xx_dacStop
                0x0202af04                ax32xx_dacISRRegister
                0x0202af24                ax32xx_dacHPSet
                0x0202afb8                eq_coeff_init
                0x0202b028                eq_gain_init
                0x0202b098                ax32xx_dacInit
 .text          0x0202b1e0      0x114 ./Debug/src_ax32xx_adc.c.o
                0x0202b1e0                ax32xx_adcEnable
                0x0202b248                ax32xx_adcSetBaudrate
                0x0202b278                ax32xx_adcConverStart
                0x0202b29c                ax32xx_adcRead
 .text          0x0202b2f4      0x4d0 ./Debug/src_ax32xx_auadc.c.o
                0x0202b2f4                ax32xx_auadcIRQHandler
                0x0202b384                ax32xx_auadcHalfIRQRegister
                0x0202b3a4                ax32xx_auadcEndIRQRegister
                0x0202b3c4                ax32xx_auadcEnable
                0x0202b4bc                ax32xx_auadcAGCEnable
                0x0202b54c                ax32xx_auadcGainSet
                0x0202b5c8                ax32xx_auadcBufferSet
                0x0202b628                ax32xx_auadcInit
                0x0202b6cc                ax32xx_auadcSetSampleSet
                0x0202b7b0                agc_gain_mnt
 .text          0x0202b7c4      0x298 ./Debug/src_jpeg_table.c.o
                0x0202b7c4                jpegA_table_init
                0x0202b940                ax32xx_mjpB_tab_init
 .text          0x0202ba5c      0xd68 ./Debug/src_ax32xx_usb.c.o
                0x0202ba5c                _usb_bulk_tx
                0x0202bb98                _usb_bulk_rx
                0x0202bca4                _usb_iso_kick
                0x0202bd94                _iso_wait_txdown
                0x0202be04                usb_iso_tx
                0x0202bf04                usb_burst_reset
                0x0202bf50                usb_host_reset
                0x0202bf9c                usb_phyreset_as_typeb
                0x0202c0e4                usb_phyreset_as_typea
                0x0202c230                usb_insert
                0x0202c244                usb_check_hal
                0x0202c258                get_u32softcnt
                0x0202c278                ax32xx_usbIRQHanlder
                0x0202c36c                ax32xx_usbCallbackRegister
                0x0202c3a8                ax32xx_usb_hostIRQHanlder
                0x0202c3bc                usb_device_check
                0x0202c484                ax32xx_usbPhyPllEnable
                0x0202c52c                usb11_registers_write
                0x0202c558                usb11_registers_read
                0x0202c590                usb_memcpy
                0x0202c604                usb_phyreset_as_typea11
                0x0202c618                usb11_host_reset
                0x0202c62c                ax32xx_usb11_hostIRQHanlder
                0x0202c640                usb20_host_check
                0x0202c708                usb11HostCheckNoWait
                0x0202c71c                usb11_host_check
                0x0202c730                usb20_phyreset_as_filter
 .text          0x0202c7c4      0x210 ./Debug/src_ax32xx_misc.c.o
                0x0202c7c4                str_seek
                0x0202c830                dec_num2str
                0x0202c870                char_2_hex
                0x0202c8c4                data_check
                0x0202c904                pointer_check
                0x0202c928                half_word_memcpy
                0x0202c960                word_memcpy
                0x0202c998                word_reg_memcpy
 .text          0x0202c9d4      0x14c ./Debug/src_ax32xx_pip.c.o
                0x0202c9d4                ax32xx_pipConfig
                0x0202ca50                ax32xx_pipEnable
                0x0202ca94                ax32xx_pipCounterReset
                0x0202cad4                ax32xx_pipGetTopLayer
                0x0202caf8                ax32xx_pipGetBotLayer
 .text          0x0202cb20        0x0 ./Debug/src_ax32xx_btuart.c.o
 .text          0x0202cb20        0x0 ./Debug/src_ax32xx_crc.c.o
 .text          0x0202cb20      0x26c ./Debug/src_ax32xx_emi.c.o
                0x0202cb20                ax32xx_emiInit
                0x0202cc5c                ax32xx_emiISRRegister
                0x0202cc90                ax32xx_emiIRQHandler
                0x0202ccec                ax32xx_emiKick
                0x0202cd48                ax32xx_emiCheckBusy
                0x0202cd68                ax32xx_emiCheckRXError
 .text          0x0202cd8c      0x278 ./Debug/src_ax32xx_rotate.c.o
                0x0202cd8c                ax32xx_rotateISRRegiser
                0x0202cdac                ax32xx_rotateCheckBusy
                0x0202cdcc                ax32xx_rotateReset
                0x0202ce18                ax32xx_rotateStart
                0x0202cf30                ax32xx_rotateWaitFrameDone
                0x0202cf84                ax32xx_rotateIRQHandler
                0x0202cfd4                ax32xx_rotateGetSrcYAddr
 .text          0x0202d004      0x370 ./Debug/src_ax32xx_osdcmp.c.o
                0x0202d004                ax32xx_osdcmpISRRegiser
                0x0202d024                ax32xx_osdcmpCheckBusy
                0x0202d048                ax32xx_osdcmpReset
                0x0202d094                ax32xx_osdcmpGetCompSize
                0x0202d0b4                ax32xx_osdcmpKick
                0x0202d188                ax32xx_osdcmpWaitFrameDone
                0x0202d220                ax32xx_osdcmpCompOneFrame
                0x0202d328                ax32xx_osdcmpIRQHandler
 .text          0x0202d374       0x3c ./Debug/src_ax32xx_isp.c.o
                0x0202d374                ax32xx_ispModeSet
 .text          0x0202d3b0      0xd68 ./Debug/osd_ax32xx_osd.c.o
                0x0202d3b0                ax32xx_deWait
                0x0202d40c                ax32xx_deUpdate
                0x0202d430                ax32xx_deGetUpdateStatus
                0x0202d454                ax32xx_deIRQHandler
                0x0202d4b4                ax32xx_deISRRegister
                0x0202d4d4                ax32xx_deInit
                0x0202d550                ax32xx_deSetBackground
                0x0202d584                ax32xx_deSetCSC
                0x0202d5d0                ax32xx_videoSetDither
                0x0202d670                ax32xx_videoSetScale
                0x0202d6bc                ax32xx_videoSetScaleLine
                0x0202d72c                ax32xx_videoSetScanMode
                0x0202d778                ax32xx_videoGetYAddr
                0x0202d7a8                ax32xx_videoGetUVAddr
                0x0202d7d8                ax32xx_videoSetAddr
                0x0202d7f4                ax32xx_videoSetStride
                0x0202d818                ax32xx_videoSetSize
                0x0202d850                ax32xx_videoSetPosition
                0x0202d878                ax32xx_videoCopyCfg
                0x0202d8e0                ax32xx_videoEnable
                0x0202d924                ax32xx_degamma_cfg
                0x0202d944                ax32xx_videoGammaRed
                0x0202d988                ax32xx_videoGammaGreen
                0x0202d9cc                ax32xx_videoGammaBlue
                0x0202da10                ax32xx_deSetGAMA
                0x0202da94                ax32xx_deSet_DE_CCM
                0x0202db7c                ax32xx_deSet_DE_SAJ
                0x0202dbe8                ax32xx_videoGammaEnable
                0x0202dc2c                ax32xx_osdEnable
                0x0202dc98                ax32xx_osdSetSize
                0x0202dcec                ax32xx_osdSetPosition
                0x0202dd40                ax32xx_osdSetPalette
                0x0202dd88                ax32xx_osdSetAddr
                0x0202de44                ax32xx_osdGetAddr
                0x0202de94                ax32xx_osdSetAlpha
                0x0202df00                ax32xx_osdSetUpscaler
                0x0202e0c8                ax32xx_osdEncodeOneCode
 .text          0x0202e118      0xfc8 ./Debug/csi_ax32xx_csi.c.o
                0x0202e118                hal_csi_fcnt_get
                0x0202e148                ax32xx_csiIRQHandler
                0x0202e3d8                ax32xx_csiISRRegiser
                0x0202e414                ax32xx_csiMJPEGFrameSet
                0x0202e484                ax32xx_csihv_tomjp_dma_cfg
                0x0202e510                ax32xx_csi_only_FrameSet
                0x0202e530                ax32xx_csiYUVFrameSet
                0x0202e544                ax32xx_csiIOConfig
                0x0202e59c                ax32xx_csiInit
                0x0202e5c8                ax32xx_csiMclkSet
                0x0202e68c                ax32xx_csi_set_mclk_free
                0x0202e6d4                ax32xx_csiSyncSet
                0x0202e738                ax32xx_csiPrioritySet
                0x0202e77c                ax32xx_csiTypeSet
                0x0202e7e8                ax32xx_csiModeSet
                0x0202e824                ax32xx_pclk_fir_Set
                0x0202e88c                ax32xx_pclk_analog_Set
                0x0202e8dc                ax32xx_pclk_inv_Set
                0x0202e920                ax32xx_csi_clk_tun_Set
                0x0202e968                ax32xx_csiSizeSet
                0x0202e9a0                ax32xx_csiInputAddrSet
                0x0202e9b8                ax32xx_csiTestModeSet
                0x0202ea20                ax32xx_csiDvpClkDivSet
                0x0202ea68                ax32xx_csiLCDFrameSet
                0x0202ea94                ax32xx_csiLCDDmaEnable
                0x0202eb30                ax32xx_csiLCDDmaKick
                0x0202eb74                ax32xx_csiLCDScaler
                0x0202ed50                ax32xx_csiScaler
                0x0202ee98                ax32xx_hvScaler
                0x0202efec                ax32xx_csiScalerCheck
                0x0202f014                ax32xx_csiOutputSet
                0x0202f050                ax32xx_csiEnable
 .text          0x0202f0e0      0xd70 ./Debug/lcd_ax32xx_lcd.c.o
                0x0202f0e0                ax32xx_lcdSPIMode
                0x0202f10c                ax32xx_lcdSPIInit
                0x0202f1bc                ax32xx_lcdSPIUninit
                0x0202f1f8                ax32xx_lcdSPISendData
                0x0202f36c                ax32xx_lcdMcuSendCmd
                0x0202f3d0                ax32xx_lcdMcuSendData
                0x0202f424                ax32xx_lcdMcuSendCmd16
                0x0202f4a8                ax32xx_lcdMcuSendData16
                0x0202f52c                ax32xx_lcdInit
                0x0202f578                ax32xx_lcdIRQEnable
                0x0202f5c0                ax32xx_lcdPreLineSet
                0x0202f5dc                ax32xx_lcdSignalSet
                0x0202f674                ax32xx_lcdBusWidth
                0x0202f6c8                ax32xx_lcdBusEnable
                0x0202f718                ax32xx_lcdClkSet
                0x0202f738                ax32xx_lcdSyncSet
                0x0202f75c                ax32xx_lcdDESignalSet
                0x0202f780                ax32xx_lcdPositionSet
                0x0202f79c                ax32xx_lcdResolutionSet
                0x0202f7b8                ax32xx_lcdWindowSizeSet
                0x0202f7d4                ax32xx_lcdDataModeSet
                0x0202f818                ax32xx_lcdClkNumberSet
                0x0202f830                ax32xx_lcdEndLineSet
                0x0202f84c                ax32xx_lcdPanelMode
                0x0202f894                ax32xx_lcdEnable
                0x0202f8f8                ax32xx_lcdTeMode
                0x0202f940                ax32xx_lcdKick
                0x0202f978                ax32xx_lcdIRQHandler
                0x0202fae8                ax32xx_lcdISRRegister
                0x0202fb2c                ax32xx_lcdReset
                0x0202fb98                ax32xx_lcdMCUIOConfig
                0x0202fc7c                ax32xx_lcdRGBIOConfig
                0x0202fd60                ax32xx_lcd_lsawbtooth
 .text          0x0202fe50     0x1f10 ./Debug/mjpeg_ax32xx_mjpeg.c.o
                0x0202fe50                ax32xx_mpegPrint
                0x020302cc                ax32xx_mjpB_reset
                0x02030338                ax32xx_mjpegAIRQHandler
                0x0203038c                ax32xx_mjpeg_encode_check
                0x020304f8                ax32xx_mjpB_employ
                0x02030524                ax32xx_mjpB_dcdown_reg
                0x02030544                ax32xx_mjB_as_dcode
                0x02030570                ax32xx_mjpegEA_ncodeISRRegister
                0x02030590                ax32xx_mjpegEB_ncodeISRRegister
                0x020305b0                ax32xx_mjpegEA_ncodeISR
                0x020305dc                ax32xx_mjpegDecodeISRRegister
                0x020305fc                ax32xx_mjpegEncodeBufferSet
                0x02030648                ax32xx_mjpegEncodeEnable
                0x02030738                ax32xx_mjpegEncode_wifi_Enable
                0x02030828                ax32xx_mjpegEncodeSizeSet
                0x020308d0                ax32xx_mjpegEncodeQuilitySet
                0x02030918                cal_jA_1s_size
                0x02030948                ax32xx_mjpegEncodeQadj
                0x02030a2c                ax32xx_mjpegEncodeInfoSet
                0x02030a74                ax32xx_mjpegEncodeLoadAddrGet
                0x02030a90                ax32xx_mjpeg_inlinebuf_init
                0x02030aac                ax32xx_mjpegEncodeInit
                0x02030ce4                ax32xx_mjpeg_manual_on
                0x02030d2c                ax32xx_mjpeg_manual_stop
                0x02030d50                ax32xx_mjpegDecodeScalerCal
                0x02030e20                ax32xx_mjpegDecodeSetSize
                0x02031044                ax32xx_mjpegDecodeOutputSet
                0x02031060                ax32xx_mjpegDecodeInputSet
                0x02031098                ax32xx_mjpegDecodeDriSet
                0x020310b0                ax32xx_mjpegDecodeCompressSet
                0x020310c8                ax32xx_mjpegDecodeInitTable
                0x0203110c                ax32xx_mjpegDecodeInit
                0x02031310                ax32xx_mjpegDecodeDCTimeSet
                0x020313b0                ax32xx_mjpegDecodeEnable
                0x0203142c                ax32xx_mjpegDecodeKick
                0x02031484                ax32xx_mjpegDecodeStop
                0x020314c0                ax32xx_mjpegBIRQHandler
                0x020315bc                ax32xx_mjpegDecodeQDTCfg
                0x0203161c                ax32xx_mjpegDecodeStatus
                0x02031650                ax32xx_mjpegDecodeCheck
                0x02031680                ax32xx_mjpegDecodeODma1Cfg
                0x02031714                ax32xx_mjpB_Ctl_init
                0x020319c8                ax32xx_mjpB_Linebuf_cfg
                0x020319e4                ax32xx_mjpB_dma_cfg
                0x02031a10                ax32xx_mjpB_stop
                0x02031a78                ax32xx_mjpB_on
                0x02031ac4                ax32xx_mjpB_stop_2
                0x02031b18                ax32xx_mjpegB_encode_check
                0x02031c8c                ax32xx_mjpB_on_2
                0x02031cc4                jpeg1_decode_check
 .text          0x02031d60        0x0 ./Debug/resource_user_icon.c.o
 .text          0x02031d60        0x0 ./Debug/resource_user_str.c.o
 .text          0x02031d60      0x110 ./Debug/src_hal_adc.c.o
                0x02031d60                hal_adcInit
                0x02031d9c                hal_adcRead
                0x02031dc8                hal_adcSetChannel
                0x02031e14                hal_adcGetChannel
                0x02031e50                hal_adcVDDRTCCalculate
 .text          0x02031e70       0xf0 ./Debug/src_hal_csi.c.o
                0x02031e70                hal_csiMCLKSet
                0x02031e90                hal_csiRegister
                0x02031ec4                hal_csiResolutionGet
                0x02031f20                hal_csiAdptGet
                0x02031f40                hal_csi_SeninitGet
 .text          0x02031f60      0x24c ./Debug/src_hal_dac.c.o
                0x02031fa8                hal_dacInit
                0x02032000                hal_dacPlayStart
                0x020320ac                hal_dacPlayStop
                0x020320d8                hal_dacSetVolume
                0x0203213c                hal_dacSetBuffer
                0x02032160                hal_dacCallBackRegister
                0x02032184                hal_dacHPSet
 .text          0x020321ac        0x0 ./Debug/src_hal_eeprom.c.o
 .text          0x020321ac      0x2cc ./Debug/src_hal_gpio.c.o
                0x020321ac                hal_gpioInit
                0x02032254                hal_gpioInit_io1d1
                0x020322fc                hal_io1d1_softstart
                0x0203232c                hal_io1d1_softstart_clr
                0x02032354                hal_io1d1_pd_enable
                0x0203237c                hal_gpioEPullSet
                0x020323d8                hal_gpioWrite
                0x02032400                hal_gpioRead
                0x02032424                hal_gpioIntInit
                0x0203244c                hal_gpioLedInit
 .text          0x02032478      0x64c ./Debug/src_hal_iic.c.o
                0x02032478                hal_iic0Init
                0x020324a4                hal_iic0Uninit
                0x020324c4                hal_iic08bitAddrWriteData
                0x02032560                hal_iic08bitAddrReadData
                0x02032618                hal_iic08bitAddrWrite
                0x020326d8                hal_iic08bitAddrRead
                0x020327ac                hal_iic016bitAddrWriteData
                0x02032854                hal_iic016bitAddrReadData
                0x02032918                hal_iic016bitAddrWrite
                0x020329e4                hal_iic016bitAddrRead
 .text          0x02032ac4     0x1704 ./Debug/src_hal_lcd.c.o
                0x02032d8c                hal_lcdSetBufYUV
                0x02032e20                hal_lcd_vde_cfg
                0x02032e58                hal_lcd_gamma_cfg
                0x02032e6c                usb_lcd_cfg
                0x02032e80                lcd_isp_config
                0x02032e94                hal_lcdLCMPowerOff
                0x02032f0c                hal_lcdPreviewStop
                0x02032f58                hal_lcdSetShowingSize
                0x02032f70                hal_lcdSetRoate
                0x02032f88                hal_lcdDealBuffer
                0x0203303c                hal_lcdGetShowingBuffer
                0x020330a0                hal_lcdGetIdleBuffer
                0x020330e0                hal_lcdPreviewStart
                0x02033224                hal_lcdSetFrame
                0x0203324c                vch_debug
                0x02033260                hal_lcdSetVCH
                0x02033338                hal_lcdUpdataVCH
                0x02033434                hal_lcdSwitchFrame2
                0x020336b4                hal_lcdPreSetPIPEnable
                0x020336d4                hal_lcdSetPIPEnable
                0x0203370c                hal_lcdGetResolution
                0x02033790                hal_lcdGetOSDShowingResolution
                0x020337ec                hal_lcdGetOSDShowingPosition
                0x02033848                hal_lcdGetShowingRotate
                0x02033878                hal_lcdGetBufferResolution
                0x020338d4                hal_lcdGetVideoPos
                0x02033930                deocode_done
                0x02033990                hal_lcd_get_next_frame
                0x02033a40                lcd_struct_get
                0x02033a60                hal_lcdFrameEndCallBack
                0x02033aac                hal_lcdRegister
                0x02034144                hal_lcd_lsawtooth
                0x02034164                hal_lcdSetCsiCrop
 .text          0x020341c8      0x75c ./Debug/src_hal_osd.c.o
                0x020341c8                hal_osdGetIdleRotateBuffer
                0x020341ec                hal_osdGetIdleCmpBuffer
                0x02034210                hal_osdGetIdleDispBuffer
                0x02034234                hal_osdBufferRelease
                0x0203425c                hal_osdDealBuffer
                0x020342dc                hal_osdInit
                0x02034580                hal_osdGetCurBuff
                0x020345c0                hal_osdGetFreeBuff
                0x02034610                hal_osdSetBuff
                0x02034678                hal_osdEnable
                0x020346b4                hal_osdSetAddr
                0x020346f0                hal_osdSetBuffer
                0x02034770                hal_osdSetPosition
                0x020347b8                hal_osdSetPalette
                0x020347f0                hal_osdSetSize
                0x02034830                hal_osdSetAlpha
                0x02034870                hal_osdGetBufferResolution
                0x020348d4                hal_deSet_DE_CCM
                0x020348fc                hal_deSet_DE_SAJ
 .text          0x02034924      0xc70 ./Debug/src_hal_rtc.c.o
                0x02034950                hal_rtcCallBackRegister
                0x020349b0                hal_rtcCallBackRelease
                0x020349ec                hal_rtcUninit
                0x02034a28                hal_rtcTimeGet
                0x02034a44                hal_rtcTimeGetExt
                0x02034a78                hal_rtcSecondGet
                0x02034a98                hal_rtcTime2String
                0x02034d4c                hal_rtcTime2StringExt
                0x02034db0                hal_rtcLeapYear
                0x02034fcc                hal_rtcTime
                0x020350e0                hal_rtcInit
                0x02035208                hal_rtcSecondSet
                0x02035244                hal_rtcValue
                0x02035354                hal_rtcTimeSet
                0x020353dc                hal_rtcAlarmSet
                0x0203546c                hal_rtcAlarmSetExt
                0x02035510                hal_rtcAlarmStatusGet
                0x0203554c                hal_vddWKOEnable
                0x02035570                hal_vddGSENEnable
 .text          0x02035594      0xad8 ./Debug/src_hal_sd.c.o
                0x02035630                hal_sdStop
                0x020358a4                hal_sdNextLBA
                0x020358c4                hal_sdInit
                0x02035d68                hal_sdUninit
                0x02035d94                hal_sdLock
                0x02035dd4                hal_sdUnlock
                0x02035e00                hal_sdCheck
                0x02035e74                hal_sdSetCardState
                0x02035e94                hal_sdGetCardState
                0x02035eb4                hal_sdGetBusWidth
                0x02035ed4                hal_sdCapacity
                0x02035ef4                hal_sdExist
                0x02035f1c                hal_sdWrite
                0x02035fbc                hal_speed_callback
                0x02035fec                hal_sdRead
 .text          0x0203606c      0xad4 ./Debug/src_hal_spi.c.o
                0x0203606c                hal_spiIOShare
                0x02036084                hal_spiIOCheck
                0x02036098                hal_spiInit
                0x020360c4                hal_spiSendByte
                0x020360e8                hal_spiSend
                0x02036108                hal_spiRecvByte
                0x02036128                hal_spiRecv
                0x02036168                hal_spiCSConfig
                0x0203618c                hal_spiFlashReadID
                0x020361ec                hal_spiFlashWriteEnable
                0x02036220                hal_spiFlashWait
                0x020362a4                hal_spiFlashReadPage
                0x0203631c                hal_spiFlashRead
                0x020363e4                hal_spiFlashWritePage
                0x02036464                hal_spiFlashWrite
                0x02036500                hal_spiFlashEraseSector
                0x0203656c                hal_spiFlashEraseBlock
                0x020365d0                hal_spiFlashEraseChip
                0x0203660c                spi_udisk_jpg_num
                0x0203662c                spi_udisk_write_jpg
                0x0203685c                spi_udisk_del_jpg
                0x020368f0                spi_udisk_read_jpg_size
                0x02036908                spi_udisk_read_jpg
                0x020369a4                spi_udisk_get_list_idx
                0x020369ec                spi_udisk_format
                0x02036a84                spi_udisk_init
                0x02036b14                spi_udisk_jpg_free_num
 .text          0x02036b40      0x128 ./Debug/src_hal_timer.c.o
                0x02036b40                hal_timerStart
                0x02036b64                hal_timerStop
                0x02036b88                hal_timerEnable
                0x02036bc0                hal_timerTickEnable
                0x02036bf8                hal_timerTickGet
                0x02036c18                hal_timerPWMStart
                0x02036c44                hal_timerPWMStop
 .text          0x02036c68      0x67c ./Debug/src_hal_uart.c.o
                0x02036ccc                hal_uartIOShare
                0x02036d0c                hal_uartIOShareCheck
                0x02036d54                hal_uartInit
                0x02036da4                hal_uartSendData
                0x02036dc8                hal_uartRXIsrRegister
                0x02036de8                uart_PutChar_n
                0x02036e1c                uart_PutStr
                0x02036e5c                uart_Put_hex
                0x02036f88                uart_Put_udec
                0x0203701c                uart_Put_dec
                0x020370c4                uart_Printf
                0x02037208                uart_PrintfBuf
                0x020372a0                hal_uartPrintString
 .text          0x020372e4      0x64c ./Debug/src_hal_watermark.c.o
                0x0203734c                hal_watermarkInit
                0x020373fc                hal_watermarkClose
                0x02037494                hal_watermarkClear
                0x02037514                hal_watermarkOpen
                0x020375b4                hal_watermarkColor
                0x02037608                hal_watermarkAddr
                0x02037620                hal_watermarkSize
                0x0203766c                hal_watermarkPosition
                0x020376b8                hal_watermarkCallbackRegister
                0x02037700                hal_watermarkRam
                0x020377a0                hal_watermarkEnable
                0x02037910                hal_watermarkBPos_Adjust
 .text          0x02037930      0x3c4 ./Debug/src_hal_sys.c.o
                0x02037978                hal_sysInit
                0x02037a94                hal_sysMemPrint
                0x02037ac4                hal_sysMemMalloc
                0x02037b94                hal_sysMemFree
                0x02037c88                hal_sysMemRemain
 .text          0x02037cf4      0xa6c ./Debug/src_hal_auadc.c.o
                0x02037cf4                _hal_auadcCallBackEnd
                0x02037df0                _hal_auadcCallBackHalf
                0x02037e48                hal_audc_33ms_syncnt_clr
                0x02037e74                hal_audc_stamp_cal
                0x02037ea0                hal_audc_stamp_out
                0x02037ef4                hal_audc_stamp_next
                0x02037f50                hal_auadcCallBackEnd
                0x02037fcc                hal_auadcInit
                0x02038014                hal_auadcMemInit
                0x020380b0                hal_auadcMemUninit
                0x02038124                hal_auadc_cnt
                0x02038154                _hal_auadcStartForUAC
                0x02038234                hal_auadcStartForWAV
                0x0203824c                hal_auadcStartForAVI
                0x02038370                hal_auadcBufferGet
                0x02038450                hal_auadcBufferfree
                0x0203847c                hal_auadcStop
                0x020384a4                hal_auadcBufferRelease
                0x020384cc                hal_auadcUACProcess
                0x020385ac                hal_adcBuffer_prefull
                0x02038610                hal_adcBuffer_halffull
                0x02038628                hal_adc_volume_set
                0x02038648                hal_uac_send
                0x020386ac                hal_auadcStartForUAC
 .text          0x02038760     0x31c0 ./Debug/src_hal_mjpeg.c.o
                0x02038760                hal_mjpegStart
                0x02038790                hal_save_frame_isr
                0x0203893c                hal_mjpeg_manual_on
                0x020389bc                hal_mjpegQualityCheck
                0x02038a6c                hal_mjpegCallback_state
                0x02038aa8                hal_mjpegCallback
                0x02038ce8                hal_mjpeg_manual_fdown
                0x020390ec                hal_jA_fcnt_get
                0x0203911c                hal_mjpeg_mallocbuf
                0x0203913c                hal_mjpegEncodeResolutionImageQuad
                0x02039180                hal_mjpegSrcCSI
                0x020392c4                hal_mjpegSrcRam
                0x020392d8                hal_mjpegSrcColorBar
                0x02039360                hal_Cut_SDR_SrcCSI
                0x02039434                hal_mjpegMemInit
                0x02039558                hal_mjpegMemUninit
                0x020395d8                hal_mjpegEncodeInit
                0x0203963c                hal_mjpegEncodeUninit
                0x0203968c                hal_mjpegEncodeResolution
                0x020396c8                hal_mjpegEncodeResolutionImage
                0x02039704                hal_mjpegSizecalculate
                0x02039730                imageGetYuvAddr
                0x02039764                hal_mjpeg_get_num
                0x02039784                imageGetYuvLen
                0x020397a4                hal_mjpeg_rev_buf_init
                0x02039860                hal_mjpeg_rev_buf_malloc
                0x020398cc                hal_mjpeg_rev_buf_free
                0x02039918                hal_mjpeg_queue_init
                0x020399b8                hal_mjpeg_post_msg
                0x02039a48                hal_mjpeg_manual_quad_on
                0x02039ab0                hal_mjpeg_manual_quad_fdown
                0x02039cb8                hal_mjpeg_manual_get_csi_yuv_sta
                0x02039cd8                hal_mjpeg_software_handle_csi_yuvbuf
                0x02039d40                hal_mjpegUVCStart
                0x0203a050                hal_mjpegPhotoStart
                0x0203a444                hal_mjpegAVIStart
                0x0203a860                hal_mjpegRawDataGet
                0x0203a878                hal_mjpegRawBuffer_prefull
                0x0203a8e8                hal_mjpegRawBuffer_halffull
                0x0203a958                hal_mjpegRawBufferfree
                0x0203a980                hal_mjpegRawBufferGet
                0x0203aaf0                hal_mjpegRawDataSet
                0x0203ab18                hal_mjpegHeaderParse
                0x0203b1a4                hal_mjpegDecodeGetResolution
                0x0203b1ec                hal_mjpegDecodeSetResolution
                0x0203b210                hal_mjpeglDecodeGetResolution
                0x0203b248                hal_mjpeglDecodeSetResolution
                0x0203b274                hal_mjpegDecodeStatusCheck
                0x0203b294                hal_mjpegDecodeErrorCheck
                0x0203b2b4                hal_mjpegDecodeMiniSize
                0x0203b438                hal_mjpegDecodeStop
                0x0203b458                hal_mjpegDecodeReset
                0x0203b484                hal_mjpegDecodePicture
                0x0203b4f4                hal_mjpegDecodeNoIsr
                0x0203b560                hal_mjpg_scale_down
                0x0203b678                hal_mjpegDecodeParse
                0x0203b6a8                hal_mjpegDecodeOneFrame
                0x0203b700                hal_mjpegDecodeOneFrame_Ext
                0x0203b788                hal_mjpegDecodeRestart_Ext
                0x0203b7f4                hal_mjpegDecodeOneFrame_Fast
                0x0203b8b8                hal_mjpegDecodeODma1Cfg
                0x0203b8dc                hal_curBuffer_clear
 .text          0x0203b920       0x34 ./Debug/src_hal_int.c.o
                0x0203b920                hal_intInit
 .text          0x0203b954        0x0 ./Debug/src_hal_wdt.c.o
 .text          0x0203b954      0x4bc ./Debug/src_hal_stream.c.o
                0x0203b954                hal_streamInit
                0x0203ba4c                hal_streamMalloc
                0x0203bb34                hal_streamIn_Drop
                0x0203bb98                hal_streamIn
                0x0203bc34                hal_streamOut
                0x0203bcc0                hal_streamOut_next
                0x0203bd50                hal_streamfree
                0x0203bdf8                hal_stream_size
 .text          0x0203be10        0x0 ./Debug/src_hal_emi.c.o
 .text          0x0203be10      0x1a8 ./Debug/src_hal_osdcmp.c.o
                0x0203be88                hal_osdcmpStart
                0x0203bf6c                hal_osdcmpInit
                0x0203bf94                hal_osdcmpCompOneFrame
 .text          0x0203bfb8      0x328 ./Debug/src_hal_rotate.c.o
                0x0203c14c                hal_rotateInit
                0x0203c1a0                hal_rotateAdd
 .text          0x0203c2e0      0xa60 ./Debug/src_hal_lcdframe.c.o
                0x0203c2e0                hal_lcdAddrCalculate
                0x0203c38c                hal_dispframeInit
                0x0203c950                hal_dispframeVideoCfg
                0x0203cbd4                hal_dispframeMalloc
                0x0203cc68                hal_dispframeFree
                0x0203ccf4                hal_dispframeSetCallback